[0.005s][info][gc,heap] Heap region size: 1M
[0.009s][info][gc     ] Using G1
[0.009s][info][gc,heap,coops] Heap address: 0x0000000640000000, size: 6144 MB, Compressed Oops mode: Zero based, Oop shift amount: 3
[0.360s][info][gc,start     ] GC(0) Pause Young (G1 Evacuation Pause)
[0.360s][info][gc,task      ] GC(0) Using 4 workers of 4 for evacuation
[0.362s][info][gc,phases    ] GC(0)   Pre Evacuate Collection Set: 0.0ms
[0.363s][info][gc,phases    ] GC(0)   Evacuate Collection Set: 1.7ms
[0.363s][info][gc,phases    ] GC(0)   Post Evacuate Collection Set: 0.9ms
[0.363s][info][gc,phases    ] GC(0)   Other: 0.2ms
[0.363s][info][gc,heap      ] GC(0) Eden regions: 14->0(12)
[0.363s][info][gc,heap      ] GC(0) Survivor regions: 0->2(2)
[0.363s][info][gc,heap      ] GC(0) Old regions: 0->4
[0.363s][info][gc,heap      ] GC(0) Humongous regions: 0->0
[0.363s][info][gc,metaspace ] GC(0) Metaspace: 8130K->8130K(1056768K)
[0.363s][info][gc           ] GC(0) Pause Young (G1 Evacuation Pause) 14M->5M(122M) 2.811ms
[0.363s][info][gc,cpu       ] GC(0) User=0.01s Sys=0.00s Real=0.00s
[0.712s][info][gc,start     ] GC(1) Pause Young (G1 Evacuation Pause)
[0.712s][info][gc,task      ] GC(1) Using 4 workers of 4 for evacuation
[0.716s][info][gc,phases    ] GC(1)   Pre Evacuate Collection Set: 0.0ms
[0.716s][info][gc,phases    ] GC(1)   Evacuate Collection Set: 2.4ms
[0.716s][info][gc,phases    ] GC(1)   Post Evacuate Collection Set: 1.2ms
[0.716s][info][gc,phases    ] GC(1)   Other: 0.1ms
[0.716s][info][gc,heap      ] GC(1) Eden regions: 12->0(27)
[0.716s][info][gc,heap      ] GC(1) Survivor regions: 2->2(2)
[0.716s][info][gc,heap      ] GC(1) Old regions: 4->8
[0.716s][info][gc,heap      ] GC(1) Humongous regions: 0->0
[0.716s][info][gc,metaspace ] GC(1) Metaspace: 12825K->12825K(1060864K)
[0.716s][info][gc           ] GC(1) Pause Young (G1 Evacuation Pause) 17M->9M(122M) 3.782ms
[0.716s][info][gc,cpu       ] GC(1) User=0.01s Sys=0.00s Real=0.01s
[0.999s][info][gc,start     ] GC(2) Pause Young (G1 Evacuation Pause)
[0.999s][info][gc,task      ] GC(2) Using 4 workers of 4 for evacuation
[1.003s][info][gc,phases    ] GC(2)   Pre Evacuate Collection Set: 0.0ms
[1.004s][info][gc,phases    ] GC(2)   Evacuate Collection Set: 3.1ms
[1.004s][info][gc,phases    ] GC(2)   Post Evacuate Collection Set: 1.2ms
[1.004s][info][gc,phases    ] GC(2)   Other: 0.1ms
[1.004s][info][gc,heap      ] GC(2) Eden regions: 26->0(35)
[1.004s][info][gc,heap      ] GC(2) Survivor regions: 2->4(4)
[1.004s][info][gc,heap      ] GC(2) Old regions: 8->11
[1.004s][info][gc,heap      ] GC(2) Humongous regions: 0->0
[1.004s][info][gc,metaspace ] GC(2) Metaspace: 15188K->15188K(1062912K)
[1.004s][info][gc           ] GC(2) Pause Young (G1 Evacuation Pause) 35M->14M(122M) 4.484ms
[1.004s][info][gc,cpu       ] GC(2) User=0.02s Sys=0.00s Real=0.00s
[1.270s][info][gc,start     ] GC(3) Pause Initial Mark (Metadata GC Threshold)
[1.270s][info][gc,task      ] GC(3) Using 4 workers of 4 for evacuation
[1.278s][info][gc,phases    ] GC(3)   Pre Evacuate Collection Set: 0.0ms
[1.278s][info][gc,phases    ] GC(3)   Evacuate Collection Set: 3.4ms
[1.278s][info][gc,phases    ] GC(3)   Post Evacuate Collection Set: 5.0ms
[1.278s][info][gc,phases    ] GC(3)   Other: 0.1ms
[1.278s][info][gc,heap      ] GC(3) Eden regions: 17->0(38)
[1.278s][info][gc,heap      ] GC(3) Survivor regions: 4->5(5)
[1.278s][info][gc,heap      ] GC(3) Old regions: 11->14
[1.278s][info][gc,heap      ] GC(3) Humongous regions: 0->0
[1.278s][info][gc,metaspace ] GC(3) Metaspace: 20327K->20327K(1069056K)
[1.278s][info][gc           ] GC(3) Pause Initial Mark (Metadata GC Threshold) 31M->18M(366M) 8.593ms
[1.278s][info][gc,cpu       ] GC(3) User=0.01s Sys=0.00s Real=0.01s
[1.278s][info][gc           ] GC(4) Concurrent Cycle
[1.278s][info][gc,marking   ] GC(4) Concurrent Clear Claimed Marks
[1.278s][info][gc,marking   ] GC(4) Concurrent Clear Claimed Marks 0.038ms
[1.278s][info][gc,marking   ] GC(4) Concurrent Scan Root Regions
[1.280s][info][gc,marking   ] GC(4) Concurrent Scan Root Regions 1.582ms
[1.280s][info][gc,marking   ] GC(4) Concurrent Mark (1.280s)
[1.280s][info][gc,marking   ] GC(4) Concurrent Mark From Roots
[1.280s][info][gc,task      ] GC(4) Using 1 workers of 1 for marking
[1.284s][info][gc,marking   ] GC(4) Concurrent Mark From Roots 4.161ms
[1.284s][info][gc,marking   ] GC(4) Concurrent Mark (1.280s, 1.284s) 4.206ms
[1.284s][info][gc,start     ] GC(4) Pause Remark
[1.287s][info][gc,stringtable] GC(4) Cleaned string and symbol table, strings: 6123 processed, 15 removed, symbols: 58585 processed, 26 removed
[1.287s][info][gc            ] GC(4) Pause Remark 19M->19M(366M) 2.556ms
[1.287s][info][gc,cpu        ] GC(4) User=0.01s Sys=0.00s Real=0.01s
[1.287s][info][gc,marking    ] GC(4) Concurrent Create Live Data
[1.288s][info][gc,marking    ] GC(4) Concurrent Create Live Data 1.338ms
[1.288s][info][gc,start      ] GC(4) Pause Cleanup
[1.288s][info][gc            ] GC(4) Pause Cleanup 19M->17M(366M) 0.208ms
[1.288s][info][gc,cpu        ] GC(4) User=0.00s Sys=0.00s Real=0.00s
[1.288s][info][gc,marking    ] GC(4) Concurrent Complete Cleanup
[1.288s][info][gc,marking    ] GC(4) Concurrent Complete Cleanup 0.022ms
[1.288s][info][gc,marking    ] GC(4) Concurrent Cleanup for Next Mark
[1.292s][info][gc,marking    ] GC(4) Concurrent Cleanup for Next Mark 3.401ms
[1.292s][info][gc            ] GC(4) Concurrent Cycle 13.744ms
[1.625s][info][gc,start      ] GC(5) Pause Young (G1 Evacuation Pause)
[1.625s][info][gc,task       ] GC(5) Using 4 workers of 4 for evacuation
[1.631s][info][gc,phases     ] GC(5)   Pre Evacuate Collection Set: 0.0ms
[1.631s][info][gc,phases     ] GC(5)   Evacuate Collection Set: 4.3ms
[1.631s][info][gc,phases     ] GC(5)   Post Evacuate Collection Set: 2.3ms
[1.631s][info][gc,phases     ] GC(5)   Other: 0.1ms
[1.631s][info][gc,heap       ] GC(5) Eden regions: 37->0(268)
[1.631s][info][gc,heap       ] GC(5) Survivor regions: 5->6(6)
[1.631s][info][gc,heap       ] GC(5) Old regions: 12->14
[1.631s][info][gc,heap       ] GC(5) Humongous regions: 0->0
[1.631s][info][gc,metaspace  ] GC(5) Metaspace: 25509K->25509K(1073152K)
[1.631s][info][gc            ] GC(5) Pause Young (G1 Evacuation Pause) 53M->19M(366M) 6.794ms
[1.631s][info][gc,cpu        ] GC(5) User=0.01s Sys=0.00s Real=0.00s
[2.084s][info][gc,start      ] GC(6) Pause Initial Mark (Metadata GC Threshold)
[2.084s][info][gc,task       ] GC(6) Using 4 workers of 4 for evacuation
[2.091s][info][gc,phases     ] GC(6)   Pre Evacuate Collection Set: 0.0ms
[2.091s][info][gc,phases     ] GC(6)   Evacuate Collection Set: 3.4ms
[2.091s][info][gc,phases     ] GC(6)   Post Evacuate Collection Set: 2.8ms
[2.091s][info][gc,phases     ] GC(6)   Other: 0.1ms
[2.091s][info][gc,heap       ] GC(6) Eden regions: 42->0(265)
[2.091s][info][gc,heap       ] GC(6) Survivor regions: 6->9(35)
[2.091s][info][gc,heap       ] GC(6) Old regions: 14->14
[2.091s][info][gc,heap       ] GC(6) Humongous regions: 0->0
[2.091s][info][gc,metaspace  ] GC(6) Metaspace: 33062K->33062K(1081344K)
[2.091s][info][gc            ] GC(6) Pause Initial Mark (Metadata GC Threshold) 61M->22M(366M) 6.440ms
[2.091s][info][gc,cpu        ] GC(6) User=0.01s Sys=0.00s Real=0.00s
[2.091s][info][gc            ] GC(7) Concurrent Cycle
[2.091s][info][gc,marking    ] GC(7) Concurrent Clear Claimed Marks
[2.091s][info][gc,marking    ] GC(7) Concurrent Clear Claimed Marks 0.098ms
[2.091s][info][gc,marking    ] GC(7) Concurrent Scan Root Regions
[2.094s][info][gc,marking    ] GC(7) Concurrent Scan Root Regions 2.937ms
[2.094s][info][gc,marking    ] GC(7) Concurrent Mark (2.094s)
[2.094s][info][gc,marking    ] GC(7) Concurrent Mark From Roots
[2.094s][info][gc,task       ] GC(7) Using 1 workers of 1 for marking
[2.099s][info][gc,marking    ] GC(7) Concurrent Mark From Roots 5.004ms
[2.099s][info][gc,marking    ] GC(7) Concurrent Mark (2.094s, 2.099s) 5.044ms
[2.100s][info][gc,start      ] GC(7) Pause Remark
[2.104s][info][gc,stringtable] GC(7) Cleaned string and symbol table, strings: 9378 processed, 2 removed, symbols: 95105 processed, 16 removed
[2.104s][info][gc            ] GC(7) Pause Remark 24M->24M(366M) 4.012ms
[2.104s][info][gc,cpu        ] GC(7) User=0.01s Sys=0.00s Real=0.00s
[2.104s][info][gc,marking    ] GC(7) Concurrent Create Live Data
[2.106s][info][gc,marking    ] GC(7) Concurrent Create Live Data 1.495ms
[2.106s][info][gc,start      ] GC(7) Pause Cleanup
[2.106s][info][gc            ] GC(7) Pause Cleanup 24M->24M(366M) 0.238ms
[2.106s][info][gc,cpu        ] GC(7) User=0.00s Sys=0.00s Real=0.00s
[2.106s][info][gc,marking    ] GC(7) Concurrent Cleanup for Next Mark
[2.107s][info][gc,marking    ] GC(7) Concurrent Cleanup for Next Mark 0.882ms
[2.107s][info][gc            ] GC(7) Concurrent Cycle 16.108ms
[3.234s][info][gc,start      ] GC(8) Pause Initial Mark (Metadata GC Threshold)
[3.235s][info][gc,task       ] GC(8) Using 4 workers of 4 for evacuation
[3.258s][info][gc,phases     ] GC(8)   Pre Evacuate Collection Set: 0.0ms
[3.258s][info][gc,phases     ] GC(8)   Evacuate Collection Set: 15.5ms
[3.258s][info][gc,phases     ] GC(8)   Post Evacuate Collection Set: 7.7ms
[3.258s][info][gc,phases     ] GC(8)   Other: 0.2ms
[3.258s][info][gc,heap       ] GC(8) Eden regions: 150->0(204)
[3.258s][info][gc,heap       ] GC(8) Survivor regions: 9->24(35)
[3.258s][info][gc,heap       ] GC(8) Old regions: 14->14
[3.258s][info][gc,heap       ] GC(8) Humongous regions: 0->0
[3.258s][info][gc,metaspace  ] GC(8) Metaspace: 55817K->55817K(1101824K)
[3.258s][info][gc            ] GC(8) Pause Initial Mark (Metadata GC Threshold) 172M->37M(366M) 23.530ms
[3.258s][info][gc,cpu        ] GC(8) User=0.06s Sys=0.00s Real=0.02s
[3.258s][info][gc            ] GC(9) Concurrent Cycle
[3.258s][info][gc,marking    ] GC(9) Concurrent Clear Claimed Marks
[3.258s][info][gc,marking    ] GC(9) Concurrent Clear Claimed Marks 0.150ms
[3.258s][info][gc,marking    ] GC(9) Concurrent Scan Root Regions
[3.266s][info][gc,marking    ] GC(9) Concurrent Scan Root Regions 7.986ms
[3.266s][info][gc,marking    ] GC(9) Concurrent Mark (3.266s)
[3.266s][info][gc,marking    ] GC(9) Concurrent Mark From Roots
[3.266s][info][gc,task       ] GC(9) Using 1 workers of 1 for marking
[3.272s][info][gc,marking    ] GC(9) Concurrent Mark From Roots 5.270ms
[3.272s][info][gc,marking    ] GC(9) Concurrent Mark (3.266s, 3.272s) 5.309ms
[3.272s][info][gc,start      ] GC(9) Pause Remark
[3.278s][info][gc,stringtable] GC(9) Cleaned string and symbol table, strings: 17615 processed, 0 removed, symbols: 156054 processed, 74 removed
[3.279s][info][gc            ] GC(9) Pause Remark 39M->39M(366M) 6.776ms
[3.279s][info][gc,cpu        ] GC(9) User=0.02s Sys=0.00s Real=0.01s
[3.279s][info][gc,marking    ] GC(9) Concurrent Create Live Data
[3.280s][info][gc,marking    ] GC(9) Concurrent Create Live Data 1.484ms
[3.280s][info][gc,start      ] GC(9) Pause Cleanup
[3.280s][info][gc            ] GC(9) Pause Cleanup 39M->39M(366M) 0.217ms
[3.280s][info][gc,cpu        ] GC(9) User=0.00s Sys=0.00s Real=0.00s
[3.280s][info][gc,marking    ] GC(9) Concurrent Cleanup for Next Mark
[3.281s][info][gc,marking    ] GC(9) Concurrent Cleanup for Next Mark 0.889ms
[3.281s][info][gc            ] GC(9) Concurrent Cycle 23.353ms
[93.127s][info][gc,start      ] GC(10) Pause Young (G1 Evacuation Pause)
[93.127s][info][gc,task       ] GC(10) Using 4 workers of 4 for evacuation
[93.149s][info][gc,phases     ] GC(10)   Pre Evacuate Collection Set: 0.0ms
[93.149s][info][gc,phases     ] GC(10)   Evacuate Collection Set: 13.9ms
[93.149s][info][gc,phases     ] GC(10)   Post Evacuate Collection Set: 8.0ms
[93.149s][info][gc,phases     ] GC(10)   Other: 0.2ms
[93.149s][info][gc,heap       ] GC(10) Eden regions: 204->0(293)
[93.149s][info][gc,heap       ] GC(10) Survivor regions: 24->20(29)
[93.149s][info][gc,heap       ] GC(10) Old regions: 14->23
[93.149s][info][gc,heap       ] GC(10) Humongous regions: 0->0
[93.149s][info][gc,metaspace  ] GC(10) Metaspace: 81398K->81398K(1128448K)
[93.149s][info][gc            ] GC(10) Pause Young (G1 Evacuation Pause) 241M->42M(481M) 22.248ms
[93.149s][info][gc,cpu        ] GC(10) User=0.05s Sys=0.01s Real=0.02s
[130.044s][info][gc,start      ] GC(11) Pause Young (G1 Evacuation Pause)
[130.044s][info][gc,task       ] GC(11) Using 4 workers of 4 for evacuation
[130.052s][info][gc,phases     ] GC(11)   Pre Evacuate Collection Set: 0.0ms
[130.052s][info][gc,phases     ] GC(11)   Evacuate Collection Set: 7.1ms
[130.052s][info][gc,phases     ] GC(11)   Post Evacuate Collection Set: 0.6ms
[130.052s][info][gc,phases     ] GC(11)   Other: 0.2ms
[130.052s][info][gc,heap       ] GC(11) Eden regions: 293->0(337)
[130.052s][info][gc,heap       ] GC(11) Survivor regions: 20->9(40)
[130.052s][info][gc,heap       ] GC(11) Old regions: 23->23
[130.052s][info][gc,heap       ] GC(11) Humongous regions: 0->0
[130.052s][info][gc,metaspace  ] GC(11) Metaspace: 82135K->82135K(1128448K)
[130.053s][info][gc            ] GC(11) Pause Young (G1 Evacuation Pause) 335M->31M(481M) 8.077ms
[130.053s][info][gc,cpu        ] GC(11) User=0.03s Sys=0.00s Real=0.00s
[171.734s][info][gc,start      ] GC(12) Pause Young (G1 Evacuation Pause)
[171.734s][info][gc,task       ] GC(12) Using 4 workers of 4 for evacuation
[171.744s][info][gc,phases     ] GC(12)   Pre Evacuate Collection Set: 0.0ms
[171.744s][info][gc,phases     ] GC(12)   Evacuate Collection Set: 9.4ms
[171.744s][info][gc,phases     ] GC(12)   Post Evacuate Collection Set: 0.5ms
[171.744s][info][gc,phases     ] GC(12)   Other: 0.2ms
[171.744s][info][gc,heap       ] GC(12) Eden regions: 337->0(349)
[171.744s][info][gc,heap       ] GC(12) Survivor regions: 9->10(44)
[171.744s][info][gc,heap       ] GC(12) Old regions: 23->23
[171.744s][info][gc,heap       ] GC(12) Humongous regions: 0->0
[171.744s][info][gc,metaspace  ] GC(12) Metaspace: 82216K->82216K(1128448K)
[171.744s][info][gc            ] GC(12) Pause Young (G1 Evacuation Pause) 368M->32M(481M) 10.237ms
[171.745s][info][gc,cpu        ] GC(12) User=0.03s Sys=0.00s Real=0.02s
[215.175s][info][gc,start      ] GC(13) Pause Young (G1 Evacuation Pause)
[215.175s][info][gc,task       ] GC(13) Using 4 workers of 4 for evacuation
[215.188s][info][gc,phases     ] GC(13)   Pre Evacuate Collection Set: 0.0ms
[215.189s][info][gc,phases     ] GC(13)   Evacuate Collection Set: 12.7ms
[215.189s][info][gc,phases     ] GC(13)   Post Evacuate Collection Set: 0.7ms
[215.189s][info][gc,phases     ] GC(13)   Other: 0.2ms
[215.189s][info][gc,heap       ] GC(13) Eden regions: 349->0(350)
[215.189s][info][gc,heap       ] GC(13) Survivor regions: 10->10(45)
[215.189s][info][gc,heap       ] GC(13) Old regions: 23->23
[215.189s][info][gc,heap       ] GC(13) Humongous regions: 0->0
[215.189s][info][gc,metaspace  ] GC(13) Metaspace: 82282K->82282K(1128448K)
[215.189s][info][gc            ] GC(13) Pause Young (G1 Evacuation Pause) 381M->32M(481M) 13.770ms
[215.189s][info][gc,cpu        ] GC(13) User=0.05s Sys=0.00s Real=0.01s
[258.967s][info][gc,start      ] GC(14) Pause Young (G1 Evacuation Pause)
[258.967s][info][gc,task       ] GC(14) Using 4 workers of 4 for evacuation
[258.979s][info][gc,phases     ] GC(14)   Pre Evacuate Collection Set: 0.0ms
[258.979s][info][gc,phases     ] GC(14)   Evacuate Collection Set: 11.1ms
[258.979s][info][gc,phases     ] GC(14)   Post Evacuate Collection Set: 0.7ms
[258.979s][info][gc,phases     ] GC(14)   Other: 0.2ms
[258.979s][info][gc,heap       ] GC(14) Eden regions: 350->0(349)
[258.979s][info][gc,heap       ] GC(14) Survivor regions: 10->11(45)
[258.979s][info][gc,heap       ] GC(14) Old regions: 23->23
[258.979s][info][gc,heap       ] GC(14) Humongous regions: 0->0
[258.979s][info][gc,metaspace  ] GC(14) Metaspace: 82334K->82334K(1128448K)
[258.979s][info][gc            ] GC(14) Pause Young (G1 Evacuation Pause) 382M->32M(481M) 12.111ms
[258.979s][info][gc,cpu        ] GC(14) User=0.05s Sys=0.00s Real=0.01s
[302.692s][info][gc,start      ] GC(15) Pause Young (G1 Evacuation Pause)
[302.692s][info][gc,task       ] GC(15) Using 4 workers of 4 for evacuation
[302.709s][info][gc,phases     ] GC(15)   Pre Evacuate Collection Set: 0.0ms
[302.709s][info][gc,phases     ] GC(15)   Evacuate Collection Set: 16.5ms
[302.709s][info][gc,phases     ] GC(15)   Post Evacuate Collection Set: 0.6ms
[302.709s][info][gc,phases     ] GC(15)   Other: 0.2ms
[302.709s][info][gc,heap       ] GC(15) Eden regions: 349->0(349)
[302.709s][info][gc,heap       ] GC(15) Survivor regions: 11->11(45)
[302.709s][info][gc,heap       ] GC(15) Old regions: 23->23
[302.709s][info][gc,heap       ] GC(15) Humongous regions: 0->0
[302.709s][info][gc,metaspace  ] GC(15) Metaspace: 82381K->82381K(1128448K)
[302.709s][info][gc            ] GC(15) Pause Young (G1 Evacuation Pause) 381M->32M(481M) 17.340ms
[302.709s][info][gc,cpu        ] GC(15) User=0.05s Sys=0.00s Real=0.02s
[346.189s][info][gc,start      ] GC(16) Pause Young (G1 Evacuation Pause)
[346.189s][info][gc,task       ] GC(16) Using 4 workers of 4 for evacuation
[346.206s][info][gc,phases     ] GC(16)   Pre Evacuate Collection Set: 0.0ms
[346.206s][info][gc,phases     ] GC(16)   Evacuate Collection Set: 15.8ms
[346.206s][info][gc,phases     ] GC(16)   Post Evacuate Collection Set: 0.8ms
[346.206s][info][gc,phases     ] GC(16)   Other: 0.2ms
[346.206s][info][gc,heap       ] GC(16) Eden regions: 349->0(347)
[346.206s][info][gc,heap       ] GC(16) Survivor regions: 11->13(45)
[346.206s][info][gc,heap       ] GC(16) Old regions: 23->23
[346.206s][info][gc,heap       ] GC(16) Humongous regions: 0->0
[346.206s][info][gc,metaspace  ] GC(16) Metaspace: 82549K->82549K(1128448K)
[346.206s][info][gc            ] GC(16) Pause Young (G1 Evacuation Pause) 381M->35M(481M) 16.936ms
[346.206s][info][gc,cpu        ] GC(16) User=0.04s Sys=0.00s Real=0.02s
[389.963s][info][gc,start      ] GC(17) Pause Young (G1 Evacuation Pause)
[389.963s][info][gc,task       ] GC(17) Using 4 workers of 4 for evacuation
[389.979s][info][gc,phases     ] GC(17)   Pre Evacuate Collection Set: 0.0ms
[389.979s][info][gc,phases     ] GC(17)   Evacuate Collection Set: 15.7ms
[389.979s][info][gc,phases     ] GC(17)   Post Evacuate Collection Set: 0.7ms
[389.979s][info][gc,phases     ] GC(17)   Other: 0.3ms
[389.979s][info][gc,heap       ] GC(17) Eden regions: 347->0(348)
[389.979s][info][gc,heap       ] GC(17) Survivor regions: 13->12(45)
[389.979s][info][gc,heap       ] GC(17) Old regions: 23->23
[389.979s][info][gc,heap       ] GC(17) Humongous regions: 0->0
[389.979s][info][gc,metaspace  ] GC(17) Metaspace: 82576K->82576K(1128448K)
[389.979s][info][gc            ] GC(17) Pause Young (G1 Evacuation Pause) 382M->34M(481M) 16.778ms
[389.979s][info][gc,cpu        ] GC(17) User=0.05s Sys=0.00s Real=0.02s
[434.041s][info][gc,start      ] GC(18) Pause Young (G1 Evacuation Pause)
[434.041s][info][gc,task       ] GC(18) Using 4 workers of 4 for evacuation
[434.060s][info][gc,phases     ] GC(18)   Pre Evacuate Collection Set: 0.0ms
[434.060s][info][gc,phases     ] GC(18)   Evacuate Collection Set: 17.2ms
[434.060s][info][gc,phases     ] GC(18)   Post Evacuate Collection Set: 0.8ms
[434.060s][info][gc,phases     ] GC(18)   Other: 0.2ms
[434.060s][info][gc,heap       ] GC(18) Eden regions: 348->0(347)
[434.060s][info][gc,heap       ] GC(18) Survivor regions: 12->13(45)
[434.060s][info][gc,heap       ] GC(18) Old regions: 23->23
[434.060s][info][gc,heap       ] GC(18) Humongous regions: 0->0
[434.060s][info][gc,metaspace  ] GC(18) Metaspace: 82586K->82586K(1128448K)
[434.060s][info][gc            ] GC(18) Pause Young (G1 Evacuation Pause) 382M->35M(481M) 18.321ms
[434.060s][info][gc,cpu        ] GC(18) User=0.07s Sys=0.00s Real=0.02s
[478.024s][info][gc,start      ] GC(19) Pause Young (G1 Evacuation Pause)
[478.024s][info][gc,task       ] GC(19) Using 4 workers of 4 for evacuation
[478.046s][info][gc,phases     ] GC(19)   Pre Evacuate Collection Set: 0.0ms
[478.046s][info][gc,phases     ] GC(19)   Evacuate Collection Set: 20.7ms
[478.046s][info][gc,phases     ] GC(19)   Post Evacuate Collection Set: 0.7ms
[478.046s][info][gc,phases     ] GC(19)   Other: 0.3ms
[478.046s][info][gc,heap       ] GC(19) Eden regions: 347->0(346)
[478.046s][info][gc,heap       ] GC(19) Survivor regions: 13->14(45)
[478.046s][info][gc,heap       ] GC(19) Old regions: 23->23
[478.046s][info][gc,heap       ] GC(19) Humongous regions: 0->0
[478.046s][info][gc,metaspace  ] GC(19) Metaspace: 82591K->82591K(1128448K)
[478.046s][info][gc            ] GC(19) Pause Young (G1 Evacuation Pause) 382M->36M(481M) 21.769ms
[478.046s][info][gc,cpu        ] GC(19) User=0.09s Sys=0.00s Real=0.03s
[521.984s][info][gc,start      ] GC(20) Pause Young (G1 Evacuation Pause)
[521.984s][info][gc,task       ] GC(20) Using 4 workers of 4 for evacuation
[522.002s][info][gc,phases     ] GC(20)   Pre Evacuate Collection Set: 0.0ms
[522.002s][info][gc,phases     ] GC(20)   Evacuate Collection Set: 17.3ms
[522.002s][info][gc,phases     ] GC(20)   Post Evacuate Collection Set: 0.7ms
[522.002s][info][gc,phases     ] GC(20)   Other: 0.2ms
[522.002s][info][gc,heap       ] GC(20) Eden regions: 346->0(346)
[522.002s][info][gc,heap       ] GC(20) Survivor regions: 14->14(45)
[522.002s][info][gc,heap       ] GC(20) Old regions: 23->23
[522.002s][info][gc,heap       ] GC(20) Humongous regions: 0->0
[522.002s][info][gc,metaspace  ] GC(20) Metaspace: 82614K->82614K(1128448K)
[522.002s][info][gc            ] GC(20) Pause Young (G1 Evacuation Pause) 382M->36M(481M) 18.291ms
[522.002s][info][gc,cpu        ] GC(20) User=0.07s Sys=0.00s Real=0.02s
[565.856s][info][gc,start      ] GC(21) Pause Young (G1 Evacuation Pause)
[565.856s][info][gc,task       ] GC(21) Using 4 workers of 4 for evacuation
[565.873s][info][gc,phases     ] GC(21)   Pre Evacuate Collection Set: 0.0ms
[565.873s][info][gc,phases     ] GC(21)   Evacuate Collection Set: 16.5ms
[565.873s][info][gc,phases     ] GC(21)   Post Evacuate Collection Set: 0.6ms
[565.873s][info][gc,phases     ] GC(21)   Other: 0.2ms
[565.873s][info][gc,heap       ] GC(21) Eden regions: 346->0(345)
[565.873s][info][gc,heap       ] GC(21) Survivor regions: 14->15(45)
[565.873s][info][gc,heap       ] GC(21) Old regions: 23->23
[565.873s][info][gc,heap       ] GC(21) Humongous regions: 0->0
[565.873s][info][gc,metaspace  ] GC(21) Metaspace: 82618K->82618K(1128448K)
[565.873s][info][gc            ] GC(21) Pause Young (G1 Evacuation Pause) 382M->37M(481M) 17.457ms
[565.873s][info][gc,cpu        ] GC(21) User=0.07s Sys=0.00s Real=0.01s
[609.612s][info][gc,start      ] GC(22) Pause Young (G1 Evacuation Pause)
[609.612s][info][gc,task       ] GC(22) Using 4 workers of 4 for evacuation
[609.639s][info][gc,phases     ] GC(22)   Pre Evacuate Collection Set: 0.0ms
[609.639s][info][gc,phases     ] GC(22)   Evacuate Collection Set: 26.2ms
[609.639s][info][gc,phases     ] GC(22)   Post Evacuate Collection Set: 0.8ms
[609.639s][info][gc,phases     ] GC(22)   Other: 0.2ms
[609.639s][info][gc,heap       ] GC(22) Eden regions: 345->0(344)
[609.639s][info][gc,heap       ] GC(22) Survivor regions: 15->16(45)
[609.639s][info][gc,heap       ] GC(22) Old regions: 23->23
[609.639s][info][gc,heap       ] GC(22) Humongous regions: 0->0
[609.639s][info][gc,metaspace  ] GC(22) Metaspace: 82620K->82620K(1128448K)
[609.639s][info][gc            ] GC(22) Pause Young (G1 Evacuation Pause) 382M->38M(481M) 27.256ms
[609.639s][info][gc,cpu        ] GC(22) User=0.07s Sys=0.00s Real=0.03s
[653.160s][info][gc,start      ] GC(23) Pause Young (G1 Evacuation Pause)
[653.160s][info][gc,task       ] GC(23) Using 4 workers of 4 for evacuation
[653.187s][info][gc,phases     ] GC(23)   Pre Evacuate Collection Set: 0.0ms
[653.187s][info][gc,phases     ] GC(23)   Evacuate Collection Set: 25.5ms
[653.187s][info][gc,phases     ] GC(23)   Post Evacuate Collection Set: 0.7ms
[653.187s][info][gc,phases     ] GC(23)   Other: 0.3ms
[653.187s][info][gc,heap       ] GC(23) Eden regions: 344->0(344)
[653.187s][info][gc,heap       ] GC(23) Survivor regions: 16->16(45)
[653.187s][info][gc,heap       ] GC(23) Old regions: 23->23
[653.187s][info][gc,heap       ] GC(23) Humongous regions: 0->0
[653.187s][info][gc,metaspace  ] GC(23) Metaspace: 82621K->82621K(1128448K)
[653.187s][info][gc            ] GC(23) Pause Young (G1 Evacuation Pause) 382M->38M(481M) 26.629ms
[653.187s][info][gc,cpu        ] GC(23) User=0.09s Sys=0.00s Real=0.03s
[696.718s][info][gc,start      ] GC(24) Pause Young (G1 Evacuation Pause)
[696.718s][info][gc,task       ] GC(24) Using 4 workers of 4 for evacuation
[696.740s][info][gc,phases     ] GC(24)   Pre Evacuate Collection Set: 0.0ms
[696.740s][info][gc,phases     ] GC(24)   Evacuate Collection Set: 21.2ms
[696.740s][info][gc,phases     ] GC(24)   Post Evacuate Collection Set: 0.6ms
[696.740s][info][gc,phases     ] GC(24)   Other: 0.2ms
[696.740s][info][gc,heap       ] GC(24) Eden regions: 344->0(343)
[696.740s][info][gc,heap       ] GC(24) Survivor regions: 16->17(45)
[696.740s][info][gc,heap       ] GC(24) Old regions: 23->23
[696.740s][info][gc,heap       ] GC(24) Humongous regions: 0->0
[696.740s][info][gc,metaspace  ] GC(24) Metaspace: 82624K->82624K(1128448K)
[696.740s][info][gc            ] GC(24) Pause Young (G1 Evacuation Pause) 382M->39M(481M) 22.188ms
[696.740s][info][gc,cpu        ] GC(24) User=0.06s Sys=0.00s Real=0.02s
[740.138s][info][gc,start      ] GC(25) Pause Young (G1 Evacuation Pause)
[740.138s][info][gc,task       ] GC(25) Using 4 workers of 4 for evacuation
[740.174s][info][gc,phases     ] GC(25)   Pre Evacuate Collection Set: 0.0ms
[740.174s][info][gc,phases     ] GC(25)   Evacuate Collection Set: 35.3ms
[740.174s][info][gc,phases     ] GC(25)   Post Evacuate Collection Set: 0.7ms
[740.174s][info][gc,phases     ] GC(25)   Other: 0.2ms
[740.174s][info][gc,heap       ] GC(25) Eden regions: 343->0(350)
[740.174s][info][gc,heap       ] GC(25) Survivor regions: 17->10(45)
[740.174s][info][gc,heap       ] GC(25) Old regions: 23->30
[740.174s][info][gc,heap       ] GC(25) Humongous regions: 0->0
[740.174s][info][gc,metaspace  ] GC(25) Metaspace: 82627K->82627K(1128448K)
[740.174s][info][gc            ] GC(25) Pause Young (G1 Evacuation Pause) 382M->39M(481M) 36.411ms
[740.174s][info][gc,cpu        ] GC(25) User=0.12s Sys=0.00s Real=0.04s
[784.537s][info][gc,start      ] GC(26) Pause Young (G1 Evacuation Pause)
[784.537s][info][gc,task       ] GC(26) Using 4 workers of 4 for evacuation
[784.566s][info][gc,phases     ] GC(26)   Pre Evacuate Collection Set: 0.0ms
[784.566s][info][gc,phases     ] GC(26)   Evacuate Collection Set: 28.5ms
[784.566s][info][gc,phases     ] GC(26)   Post Evacuate Collection Set: 0.4ms
[784.566s][info][gc,phases     ] GC(26)   Other: 0.2ms
[784.566s][info][gc,heap       ] GC(26) Eden regions: 350->0(350)
[784.566s][info][gc,heap       ] GC(26) Survivor regions: 10->10(45)
[784.566s][info][gc,heap       ] GC(26) Old regions: 30->31
[784.566s][info][gc,heap       ] GC(26) Humongous regions: 0->0
[784.566s][info][gc,metaspace  ] GC(26) Metaspace: 82628K->82628K(1128448K)
[784.566s][info][gc            ] GC(26) Pause Young (G1 Evacuation Pause) 389M->40M(481M) 29.235ms
[784.566s][info][gc,cpu        ] GC(26) User=0.08s Sys=0.00s Real=0.03s
[828.961s][info][gc,start      ] GC(27) Pause Young (G1 Evacuation Pause)
[828.961s][info][gc,task       ] GC(27) Using 4 workers of 4 for evacuation
[828.990s][info][gc,phases     ] GC(27)   Pre Evacuate Collection Set: 0.0ms
[828.990s][info][gc,phases     ] GC(27)   Evacuate Collection Set: 27.9ms
[828.990s][info][gc,phases     ] GC(27)   Post Evacuate Collection Set: 0.4ms
[828.990s][info][gc,phases     ] GC(27)   Other: 0.3ms
[828.990s][info][gc,heap       ] GC(27) Eden regions: 350->0(350)
[828.990s][info][gc,heap       ] GC(27) Survivor regions: 10->10(45)
[828.990s][info][gc,heap       ] GC(27) Old regions: 31->32
[828.990s][info][gc,heap       ] GC(27) Humongous regions: 0->0
[828.990s][info][gc,metaspace  ] GC(27) Metaspace: 82629K->82629K(1128448K)
[828.990s][info][gc            ] GC(27) Pause Young (G1 Evacuation Pause) 390M->41M(481M) 28.666ms
[828.990s][info][gc,cpu        ] GC(27) User=0.11s Sys=0.00s Real=0.03s
[873.305s][info][gc,start      ] GC(28) Pause Young (G1 Evacuation Pause)
[873.306s][info][gc,task       ] GC(28) Using 4 workers of 4 for evacuation
[873.334s][info][gc,phases     ] GC(28)   Pre Evacuate Collection Set: 0.0ms
[873.334s][info][gc,phases     ] GC(28)   Evacuate Collection Set: 28.1ms
[873.334s][info][gc,phases     ] GC(28)   Post Evacuate Collection Set: 0.4ms
[873.334s][info][gc,phases     ] GC(28)   Other: 0.3ms
[873.334s][info][gc,heap       ] GC(28) Eden regions: 350->0(349)
[873.334s][info][gc,heap       ] GC(28) Survivor regions: 10->11(45)
[873.334s][info][gc,heap       ] GC(28) Old regions: 32->33
[873.334s][info][gc,heap       ] GC(28) Humongous regions: 0->0
[873.334s][info][gc,metaspace  ] GC(28) Metaspace: 82630K->82630K(1128448K)
[873.334s][info][gc            ] GC(28) Pause Young (G1 Evacuation Pause) 391M->42M(481M) 28.894ms
[873.334s][info][gc,cpu        ] GC(28) User=0.11s Sys=0.00s Real=0.03s
[917.628s][info][gc,start      ] GC(29) Pause Young (G1 Evacuation Pause)
[917.628s][info][gc,task       ] GC(29) Using 4 workers of 4 for evacuation
[917.650s][info][gc,phases     ] GC(29)   Pre Evacuate Collection Set: 0.0ms
[917.650s][info][gc,phases     ] GC(29)   Evacuate Collection Set: 22.1ms
[917.650s][info][gc,phases     ] GC(29)   Post Evacuate Collection Set: 0.4ms
[917.650s][info][gc,phases     ] GC(29)   Other: 0.2ms
[917.650s][info][gc,heap       ] GC(29) Eden regions: 349->0(349)
[917.650s][info][gc,heap       ] GC(29) Survivor regions: 11->11(45)
[917.650s][info][gc,heap       ] GC(29) Old regions: 33->33
[917.650s][info][gc,heap       ] GC(29) Humongous regions: 0->0
[917.650s][info][gc,metaspace  ] GC(29) Metaspace: 82635K->82635K(1128448K)
[917.650s][info][gc            ] GC(29) Pause Young (G1 Evacuation Pause) 391M->43M(481M) 22.843ms
[917.650s][info][gc,cpu        ] GC(29) User=0.08s Sys=0.00s Real=0.02s
[961.921s][info][gc,start      ] GC(30) Pause Young (G1 Evacuation Pause)
[961.921s][info][gc,task       ] GC(30) Using 4 workers of 4 for evacuation
[961.950s][info][gc,phases     ] GC(30)   Pre Evacuate Collection Set: 0.0ms
[961.950s][info][gc,phases     ] GC(30)   Evacuate Collection Set: 27.8ms
[961.950s][info][gc,phases     ] GC(30)   Post Evacuate Collection Set: 0.4ms
[961.950s][info][gc,phases     ] GC(30)   Other: 0.3ms
[961.950s][info][gc,heap       ] GC(30) Eden regions: 349->0(349)
[961.950s][info][gc,heap       ] GC(30) Survivor regions: 11->11(45)
[961.950s][info][gc,heap       ] GC(30) Old regions: 33->34
[961.950s][info][gc,heap       ] GC(30) Humongous regions: 0->0
[961.950s][info][gc,metaspace  ] GC(30) Metaspace: 82636K->82636K(1128448K)
[961.950s][info][gc            ] GC(30) Pause Young (G1 Evacuation Pause) 392M->43M(481M) 28.525ms
[961.950s][info][gc,cpu        ] GC(30) User=0.11s Sys=0.00s Real=0.03s
[1006.060s][info][gc,start      ] GC(31) Pause Young (G1 Evacuation Pause)
[1006.060s][info][gc,task       ] GC(31) Using 4 workers of 4 for evacuation
[1006.089s][info][gc,phases     ] GC(31)   Pre Evacuate Collection Set: 0.0ms
[1006.089s][info][gc,phases     ] GC(31)   Evacuate Collection Set: 28.8ms
[1006.089s][info][gc,phases     ] GC(31)   Post Evacuate Collection Set: 0.4ms
[1006.089s][info][gc,phases     ] GC(31)   Other: 0.3ms
[1006.089s][info][gc,heap       ] GC(31) Eden regions: 349->0(350)
[1006.089s][info][gc,heap       ] GC(31) Survivor regions: 11->10(45)
[1006.089s][info][gc,heap       ] GC(31) Old regions: 34->35
[1006.089s][info][gc,heap       ] GC(31) Humongous regions: 0->0
[1006.089s][info][gc,metaspace  ] GC(31) Metaspace: 82639K->82639K(1128448K)
[1006.089s][info][gc            ] GC(31) Pause Young (G1 Evacuation Pause) 392M->44M(481M) 29.577ms
[1006.089s][info][gc,cpu        ] GC(31) User=0.11s Sys=0.00s Real=0.03s
[1050.367s][info][gc,start      ] GC(32) Pause Young (G1 Evacuation Pause)
[1050.367s][info][gc,task       ] GC(32) Using 4 workers of 4 for evacuation
[1050.390s][info][gc,phases     ] GC(32)   Pre Evacuate Collection Set: 0.0ms
[1050.390s][info][gc,phases     ] GC(32)   Evacuate Collection Set: 22.9ms
[1050.390s][info][gc,phases     ] GC(32)   Post Evacuate Collection Set: 0.3ms
[1050.390s][info][gc,phases     ] GC(32)   Other: 0.2ms
[1050.390s][info][gc,heap       ] GC(32) Eden regions: 350->0(350)
[1050.390s][info][gc,heap       ] GC(32) Survivor regions: 10->10(45)
[1050.390s][info][gc,heap       ] GC(32) Old regions: 35->35
[1050.390s][info][gc,heap       ] GC(32) Humongous regions: 0->0
[1050.390s][info][gc,metaspace  ] GC(32) Metaspace: 82659K->82659K(1130496K)
[1050.390s][info][gc            ] GC(32) Pause Young (G1 Evacuation Pause) 394M->44M(481M) 23.590ms
[1050.390s][info][gc,cpu        ] GC(32) User=0.07s Sys=0.00s Real=0.02s
[1094.747s][info][gc,start      ] GC(33) Pause Young (G1 Evacuation Pause)
[1094.747s][info][gc,task       ] GC(33) Using 4 workers of 4 for evacuation
[1094.770s][info][gc,phases     ] GC(33)   Pre Evacuate Collection Set: 0.0ms
[1094.770s][info][gc,phases     ] GC(33)   Evacuate Collection Set: 22.6ms
[1094.770s][info][gc,phases     ] GC(33)   Post Evacuate Collection Set: 0.5ms
[1094.770s][info][gc,phases     ] GC(33)   Other: 0.2ms
[1094.770s][info][gc,heap       ] GC(33) Eden regions: 350->0(349)
[1094.770s][info][gc,heap       ] GC(33) Survivor regions: 10->11(45)
[1094.770s][info][gc,heap       ] GC(33) Old regions: 35->36
[1094.770s][info][gc,heap       ] GC(33) Humongous regions: 0->0
[1094.770s][info][gc,metaspace  ] GC(33) Metaspace: 82668K->82668K(1130496K)
[1094.770s][info][gc            ] GC(33) Pause Young (G1 Evacuation Pause) 394M->45M(481M) 23.476ms
[1094.770s][info][gc,cpu        ] GC(33) User=0.07s Sys=0.00s Real=0.02s
[1138.996s][info][gc,start      ] GC(34) Pause Young (G1 Evacuation Pause)
[1138.997s][info][gc,task       ] GC(34) Using 4 workers of 4 for evacuation
[1139.025s][info][gc,phases     ] GC(34)   Pre Evacuate Collection Set: 0.0ms
[1139.025s][info][gc,phases     ] GC(34)   Evacuate Collection Set: 28.1ms
[1139.025s][info][gc,phases     ] GC(34)   Post Evacuate Collection Set: 0.4ms
[1139.025s][info][gc,phases     ] GC(34)   Other: 0.2ms
[1139.025s][info][gc,heap       ] GC(34) Eden regions: 349->0(350)
[1139.025s][info][gc,heap       ] GC(34) Survivor regions: 11->10(45)
[1139.025s][info][gc,heap       ] GC(34) Old regions: 36->37
[1139.025s][info][gc,heap       ] GC(34) Humongous regions: 0->0
[1139.025s][info][gc,metaspace  ] GC(34) Metaspace: 82691K->82691K(1130496K)
[1139.025s][info][gc            ] GC(34) Pause Young (G1 Evacuation Pause) 394M->46M(481M) 28.897ms
[1139.025s][info][gc,cpu        ] GC(34) User=0.10s Sys=0.00s Real=0.03s
[1160.112s][info][gc,start      ] GC(35) Pause Young (G1 Evacuation Pause)
[1160.112s][info][gc,task       ] GC(35) Using 4 workers of 4 for evacuation
[1160.134s][info][gc,phases     ] GC(35)   Pre Evacuate Collection Set: 0.0ms
[1160.134s][info][gc,phases     ] GC(35)   Evacuate Collection Set: 21.1ms
[1160.134s][info][gc,phases     ] GC(35)   Post Evacuate Collection Set: 0.4ms
[1160.134s][info][gc,phases     ] GC(35)   Other: 0.2ms
[1160.134s][info][gc,heap       ] GC(35) Eden regions: 350->0(350)
[1160.134s][info][gc,heap       ] GC(35) Survivor regions: 10->10(45)
[1160.134s][info][gc,heap       ] GC(35) Old regions: 37->37
[1160.134s][info][gc,heap       ] GC(35) Humongous regions: 0->0
[1160.134s][info][gc,metaspace  ] GC(35) Metaspace: 82968K->82968K(1130496K)
[1160.134s][info][gc            ] GC(35) Pause Young (G1 Evacuation Pause) 396M->46M(481M) 21.835ms
[1160.134s][info][gc,cpu        ] GC(35) User=0.08s Sys=0.00s Real=0.02s
[1160.745s][info][gc,start      ] GC(36) Pause Young (G1 Evacuation Pause)
[1160.746s][info][gc,task       ] GC(36) Using 4 workers of 4 for evacuation
[1160.763s][info][gc,phases     ] GC(36)   Pre Evacuate Collection Set: 0.0ms
[1160.763s][info][gc,phases     ] GC(36)   Evacuate Collection Set: 16.5ms
[1160.763s][info][gc,phases     ] GC(36)   Post Evacuate Collection Set: 0.3ms
[1160.763s][info][gc,phases     ] GC(36)   Other: 0.2ms
[1160.763s][info][gc,heap       ] GC(36) Eden regions: 350->0(351)
[1160.763s][info][gc,heap       ] GC(36) Survivor regions: 10->9(45)
[1160.763s][info][gc,heap       ] GC(36) Old regions: 37->38
[1160.763s][info][gc,heap       ] GC(36) Humongous regions: 0->0
[1160.763s][info][gc,metaspace  ] GC(36) Metaspace: 82968K->82968K(1130496K)
[1160.763s][info][gc            ] GC(36) Pause Young (G1 Evacuation Pause) 396M->46M(481M) 17.119ms
[1160.763s][info][gc,cpu        ] GC(36) User=0.06s Sys=0.00s Real=0.01s
[1213.238s][info][gc,start      ] GC(37) Pause Young (G1 Evacuation Pause)
[1213.238s][info][gc,task       ] GC(37) Using 4 workers of 4 for evacuation
[1213.263s][info][gc,phases     ] GC(37)   Pre Evacuate Collection Set: 0.0ms
[1213.263s][info][gc,phases     ] GC(37)   Evacuate Collection Set: 24.2ms
[1213.263s][info][gc,phases     ] GC(37)   Post Evacuate Collection Set: 0.4ms
[1213.263s][info][gc,phases     ] GC(37)   Other: 0.3ms
[1213.263s][info][gc,heap       ] GC(37) Eden regions: 351->0(349)
[1213.263s][info][gc,heap       ] GC(37) Survivor regions: 9->11(45)
[1213.263s][info][gc,heap       ] GC(37) Old regions: 38->39
[1213.263s][info][gc,heap       ] GC(37) Humongous regions: 0->0
[1213.263s][info][gc,metaspace  ] GC(37) Metaspace: 82986K->82986K(1130496K)
[1213.263s][info][gc            ] GC(37) Pause Young (G1 Evacuation Pause) 397M->48M(481M) 25.082ms
[1213.263s][info][gc,cpu        ] GC(37) User=0.10s Sys=0.00s Real=0.02s
[1281.159s][info][gc,start      ] GC(38) Pause Young (G1 Evacuation Pause)
[1281.159s][info][gc,task       ] GC(38) Using 4 workers of 4 for evacuation
[1281.187s][info][gc,phases     ] GC(38)   Pre Evacuate Collection Set: 0.0ms
[1281.187s][info][gc,phases     ] GC(38)   Evacuate Collection Set: 27.3ms
[1281.187s][info][gc,phases     ] GC(38)   Post Evacuate Collection Set: 0.4ms
[1281.187s][info][gc,phases     ] GC(38)   Other: 0.3ms
[1281.187s][info][gc,heap       ] GC(38) Eden regions: 349->0(349)
[1281.187s][info][gc,heap       ] GC(38) Survivor regions: 11->11(45)
[1281.187s][info][gc,heap       ] GC(38) Old regions: 39->39
[1281.187s][info][gc,heap       ] GC(38) Humongous regions: 0->0
[1281.187s][info][gc,metaspace  ] GC(38) Metaspace: 82986K->82986K(1130496K)
[1281.187s][info][gc            ] GC(38) Pause Young (G1 Evacuation Pause) 397M->49M(481M) 28.189ms
[1281.187s][info][gc,cpu        ] GC(38) User=0.09s Sys=0.01s Real=0.03s
[1349.033s][info][gc,start      ] GC(39) Pause Young (G1 Evacuation Pause)
[1349.033s][info][gc,task       ] GC(39) Using 4 workers of 4 for evacuation
[1349.058s][info][gc,phases     ] GC(39)   Pre Evacuate Collection Set: 0.0ms
[1349.058s][info][gc,phases     ] GC(39)   Evacuate Collection Set: 24.3ms
[1349.058s][info][gc,phases     ] GC(39)   Post Evacuate Collection Set: 0.5ms
[1349.058s][info][gc,phases     ] GC(39)   Other: 0.3ms
[1349.058s][info][gc,heap       ] GC(39) Eden regions: 349->0(350)
[1349.058s][info][gc,heap       ] GC(39) Survivor regions: 11->10(45)
[1349.058s][info][gc,heap       ] GC(39) Old regions: 39->40
[1349.058s][info][gc,heap       ] GC(39) Humongous regions: 0->0
[1349.058s][info][gc,metaspace  ] GC(39) Metaspace: 82986K->82986K(1130496K)
[1349.058s][info][gc            ] GC(39) Pause Young (G1 Evacuation Pause) 398M->48M(481M) 25.168ms
[1349.058s][info][gc,cpu        ] GC(39) User=0.09s Sys=0.00s Real=0.03s
[1416.961s][info][gc,start      ] GC(40) Pause Young (G1 Evacuation Pause)
[1416.961s][info][gc,task       ] GC(40) Using 4 workers of 4 for evacuation
[1416.984s][info][gc,phases     ] GC(40)   Pre Evacuate Collection Set: 0.0ms
[1416.984s][info][gc,phases     ] GC(40)   Evacuate Collection Set: 22.0ms
[1416.984s][info][gc,phases     ] GC(40)   Post Evacuate Collection Set: 0.4ms
[1416.984s][info][gc,phases     ] GC(40)   Other: 0.3ms
[1416.984s][info][gc,heap       ] GC(40) Eden regions: 350->0(351)
[1416.984s][info][gc,heap       ] GC(40) Survivor regions: 10->9(45)
[1416.984s][info][gc,heap       ] GC(40) Old regions: 40->41
[1416.984s][info][gc,heap       ] GC(40) Humongous regions: 0->0
[1416.984s][info][gc,metaspace  ] GC(40) Metaspace: 82987K->82987K(1130496K)
[1416.984s][info][gc            ] GC(40) Pause Young (G1 Evacuation Pause) 398M->48M(481M) 22.878ms
[1416.984s][info][gc,cpu        ] GC(40) User=0.08s Sys=0.00s Real=0.02s
[1485.280s][info][gc,start      ] GC(41) Pause Young (G1 Evacuation Pause)
[1485.280s][info][gc,task       ] GC(41) Using 4 workers of 4 for evacuation
[1485.305s][info][gc,phases     ] GC(41)   Pre Evacuate Collection Set: 0.0ms
[1485.305s][info][gc,phases     ] GC(41)   Evacuate Collection Set: 24.1ms
[1485.305s][info][gc,phases     ] GC(41)   Post Evacuate Collection Set: 0.5ms
[1485.305s][info][gc,phases     ] GC(41)   Other: 0.3ms
[1485.305s][info][gc,heap       ] GC(41) Eden regions: 351->0(351)
[1485.305s][info][gc,heap       ] GC(41) Survivor regions: 9->9(45)
[1485.305s][info][gc,heap       ] GC(41) Old regions: 41->41
[1485.305s][info][gc,heap       ] GC(41) Humongous regions: 0->0
[1485.305s][info][gc,metaspace  ] GC(41) Metaspace: 82987K->82987K(1130496K)
[1485.305s][info][gc            ] GC(41) Pause Young (G1 Evacuation Pause) 399M->49M(481M) 25.025ms
[1485.305s][info][gc,cpu        ] GC(41) User=0.08s Sys=0.00s Real=0.03s
[1553.591s][info][gc,start      ] GC(42) Pause Young (G1 Evacuation Pause)
[1553.591s][info][gc,task       ] GC(42) Using 4 workers of 4 for evacuation
[1553.606s][info][gc,phases     ] GC(42)   Pre Evacuate Collection Set: 0.0ms
[1553.606s][info][gc,phases     ] GC(42)   Evacuate Collection Set: 14.5ms
[1553.606s][info][gc,phases     ] GC(42)   Post Evacuate Collection Set: 0.4ms
[1553.606s][info][gc,phases     ] GC(42)   Other: 0.2ms
[1553.606s][info][gc,heap       ] GC(42) Eden regions: 351->0(352)
[1553.606s][info][gc,heap       ] GC(42) Survivor regions: 9->8(45)
[1553.606s][info][gc,heap       ] GC(42) Old regions: 41->42
[1553.606s][info][gc,heap       ] GC(42) Humongous regions: 0->0
[1553.606s][info][gc,metaspace  ] GC(42) Metaspace: 82992K->82992K(1130496K)
[1553.606s][info][gc            ] GC(42) Pause Young (G1 Evacuation Pause) 400M->49M(481M) 15.203ms
[1553.606s][info][gc,cpu        ] GC(42) User=0.04s Sys=0.00s Real=0.02s
[1622.084s][info][gc,start      ] GC(43) Pause Young (G1 Evacuation Pause)
[1622.085s][info][gc,task       ] GC(43) Using 4 workers of 4 for evacuation
[1622.103s][info][gc,phases     ] GC(43)   Pre Evacuate Collection Set: 0.0ms
[1622.103s][info][gc,phases     ] GC(43)   Evacuate Collection Set: 18.2ms
[1622.103s][info][gc,phases     ] GC(43)   Post Evacuate Collection Set: 0.4ms
[1622.104s][info][gc,phases     ] GC(43)   Other: 0.3ms
[1622.104s][info][gc,heap       ] GC(43) Eden regions: 352->0(352)
[1622.104s][info][gc,heap       ] GC(43) Survivor regions: 8->8(45)
[1622.104s][info][gc,heap       ] GC(43) Old regions: 42->43
[1622.104s][info][gc,heap       ] GC(43) Humongous regions: 0->0
[1622.104s][info][gc,metaspace  ] GC(43) Metaspace: 82992K->82992K(1130496K)
[1622.104s][info][gc            ] GC(43) Pause Young (G1 Evacuation Pause) 401M->49M(481M) 19.096ms
[1622.104s][info][gc,cpu        ] GC(43) User=0.06s Sys=0.00s Real=0.01s
[1690.550s][info][gc,start      ] GC(44) Pause Young (G1 Evacuation Pause)
[1690.550s][info][gc,task       ] GC(44) Using 4 workers of 4 for evacuation
[1690.561s][info][gc,phases     ] GC(44)   Pre Evacuate Collection Set: 0.0ms
[1690.561s][info][gc,phases     ] GC(44)   Evacuate Collection Set: 10.2ms
[1690.561s][info][gc,phases     ] GC(44)   Post Evacuate Collection Set: 0.5ms
[1690.561s][info][gc,phases     ] GC(44)   Other: 0.2ms
[1690.561s][info][gc,heap       ] GC(44) Eden regions: 352->0(353)
[1690.561s][info][gc,heap       ] GC(44) Survivor regions: 8->7(45)
[1690.561s][info][gc,heap       ] GC(44) Old regions: 43->43
[1690.561s][info][gc,heap       ] GC(44) Humongous regions: 0->0
[1690.561s][info][gc,metaspace  ] GC(44) Metaspace: 82992K->82992K(1130496K)
[1690.561s][info][gc            ] GC(44) Pause Young (G1 Evacuation Pause) 401M->49M(481M) 10.948ms
[1690.561s][info][gc,cpu        ] GC(44) User=0.03s Sys=0.00s Real=0.01s
[1759.313s][info][gc,start      ] GC(45) Pause Young (G1 Evacuation Pause)
[1759.313s][info][gc,task       ] GC(45) Using 4 workers of 4 for evacuation
[1759.330s][info][gc,phases     ] GC(45)   Pre Evacuate Collection Set: 0.0ms
[1759.330s][info][gc,phases     ] GC(45)   Evacuate Collection Set: 15.6ms
[1759.330s][info][gc,phases     ] GC(45)   Post Evacuate Collection Set: 0.5ms
[1759.330s][info][gc,phases     ] GC(45)   Other: 0.3ms
[1759.330s][info][gc,heap       ] GC(45) Eden regions: 353->0(354)
[1759.330s][info][gc,heap       ] GC(45) Survivor regions: 7->6(45)
[1759.330s][info][gc,heap       ] GC(45) Old regions: 43->44
[1759.330s][info][gc,heap       ] GC(45) Humongous regions: 0->0
[1759.330s][info][gc,metaspace  ] GC(45) Metaspace: 82992K->82992K(1130496K)
[1759.330s][info][gc            ] GC(45) Pause Young (G1 Evacuation Pause) 402M->49M(481M) 16.554ms
[1759.330s][info][gc,cpu        ] GC(45) User=0.06s Sys=0.00s Real=0.02s
[1828.335s][info][gc,start      ] GC(46) Pause Young (G1 Evacuation Pause)
[1828.335s][info][gc,task       ] GC(46) Using 4 workers of 4 for evacuation
[1828.351s][info][gc,phases     ] GC(46)   Pre Evacuate Collection Set: 0.0ms
[1828.351s][info][gc,phases     ] GC(46)   Evacuate Collection Set: 15.5ms
[1828.351s][info][gc,phases     ] GC(46)   Post Evacuate Collection Set: 0.5ms
[1828.351s][info][gc,phases     ] GC(46)   Other: 0.3ms
[1828.351s][info][gc,heap       ] GC(46) Eden regions: 354->0(355)
[1828.351s][info][gc,heap       ] GC(46) Survivor regions: 6->5(45)
[1828.351s][info][gc,heap       ] GC(46) Old regions: 44->45
[1828.351s][info][gc,heap       ] GC(46) Humongous regions: 0->0
[1828.351s][info][gc,metaspace  ] GC(46) Metaspace: 82992K->82992K(1130496K)
[1828.351s][info][gc            ] GC(46) Pause Young (G1 Evacuation Pause) 403M->49M(481M) 16.363ms
[1828.351s][info][gc,cpu        ] GC(46) User=0.06s Sys=0.00s Real=0.01s
[1897.467s][info][gc,start      ] GC(47) Pause Young (G1 Evacuation Pause)
[1897.467s][info][gc,task       ] GC(47) Using 4 workers of 4 for evacuation
[1897.488s][info][gc,phases     ] GC(47)   Pre Evacuate Collection Set: 0.0ms
[1897.488s][info][gc,phases     ] GC(47)   Evacuate Collection Set: 20.2ms
[1897.488s][info][gc,phases     ] GC(47)   Post Evacuate Collection Set: 0.5ms
[1897.488s][info][gc,phases     ] GC(47)   Other: 0.3ms
[1897.488s][info][gc,heap       ] GC(47) Eden regions: 355->0(355)
[1897.488s][info][gc,heap       ] GC(47) Survivor regions: 5->5(45)
[1897.488s][info][gc,heap       ] GC(47) Old regions: 45->45
[1897.488s][info][gc,heap       ] GC(47) Humongous regions: 0->0
[1897.488s][info][gc,metaspace  ] GC(47) Metaspace: 82992K->82992K(1130496K)
[1897.488s][info][gc            ] GC(47) Pause Young (G1 Evacuation Pause) 404M->49M(481M) 21.195ms
[1897.488s][info][gc,cpu        ] GC(47) User=0.06s Sys=0.00s Real=0.02s
[1966.576s][info][gc,start      ] GC(48) Pause Young (G1 Evacuation Pause)
[1966.576s][info][gc,task       ] GC(48) Using 4 workers of 4 for evacuation
[1966.586s][info][gc,phases     ] GC(48)   Pre Evacuate Collection Set: 0.0ms
[1966.586s][info][gc,phases     ] GC(48)   Evacuate Collection Set: 9.6ms
[1966.586s][info][gc,phases     ] GC(48)   Post Evacuate Collection Set: 0.4ms
[1966.586s][info][gc,phases     ] GC(48)   Other: 0.2ms
[1966.586s][info][gc,heap       ] GC(48) Eden regions: 355->0(356)
[1966.586s][info][gc,heap       ] GC(48) Survivor regions: 5->4(45)
[1966.586s][info][gc,heap       ] GC(48) Old regions: 45->46
[1966.586s][info][gc,heap       ] GC(48) Humongous regions: 0->0
[1966.586s][info][gc,metaspace  ] GC(48) Metaspace: 82995K->82995K(1130496K)
[1966.586s][info][gc            ] GC(48) Pause Young (G1 Evacuation Pause) 404M->49M(481M) 10.286ms
[1966.586s][info][gc,cpu        ] GC(48) User=0.03s Sys=0.00s Real=0.01s
[2035.854s][info][gc,start      ] GC(49) Pause Young (G1 Evacuation Pause)
[2035.854s][info][gc,task       ] GC(49) Using 4 workers of 4 for evacuation
[2035.867s][info][gc,phases     ] GC(49)   Pre Evacuate Collection Set: 0.0ms
[2035.867s][info][gc,phases     ] GC(49)   Evacuate Collection Set: 12.6ms
[2035.867s][info][gc,phases     ] GC(49)   Post Evacuate Collection Set: 0.5ms
[2035.867s][info][gc,phases     ] GC(49)   Other: 0.3ms
[2035.867s][info][gc,heap       ] GC(49) Eden regions: 356->0(356)
[2035.867s][info][gc,heap       ] GC(49) Survivor regions: 4->4(45)
[2035.867s][info][gc,heap       ] GC(49) Old regions: 46->47
[2035.867s][info][gc,heap       ] GC(49) Humongous regions: 0->0
[2035.867s][info][gc,metaspace  ] GC(49) Metaspace: 83008K->83008K(1130496K)
[2035.867s][info][gc            ] GC(49) Pause Young (G1 Evacuation Pause) 405M->49M(481M) 13.604ms
[2035.867s][info][gc,cpu        ] GC(49) User=0.04s Sys=0.00s Real=0.02s
[2105.288s][info][gc,start      ] GC(50) Pause Young (G1 Evacuation Pause)
[2105.288s][info][gc,task       ] GC(50) Using 4 workers of 4 for evacuation
[2105.301s][info][gc,phases     ] GC(50)   Pre Evacuate Collection Set: 0.0ms
[2105.301s][info][gc,phases     ] GC(50)   Evacuate Collection Set: 12.2ms
[2105.301s][info][gc,phases     ] GC(50)   Post Evacuate Collection Set: 0.4ms
[2105.301s][info][gc,phases     ] GC(50)   Other: 0.3ms
[2105.301s][info][gc,heap       ] GC(50) Eden regions: 356->0(357)
[2105.301s][info][gc,heap       ] GC(50) Survivor regions: 4->3(45)
[2105.301s][info][gc,heap       ] GC(50) Old regions: 47->47
[2105.301s][info][gc,heap       ] GC(50) Humongous regions: 0->0
[2105.301s][info][gc,metaspace  ] GC(50) Metaspace: 83015K->83015K(1130496K)
[2105.301s][info][gc            ] GC(50) Pause Young (G1 Evacuation Pause) 405M->49M(481M) 13.133ms
[2105.301s][info][gc,cpu        ] GC(50) User=0.05s Sys=0.00s Real=0.01s
[2174.758s][info][gc,start      ] GC(51) Pause Young (G1 Evacuation Pause)
[2174.758s][info][gc,task       ] GC(51) Using 4 workers of 4 for evacuation
[2174.767s][info][gc,phases     ] GC(51)   Pre Evacuate Collection Set: 0.0ms
[2174.767s][info][gc,phases     ] GC(51)   Evacuate Collection Set: 8.3ms
[2174.767s][info][gc,phases     ] GC(51)   Post Evacuate Collection Set: 0.4ms
[2174.767s][info][gc,phases     ] GC(51)   Other: 0.2ms
[2174.767s][info][gc,heap       ] GC(51) Eden regions: 357->0(357)
[2174.767s][info][gc,heap       ] GC(51) Survivor regions: 3->3(45)
[2174.767s][info][gc,heap       ] GC(51) Old regions: 47->47
[2174.767s][info][gc,heap       ] GC(51) Humongous regions: 0->0
[2174.767s][info][gc,metaspace  ] GC(51) Metaspace: 83015K->83015K(1130496K)
[2174.767s][info][gc            ] GC(51) Pause Young (G1 Evacuation Pause) 406M->49M(481M) 9.028ms
[2174.767s][info][gc,cpu        ] GC(51) User=0.02s Sys=0.00s Real=0.01s
[2244.324s][info][gc,start      ] GC(52) Pause Young (G1 Evacuation Pause)
[2244.324s][info][gc,task       ] GC(52) Using 4 workers of 4 for evacuation
[2244.340s][info][gc,phases     ] GC(52)   Pre Evacuate Collection Set: 0.0ms
[2244.340s][info][gc,phases     ] GC(52)   Evacuate Collection Set: 14.5ms
[2244.340s][info][gc,phases     ] GC(52)   Post Evacuate Collection Set: 0.5ms
[2244.340s][info][gc,phases     ] GC(52)   Other: 0.3ms
[2244.340s][info][gc,heap       ] GC(52) Eden regions: 357->0(359)
[2244.340s][info][gc,heap       ] GC(52) Survivor regions: 3->1(45)
[2244.340s][info][gc,heap       ] GC(52) Old regions: 47->49
[2244.340s][info][gc,heap       ] GC(52) Humongous regions: 0->0
[2244.340s][info][gc,metaspace  ] GC(52) Metaspace: 83016K->83016K(1130496K)
[2244.340s][info][gc            ] GC(52) Pause Young (G1 Evacuation Pause) 406M->49M(481M) 15.411ms
[2244.340s][info][gc,cpu        ] GC(52) User=0.05s Sys=0.00s Real=0.02s
[2314.103s][info][gc,start      ] GC(53) Pause Young (G1 Evacuation Pause)
[2314.103s][info][gc,task       ] GC(53) Using 4 workers of 4 for evacuation
[2314.107s][info][gc,phases     ] GC(53)   Pre Evacuate Collection Set: 0.0ms
[2314.107s][info][gc,phases     ] GC(53)   Evacuate Collection Set: 3.6ms
[2314.107s][info][gc,phases     ] GC(53)   Post Evacuate Collection Set: 0.4ms
[2314.107s][info][gc,phases     ] GC(53)   Other: 0.3ms
[2314.107s][info][gc,heap       ] GC(53) Eden regions: 359->0(359)
[2314.107s][info][gc,heap       ] GC(53) Survivor regions: 1->1(45)
[2314.107s][info][gc,heap       ] GC(53) Old regions: 49->50
[2314.107s][info][gc,heap       ] GC(53) Humongous regions: 0->0
[2314.107s][info][gc,metaspace  ] GC(53) Metaspace: 83016K->83016K(1130496K)
[2314.107s][info][gc            ] GC(53) Pause Young (G1 Evacuation Pause) 408M->49M(481M) 4.509ms
[2314.107s][info][gc,cpu        ] GC(53) User=0.02s Sys=0.00s Real=0.01s
[2384.017s][info][gc,start      ] GC(54) Pause Young (G1 Evacuation Pause)
[2384.017s][info][gc,task       ] GC(54) Using 4 workers of 4 for evacuation
[2384.019s][info][gc,phases     ] GC(54)   Pre Evacuate Collection Set: 0.0ms
[2384.019s][info][gc,phases     ] GC(54)   Evacuate Collection Set: 1.9ms
[2384.019s][info][gc,phases     ] GC(54)   Post Evacuate Collection Set: 0.4ms
[2384.019s][info][gc,phases     ] GC(54)   Other: 0.3ms
[2384.019s][info][gc,heap       ] GC(54) Eden regions: 359->0(359)
[2384.020s][info][gc,heap       ] GC(54) Survivor regions: 1->1(45)
[2384.020s][info][gc,heap       ] GC(54) Old regions: 50->50
[2384.020s][info][gc,heap       ] GC(54) Humongous regions: 0->0
[2384.020s][info][gc,metaspace  ] GC(54) Metaspace: 83016K->83016K(1130496K)
[2384.020s][info][gc            ] GC(54) Pause Young (G1 Evacuation Pause) 408M->49M(481M) 2.804ms
[2384.020s][info][gc,cpu        ] GC(54) User=0.01s Sys=0.00s Real=0.00s
[2453.899s][info][gc,start      ] GC(55) Pause Young (G1 Evacuation Pause)
[2453.900s][info][gc,task       ] GC(55) Using 4 workers of 4 for evacuation
[2453.902s][info][gc,phases     ] GC(55)   Pre Evacuate Collection Set: 0.0ms
[2453.902s][info][gc,phases     ] GC(55)   Evacuate Collection Set: 1.8ms
[2453.902s][info][gc,phases     ] GC(55)   Post Evacuate Collection Set: 0.4ms
[2453.902s][info][gc,phases     ] GC(55)   Other: 0.3ms
[2453.902s][info][gc,heap       ] GC(55) Eden regions: 359->0(359)
[2453.902s][info][gc,heap       ] GC(55) Survivor regions: 1->1(45)
[2453.902s][info][gc,heap       ] GC(55) Old regions: 50->50
[2453.902s][info][gc,heap       ] GC(55) Humongous regions: 0->0
[2453.902s][info][gc,metaspace  ] GC(55) Metaspace: 83016K->83016K(1130496K)
[2453.902s][info][gc            ] GC(55) Pause Young (G1 Evacuation Pause) 408M->49M(481M) 2.642ms
[2453.902s][info][gc,cpu        ] GC(55) User=0.01s Sys=0.00s Real=0.00s
[2523.750s][info][gc,start      ] GC(56) Pause Young (G1 Evacuation Pause)
[2523.750s][info][gc,task       ] GC(56) Using 4 workers of 4 for evacuation
[2523.752s][info][gc,phases     ] GC(56)   Pre Evacuate Collection Set: 0.0ms
[2523.752s][info][gc,phases     ] GC(56)   Evacuate Collection Set: 1.7ms
[2523.752s][info][gc,phases     ] GC(56)   Post Evacuate Collection Set: 0.3ms
[2523.752s][info][gc,phases     ] GC(56)   Other: 0.2ms
[2523.752s][info][gc,heap       ] GC(56) Eden regions: 359->0(359)
[2523.752s][info][gc,heap       ] GC(56) Survivor regions: 1->1(45)
[2523.752s][info][gc,heap       ] GC(56) Old regions: 50->50
[2523.752s][info][gc,heap       ] GC(56) Humongous regions: 0->0
[2523.752s][info][gc,metaspace  ] GC(56) Metaspace: 83016K->83016K(1130496K)
[2523.752s][info][gc            ] GC(56) Pause Young (G1 Evacuation Pause) 408M->49M(481M) 2.387ms
[2523.752s][info][gc,cpu        ] GC(56) User=0.01s Sys=0.00s Real=0.00s
[2593.590s][info][gc,start      ] GC(57) Pause Young (G1 Evacuation Pause)
[2593.590s][info][gc,task       ] GC(57) Using 4 workers of 4 for evacuation
[2593.591s][info][gc,phases     ] GC(57)   Pre Evacuate Collection Set: 0.0ms
[2593.592s][info][gc,phases     ] GC(57)   Evacuate Collection Set: 1.4ms
[2593.592s][info][gc,phases     ] GC(57)   Post Evacuate Collection Set: 0.3ms
[2593.592s][info][gc,phases     ] GC(57)   Other: 0.2ms
[2593.592s][info][gc,heap       ] GC(57) Eden regions: 359->0(359)
[2593.592s][info][gc,heap       ] GC(57) Survivor regions: 1->1(45)
[2593.592s][info][gc,heap       ] GC(57) Old regions: 50->50
[2593.592s][info][gc,heap       ] GC(57) Humongous regions: 0->0
[2593.592s][info][gc,metaspace  ] GC(57) Metaspace: 83017K->83017K(1130496K)
[2593.592s][info][gc            ] GC(57) Pause Young (G1 Evacuation Pause) 408M->49M(481M) 2.012ms
[2593.592s][info][gc,cpu        ] GC(57) User=0.01s Sys=0.00s Real=0.00s
[2663.591s][info][gc,start      ] GC(58) Pause Young (G1 Evacuation Pause)
[2663.591s][info][gc,task       ] GC(58) Using 4 workers of 4 for evacuation
[2663.594s][info][gc,phases     ] GC(58)   Pre Evacuate Collection Set: 0.0ms
[2663.594s][info][gc,phases     ] GC(58)   Evacuate Collection Set: 2.5ms
[2663.594s][info][gc,phases     ] GC(58)   Post Evacuate Collection Set: 0.3ms
[2663.594s][info][gc,phases     ] GC(58)   Other: 0.2ms
[2663.594s][info][gc,heap       ] GC(58) Eden regions: 359->0(359)
[2663.594s][info][gc,heap       ] GC(58) Survivor regions: 1->1(45)
[2663.594s][info][gc,heap       ] GC(58) Old regions: 50->50
[2663.594s][info][gc,heap       ] GC(58) Humongous regions: 0->0
[2663.594s][info][gc,metaspace  ] GC(58) Metaspace: 83017K->83017K(1130496K)
[2663.594s][info][gc            ] GC(58) Pause Young (G1 Evacuation Pause) 408M->49M(481M) 3.137ms
[2663.594s][info][gc,cpu        ] GC(58) User=0.01s Sys=0.00s Real=0.00s
[2733.366s][info][gc,start      ] GC(59) Pause Young (G1 Evacuation Pause)
[2733.366s][info][gc,task       ] GC(59) Using 4 workers of 4 for evacuation
[2733.369s][info][gc,phases     ] GC(59)   Pre Evacuate Collection Set: 0.0ms
[2733.369s][info][gc,phases     ] GC(59)   Evacuate Collection Set: 2.2ms
[2733.369s][info][gc,phases     ] GC(59)   Post Evacuate Collection Set: 0.4ms
[2733.369s][info][gc,phases     ] GC(59)   Other: 0.3ms
[2733.369s][info][gc,heap       ] GC(59) Eden regions: 359->0(359)
[2733.369s][info][gc,heap       ] GC(59) Survivor regions: 1->1(45)
[2733.369s][info][gc,heap       ] GC(59) Old regions: 50->50
[2733.369s][info][gc,heap       ] GC(59) Humongous regions: 0->0
[2733.369s][info][gc,metaspace  ] GC(59) Metaspace: 83017K->83017K(1130496K)
[2733.369s][info][gc            ] GC(59) Pause Young (G1 Evacuation Pause) 408M->49M(481M) 3.087ms
[2733.369s][info][gc,cpu        ] GC(59) User=0.01s Sys=0.00s Real=0.00s
[2803.163s][info][gc,start      ] GC(60) Pause Young (G1 Evacuation Pause)
[2803.163s][info][gc,task       ] GC(60) Using 4 workers of 4 for evacuation
[2803.166s][info][gc,phases     ] GC(60)   Pre Evacuate Collection Set: 0.0ms
[2803.166s][info][gc,phases     ] GC(60)   Evacuate Collection Set: 1.9ms
[2803.166s][info][gc,phases     ] GC(60)   Post Evacuate Collection Set: 0.4ms
[2803.166s][info][gc,phases     ] GC(60)   Other: 0.3ms
[2803.166s][info][gc,heap       ] GC(60) Eden regions: 359->0(359)
[2803.166s][info][gc,heap       ] GC(60) Survivor regions: 1->1(45)
[2803.166s][info][gc,heap       ] GC(60) Old regions: 50->50
[2803.166s][info][gc,heap       ] GC(60) Humongous regions: 0->0
[2803.166s][info][gc,metaspace  ] GC(60) Metaspace: 83017K->83017K(1130496K)
[2803.166s][info][gc            ] GC(60) Pause Young (G1 Evacuation Pause) 408M->49M(481M) 2.781ms
[2803.166s][info][gc,cpu        ] GC(60) User=0.01s Sys=0.00s Real=0.01s
[2873.216s][info][gc,start      ] GC(61) Pause Young (G1 Evacuation Pause)
[2873.216s][info][gc,task       ] GC(61) Using 4 workers of 4 for evacuation
[2873.219s][info][gc,phases     ] GC(61)   Pre Evacuate Collection Set: 0.0ms
[2873.219s][info][gc,phases     ] GC(61)   Evacuate Collection Set: 1.9ms
[2873.219s][info][gc,phases     ] GC(61)   Post Evacuate Collection Set: 0.4ms
[2873.219s][info][gc,phases     ] GC(61)   Other: 0.3ms
[2873.219s][info][gc,heap       ] GC(61) Eden regions: 359->0(359)
[2873.219s][info][gc,heap       ] GC(61) Survivor regions: 1->1(45)
[2873.219s][info][gc,heap       ] GC(61) Old regions: 50->50
[2873.219s][info][gc,heap       ] GC(61) Humongous regions: 0->0
[2873.219s][info][gc,metaspace  ] GC(61) Metaspace: 83017K->83017K(1130496K)
[2873.219s][info][gc            ] GC(61) Pause Young (G1 Evacuation Pause) 408M->49M(481M) 2.775ms
[2873.219s][info][gc,cpu        ] GC(61) User=0.01s Sys=0.00s Real=0.00s
[2943.096s][info][gc,start      ] GC(62) Pause Young (G1 Evacuation Pause)
[2943.096s][info][gc,task       ] GC(62) Using 4 workers of 4 for evacuation
[2943.098s][info][gc,phases     ] GC(62)   Pre Evacuate Collection Set: 0.0ms
[2943.098s][info][gc,phases     ] GC(62)   Evacuate Collection Set: 1.9ms
[2943.098s][info][gc,phases     ] GC(62)   Post Evacuate Collection Set: 0.4ms
[2943.098s][info][gc,phases     ] GC(62)   Other: 0.3ms
[2943.098s][info][gc,heap       ] GC(62) Eden regions: 359->0(359)
[2943.098s][info][gc,heap       ] GC(62) Survivor regions: 1->1(45)
[2943.098s][info][gc,heap       ] GC(62) Old regions: 50->50
[2943.098s][info][gc,heap       ] GC(62) Humongous regions: 0->0
[2943.098s][info][gc,metaspace  ] GC(62) Metaspace: 83017K->83017K(1130496K)
[2943.098s][info][gc            ] GC(62) Pause Young (G1 Evacuation Pause) 408M->49M(481M) 2.791ms
[2943.098s][info][gc,cpu        ] GC(62) User=0.01s Sys=0.00s Real=0.00s
[3013.140s][info][gc,start      ] GC(63) Pause Young (G1 Evacuation Pause)
[3013.140s][info][gc,task       ] GC(63) Using 4 workers of 4 for evacuation
[3013.143s][info][gc,phases     ] GC(63)   Pre Evacuate Collection Set: 0.0ms
[3013.143s][info][gc,phases     ] GC(63)   Evacuate Collection Set: 1.9ms
[3013.143s][info][gc,phases     ] GC(63)   Post Evacuate Collection Set: 0.4ms
[3013.143s][info][gc,phases     ] GC(63)   Other: 0.3ms
[3013.143s][info][gc,heap       ] GC(63) Eden regions: 359->0(359)
[3013.143s][info][gc,heap       ] GC(63) Survivor regions: 1->1(45)
[3013.143s][info][gc,heap       ] GC(63) Old regions: 50->50
[3013.143s][info][gc,heap       ] GC(63) Humongous regions: 0->0
[3013.143s][info][gc,metaspace  ] GC(63) Metaspace: 83017K->83017K(1130496K)
[3013.143s][info][gc            ] GC(63) Pause Young (G1 Evacuation Pause) 408M->49M(481M) 2.846ms
[3013.143s][info][gc,cpu        ] GC(63) User=0.01s Sys=0.00s Real=0.00s
[3082.942s][info][gc,start      ] GC(64) Pause Young (G1 Evacuation Pause)
[3082.942s][info][gc,task       ] GC(64) Using 4 workers of 4 for evacuation
[3082.945s][info][gc,phases     ] GC(64)   Pre Evacuate Collection Set: 0.0ms
[3082.945s][info][gc,phases     ] GC(64)   Evacuate Collection Set: 2.4ms
[3082.946s][info][gc,phases     ] GC(64)   Post Evacuate Collection Set: 0.4ms
[3082.946s][info][gc,phases     ] GC(64)   Other: 0.3ms
[3082.946s][info][gc,heap       ] GC(64) Eden regions: 359->0(359)
[3082.946s][info][gc,heap       ] GC(64) Survivor regions: 1->1(45)
[3082.946s][info][gc,heap       ] GC(64) Old regions: 50->50
[3082.946s][info][gc,heap       ] GC(64) Humongous regions: 0->0
[3082.946s][info][gc,metaspace  ] GC(64) Metaspace: 83021K->83021K(1130496K)
[3082.946s][info][gc            ] GC(64) Pause Young (G1 Evacuation Pause) 408M->49M(481M) 3.277ms
[3082.946s][info][gc,cpu        ] GC(64) User=0.01s Sys=0.00s Real=0.01s
[3152.810s][info][gc,start      ] GC(65) Pause Young (G1 Evacuation Pause)
[3152.811s][info][gc,task       ] GC(65) Using 4 workers of 4 for evacuation
[3152.813s][info][gc,phases     ] GC(65)   Pre Evacuate Collection Set: 0.0ms
[3152.813s][info][gc,phases     ] GC(65)   Evacuate Collection Set: 1.8ms
[3152.813s][info][gc,phases     ] GC(65)   Post Evacuate Collection Set: 0.3ms
[3152.813s][info][gc,phases     ] GC(65)   Other: 0.2ms
[3152.813s][info][gc,heap       ] GC(65) Eden regions: 359->0(359)
[3152.813s][info][gc,heap       ] GC(65) Survivor regions: 1->1(45)
[3152.813s][info][gc,heap       ] GC(65) Old regions: 50->50
[3152.813s][info][gc,heap       ] GC(65) Humongous regions: 0->0
[3152.813s][info][gc,metaspace  ] GC(65) Metaspace: 83021K->83021K(1130496K)
[3152.813s][info][gc            ] GC(65) Pause Young (G1 Evacuation Pause) 408M->49M(481M) 2.465ms
[3152.813s][info][gc,cpu        ] GC(65) User=0.00s Sys=0.00s Real=0.00s
[3222.838s][info][gc,start      ] GC(66) Pause Young (G1 Evacuation Pause)
[3222.838s][info][gc,task       ] GC(66) Using 4 workers of 4 for evacuation
[3222.841s][info][gc,phases     ] GC(66)   Pre Evacuate Collection Set: 0.0ms
[3222.841s][info][gc,phases     ] GC(66)   Evacuate Collection Set: 1.7ms
[3222.841s][info][gc,phases     ] GC(66)   Post Evacuate Collection Set: 0.4ms
[3222.841s][info][gc,phases     ] GC(66)   Other: 0.2ms
[3222.841s][info][gc,heap       ] GC(66) Eden regions: 359->0(359)
[3222.841s][info][gc,heap       ] GC(66) Survivor regions: 1->1(45)
[3222.841s][info][gc,heap       ] GC(66) Old regions: 50->50
[3222.841s][info][gc,heap       ] GC(66) Humongous regions: 0->0
[3222.841s][info][gc,metaspace  ] GC(66) Metaspace: 83021K->83021K(1130496K)
[3222.841s][info][gc            ] GC(66) Pause Young (G1 Evacuation Pause) 408M->49M(481M) 2.553ms
[3222.841s][info][gc,cpu        ] GC(66) User=0.01s Sys=0.00s Real=0.00s
[3292.758s][info][gc,start      ] GC(67) Pause Young (G1 Evacuation Pause)
[3292.758s][info][gc,task       ] GC(67) Using 4 workers of 4 for evacuation
[3292.760s][info][gc,phases     ] GC(67)   Pre Evacuate Collection Set: 0.0ms
[3292.760s][info][gc,phases     ] GC(67)   Evacuate Collection Set: 1.9ms
[3292.760s][info][gc,phases     ] GC(67)   Post Evacuate Collection Set: 0.3ms
[3292.760s][info][gc,phases     ] GC(67)   Other: 0.2ms
[3292.760s][info][gc,heap       ] GC(67) Eden regions: 359->0(359)
[3292.760s][info][gc,heap       ] GC(67) Survivor regions: 1->1(45)
[3292.760s][info][gc,heap       ] GC(67) Old regions: 50->50
[3292.760s][info][gc,heap       ] GC(67) Humongous regions: 0->0
[3292.760s][info][gc,metaspace  ] GC(67) Metaspace: 83021K->83021K(1130496K)
[3292.760s][info][gc            ] GC(67) Pause Young (G1 Evacuation Pause) 408M->49M(481M) 2.560ms
[3292.761s][info][gc,cpu        ] GC(67) User=0.01s Sys=0.00s Real=0.00s
[3362.707s][info][gc,start      ] GC(68) Pause Young (G1 Evacuation Pause)
[3362.707s][info][gc,task       ] GC(68) Using 4 workers of 4 for evacuation
[3362.709s][info][gc,phases     ] GC(68)   Pre Evacuate Collection Set: 0.0ms
[3362.709s][info][gc,phases     ] GC(68)   Evacuate Collection Set: 1.9ms
[3362.709s][info][gc,phases     ] GC(68)   Post Evacuate Collection Set: 0.3ms
[3362.709s][info][gc,phases     ] GC(68)   Other: 0.2ms
[3362.709s][info][gc,heap       ] GC(68) Eden regions: 359->0(359)
[3362.709s][info][gc,heap       ] GC(68) Survivor regions: 1->1(45)
[3362.709s][info][gc,heap       ] GC(68) Old regions: 50->50
[3362.709s][info][gc,heap       ] GC(68) Humongous regions: 0->0
[3362.709s][info][gc,metaspace  ] GC(68) Metaspace: 83021K->83021K(1130496K)
[3362.709s][info][gc            ] GC(68) Pause Young (G1 Evacuation Pause) 408M->49M(481M) 2.490ms
[3362.709s][info][gc,cpu        ] GC(68) User=0.01s Sys=0.00s Real=0.00s
[3432.467s][info][gc,start      ] GC(69) Pause Young (G1 Evacuation Pause)
[3432.467s][info][gc,task       ] GC(69) Using 4 workers of 4 for evacuation
[3432.470s][info][gc,phases     ] GC(69)   Pre Evacuate Collection Set: 0.0ms
[3432.470s][info][gc,phases     ] GC(69)   Evacuate Collection Set: 2.0ms
[3432.470s][info][gc,phases     ] GC(69)   Post Evacuate Collection Set: 0.4ms
[3432.470s][info][gc,phases     ] GC(69)   Other: 0.3ms
[3432.470s][info][gc,heap       ] GC(69) Eden regions: 359->0(359)
[3432.470s][info][gc,heap       ] GC(69) Survivor regions: 1->1(45)
[3432.470s][info][gc,heap       ] GC(69) Old regions: 50->50
[3432.470s][info][gc,heap       ] GC(69) Humongous regions: 0->0
[3432.470s][info][gc,metaspace  ] GC(69) Metaspace: 83021K->83021K(1130496K)
[3432.470s][info][gc            ] GC(69) Pause Young (G1 Evacuation Pause) 408M->49M(481M) 2.818ms
[3432.470s][info][gc,cpu        ] GC(69) User=0.00s Sys=0.00s Real=0.00s
[3502.328s][info][gc,start      ] GC(70) Pause Young (G1 Evacuation Pause)
[3502.329s][info][gc,task       ] GC(70) Using 4 workers of 4 for evacuation
[3502.331s][info][gc,phases     ] GC(70)   Pre Evacuate Collection Set: 0.0ms
[3502.331s][info][gc,phases     ] GC(70)   Evacuate Collection Set: 1.9ms
[3502.331s][info][gc,phases     ] GC(70)   Post Evacuate Collection Set: 0.3ms
[3502.331s][info][gc,phases     ] GC(70)   Other: 0.2ms
[3502.331s][info][gc,heap       ] GC(70) Eden regions: 359->0(359)
[3502.331s][info][gc,heap       ] GC(70) Survivor regions: 1->1(45)
[3502.331s][info][gc,heap       ] GC(70) Old regions: 50->50
[3502.331s][info][gc,heap       ] GC(70) Humongous regions: 0->0
[3502.331s][info][gc,metaspace  ] GC(70) Metaspace: 83021K->83021K(1130496K)
[3502.331s][info][gc            ] GC(70) Pause Young (G1 Evacuation Pause) 408M->49M(481M) 2.491ms
[3502.331s][info][gc,cpu        ] GC(70) User=0.01s Sys=0.00s Real=0.00s
[3572.251s][info][gc,start      ] GC(71) Pause Young (G1 Evacuation Pause)
[3572.251s][info][gc,task       ] GC(71) Using 4 workers of 4 for evacuation
[3572.253s][info][gc,phases     ] GC(71)   Pre Evacuate Collection Set: 0.0ms
[3572.253s][info][gc,phases     ] GC(71)   Evacuate Collection Set: 2.0ms
[3572.254s][info][gc,phases     ] GC(71)   Post Evacuate Collection Set: 0.4ms
[3572.254s][info][gc,phases     ] GC(71)   Other: 0.3ms
[3572.254s][info][gc,heap       ] GC(71) Eden regions: 359->0(359)
[3572.254s][info][gc,heap       ] GC(71) Survivor regions: 1->1(45)
[3572.254s][info][gc,heap       ] GC(71) Old regions: 50->50
[3572.254s][info][gc,heap       ] GC(71) Humongous regions: 0->0
[3572.254s][info][gc,metaspace  ] GC(71) Metaspace: 83021K->83021K(1130496K)
[3572.254s][info][gc            ] GC(71) Pause Young (G1 Evacuation Pause) 408M->49M(481M) 2.938ms
[3572.254s][info][gc,cpu        ] GC(71) User=0.01s Sys=0.00s Real=0.00s
[3642.133s][info][gc,start      ] GC(72) Pause Young (G1 Evacuation Pause)
[3642.133s][info][gc,task       ] GC(72) Using 4 workers of 4 for evacuation
[3642.135s][info][gc,phases     ] GC(72)   Pre Evacuate Collection Set: 0.0ms
[3642.135s][info][gc,phases     ] GC(72)   Evacuate Collection Set: 1.9ms
[3642.135s][info][gc,phases     ] GC(72)   Post Evacuate Collection Set: 0.4ms
[3642.135s][info][gc,phases     ] GC(72)   Other: 0.3ms
[3642.135s][info][gc,heap       ] GC(72) Eden regions: 359->0(359)
[3642.135s][info][gc,heap       ] GC(72) Survivor regions: 1->1(45)
[3642.135s][info][gc,heap       ] GC(72) Old regions: 50->50
[3642.135s][info][gc,heap       ] GC(72) Humongous regions: 0->0
[3642.135s][info][gc,metaspace  ] GC(72) Metaspace: 83021K->83021K(1130496K)
[3642.135s][info][gc            ] GC(72) Pause Young (G1 Evacuation Pause) 408M->49M(481M) 2.722ms
[3642.135s][info][gc,cpu        ] GC(72) User=0.01s Sys=0.00s Real=0.01s
[3711.844s][info][gc,start      ] GC(73) Pause Young (G1 Evacuation Pause)
[3711.844s][info][gc,task       ] GC(73) Using 4 workers of 4 for evacuation
[3711.847s][info][gc,phases     ] GC(73)   Pre Evacuate Collection Set: 0.0ms
[3711.847s][info][gc,phases     ] GC(73)   Evacuate Collection Set: 2.2ms
[3711.847s][info][gc,phases     ] GC(73)   Post Evacuate Collection Set: 0.4ms
[3711.847s][info][gc,phases     ] GC(73)   Other: 0.3ms
[3711.847s][info][gc,heap       ] GC(73) Eden regions: 359->0(359)
[3711.847s][info][gc,heap       ] GC(73) Survivor regions: 1->1(45)
[3711.847s][info][gc,heap       ] GC(73) Old regions: 50->50
[3711.847s][info][gc,heap       ] GC(73) Humongous regions: 0->0
[3711.847s][info][gc,metaspace  ] GC(73) Metaspace: 83021K->83021K(1130496K)
[3711.847s][info][gc            ] GC(73) Pause Young (G1 Evacuation Pause) 408M->49M(481M) 2.977ms
[3711.847s][info][gc,cpu        ] GC(73) User=0.00s Sys=0.00s Real=0.01s
[3781.753s][info][gc,start      ] GC(74) Pause Young (G1 Evacuation Pause)
[3781.753s][info][gc,task       ] GC(74) Using 4 workers of 4 for evacuation
[3781.755s][info][gc,phases     ] GC(74)   Pre Evacuate Collection Set: 0.0ms
[3781.755s][info][gc,phases     ] GC(74)   Evacuate Collection Set: 1.7ms
[3781.755s][info][gc,phases     ] GC(74)   Post Evacuate Collection Set: 0.3ms
[3781.755s][info][gc,phases     ] GC(74)   Other: 0.2ms
[3781.755s][info][gc,heap       ] GC(74) Eden regions: 359->0(359)
[3781.755s][info][gc,heap       ] GC(74) Survivor regions: 1->1(45)
[3781.755s][info][gc,heap       ] GC(74) Old regions: 50->50
[3781.755s][info][gc,heap       ] GC(74) Humongous regions: 0->0
[3781.755s][info][gc,metaspace  ] GC(74) Metaspace: 83022K->83022K(1130496K)
[3781.755s][info][gc            ] GC(74) Pause Young (G1 Evacuation Pause) 408M->49M(481M) 2.362ms
[3781.755s][info][gc,cpu        ] GC(74) User=0.00s Sys=0.00s Real=0.01s
[3851.727s][info][gc,start      ] GC(75) Pause Young (G1 Evacuation Pause)
[3851.727s][info][gc,task       ] GC(75) Using 4 workers of 4 for evacuation
[3851.728s][info][gc,phases     ] GC(75)   Pre Evacuate Collection Set: 0.0ms
[3851.728s][info][gc,phases     ] GC(75)   Evacuate Collection Set: 1.3ms
[3851.728s][info][gc,phases     ] GC(75)   Post Evacuate Collection Set: 0.3ms
[3851.728s][info][gc,phases     ] GC(75)   Other: 0.2ms
[3851.728s][info][gc,heap       ] GC(75) Eden regions: 359->0(359)
[3851.728s][info][gc,heap       ] GC(75) Survivor regions: 1->1(45)
[3851.728s][info][gc,heap       ] GC(75) Old regions: 50->50
[3851.728s][info][gc,heap       ] GC(75) Humongous regions: 0->0
[3851.728s][info][gc,metaspace  ] GC(75) Metaspace: 83022K->83022K(1130496K)
[3851.728s][info][gc            ] GC(75) Pause Young (G1 Evacuation Pause) 408M->49M(481M) 1.816ms
[3851.728s][info][gc,cpu        ] GC(75) User=0.00s Sys=0.00s Real=0.00s
[3921.512s][info][gc,start      ] GC(76) Pause Young (G1 Evacuation Pause)
[3921.513s][info][gc,task       ] GC(76) Using 4 workers of 4 for evacuation
[3921.515s][info][gc,phases     ] GC(76)   Pre Evacuate Collection Set: 0.0ms
[3921.515s][info][gc,phases     ] GC(76)   Evacuate Collection Set: 2.3ms
[3921.516s][info][gc,phases     ] GC(76)   Post Evacuate Collection Set: 0.4ms
[3921.516s][info][gc,phases     ] GC(76)   Other: 0.3ms
[3921.516s][info][gc,heap       ] GC(76) Eden regions: 359->0(359)
[3921.516s][info][gc,heap       ] GC(76) Survivor regions: 1->1(45)
[3921.516s][info][gc,heap       ] GC(76) Old regions: 50->50
[3921.516s][info][gc,heap       ] GC(76) Humongous regions: 0->0
[3921.516s][info][gc,metaspace  ] GC(76) Metaspace: 83022K->83022K(1130496K)
[3921.516s][info][gc            ] GC(76) Pause Young (G1 Evacuation Pause) 408M->49M(481M) 3.134ms
[3921.516s][info][gc,cpu        ] GC(76) User=0.00s Sys=0.00s Real=0.01s
[3991.412s][info][gc,start      ] GC(77) Pause Young (G1 Evacuation Pause)
[3991.412s][info][gc,task       ] GC(77) Using 4 workers of 4 for evacuation
[3991.415s][info][gc,phases     ] GC(77)   Pre Evacuate Collection Set: 0.0ms
[3991.415s][info][gc,phases     ] GC(77)   Evacuate Collection Set: 2.0ms
[3991.415s][info][gc,phases     ] GC(77)   Post Evacuate Collection Set: 0.4ms
[3991.415s][info][gc,phases     ] GC(77)   Other: 0.3ms
[3991.415s][info][gc,heap       ] GC(77) Eden regions: 359->0(359)
[3991.415s][info][gc,heap       ] GC(77) Survivor regions: 1->1(45)
[3991.415s][info][gc,heap       ] GC(77) Old regions: 50->50
[3991.415s][info][gc,heap       ] GC(77) Humongous regions: 0->0
[3991.415s][info][gc,metaspace  ] GC(77) Metaspace: 83022K->83022K(1130496K)
[3991.415s][info][gc            ] GC(77) Pause Young (G1 Evacuation Pause) 408M->49M(481M) 2.829ms
[3991.415s][info][gc,cpu        ] GC(77) User=0.01s Sys=0.00s Real=0.01s
[4061.369s][info][gc,start      ] GC(78) Pause Young (G1 Evacuation Pause)
[4061.369s][info][gc,task       ] GC(78) Using 4 workers of 4 for evacuation
[4061.372s][info][gc,phases     ] GC(78)   Pre Evacuate Collection Set: 0.0ms
[4061.372s][info][gc,phases     ] GC(78)   Evacuate Collection Set: 2.5ms
[4061.372s][info][gc,phases     ] GC(78)   Post Evacuate Collection Set: 0.4ms
[4061.372s][info][gc,phases     ] GC(78)   Other: 0.3ms
[4061.372s][info][gc,heap       ] GC(78) Eden regions: 359->0(359)
[4061.372s][info][gc,heap       ] GC(78) Survivor regions: 1->1(45)
[4061.372s][info][gc,heap       ] GC(78) Old regions: 50->50
[4061.372s][info][gc,heap       ] GC(78) Humongous regions: 0->0
[4061.372s][info][gc,metaspace  ] GC(78) Metaspace: 83022K->83022K(1130496K)
[4061.372s][info][gc            ] GC(78) Pause Young (G1 Evacuation Pause) 408M->49M(481M) 3.411ms
[4061.372s][info][gc,cpu        ] GC(78) User=0.01s Sys=0.00s Real=0.00s
[4131.268s][info][gc,start      ] GC(79) Pause Young (G1 Evacuation Pause)
[4131.268s][info][gc,task       ] GC(79) Using 4 workers of 4 for evacuation
[4131.271s][info][gc,phases     ] GC(79)   Pre Evacuate Collection Set: 0.0ms
[4131.271s][info][gc,phases     ] GC(79)   Evacuate Collection Set: 2.5ms
[4131.271s][info][gc,phases     ] GC(79)   Post Evacuate Collection Set: 0.4ms
[4131.271s][info][gc,phases     ] GC(79)   Other: 0.3ms
[4131.271s][info][gc,heap       ] GC(79) Eden regions: 359->0(359)
[4131.271s][info][gc,heap       ] GC(79) Survivor regions: 1->1(45)
[4131.271s][info][gc,heap       ] GC(79) Old regions: 50->50
[4131.271s][info][gc,heap       ] GC(79) Humongous regions: 0->0
[4131.271s][info][gc,metaspace  ] GC(79) Metaspace: 83026K->83026K(1130496K)
[4131.271s][info][gc            ] GC(79) Pause Young (G1 Evacuation Pause) 408M->49M(481M) 3.375ms
[4131.271s][info][gc,cpu        ] GC(79) User=0.01s Sys=0.00s Real=0.00s
[4201.286s][info][gc,start      ] GC(80) Pause Young (G1 Evacuation Pause)
[4201.286s][info][gc,task       ] GC(80) Using 4 workers of 4 for evacuation
[4201.288s][info][gc,phases     ] GC(80)   Pre Evacuate Collection Set: 0.0ms
[4201.288s][info][gc,phases     ] GC(80)   Evacuate Collection Set: 1.9ms
[4201.288s][info][gc,phases     ] GC(80)   Post Evacuate Collection Set: 0.4ms
[4201.288s][info][gc,phases     ] GC(80)   Other: 0.3ms
[4201.288s][info][gc,heap       ] GC(80) Eden regions: 359->0(359)
[4201.288s][info][gc,heap       ] GC(80) Survivor regions: 1->1(45)
[4201.288s][info][gc,heap       ] GC(80) Old regions: 50->50
[4201.288s][info][gc,heap       ] GC(80) Humongous regions: 0->0
[4201.288s][info][gc,metaspace  ] GC(80) Metaspace: 83026K->83026K(1130496K)
[4201.289s][info][gc            ] GC(80) Pause Young (G1 Evacuation Pause) 408M->49M(481M) 2.814ms
[4201.289s][info][gc,cpu        ] GC(80) User=0.01s Sys=0.00s Real=0.00s
[4271.298s][info][gc,start      ] GC(81) Pause Young (G1 Evacuation Pause)
[4271.298s][info][gc,task       ] GC(81) Using 4 workers of 4 for evacuation
[4271.301s][info][gc,phases     ] GC(81)   Pre Evacuate Collection Set: 0.0ms
[4271.301s][info][gc,phases     ] GC(81)   Evacuate Collection Set: 1.9ms
[4271.301s][info][gc,phases     ] GC(81)   Post Evacuate Collection Set: 0.5ms
[4271.301s][info][gc,phases     ] GC(81)   Other: 0.3ms
[4271.301s][info][gc,heap       ] GC(81) Eden regions: 359->0(359)
[4271.301s][info][gc,heap       ] GC(81) Survivor regions: 1->1(45)
[4271.301s][info][gc,heap       ] GC(81) Old regions: 50->50
[4271.301s][info][gc,heap       ] GC(81) Humongous regions: 0->0
[4271.301s][info][gc,metaspace  ] GC(81) Metaspace: 83026K->83026K(1130496K)
[4271.301s][info][gc            ] GC(81) Pause Young (G1 Evacuation Pause) 408M->49M(481M) 2.822ms
[4271.301s][info][gc,cpu        ] GC(81) User=0.01s Sys=0.00s Real=0.00s
[4341.205s][info][gc,start      ] GC(82) Pause Young (G1 Evacuation Pause)
[4341.205s][info][gc,task       ] GC(82) Using 4 workers of 4 for evacuation
[4341.208s][info][gc,phases     ] GC(82)   Pre Evacuate Collection Set: 0.0ms
[4341.208s][info][gc,phases     ] GC(82)   Evacuate Collection Set: 2.6ms
[4341.208s][info][gc,phases     ] GC(82)   Post Evacuate Collection Set: 0.4ms
[4341.208s][info][gc,phases     ] GC(82)   Other: 0.3ms
[4341.208s][info][gc,heap       ] GC(82) Eden regions: 359->0(359)
[4341.208s][info][gc,heap       ] GC(82) Survivor regions: 1->1(45)
[4341.208s][info][gc,heap       ] GC(82) Old regions: 50->50
[4341.208s][info][gc,heap       ] GC(82) Humongous regions: 0->0
[4341.208s][info][gc,metaspace  ] GC(82) Metaspace: 83027K->83027K(1130496K)
[4341.208s][info][gc            ] GC(82) Pause Young (G1 Evacuation Pause) 408M->49M(481M) 3.461ms
[4341.208s][info][gc,cpu        ] GC(82) User=0.01s Sys=0.00s Real=0.00s
[4411.125s][info][gc,start      ] GC(83) Pause Young (G1 Evacuation Pause)
[4411.125s][info][gc,task       ] GC(83) Using 4 workers of 4 for evacuation
[4411.127s][info][gc,phases     ] GC(83)   Pre Evacuate Collection Set: 0.0ms
[4411.127s][info][gc,phases     ] GC(83)   Evacuate Collection Set: 2.0ms
[4411.127s][info][gc,phases     ] GC(83)   Post Evacuate Collection Set: 0.4ms
[4411.127s][info][gc,phases     ] GC(83)   Other: 0.3ms
[4411.127s][info][gc,heap       ] GC(83) Eden regions: 359->0(359)
[4411.127s][info][gc,heap       ] GC(83) Survivor regions: 1->1(45)
[4411.127s][info][gc,heap       ] GC(83) Old regions: 50->50
[4411.127s][info][gc,heap       ] GC(83) Humongous regions: 0->0
[4411.127s][info][gc,metaspace  ] GC(83) Metaspace: 83027K->83027K(1130496K)
[4411.127s][info][gc            ] GC(83) Pause Young (G1 Evacuation Pause) 408M->49M(481M) 2.837ms
[4411.127s][info][gc,cpu        ] GC(83) User=0.00s Sys=0.00s Real=0.00s
[4481.109s][info][gc,start      ] GC(84) Pause Young (G1 Evacuation Pause)
[4481.109s][info][gc,task       ] GC(84) Using 4 workers of 4 for evacuation
[4481.111s][info][gc,phases     ] GC(84)   Pre Evacuate Collection Set: 0.0ms
[4481.112s][info][gc,phases     ] GC(84)   Evacuate Collection Set: 2.0ms
[4481.112s][info][gc,phases     ] GC(84)   Post Evacuate Collection Set: 0.4ms
[4481.112s][info][gc,phases     ] GC(84)   Other: 0.3ms
[4481.112s][info][gc,heap       ] GC(84) Eden regions: 359->0(359)
[4481.112s][info][gc,heap       ] GC(84) Survivor regions: 1->1(45)
[4481.112s][info][gc,heap       ] GC(84) Old regions: 50->50
[4481.112s][info][gc,heap       ] GC(84) Humongous regions: 0->0
[4481.112s][info][gc,metaspace  ] GC(84) Metaspace: 83027K->83027K(1130496K)
[4481.112s][info][gc            ] GC(84) Pause Young (G1 Evacuation Pause) 408M->49M(481M) 2.885ms
[4481.112s][info][gc,cpu        ] GC(84) User=0.00s Sys=0.00s Real=0.00s
[4551.061s][info][gc,start      ] GC(85) Pause Young (G1 Evacuation Pause)
[4551.061s][info][gc,task       ] GC(85) Using 4 workers of 4 for evacuation
[4551.064s][info][gc,phases     ] GC(85)   Pre Evacuate Collection Set: 0.0ms
[4551.064s][info][gc,phases     ] GC(85)   Evacuate Collection Set: 1.9ms
[4551.064s][info][gc,phases     ] GC(85)   Post Evacuate Collection Set: 0.5ms
[4551.064s][info][gc,phases     ] GC(85)   Other: 0.3ms
[4551.064s][info][gc,heap       ] GC(85) Eden regions: 359->0(359)
[4551.064s][info][gc,heap       ] GC(85) Survivor regions: 1->1(45)
[4551.064s][info][gc,heap       ] GC(85) Old regions: 50->50
[4551.064s][info][gc,heap       ] GC(85) Humongous regions: 0->0
[4551.064s][info][gc,metaspace  ] GC(85) Metaspace: 83027K->83027K(1130496K)
[4551.064s][info][gc            ] GC(85) Pause Young (G1 Evacuation Pause) 408M->50M(481M) 2.871ms
[4551.064s][info][gc,cpu        ] GC(85) User=0.01s Sys=0.00s Real=0.00s
[4620.849s][info][gc,start      ] GC(86) Pause Young (G1 Evacuation Pause)
[4620.849s][info][gc,task       ] GC(86) Using 4 workers of 4 for evacuation
[4620.851s][info][gc,phases     ] GC(86)   Pre Evacuate Collection Set: 0.0ms
[4620.851s][info][gc,phases     ] GC(86)   Evacuate Collection Set: 1.7ms
[4620.851s][info][gc,phases     ] GC(86)   Post Evacuate Collection Set: 0.4ms
[4620.851s][info][gc,phases     ] GC(86)   Other: 0.3ms
[4620.851s][info][gc,heap       ] GC(86) Eden regions: 359->0(359)
[4620.851s][info][gc,heap       ] GC(86) Survivor regions: 1->1(45)
[4620.851s][info][gc,heap       ] GC(86) Old regions: 50->50
[4620.851s][info][gc,heap       ] GC(86) Humongous regions: 0->0
[4620.852s][info][gc,metaspace  ] GC(86) Metaspace: 83027K->83027K(1130496K)
[4620.852s][info][gc            ] GC(86) Pause Young (G1 Evacuation Pause) 409M->50M(481M) 2.446ms
[4620.852s][info][gc,cpu        ] GC(86) User=0.00s Sys=0.00s Real=0.00s
[4690.739s][info][gc,start      ] GC(87) Pause Young (G1 Evacuation Pause)
[4690.739s][info][gc,task       ] GC(87) Using 4 workers of 4 for evacuation
[4690.744s][info][gc,phases     ] GC(87)   Pre Evacuate Collection Set: 0.0ms
[4690.744s][info][gc,phases     ] GC(87)   Evacuate Collection Set: 3.9ms
[4690.744s][info][gc,phases     ] GC(87)   Post Evacuate Collection Set: 0.3ms
[4690.744s][info][gc,phases     ] GC(87)   Other: 0.2ms
[4690.744s][info][gc,heap       ] GC(87) Eden regions: 359->0(359)
[4690.744s][info][gc,heap       ] GC(87) Survivor regions: 1->1(45)
[4690.744s][info][gc,heap       ] GC(87) Old regions: 50->50
[4690.744s][info][gc,heap       ] GC(87) Humongous regions: 0->0
[4690.744s][info][gc,metaspace  ] GC(87) Metaspace: 83027K->83027K(1130496K)
[4690.744s][info][gc            ] GC(87) Pause Young (G1 Evacuation Pause) 409M->50M(481M) 4.566ms
[4690.744s][info][gc,cpu        ] GC(87) User=0.00s Sys=0.00s Real=0.00s
[4713.819s][info][gc,heap,exit  ] Heap
[4713.819s][info][gc,heap,exit  ]  garbage-first heap   total 492544K, used 188456K [0x0000000640000000, 0x0000000640100f08, 0x00000007c0000000)
[4713.819s][info][gc,heap,exit  ]   region size 1024K, 136 young (139264K), 1 survivors (1024K)
[4713.819s][info][gc,heap,exit  ]  Metaspace       used 83975K, capacity 92256K, committed 92372K, reserved 1130496K
[4713.819s][info][gc,heap,exit  ]   class space    used 10245K, capacity 10948K, committed 11004K, reserved 1048576K
