[0.005s][info][gc,heap] Heap region size: 1M
[0.009s][info][gc     ] Using G1
[0.009s][info][gc,heap,coops] Heap address: 0x0000000640000000, size: 6144 MB, Compressed Oops mode: Zero based, Oop shift amount: 3
[0.353s][info][gc,start     ] GC(0) Pause Young (G1 Evacuation Pause)
[0.353s][info][gc,task      ] GC(0) Using 4 workers of 4 for evacuation
[0.356s][info][gc,phases    ] GC(0)   Pre Evacuate Collection Set: 0.0ms
[0.356s][info][gc,phases    ] GC(0)   Evacuate Collection Set: 1.7ms
[0.356s][info][gc,phases    ] GC(0)   Post Evacuate Collection Set: 0.8ms
[0.356s][info][gc,phases    ] GC(0)   Other: 0.1ms
[0.356s][info][gc,heap      ] GC(0) Eden regions: 14->0(37)
[0.356s][info][gc,heap      ] GC(0) Survivor regions: 0->2(2)
[0.356s][info][gc,heap      ] GC(0) Old regions: 0->4
[0.356s][info][gc,heap      ] GC(0) Humongous regions: 0->0
[0.356s][info][gc,metaspace ] GC(0) Metaspace: 8134K->8134K(1056768K)
[0.356s][info][gc           ] GC(0) Pause Young (G1 Evacuation Pause) 14M->5M(122M) 2.758ms
[0.356s][info][gc,cpu       ] GC(0) User=0.01s Sys=0.00s Real=0.00s
[0.965s][info][gc,start     ] GC(1) Pause Young (G1 Evacuation Pause)
[0.965s][info][gc,task      ] GC(1) Using 4 workers of 4 for evacuation
[0.971s][info][gc,phases    ] GC(1)   Pre Evacuate Collection Set: 0.0ms
[0.972s][info][gc,phases    ] GC(1)   Evacuate Collection Set: 3.9ms
[0.972s][info][gc,phases    ] GC(1)   Post Evacuate Collection Set: 2.4ms
[0.972s][info][gc,phases    ] GC(1)   Other: 0.2ms
[0.972s][info][gc,heap      ] GC(1) Eden regions: 37->0(30)
[0.972s][info][gc,heap      ] GC(1) Survivor regions: 2->5(5)
[0.972s][info][gc,heap      ] GC(1) Old regions: 4->10
[0.972s][info][gc,heap      ] GC(1) Humongous regions: 0->0
[0.972s][info][gc,metaspace ] GC(1) Metaspace: 14854K->14854K(1062912K)
[0.972s][info][gc           ] GC(1) Pause Young (G1 Evacuation Pause) 42M->14M(122M) 6.590ms
[0.972s][info][gc,cpu       ] GC(1) User=0.02s Sys=0.01s Real=0.01s
[1.243s][info][gc,start     ] GC(2) Pause Young (G1 Evacuation Pause)
[1.243s][info][gc,task      ] GC(2) Using 4 workers of 4 for evacuation
[1.248s][info][gc,phases    ] GC(2)   Pre Evacuate Collection Set: 0.0ms
[1.248s][info][gc,phases    ] GC(2)   Evacuate Collection Set: 3.6ms
[1.248s][info][gc,phases    ] GC(2)   Post Evacuate Collection Set: 1.0ms
[1.248s][info][gc,phases    ] GC(2)   Other: 0.1ms
[1.248s][info][gc,heap      ] GC(2) Eden regions: 16->0(29)
[1.248s][info][gc,heap      ] GC(2) Survivor regions: 5->3(3)
[1.248s][info][gc,heap      ] GC(2) Old regions: 10->15
[1.248s][info][gc,heap      ] GC(2) Humongous regions: 0->0
[1.248s][info][gc,metaspace ] GC(2) Metaspace: 19886K->19886K(1067008K)
[1.248s][info][gc           ] GC(2) Pause Young (G1 Evacuation Pause) 30M->18M(122M) 4.820ms
[1.248s][info][gc,cpu       ] GC(2) User=0.01s Sys=0.00s Real=0.00s
[1.261s][info][gc,start     ] GC(3) Pause Initial Mark (Metadata GC Threshold)
[1.261s][info][gc,task      ] GC(3) Using 4 workers of 4 for evacuation
[1.267s][info][gc,phases    ] GC(3)   Pre Evacuate Collection Set: 0.0ms
[1.267s][info][gc,phases    ] GC(3)   Evacuate Collection Set: 1.4ms
[1.267s][info][gc,phases    ] GC(3)   Post Evacuate Collection Set: 3.9ms
[1.267s][info][gc,phases    ] GC(3)   Other: 0.1ms
[1.267s][info][gc,heap      ] GC(3) Eden regions: 3->0(47)
[1.267s][info][gc,heap      ] GC(3) Survivor regions: 3->1(4)
[1.267s][info][gc,heap      ] GC(3) Old regions: 15->17
[1.267s][info][gc,heap      ] GC(3) Humongous regions: 0->0
[1.267s][info][gc,metaspace ] GC(3) Metaspace: 20271K->20271K(1069056K)
[1.267s][info][gc           ] GC(3) Pause Initial Mark (Metadata GC Threshold) 20M->17M(366M) 5.552ms
[1.267s][info][gc,cpu       ] GC(3) User=0.00s Sys=0.00s Real=0.00s
[1.267s][info][gc           ] GC(4) Concurrent Cycle
[1.267s][info][gc,marking   ] GC(4) Concurrent Clear Claimed Marks
[1.267s][info][gc,marking   ] GC(4) Concurrent Clear Claimed Marks 0.054ms
[1.267s][info][gc,marking   ] GC(4) Concurrent Scan Root Regions
[1.267s][info][gc,marking   ] GC(4) Concurrent Scan Root Regions 0.403ms
[1.267s][info][gc,marking   ] GC(4) Concurrent Mark (1.267s)
[1.267s][info][gc,marking   ] GC(4) Concurrent Mark From Roots
[1.267s][info][gc,task      ] GC(4) Using 1 workers of 1 for marking
[1.274s][info][gc,marking   ] GC(4) Concurrent Mark From Roots 6.370ms
[1.274s][info][gc,marking   ] GC(4) Concurrent Mark (1.267s, 1.274s) 6.424ms
[1.274s][info][gc,start     ] GC(4) Pause Remark
[1.276s][info][gc,stringtable] GC(4) Cleaned string and symbol table, strings: 6123 processed, 17 removed, symbols: 58574 processed, 26 removed
[1.276s][info][gc            ] GC(4) Pause Remark 18M->18M(366M) 2.557ms
[1.276s][info][gc,cpu        ] GC(4) User=0.01s Sys=0.00s Real=0.00s
[1.276s][info][gc,marking    ] GC(4) Concurrent Create Live Data
[1.278s][info][gc,marking    ] GC(4) Concurrent Create Live Data 1.878ms
[1.278s][info][gc,start      ] GC(4) Pause Cleanup
[1.279s][info][gc            ] GC(4) Pause Cleanup 18M->14M(366M) 0.215ms
[1.279s][info][gc,cpu        ] GC(4) User=0.01s Sys=0.00s Real=0.00s
[1.279s][info][gc,marking    ] GC(4) Concurrent Complete Cleanup
[1.279s][info][gc,marking    ] GC(4) Concurrent Complete Cleanup 0.019ms
[1.279s][info][gc,marking    ] GC(4) Concurrent Cleanup for Next Mark
[1.280s][info][gc,marking    ] GC(4) Concurrent Cleanup for Next Mark 1.200ms
[1.280s][info][gc            ] GC(4) Concurrent Cycle 13.152ms
[1.705s][info][gc,start      ] GC(5) Pause Young (G1 Evacuation Pause)
[1.705s][info][gc,task       ] GC(5) Using 4 workers of 4 for evacuation
[1.710s][info][gc,phases     ] GC(5)   Pre Evacuate Collection Set: 0.0ms
[1.710s][info][gc,phases     ] GC(5)   Evacuate Collection Set: 2.5ms
[1.710s][info][gc,phases     ] GC(5)   Post Evacuate Collection Set: 2.6ms
[1.710s][info][gc,phases     ] GC(5)   Other: 0.1ms
[1.710s][info][gc,heap       ] GC(5) Eden regions: 47->0(87)
[1.710s][info][gc,heap       ] GC(5) Survivor regions: 1->6(6)
[1.710s][info][gc,heap       ] GC(5) Old regions: 13->13
[1.710s][info][gc,heap       ] GC(5) Humongous regions: 0->0
[1.710s][info][gc,metaspace  ] GC(5) Metaspace: 26909K->26909K(1075200K)
[1.710s][info][gc            ] GC(5) Pause Young (G1 Evacuation Pause) 60M->18M(366M) 5.301ms
[1.710s][info][gc,cpu        ] GC(5) User=0.01s Sys=0.00s Real=0.01s
[2.060s][info][gc,start      ] GC(6) Pause Initial Mark (Metadata GC Threshold)
[2.060s][info][gc,task       ] GC(6) Using 4 workers of 4 for evacuation
[2.064s][info][gc,phases     ] GC(6)   Pre Evacuate Collection Set: 0.0ms
[2.064s][info][gc,phases     ] GC(6)   Evacuate Collection Set: 3.2ms
[2.064s][info][gc,phases     ] GC(6)   Post Evacuate Collection Set: 1.4ms
[2.064s][info][gc,phases     ] GC(6)   Other: 0.1ms
[2.064s][info][gc,heap       ] GC(6) Eden regions: 31->0(163)
[2.064s][info][gc,heap       ] GC(6) Survivor regions: 6->7(12)
[2.064s][info][gc,heap       ] GC(6) Old regions: 13->13
[2.064s][info][gc,heap       ] GC(6) Humongous regions: 0->0
[2.064s][info][gc,metaspace  ] GC(6) Metaspace: 33059K->33059K(1081344K)
[2.065s][info][gc            ] GC(6) Pause Initial Mark (Metadata GC Threshold) 49M->19M(366M) 4.818ms
[2.065s][info][gc,cpu        ] GC(6) User=0.01s Sys=0.00s Real=0.01s
[2.065s][info][gc            ] GC(7) Concurrent Cycle
[2.065s][info][gc,marking    ] GC(7) Concurrent Clear Claimed Marks
[2.065s][info][gc,marking    ] GC(7) Concurrent Clear Claimed Marks 0.096ms
[2.065s][info][gc,marking    ] GC(7) Concurrent Scan Root Regions
[2.067s][info][gc,marking    ] GC(7) Concurrent Scan Root Regions 2.394ms
[2.067s][info][gc,marking    ] GC(7) Concurrent Mark (2.067s)
[2.067s][info][gc,marking    ] GC(7) Concurrent Mark From Roots
[2.067s][info][gc,task       ] GC(7) Using 1 workers of 1 for marking
[2.073s][info][gc,marking    ] GC(7) Concurrent Mark From Roots 6.301ms
[2.073s][info][gc,marking    ] GC(7) Concurrent Mark (2.067s, 2.073s) 6.340ms
[2.074s][info][gc,start      ] GC(7) Pause Remark
[2.078s][info][gc,stringtable] GC(7) Cleaned string and symbol table, strings: 9381 processed, 6 removed, symbols: 95466 processed, 16 removed
[2.078s][info][gc            ] GC(7) Pause Remark 21M->21M(366M) 4.414ms
[2.078s][info][gc,cpu        ] GC(7) User=0.02s Sys=0.00s Real=0.00s
[2.078s][info][gc,marking    ] GC(7) Concurrent Create Live Data
[2.080s][info][gc,marking    ] GC(7) Concurrent Create Live Data 1.883ms
[2.080s][info][gc,start      ] GC(7) Pause Cleanup
[2.080s][info][gc            ] GC(7) Pause Cleanup 22M->22M(366M) 0.235ms
[2.080s][info][gc,cpu        ] GC(7) User=0.00s Sys=0.00s Real=0.00s
[2.080s][info][gc,marking    ] GC(7) Concurrent Cleanup for Next Mark
[2.081s][info][gc,marking    ] GC(7) Concurrent Cleanup for Next Mark 0.911ms
[2.081s][info][gc            ] GC(7) Concurrent Cycle 16.679ms
[3.159s][info][gc,start      ] GC(8) Pause Initial Mark (Metadata GC Threshold)
[3.159s][info][gc,task       ] GC(8) Using 4 workers of 4 for evacuation
[3.183s][info][gc,phases     ] GC(8)   Pre Evacuate Collection Set: 0.0ms
[3.183s][info][gc,phases     ] GC(8)   Evacuate Collection Set: 15.6ms
[3.183s][info][gc,phases     ] GC(8)   Post Evacuate Collection Set: 7.9ms
[3.183s][info][gc,phases     ] GC(8)   Other: 0.2ms
[3.183s][info][gc,heap       ] GC(8) Eden regions: 146->0(206)
[3.183s][info][gc,heap       ] GC(8) Survivor regions: 7->22(22)
[3.183s][info][gc,heap       ] GC(8) Old regions: 13->14
[3.183s][info][gc,heap       ] GC(8) Humongous regions: 0->0
[3.183s][info][gc,metaspace  ] GC(8) Metaspace: 55926K->55926K(1101824K)
[3.183s][info][gc            ] GC(8) Pause Initial Mark (Metadata GC Threshold) 165M->35M(366M) 23.736ms
[3.183s][info][gc,cpu        ] GC(8) User=0.08s Sys=0.01s Real=0.03s
[3.183s][info][gc            ] GC(9) Concurrent Cycle
[3.183s][info][gc,marking    ] GC(9) Concurrent Clear Claimed Marks
[3.183s][info][gc,marking    ] GC(9) Concurrent Clear Claimed Marks 0.147ms
[3.183s][info][gc,marking    ] GC(9) Concurrent Scan Root Regions
[3.192s][info][gc,marking    ] GC(9) Concurrent Scan Root Regions 8.842ms
[3.192s][info][gc,marking    ] GC(9) Concurrent Mark (3.192s)
[3.192s][info][gc,marking    ] GC(9) Concurrent Mark From Roots
[3.192s][info][gc,task       ] GC(9) Using 1 workers of 1 for marking
[3.198s][info][gc,marking    ] GC(9) Concurrent Mark From Roots 6.571ms
[3.198s][info][gc,marking    ] GC(9) Concurrent Mark (3.192s, 3.198s) 6.606ms
[3.200s][info][gc,start      ] GC(9) Pause Remark
[3.208s][info][gc,stringtable] GC(9) Cleaned string and symbol table, strings: 17596 processed, 0 removed, symbols: 156081 processed, 74 removed
[3.208s][info][gc            ] GC(9) Pause Remark 37M->37M(366M) 8.017ms
[3.208s][info][gc,cpu        ] GC(9) User=0.03s Sys=0.00s Real=0.00s
[3.208s][info][gc,marking    ] GC(9) Concurrent Create Live Data
[3.210s][info][gc,marking    ] GC(9) Concurrent Create Live Data 2.430ms
[3.211s][info][gc,start      ] GC(9) Pause Cleanup
[3.211s][info][gc            ] GC(9) Pause Cleanup 38M->38M(366M) 0.271ms
[3.211s][info][gc,cpu        ] GC(9) User=0.00s Sys=0.00s Real=0.00s
[3.211s][info][gc,marking    ] GC(9) Concurrent Cleanup for Next Mark
[3.212s][info][gc,marking    ] GC(9) Concurrent Cleanup for Next Mark 0.968ms
[3.212s][info][gc            ] GC(9) Concurrent Cycle 29.340ms
[51.135s][info][gc,start      ] GC(10) Pause Young (G1 Evacuation Pause)
[51.135s][info][gc,task       ] GC(10) Using 4 workers of 4 for evacuation
[51.157s][info][gc,phases     ] GC(10)   Pre Evacuate Collection Set: 0.0ms
[51.157s][info][gc,phases     ] GC(10)   Evacuate Collection Set: 14.4ms
[51.157s][info][gc,phases     ] GC(10)   Post Evacuate Collection Set: 7.9ms
[51.157s][info][gc,phases     ] GC(10)   Other: 0.3ms
[51.157s][info][gc,heap       ] GC(10) Eden regions: 206->0(267)
[51.157s][info][gc,heap       ] GC(10) Survivor regions: 22->20(29)
[51.157s][info][gc,heap       ] GC(10) Old regions: 14->22
[51.157s][info][gc,heap       ] GC(10) Humongous regions: 0->0
[51.157s][info][gc,metaspace  ] GC(10) Metaspace: 81467K->81467K(1128448K)
[51.157s][info][gc            ] GC(10) Pause Young (G1 Evacuation Pause) 241M->41M(455M) 22.648ms
[51.157s][info][gc,cpu        ] GC(10) User=0.06s Sys=0.00s Real=0.02s
[85.445s][info][gc,start      ] GC(11) Pause Young (G1 Evacuation Pause)
[85.445s][info][gc,task       ] GC(11) Using 4 workers of 4 for evacuation
[85.457s][info][gc,phases     ] GC(11)   Pre Evacuate Collection Set: 0.0ms
[85.457s][info][gc,phases     ] GC(11)   Evacuate Collection Set: 11.5ms
[85.457s][info][gc,phases     ] GC(11)   Post Evacuate Collection Set: 0.6ms
[85.457s][info][gc,phases     ] GC(11)   Other: 0.2ms
[85.457s][info][gc,heap       ] GC(11) Eden regions: 267->0(311)
[85.457s][info][gc,heap       ] GC(11) Survivor regions: 20->2(36)
[85.457s][info][gc,heap       ] GC(11) Old regions: 22->30
[85.457s][info][gc,heap       ] GC(11) Humongous regions: 0->0
[85.457s][info][gc,metaspace  ] GC(11) Metaspace: 82180K->82180K(1128448K)
[85.457s][info][gc            ] GC(11) Pause Young (G1 Evacuation Pause) 308M->31M(455M) 12.343ms
[85.457s][info][gc,cpu        ] GC(11) User=0.03s Sys=0.00s Real=0.01s
[123.909s][info][gc,start      ] GC(12) Pause Young (G1 Evacuation Pause)
[123.909s][info][gc,task       ] GC(12) Using 4 workers of 4 for evacuation
[123.914s][info][gc,phases     ] GC(12)   Pre Evacuate Collection Set: 0.0ms
[123.914s][info][gc,phases     ] GC(12)   Evacuate Collection Set: 5.0ms
[123.914s][info][gc,phases     ] GC(12)   Post Evacuate Collection Set: 0.4ms
[123.914s][info][gc,phases     ] GC(12)   Other: 0.2ms
[123.914s][info][gc,heap       ] GC(12) Eden regions: 311->0(316)
[123.914s][info][gc,heap       ] GC(12) Survivor regions: 2->2(40)
[123.914s][info][gc,heap       ] GC(12) Old regions: 30->30
[123.914s][info][gc,heap       ] GC(12) Humongous regions: 0->0
[123.914s][info][gc,metaspace  ] GC(12) Metaspace: 82296K->82296K(1128448K)
[123.914s][info][gc            ] GC(12) Pause Young (G1 Evacuation Pause) 342M->31M(455M) 5.683ms
[123.914s][info][gc,cpu        ] GC(12) User=0.02s Sys=0.00s Real=0.01s
[163.332s][info][gc,start      ] GC(13) Pause Young (G1 Evacuation Pause)
[163.332s][info][gc,task       ] GC(13) Using 4 workers of 4 for evacuation
[163.339s][info][gc,phases     ] GC(13)   Pre Evacuate Collection Set: 0.0ms
[163.339s][info][gc,phases     ] GC(13)   Evacuate Collection Set: 6.4ms
[163.339s][info][gc,phases     ] GC(13)   Post Evacuate Collection Set: 0.4ms
[163.339s][info][gc,phases     ] GC(13)   Other: 0.3ms
[163.339s][info][gc,heap       ] GC(13) Eden regions: 316->0(328)
[163.339s][info][gc,heap       ] GC(13) Survivor regions: 2->2(40)
[163.339s][info][gc,heap       ] GC(13) Old regions: 30->30
[163.339s][info][gc,heap       ] GC(13) Humongous regions: 0->0
[163.339s][info][gc,metaspace  ] GC(13) Metaspace: 82356K->82356K(1128448K)
[163.339s][info][gc            ] GC(13) Pause Young (G1 Evacuation Pause) 347M->31M(455M) 7.157ms
[163.339s][info][gc,cpu        ] GC(13) User=0.03s Sys=0.00s Real=0.00s
[204.562s][info][gc,start      ] GC(14) Pause Young (G1 Evacuation Pause)
[204.562s][info][gc,task       ] GC(14) Using 4 workers of 4 for evacuation
[204.570s][info][gc,phases     ] GC(14)   Pre Evacuate Collection Set: 0.0ms
[204.570s][info][gc,phases     ] GC(14)   Evacuate Collection Set: 7.4ms
[204.570s][info][gc,phases     ] GC(14)   Post Evacuate Collection Set: 0.4ms
[204.570s][info][gc,phases     ] GC(14)   Other: 0.2ms
[204.570s][info][gc,heap       ] GC(14) Eden regions: 328->0(333)
[204.570s][info][gc,heap       ] GC(14) Survivor regions: 2->3(42)
[204.570s][info][gc,heap       ] GC(14) Old regions: 30->30
[204.570s][info][gc,heap       ] GC(14) Humongous regions: 0->0
[204.570s][info][gc,metaspace  ] GC(14) Metaspace: 82414K->82414K(1128448K)
[204.570s][info][gc            ] GC(14) Pause Young (G1 Evacuation Pause) 359M->31M(455M) 8.103ms
[204.570s][info][gc,cpu        ] GC(14) User=0.02s Sys=0.00s Real=0.01s
[246.498s][info][gc,start      ] GC(15) Pause Young (G1 Evacuation Pause)
[246.498s][info][gc,task       ] GC(15) Using 4 workers of 4 for evacuation
[246.506s][info][gc,phases     ] GC(15)   Pre Evacuate Collection Set: 0.0ms
[246.506s][info][gc,phases     ] GC(15)   Evacuate Collection Set: 7.6ms
[246.506s][info][gc,phases     ] GC(15)   Post Evacuate Collection Set: 0.4ms
[246.506s][info][gc,phases     ] GC(15)   Other: 0.2ms
[246.506s][info][gc,heap       ] GC(15) Eden regions: 333->0(337)
[246.506s][info][gc,heap       ] GC(15) Survivor regions: 3->4(42)
[246.506s][info][gc,heap       ] GC(15) Old regions: 30->30
[246.506s][info][gc,heap       ] GC(15) Humongous regions: 0->0
[246.506s][info][gc,metaspace  ] GC(15) Metaspace: 82445K->82445K(1128448K)
[246.506s][info][gc            ] GC(15) Pause Young (G1 Evacuation Pause) 364M->32M(455M) 8.254ms
[246.506s][info][gc,cpu        ] GC(15) User=0.03s Sys=0.00s Real=0.01s
[289.060s][info][gc,start      ] GC(16) Pause Young (G1 Evacuation Pause)
[289.060s][info][gc,task       ] GC(16) Using 4 workers of 4 for evacuation
[289.072s][info][gc,phases     ] GC(16)   Pre Evacuate Collection Set: 0.0ms
[289.072s][info][gc,phases     ] GC(16)   Evacuate Collection Set: 11.5ms
[289.072s][info][gc,phases     ] GC(16)   Post Evacuate Collection Set: 0.5ms
[289.072s][info][gc,phases     ] GC(16)   Other: 0.2ms
[289.072s][info][gc,heap       ] GC(16) Eden regions: 337->0(337)
[289.072s][info][gc,heap       ] GC(16) Survivor regions: 4->4(43)
[289.072s][info][gc,heap       ] GC(16) Old regions: 30->30
[289.072s][info][gc,heap       ] GC(16) Humongous regions: 0->0
[289.072s][info][gc,metaspace  ] GC(16) Metaspace: 82504K->82504K(1128448K)
[289.072s][info][gc            ] GC(16) Pause Young (G1 Evacuation Pause) 369M->33M(455M) 12.346ms
[289.072s][info][gc,cpu        ] GC(16) User=0.04s Sys=0.00s Real=0.01s
[331.562s][info][gc,start      ] GC(17) Pause Young (G1 Evacuation Pause)
[331.562s][info][gc,task       ] GC(17) Using 4 workers of 4 for evacuation
[331.573s][info][gc,phases     ] GC(17)   Pre Evacuate Collection Set: 0.0ms
[331.573s][info][gc,phases     ] GC(17)   Evacuate Collection Set: 11.0ms
[331.573s][info][gc,phases     ] GC(17)   Post Evacuate Collection Set: 0.4ms
[331.573s][info][gc,phases     ] GC(17)   Other: 0.2ms
[331.573s][info][gc,heap       ] GC(17) Eden regions: 337->0(336)
[331.573s][info][gc,heap       ] GC(17) Survivor regions: 4->5(43)
[331.573s][info][gc,heap       ] GC(17) Old regions: 30->30
[331.573s][info][gc,heap       ] GC(17) Humongous regions: 0->0
[331.573s][info][gc,metaspace  ] GC(17) Metaspace: 82513K->82513K(1128448K)
[331.573s][info][gc            ] GC(17) Pause Young (G1 Evacuation Pause) 370M->33M(455M) 11.669ms
[331.573s][info][gc,cpu        ] GC(17) User=0.03s Sys=0.00s Real=0.01s
[374.125s][info][gc,start      ] GC(18) Pause Young (G1 Evacuation Pause)
[374.125s][info][gc,task       ] GC(18) Using 4 workers of 4 for evacuation
[374.141s][info][gc,phases     ] GC(18)   Pre Evacuate Collection Set: 0.0ms
[374.141s][info][gc,phases     ] GC(18)   Evacuate Collection Set: 14.7ms
[374.141s][info][gc,phases     ] GC(18)   Post Evacuate Collection Set: 0.4ms
[374.141s][info][gc,phases     ] GC(18)   Other: 0.3ms
[374.141s][info][gc,heap       ] GC(18) Eden regions: 336->0(336)
[374.141s][info][gc,heap       ] GC(18) Survivor regions: 5->5(43)
[374.141s][info][gc,heap       ] GC(18) Old regions: 30->30
[374.141s][info][gc,heap       ] GC(18) Humongous regions: 0->0
[374.141s][info][gc,metaspace  ] GC(18) Metaspace: 82529K->82529K(1130496K)
[374.141s][info][gc            ] GC(18) Pause Young (G1 Evacuation Pause) 369M->34M(455M) 15.514ms
[374.141s][info][gc,cpu        ] GC(18) User=0.05s Sys=0.00s Real=0.02s
[416.802s][info][gc,start      ] GC(19) Pause Young (G1 Evacuation Pause)
[416.802s][info][gc,task       ] GC(19) Using 4 workers of 4 for evacuation
[416.817s][info][gc,phases     ] GC(19)   Pre Evacuate Collection Set: 0.0ms
[416.817s][info][gc,phases     ] GC(19)   Evacuate Collection Set: 13.9ms
[416.817s][info][gc,phases     ] GC(19)   Post Evacuate Collection Set: 0.4ms
[416.817s][info][gc,phases     ] GC(19)   Other: 0.2ms
[416.817s][info][gc,heap       ] GC(19) Eden regions: 336->0(335)
[416.817s][info][gc,heap       ] GC(19) Survivor regions: 5->6(43)
[416.817s][info][gc,heap       ] GC(19) Old regions: 30->30
[416.817s][info][gc,heap       ] GC(19) Humongous regions: 0->0
[416.817s][info][gc,metaspace  ] GC(19) Metaspace: 82557K->82557K(1130496K)
[416.817s][info][gc            ] GC(19) Pause Young (G1 Evacuation Pause) 370M->35M(455M) 14.604ms
[416.817s][info][gc,cpu        ] GC(19) User=0.05s Sys=0.00s Real=0.01s
[459.279s][info][gc,start      ] GC(20) Pause Young (G1 Evacuation Pause)
[459.279s][info][gc,task       ] GC(20) Using 4 workers of 4 for evacuation
[459.297s][info][gc,phases     ] GC(20)   Pre Evacuate Collection Set: 0.0ms
[459.297s][info][gc,phases     ] GC(20)   Evacuate Collection Set: 17.3ms
[459.297s][info][gc,phases     ] GC(20)   Post Evacuate Collection Set: 0.4ms
[459.297s][info][gc,phases     ] GC(20)   Other: 0.2ms
[459.297s][info][gc,heap       ] GC(20) Eden regions: 335->0(334)
[459.297s][info][gc,heap       ] GC(20) Survivor regions: 6->7(43)
[459.297s][info][gc,heap       ] GC(20) Old regions: 30->30
[459.297s][info][gc,heap       ] GC(20) Humongous regions: 0->0
[459.297s][info][gc,metaspace  ] GC(20) Metaspace: 82562K->82562K(1130496K)
[459.297s][info][gc            ] GC(20) Pause Young (G1 Evacuation Pause) 370M->35M(455M) 18.059ms
[459.297s][info][gc,cpu        ] GC(20) User=0.07s Sys=0.00s Real=0.02s
[501.571s][info][gc,start      ] GC(21) Pause Young (G1 Evacuation Pause)
[501.571s][info][gc,task       ] GC(21) Using 4 workers of 4 for evacuation
[501.587s][info][gc,phases     ] GC(21)   Pre Evacuate Collection Set: 0.0ms
[501.587s][info][gc,phases     ] GC(21)   Evacuate Collection Set: 15.2ms
[501.587s][info][gc,phases     ] GC(21)   Post Evacuate Collection Set: 0.4ms
[501.587s][info][gc,phases     ] GC(21)   Other: 0.2ms
[501.587s][info][gc,heap       ] GC(21) Eden regions: 334->0(334)
[501.587s][info][gc,heap       ] GC(21) Survivor regions: 7->7(43)
[501.587s][info][gc,heap       ] GC(21) Old regions: 30->30
[501.587s][info][gc,heap       ] GC(21) Humongous regions: 0->0
[501.587s][info][gc,metaspace  ] GC(21) Metaspace: 82566K->82566K(1130496K)
[501.587s][info][gc            ] GC(21) Pause Young (G1 Evacuation Pause) 369M->36M(455M) 16.009ms
[501.587s][info][gc,cpu        ] GC(21) User=0.05s Sys=0.00s Real=0.01s
[543.948s][info][gc,start      ] GC(22) Pause Young (G1 Evacuation Pause)
[543.948s][info][gc,task       ] GC(22) Using 4 workers of 4 for evacuation
[543.967s][info][gc,phases     ] GC(22)   Pre Evacuate Collection Set: 0.0ms
[543.967s][info][gc,phases     ] GC(22)   Evacuate Collection Set: 17.7ms
[543.967s][info][gc,phases     ] GC(22)   Post Evacuate Collection Set: 0.3ms
[543.967s][info][gc,phases     ] GC(22)   Other: 0.2ms
[543.967s][info][gc,heap       ] GC(22) Eden regions: 334->0(333)
[543.967s][info][gc,heap       ] GC(22) Survivor regions: 7->8(43)
[543.967s][info][gc,heap       ] GC(22) Old regions: 30->30
[543.967s][info][gc,heap       ] GC(22) Humongous regions: 0->0
[543.967s][info][gc,metaspace  ] GC(22) Metaspace: 82585K->82585K(1130496K)
[543.967s][info][gc            ] GC(22) Pause Young (G1 Evacuation Pause) 370M->37M(455M) 18.374ms
[543.967s][info][gc,cpu        ] GC(22) User=0.05s Sys=0.00s Real=0.02s
[586.262s][info][gc,start      ] GC(23) Pause Young (G1 Evacuation Pause)
[586.263s][info][gc,task       ] GC(23) Using 4 workers of 4 for evacuation
[586.286s][info][gc,phases     ] GC(23)   Pre Evacuate Collection Set: 0.0ms
[586.286s][info][gc,phases     ] GC(23)   Evacuate Collection Set: 22.4ms
[586.286s][info][gc,phases     ] GC(23)   Post Evacuate Collection Set: 0.4ms
[586.286s][info][gc,phases     ] GC(23)   Other: 0.2ms
[586.286s][info][gc,heap       ] GC(23) Eden regions: 333->0(332)
[586.286s][info][gc,heap       ] GC(23) Survivor regions: 8->9(43)
[586.286s][info][gc,heap       ] GC(23) Old regions: 30->30
[586.286s][info][gc,heap       ] GC(23) Humongous regions: 0->0
[586.286s][info][gc,metaspace  ] GC(23) Metaspace: 82587K->82587K(1130496K)
[586.286s][info][gc            ] GC(23) Pause Young (G1 Evacuation Pause) 370M->37M(455M) 23.176ms
[586.286s][info][gc,cpu        ] GC(23) User=0.09s Sys=0.00s Real=0.02s
[628.410s][info][gc,start      ] GC(24) Pause Young (G1 Evacuation Pause)
[628.410s][info][gc,task       ] GC(24) Using 4 workers of 4 for evacuation
[628.434s][info][gc,phases     ] GC(24)   Pre Evacuate Collection Set: 0.0ms
[628.435s][info][gc,phases     ] GC(24)   Evacuate Collection Set: 24.1ms
[628.435s][info][gc,phases     ] GC(24)   Post Evacuate Collection Set: 0.4ms
[628.435s][info][gc,phases     ] GC(24)   Other: 0.2ms
[628.435s][info][gc,heap       ] GC(24) Eden regions: 332->0(332)
[628.435s][info][gc,heap       ] GC(24) Survivor regions: 9->9(43)
[628.435s][info][gc,heap       ] GC(24) Old regions: 30->30
[628.435s][info][gc,heap       ] GC(24) Humongous regions: 0->0
[628.435s][info][gc,metaspace  ] GC(24) Metaspace: 82588K->82588K(1130496K)
[628.435s][info][gc            ] GC(24) Pause Young (G1 Evacuation Pause) 369M->38M(455M) 24.854ms
[628.435s][info][gc,cpu        ] GC(24) User=0.06s Sys=0.00s Real=0.03s
[670.419s][info][gc,start      ] GC(25) Pause Young (G1 Evacuation Pause)
[670.419s][info][gc,task       ] GC(25) Using 4 workers of 4 for evacuation
[670.445s][info][gc,phases     ] GC(25)   Pre Evacuate Collection Set: 0.0ms
[670.445s][info][gc,phases     ] GC(25)   Evacuate Collection Set: 25.0ms
[670.445s][info][gc,phases     ] GC(25)   Post Evacuate Collection Set: 0.4ms
[670.445s][info][gc,phases     ] GC(25)   Other: 0.2ms
[670.445s][info][gc,heap       ] GC(25) Eden regions: 332->0(331)
[670.445s][info][gc,heap       ] GC(25) Survivor regions: 9->10(43)
[670.445s][info][gc,heap       ] GC(25) Old regions: 30->30
[670.445s][info][gc,heap       ] GC(25) Humongous regions: 0->0
[670.445s][info][gc,metaspace  ] GC(25) Metaspace: 82597K->82597K(1130496K)
[670.445s][info][gc            ] GC(25) Pause Young (G1 Evacuation Pause) 370M->39M(455M) 25.738ms
[670.445s][info][gc,cpu        ] GC(25) User=0.08s Sys=0.00s Real=0.03s
[712.394s][info][gc,start      ] GC(26) Pause Young (G1 Evacuation Pause)
[712.395s][info][gc,task       ] GC(26) Using 4 workers of 4 for evacuation
[712.423s][info][gc,phases     ] GC(26)   Pre Evacuate Collection Set: 0.0ms
[712.423s][info][gc,phases     ] GC(26)   Evacuate Collection Set: 27.6ms
[712.423s][info][gc,phases     ] GC(26)   Post Evacuate Collection Set: 0.4ms
[712.423s][info][gc,phases     ] GC(26)   Other: 0.2ms
[712.423s][info][gc,heap       ] GC(26) Eden regions: 331->0(331)
[712.423s][info][gc,heap       ] GC(26) Survivor regions: 10->10(43)
[712.423s][info][gc,heap       ] GC(26) Old regions: 30->30
[712.423s][info][gc,heap       ] GC(26) Humongous regions: 0->0
[712.423s][info][gc,metaspace  ] GC(26) Metaspace: 82602K->82602K(1130496K)
[712.423s][info][gc            ] GC(26) Pause Young (G1 Evacuation Pause) 370M->39M(455M) 28.407ms
[712.423s][info][gc,cpu        ] GC(26) User=0.08s Sys=0.00s Real=0.03s
[754.237s][info][gc,start      ] GC(27) Pause Young (G1 Evacuation Pause)
[754.237s][info][gc,task       ] GC(27) Using 4 workers of 4 for evacuation
[754.266s][info][gc,phases     ] GC(27)   Pre Evacuate Collection Set: 0.0ms
[754.266s][info][gc,phases     ] GC(27)   Evacuate Collection Set: 28.9ms
[754.266s][info][gc,phases     ] GC(27)   Post Evacuate Collection Set: 0.4ms
[754.266s][info][gc,phases     ] GC(27)   Other: 0.3ms
[754.266s][info][gc,heap       ] GC(27) Eden regions: 331->0(331)
[754.266s][info][gc,heap       ] GC(27) Survivor regions: 10->10(43)
[754.266s][info][gc,heap       ] GC(27) Old regions: 30->31
[754.266s][info][gc,heap       ] GC(27) Humongous regions: 0->0
[754.266s][info][gc,metaspace  ] GC(27) Metaspace: 82602K->82602K(1130496K)
[754.266s][info][gc            ] GC(27) Pause Young (G1 Evacuation Pause) 370M->40M(455M) 29.682ms
[754.266s][info][gc,cpu        ] GC(27) User=0.11s Sys=0.00s Real=0.03s
[796.209s][info][gc,start      ] GC(28) Pause Young (G1 Evacuation Pause)
[796.209s][info][gc,task       ] GC(28) Using 4 workers of 4 for evacuation
[796.236s][info][gc,phases     ] GC(28)   Pre Evacuate Collection Set: 0.0ms
[796.236s][info][gc,phases     ] GC(28)   Evacuate Collection Set: 26.4ms
[796.236s][info][gc,phases     ] GC(28)   Post Evacuate Collection Set: 0.4ms
[796.236s][info][gc,phases     ] GC(28)   Other: 0.2ms
[796.236s][info][gc,heap       ] GC(28) Eden regions: 331->0(331)
[796.236s][info][gc,heap       ] GC(28) Survivor regions: 10->10(43)
[796.236s][info][gc,heap       ] GC(28) Old regions: 31->31
[796.236s][info][gc,heap       ] GC(28) Humongous regions: 0->0
[796.236s][info][gc,metaspace  ] GC(28) Metaspace: 82602K->82602K(1130496K)
[796.236s][info][gc            ] GC(28) Pause Young (G1 Evacuation Pause) 371M->40M(455M) 27.121ms
[796.236s][info][gc,cpu        ] GC(28) User=0.10s Sys=0.00s Real=0.03s
[838.233s][info][gc,start      ] GC(29) Pause Young (G1 Evacuation Pause)
[838.233s][info][gc,task       ] GC(29) Using 4 workers of 4 for evacuation
[838.261s][info][gc,phases     ] GC(29)   Pre Evacuate Collection Set: 0.0ms
[838.261s][info][gc,phases     ] GC(29)   Evacuate Collection Set: 26.9ms
[838.261s][info][gc,phases     ] GC(29)   Post Evacuate Collection Set: 0.4ms
[838.261s][info][gc,phases     ] GC(29)   Other: 0.2ms
[838.261s][info][gc,heap       ] GC(29) Eden regions: 331->0(331)
[838.261s][info][gc,heap       ] GC(29) Survivor regions: 10->10(43)
[838.261s][info][gc,heap       ] GC(29) Old regions: 31->32
[838.261s][info][gc,heap       ] GC(29) Humongous regions: 0->0
[838.261s][info][gc,metaspace  ] GC(29) Metaspace: 82603K->82603K(1130496K)
[838.261s][info][gc            ] GC(29) Pause Young (G1 Evacuation Pause) 371M->41M(455M) 27.600ms
[838.261s][info][gc,cpu        ] GC(29) User=0.10s Sys=0.00s Real=0.03s
[880.248s][info][gc,start      ] GC(30) Pause Young (G1 Evacuation Pause)
[880.248s][info][gc,task       ] GC(30) Using 4 workers of 4 for evacuation
[880.277s][info][gc,phases     ] GC(30)   Pre Evacuate Collection Set: 0.0ms
[880.277s][info][gc,phases     ] GC(30)   Evacuate Collection Set: 28.7ms
[880.277s][info][gc,phases     ] GC(30)   Post Evacuate Collection Set: 0.4ms
[880.277s][info][gc,phases     ] GC(30)   Other: 0.2ms
[880.277s][info][gc,heap       ] GC(30) Eden regions: 331->0(331)
[880.277s][info][gc,heap       ] GC(30) Survivor regions: 10->10(43)
[880.277s][info][gc,heap       ] GC(30) Old regions: 32->33
[880.277s][info][gc,heap       ] GC(30) Humongous regions: 0->0
[880.277s][info][gc,metaspace  ] GC(30) Metaspace: 82609K->82609K(1130496K)
[880.277s][info][gc            ] GC(30) Pause Young (G1 Evacuation Pause) 372M->42M(455M) 29.453ms
[880.277s][info][gc,cpu        ] GC(30) User=0.10s Sys=0.00s Real=0.03s
[922.100s][info][gc,start      ] GC(31) Pause Young (G1 Evacuation Pause)
[922.100s][info][gc,task       ] GC(31) Using 4 workers of 4 for evacuation
[922.128s][info][gc,phases     ] GC(31)   Pre Evacuate Collection Set: 0.0ms
[922.128s][info][gc,phases     ] GC(31)   Evacuate Collection Set: 26.9ms
[922.128s][info][gc,phases     ] GC(31)   Post Evacuate Collection Set: 0.4ms
[922.128s][info][gc,phases     ] GC(31)   Other: 0.2ms
[922.128s][info][gc,heap       ] GC(31) Eden regions: 331->0(331)
[922.128s][info][gc,heap       ] GC(31) Survivor regions: 10->10(43)
[922.128s][info][gc,heap       ] GC(31) Old regions: 33->33
[922.128s][info][gc,heap       ] GC(31) Humongous regions: 0->0
[922.128s][info][gc,metaspace  ] GC(31) Metaspace: 82610K->82610K(1130496K)
[922.128s][info][gc            ] GC(31) Pause Young (G1 Evacuation Pause) 373M->42M(455M) 27.582ms
[922.128s][info][gc,cpu        ] GC(31) User=0.11s Sys=0.00s Real=0.02s
[964.022s][info][gc,start      ] GC(32) Pause Young (G1 Evacuation Pause)
[964.022s][info][gc,task       ] GC(32) Using 4 workers of 4 for evacuation
[964.050s][info][gc,phases     ] GC(32)   Pre Evacuate Collection Set: 0.0ms
[964.050s][info][gc,phases     ] GC(32)   Evacuate Collection Set: 26.9ms
[964.050s][info][gc,phases     ] GC(32)   Post Evacuate Collection Set: 0.4ms
[964.050s][info][gc,phases     ] GC(32)   Other: 0.2ms
[964.050s][info][gc,heap       ] GC(32) Eden regions: 331->0(331)
[964.050s][info][gc,heap       ] GC(32) Survivor regions: 10->10(43)
[964.050s][info][gc,heap       ] GC(32) Old regions: 33->34
[964.050s][info][gc,heap       ] GC(32) Humongous regions: 0->0
[964.050s][info][gc,metaspace  ] GC(32) Metaspace: 82611K->82611K(1130496K)
[964.050s][info][gc            ] GC(32) Pause Young (G1 Evacuation Pause) 373M->43M(455M) 27.608ms
[964.050s][info][gc,cpu        ] GC(32) User=0.10s Sys=0.00s Real=0.02s
[1005.874s][info][gc,start      ] GC(33) Pause Young (G1 Evacuation Pause)
[1005.874s][info][gc,task       ] GC(33) Using 4 workers of 4 for evacuation
[1005.902s][info][gc,phases     ] GC(33)   Pre Evacuate Collection Set: 0.0ms
[1005.902s][info][gc,phases     ] GC(33)   Evacuate Collection Set: 27.2ms
[1005.902s][info][gc,phases     ] GC(33)   Post Evacuate Collection Set: 0.4ms
[1005.902s][info][gc,phases     ] GC(33)   Other: 0.2ms
[1005.902s][info][gc,heap       ] GC(33) Eden regions: 331->0(331)
[1005.902s][info][gc,heap       ] GC(33) Survivor regions: 10->10(43)
[1005.902s][info][gc,heap       ] GC(33) Old regions: 34->35
[1005.902s][info][gc,heap       ] GC(33) Humongous regions: 0->0
[1005.902s][info][gc,metaspace  ] GC(33) Metaspace: 82616K->82616K(1130496K)
[1005.902s][info][gc            ] GC(33) Pause Young (G1 Evacuation Pause) 374M->44M(455M) 27.951ms
[1005.902s][info][gc,cpu        ] GC(33) User=0.09s Sys=0.00s Real=0.03s
[1047.779s][info][gc,start      ] GC(34) Pause Young (G1 Evacuation Pause)
[1047.779s][info][gc,task       ] GC(34) Using 4 workers of 4 for evacuation
[1047.803s][info][gc,phases     ] GC(34)   Pre Evacuate Collection Set: 0.0ms
[1047.803s][info][gc,phases     ] GC(34)   Evacuate Collection Set: 23.5ms
[1047.803s][info][gc,phases     ] GC(34)   Post Evacuate Collection Set: 0.4ms
[1047.803s][info][gc,phases     ] GC(34)   Other: 0.2ms
[1047.803s][info][gc,heap       ] GC(34) Eden regions: 331->0(331)
[1047.803s][info][gc,heap       ] GC(34) Survivor regions: 10->10(43)
[1047.803s][info][gc,heap       ] GC(34) Old regions: 35->35
[1047.803s][info][gc,heap       ] GC(34) Humongous regions: 0->0
[1047.803s][info][gc,metaspace  ] GC(34) Metaspace: 82638K->82638K(1130496K)
[1047.803s][info][gc            ] GC(34) Pause Young (G1 Evacuation Pause) 375M->44M(455M) 24.232ms
[1047.803s][info][gc,cpu        ] GC(34) User=0.09s Sys=0.00s Real=0.03s
[1089.713s][info][gc,start      ] GC(35) Pause Young (G1 Evacuation Pause)
[1089.713s][info][gc,task       ] GC(35) Using 4 workers of 4 for evacuation
[1089.736s][info][gc,phases     ] GC(35)   Pre Evacuate Collection Set: 0.0ms
[1089.736s][info][gc,phases     ] GC(35)   Evacuate Collection Set: 22.0ms
[1089.736s][info][gc,phases     ] GC(35)   Post Evacuate Collection Set: 0.3ms
[1089.736s][info][gc,phases     ] GC(35)   Other: 0.2ms
[1089.736s][info][gc,heap       ] GC(35) Eden regions: 331->0(331)
[1089.736s][info][gc,heap       ] GC(35) Survivor regions: 10->10(43)
[1089.736s][info][gc,heap       ] GC(35) Old regions: 35->36
[1089.736s][info][gc,heap       ] GC(35) Humongous regions: 0->0
[1089.736s][info][gc,metaspace  ] GC(35) Metaspace: 82654K->82654K(1130496K)
[1089.736s][info][gc            ] GC(35) Pause Young (G1 Evacuation Pause) 375M->45M(455M) 22.658ms
[1089.736s][info][gc,cpu        ] GC(35) User=0.07s Sys=0.00s Real=0.02s
[1119.821s][info][gc,start      ] GC(36) Pause Young (G1 Evacuation Pause)
[1119.821s][info][gc,task       ] GC(36) Using 4 workers of 4 for evacuation
[1119.843s][info][gc,phases     ] GC(36)   Pre Evacuate Collection Set: 0.0ms
[1119.843s][info][gc,phases     ] GC(36)   Evacuate Collection Set: 21.3ms
[1119.843s][info][gc,phases     ] GC(36)   Post Evacuate Collection Set: 0.3ms
[1119.843s][info][gc,phases     ] GC(36)   Other: 0.2ms
[1119.843s][info][gc,heap       ] GC(36) Eden regions: 331->0(331)
[1119.843s][info][gc,heap       ] GC(36) Survivor regions: 10->10(43)
[1119.843s][info][gc,heap       ] GC(36) Old regions: 36->37
[1119.843s][info][gc,heap       ] GC(36) Humongous regions: 0->0
[1119.843s][info][gc,metaspace  ] GC(36) Metaspace: 82941K->82941K(1130496K)
[1119.843s][info][gc            ] GC(36) Pause Young (G1 Evacuation Pause) 376M->45M(455M) 21.905ms
[1119.843s][info][gc,cpu        ] GC(36) User=0.09s Sys=0.00s Real=0.02s
[1120.512s][info][gc,start      ] GC(37) Pause Young (G1 Evacuation Pause)
[1120.512s][info][gc,task       ] GC(37) Using 4 workers of 4 for evacuation
[1120.527s][info][gc,phases     ] GC(37)   Pre Evacuate Collection Set: 0.0ms
[1120.527s][info][gc,phases     ] GC(37)   Evacuate Collection Set: 15.3ms
[1120.527s][info][gc,phases     ] GC(37)   Post Evacuate Collection Set: 0.3ms
[1120.527s][info][gc,phases     ] GC(37)   Other: 0.2ms
[1120.527s][info][gc,heap       ] GC(37) Eden regions: 331->0(332)
[1120.527s][info][gc,heap       ] GC(37) Survivor regions: 10->9(43)
[1120.527s][info][gc,heap       ] GC(37) Old regions: 37->37
[1120.527s][info][gc,heap       ] GC(37) Humongous regions: 0->0
[1120.527s][info][gc,metaspace  ] GC(37) Metaspace: 82941K->82941K(1130496K)
[1120.528s][info][gc            ] GC(37) Pause Young (G1 Evacuation Pause) 376M->45M(455M) 15.884ms
[1120.528s][info][gc,cpu        ] GC(37) User=0.04s Sys=0.00s Real=0.01s
[1147.559s][info][gc,start      ] GC(38) Pause Young (G1 Evacuation Pause)
[1147.559s][info][gc,task       ] GC(38) Using 4 workers of 4 for evacuation
[1147.577s][info][gc,phases     ] GC(38)   Pre Evacuate Collection Set: 0.0ms
[1147.577s][info][gc,phases     ] GC(38)   Evacuate Collection Set: 17.4ms
[1147.577s][info][gc,phases     ] GC(38)   Post Evacuate Collection Set: 0.4ms
[1147.577s][info][gc,phases     ] GC(38)   Other: 0.2ms
[1147.577s][info][gc,heap       ] GC(38) Eden regions: 332->0(330)
[1147.577s][info][gc,heap       ] GC(38) Survivor regions: 9->11(43)
[1147.577s][info][gc,heap       ] GC(38) Old regions: 37->38
[1147.577s][info][gc,heap       ] GC(38) Humongous regions: 0->0
[1147.577s][info][gc,metaspace  ] GC(38) Metaspace: 82958K->82958K(1130496K)
[1147.577s][info][gc            ] GC(38) Pause Young (G1 Evacuation Pause) 377M->48M(455M) 18.068ms
[1147.577s][info][gc,cpu        ] GC(38) User=0.05s Sys=0.00s Real=0.02s
[1211.716s][info][gc,start      ] GC(39) Pause Young (G1 Evacuation Pause)
[1211.716s][info][gc,task       ] GC(39) Using 4 workers of 4 for evacuation
[1211.740s][info][gc,phases     ] GC(39)   Pre Evacuate Collection Set: 0.0ms
[1211.740s][info][gc,phases     ] GC(39)   Evacuate Collection Set: 23.3ms
[1211.740s][info][gc,phases     ] GC(39)   Post Evacuate Collection Set: 0.4ms
[1211.740s][info][gc,phases     ] GC(39)   Other: 0.2ms
[1211.740s][info][gc,heap       ] GC(39) Eden regions: 330->0(330)
[1211.740s][info][gc,heap       ] GC(39) Survivor regions: 11->11(43)
[1211.740s][info][gc,heap       ] GC(39) Old regions: 38->38
[1211.740s][info][gc,heap       ] GC(39) Humongous regions: 0->0
[1211.740s][info][gc,metaspace  ] GC(39) Metaspace: 82958K->82958K(1130496K)
[1211.740s][info][gc            ] GC(39) Pause Young (G1 Evacuation Pause) 378M->48M(455M) 24.144ms
[1211.740s][info][gc,cpu        ] GC(39) User=0.09s Sys=0.00s Real=0.03s
[1269.949s][info][gc,heap,exit  ] Heap
[1269.949s][info][gc,heap,exit  ]  garbage-first heap   total 465920K, used 368110K [0x0000000640000000, 0x0000000640100e38, 0x00000007c0000000)
[1269.949s][info][gc,heap,exit  ]   region size 1024K, 323 young (330752K), 11 survivors (11264K)
[1269.949s][info][gc,heap,exit  ]  Metaspace       used 83929K, capacity 92394K, committed 92720K, reserved 1130496K
[1269.949s][info][gc,heap,exit  ]   class space    used 10253K, capacity 10983K, committed 11056K, reserved 1048576K
