[0.005s][info][gc,heap] Heap region size: 1M
[0.008s][info][gc     ] Using G1
[0.008s][info][gc,heap,coops] Heap address: 0x0000000640000000, size: 6144 MB, Compressed Oops mode: Zero based, Oop shift amount: 3
[0.574s][info][gc,start     ] GC(0) Pause Young (G1 Evacuation Pause)
[0.575s][info][gc,task      ] GC(0) Using 4 workers of 4 for evacuation
[0.579s][info][gc,phases    ] GC(0)   Pre Evacuate Collection Set: 0.0ms
[0.579s][info][gc,phases    ] GC(0)   Evacuate Collection Set: 2.9ms
[0.579s][info][gc,phases    ] GC(0)   Post Evacuate Collection Set: 1.7ms
[0.579s][info][gc,phases    ] GC(0)   Other: 0.2ms
[0.579s][info][gc,heap      ] GC(0) Eden regions: 22->0(20)
[0.579s][info][gc,heap      ] GC(0) Survivor regions: 0->3(3)
[0.579s][info][gc,heap      ] GC(0) Old regions: 0->5
[0.579s][info][gc,heap      ] GC(0) Humongous regions: 0->0
[0.579s][info][gc,metaspace ] GC(0) Metaspace: 11159K->11159K(1058816K)
[0.579s][info][gc           ] GC(0) Pause Young (G1 Evacuation Pause) 22M->7M(122M) 4.914ms
[0.579s][info][gc,cpu       ] GC(0) User=0.01s Sys=0.00s Real=0.00s
[0.842s][info][gc,start     ] GC(1) Pause Young (G1 Evacuation Pause)
[0.842s][info][gc,task      ] GC(1) Using 4 workers of 4 for evacuation
[0.847s][info][gc,phases    ] GC(1)   Pre Evacuate Collection Set: 0.0ms
[0.847s][info][gc,phases    ] GC(1)   Evacuate Collection Set: 3.3ms
[0.847s][info][gc,phases    ] GC(1)   Post Evacuate Collection Set: 1.1ms
[0.847s][info][gc,phases    ] GC(1)   Other: 0.1ms
[0.847s][info][gc,heap      ] GC(1) Eden regions: 15->0(35)
[0.847s][info][gc,heap      ] GC(1) Survivor regions: 3->3(3)
[0.847s][info][gc,heap      ] GC(1) Old regions: 5->10
[0.847s][info][gc,heap      ] GC(1) Humongous regions: 0->0
[0.847s][info][gc,metaspace ] GC(1) Metaspace: 14085K->14085K(1062912K)
[0.847s][info][gc           ] GC(1) Pause Young (G1 Evacuation Pause) 22M->12M(122M) 4.504ms
[0.847s][info][gc,cpu       ] GC(1) User=0.01s Sys=0.00s Real=0.00s
[1.296s][info][gc,start     ] GC(2) Pause Young (G1 Evacuation Pause)
[1.296s][info][gc,task      ] GC(2) Using 4 workers of 4 for evacuation
[1.301s][info][gc,phases    ] GC(2)   Pre Evacuate Collection Set: 0.0ms
[1.301s][info][gc,phases    ] GC(2)   Evacuate Collection Set: 2.6ms
[1.301s][info][gc,phases    ] GC(2)   Post Evacuate Collection Set: 1.7ms
[1.301s][info][gc,phases    ] GC(2)   Other: 0.1ms
[1.301s][info][gc,heap      ] GC(2) Eden regions: 30->0(39)
[1.301s][info][gc,heap      ] GC(2) Survivor regions: 3->5(5)
[1.301s][info][gc,heap      ] GC(2) Old regions: 10->13
[1.301s][info][gc,heap      ] GC(2) Humongous regions: 0->0
[1.301s][info][gc,metaspace ] GC(2) Metaspace: 19796K->19796K(1067008K)
[1.301s][info][gc           ] GC(2) Pause Young (G1 Evacuation Pause) 42M->17M(122M) 4.521ms
[1.301s][info][gc,cpu       ] GC(2) User=0.01s Sys=0.00s Real=0.00s
[1.318s][info][gc,start     ] GC(3) Pause Initial Mark (Metadata GC Threshold)
[1.318s][info][gc,task      ] GC(3) Using 4 workers of 4 for evacuation
[1.323s][info][gc,phases    ] GC(3)   Pre Evacuate Collection Set: 0.0ms
[1.323s][info][gc,phases    ] GC(3)   Evacuate Collection Set: 1.8ms
[1.323s][info][gc,phases    ] GC(3)   Post Evacuate Collection Set: 3.7ms
[1.323s][info][gc,phases    ] GC(3)   Other: 0.1ms
[1.323s][info][gc,heap      ] GC(3) Eden regions: 4->0(62)
[1.323s][info][gc,heap      ] GC(3) Survivor regions: 5->1(6)
[1.323s][info][gc,heap      ] GC(3) Old regions: 13->15
[1.323s][info][gc,heap      ] GC(3) Humongous regions: 0->0
[1.323s][info][gc,metaspace ] GC(3) Metaspace: 20257K->20257K(1069056K)
[1.323s][info][gc           ] GC(3) Pause Initial Mark (Metadata GC Threshold) 21M->15M(366M) 5.671ms
[1.323s][info][gc,cpu       ] GC(3) User=0.00s Sys=0.01s Real=0.01s
[1.323s][info][gc           ] GC(4) Concurrent Cycle
[1.323s][info][gc,marking   ] GC(4) Concurrent Clear Claimed Marks
[1.323s][info][gc,marking   ] GC(4) Concurrent Clear Claimed Marks 0.038ms
[1.323s][info][gc,marking   ] GC(4) Concurrent Scan Root Regions
[1.324s][info][gc,marking   ] GC(4) Concurrent Scan Root Regions 0.490ms
[1.324s][info][gc,marking   ] GC(4) Concurrent Mark (1.324s)
[1.324s][info][gc,marking   ] GC(4) Concurrent Mark From Roots
[1.324s][info][gc,task      ] GC(4) Using 1 workers of 1 for marking
[1.330s][info][gc,marking   ] GC(4) Concurrent Mark From Roots 6.075ms
[1.330s][info][gc,marking   ] GC(4) Concurrent Mark (1.324s, 1.330s) 6.127ms
[1.330s][info][gc,start     ] GC(4) Pause Remark
[1.333s][info][gc,stringtable] GC(4) Cleaned string and symbol table, strings: 6112 processed, 17 removed, symbols: 58562 processed, 26 removed
[1.333s][info][gc            ] GC(4) Pause Remark 16M->16M(366M) 2.686ms
[1.333s][info][gc,cpu        ] GC(4) User=0.00s Sys=0.00s Real=0.01s
[1.333s][info][gc,marking    ] GC(4) Concurrent Create Live Data
[1.335s][info][gc,marking    ] GC(4) Concurrent Create Live Data 1.803ms
[1.335s][info][gc,start      ] GC(4) Pause Cleanup
[1.335s][info][gc            ] GC(4) Pause Cleanup 16M->14M(366M) 0.243ms
[1.335s][info][gc,cpu        ] GC(4) User=0.00s Sys=0.00s Real=0.00s
[1.335s][info][gc,marking    ] GC(4) Concurrent Complete Cleanup
[1.335s][info][gc,marking    ] GC(4) Concurrent Complete Cleanup 0.019ms
[1.335s][info][gc,marking    ] GC(4) Concurrent Cleanup for Next Mark
[1.336s][info][gc,marking    ] GC(4) Concurrent Cleanup for Next Mark 0.849ms
[1.336s][info][gc            ] GC(4) Concurrent Cycle 12.681ms
[1.957s][info][gc,start      ] GC(5) Pause Young (G1 Evacuation Pause)
[1.957s][info][gc,task       ] GC(5) Using 4 workers of 4 for evacuation
[1.965s][info][gc,phases     ] GC(5)   Pre Evacuate Collection Set: 0.0ms
[1.965s][info][gc,phases     ] GC(5)   Evacuate Collection Set: 3.8ms
[1.965s][info][gc,phases     ] GC(5)   Post Evacuate Collection Set: 4.0ms
[1.965s][info][gc,phases     ] GC(5)   Other: 0.1ms
[1.965s][info][gc,heap       ] GC(5) Eden regions: 62->0(126)
[1.965s][info][gc,heap       ] GC(5) Survivor regions: 1->8(8)
[1.965s][info][gc,heap       ] GC(5) Old regions: 13->14
[1.965s][info][gc,heap       ] GC(5) Humongous regions: 0->0
[1.965s][info][gc,metaspace  ] GC(5) Metaspace: 29951K->29951K(1077248K)
[1.965s][info][gc            ] GC(5) Pause Young (G1 Evacuation Pause) 75M->21M(366M) 8.059ms
[1.965s][info][gc,cpu        ] GC(5) User=0.02s Sys=0.00s Real=0.01s
[2.150s][info][gc,start      ] GC(6) Pause Initial Mark (Metadata GC Threshold)
[2.150s][info][gc,task       ] GC(6) Using 4 workers of 4 for evacuation
[2.154s][info][gc,phases     ] GC(6)   Pre Evacuate Collection Set: 0.0ms
[2.154s][info][gc,phases     ] GC(6)   Evacuate Collection Set: 2.5ms
[2.154s][info][gc,phases     ] GC(6)   Post Evacuate Collection Set: 0.8ms
[2.154s][info][gc,phases     ] GC(6)   Other: 0.1ms
[2.154s][info][gc,heap       ] GC(6) Eden regions: 17->0(189)
[2.154s][info][gc,heap       ] GC(6) Survivor regions: 8->5(17)
[2.154s][info][gc,heap       ] GC(6) Old regions: 14->14
[2.154s][info][gc,heap       ] GC(6) Humongous regions: 0->0
[2.154s][info][gc,metaspace  ] GC(6) Metaspace: 33055K->33055K(1081344K)
[2.154s][info][gc            ] GC(6) Pause Initial Mark (Metadata GC Threshold) 38M->18M(366M) 3.427ms
[2.154s][info][gc,cpu        ] GC(6) User=0.01s Sys=0.00s Real=0.01s
[2.154s][info][gc            ] GC(7) Concurrent Cycle
[2.154s][info][gc,marking    ] GC(7) Concurrent Clear Claimed Marks
[2.154s][info][gc,marking    ] GC(7) Concurrent Clear Claimed Marks 0.082ms
[2.154s][info][gc,marking    ] GC(7) Concurrent Scan Root Regions
[2.156s][info][gc,marking    ] GC(7) Concurrent Scan Root Regions 2.336ms
[2.156s][info][gc,marking    ] GC(7) Concurrent Mark (2.156s)
[2.156s][info][gc,marking    ] GC(7) Concurrent Mark From Roots
[2.156s][info][gc,task       ] GC(7) Using 1 workers of 1 for marking
[2.162s][info][gc,marking    ] GC(7) Concurrent Mark From Roots 6.133ms
[2.162s][info][gc,marking    ] GC(7) Concurrent Mark (2.156s, 2.162s) 6.173ms
[2.163s][info][gc,start      ] GC(7) Pause Remark
[2.167s][info][gc,stringtable] GC(7) Cleaned string and symbol table, strings: 9381 processed, 6 removed, symbols: 95465 processed, 16 removed
[2.167s][info][gc            ] GC(7) Pause Remark 20M->20M(366M) 3.760ms
[2.167s][info][gc,cpu        ] GC(7) User=0.01s Sys=0.00s Real=0.00s
[2.167s][info][gc,marking    ] GC(7) Concurrent Create Live Data
[2.169s][info][gc,marking    ] GC(7) Concurrent Create Live Data 1.789ms
[2.169s][info][gc,start      ] GC(7) Pause Cleanup
[2.169s][info][gc            ] GC(7) Pause Cleanup 20M->19M(366M) 0.255ms
[2.169s][info][gc,cpu        ] GC(7) User=0.00s Sys=0.00s Real=0.00s
[2.169s][info][gc,marking    ] GC(7) Concurrent Complete Cleanup
[2.169s][info][gc,marking    ] GC(7) Concurrent Complete Cleanup 0.014ms
[2.169s][info][gc,marking    ] GC(7) Concurrent Cleanup for Next Mark
[2.170s][info][gc,marking    ] GC(7) Concurrent Cleanup for Next Mark 0.813ms
[2.170s][info][gc            ] GC(7) Concurrent Cycle 16.095ms
[3.281s][info][gc,start      ] GC(8) Pause Initial Mark (Metadata GC Threshold)
[3.281s][info][gc,task       ] GC(8) Using 4 workers of 4 for evacuation
[3.304s][info][gc,phases     ] GC(8)   Pre Evacuate Collection Set: 0.0ms
[3.304s][info][gc,phases     ] GC(8)   Evacuate Collection Set: 14.4ms
[3.304s][info][gc,phases     ] GC(8)   Post Evacuate Collection Set: 8.1ms
[3.304s][info][gc,phases     ] GC(8)   Other: 0.2ms
[3.304s][info][gc,heap       ] GC(8) Eden regions: 149->0(217)
[3.304s][info][gc,heap       ] GC(8) Survivor regions: 5->23(25)
[3.304s][info][gc,heap       ] GC(8) Old regions: 13->13
[3.304s][info][gc,heap       ] GC(8) Humongous regions: 0->0
[3.304s][info][gc,metaspace  ] GC(8) Metaspace: 55912K->55912K(1101824K)
[3.304s][info][gc            ] GC(8) Pause Initial Mark (Metadata GC Threshold) 166M->36M(366M) 22.863ms
[3.304s][info][gc,cpu        ] GC(8) User=0.06s Sys=0.00s Real=0.03s
[3.304s][info][gc            ] GC(9) Concurrent Cycle
[3.304s][info][gc,marking    ] GC(9) Concurrent Clear Claimed Marks
[3.304s][info][gc,marking    ] GC(9) Concurrent Clear Claimed Marks 0.155ms
[3.304s][info][gc,marking    ] GC(9) Concurrent Scan Root Regions
[3.311s][info][gc,marking    ] GC(9) Concurrent Scan Root Regions 7.072ms
[3.311s][info][gc,marking    ] GC(9) Concurrent Mark (3.311s)
[3.311s][info][gc,marking    ] GC(9) Concurrent Mark From Roots
[3.311s][info][gc,task       ] GC(9) Using 1 workers of 1 for marking
[3.324s][info][gc,marking    ] GC(9) Concurrent Mark From Roots 12.446ms
[3.324s][info][gc,marking    ] GC(9) Concurrent Mark (3.311s, 3.324s) 12.494ms
[3.324s][info][gc,start      ] GC(9) Pause Remark
[3.332s][info][gc,stringtable] GC(9) Cleaned string and symbol table, strings: 17718 processed, 0 removed, symbols: 156571 processed, 75 removed
[3.332s][info][gc            ] GC(9) Pause Remark 38M->38M(366M) 7.684ms
[3.332s][info][gc,cpu        ] GC(9) User=0.03s Sys=0.00s Real=0.01s
[3.332s][info][gc,marking    ] GC(9) Concurrent Create Live Data
[3.337s][info][gc,marking    ] GC(9) Concurrent Create Live Data 5.329ms
[3.339s][info][gc,start      ] GC(9) Pause Cleanup
[3.339s][info][gc            ] GC(9) Pause Cleanup 41M->41M(366M) 0.280ms
[3.339s][info][gc,cpu        ] GC(9) User=0.00s Sys=0.00s Real=0.00s
[3.339s][info][gc,marking    ] GC(9) Concurrent Cleanup for Next Mark
[3.341s][info][gc,marking    ] GC(9) Concurrent Cleanup for Next Mark 2.003ms
[3.341s][info][gc            ] GC(9) Concurrent Cycle 37.314ms
[173.238s][info][gc,start      ] GC(10) Pause Initial Mark (G1 Evacuation Pause)
[173.238s][info][gc,task       ] GC(10) Using 4 workers of 4 for evacuation
[173.259s][info][gc,phases     ] GC(10)   Pre Evacuate Collection Set: 0.0ms
[173.259s][info][gc,phases     ] GC(10)   Evacuate Collection Set: 14.8ms
[173.259s][info][gc,phases     ] GC(10)   Post Evacuate Collection Set: 5.6ms
[173.259s][info][gc,phases     ] GC(10)   Other: 0.2ms
[173.259s][info][gc,heap       ] GC(10) Eden regions: 217->0(268)
[173.259s][info][gc,heap       ] GC(10) Survivor regions: 23->20(30)
[173.259s][info][gc,heap       ] GC(10) Old regions: 13->22
[173.259s][info][gc,heap       ] GC(10) Humongous regions: 0->0
[173.259s][info][gc,metaspace  ] GC(10) Metaspace: 81628K->81628K(1128448K)
[173.259s][info][gc            ] GC(10) Pause Initial Mark (G1 Evacuation Pause) 253M->40M(451M) 20.776ms
[173.259s][info][gc,cpu        ] GC(10) User=0.05s Sys=0.00s Real=0.02s
[173.259s][info][gc            ] GC(11) Concurrent Cycle
[173.259s][info][gc,marking    ] GC(11) Concurrent Clear Claimed Marks
[173.259s][info][gc,marking    ] GC(11) Concurrent Clear Claimed Marks 0.245ms
[173.259s][info][gc,marking    ] GC(11) Concurrent Scan Root Regions
[173.267s][info][gc,marking    ] GC(11) Concurrent Scan Root Regions 7.546ms
[173.267s][info][gc,marking    ] GC(11) Concurrent Mark (173.267s)
[173.267s][info][gc,marking    ] GC(11) Concurrent Mark From Roots
[173.267s][info][gc,task       ] GC(11) Using 1 workers of 1 for marking
[173.289s][info][gc,marking    ] GC(11) Concurrent Mark From Roots 22.211ms
[173.289s][info][gc,marking    ] GC(11) Concurrent Mark (173.267s, 173.289s) 22.257ms
[173.289s][info][gc,start      ] GC(11) Pause Remark
[173.300s][info][gc,stringtable] GC(11) Cleaned string and symbol table, strings: 25009 processed, 0 removed, symbols: 192390 processed, 39 removed
[173.300s][info][gc            ] GC(11) Pause Remark 46M->46M(451M) 10.387ms
[173.300s][info][gc,cpu        ] GC(11) User=0.03s Sys=0.00s Real=0.01s
[173.300s][info][gc,marking    ] GC(11) Concurrent Create Live Data
[173.305s][info][gc,marking    ] GC(11) Concurrent Create Live Data 5.280ms
[173.306s][info][gc,start      ] GC(11) Pause Cleanup
[173.307s][info][gc            ] GC(11) Pause Cleanup 46M->46M(451M) 0.319ms
[173.307s][info][gc,cpu        ] GC(11) User=0.00s Sys=0.00s Real=0.00s
[173.307s][info][gc,marking    ] GC(11) Concurrent Cleanup for Next Mark
[173.308s][info][gc,marking    ] GC(11) Concurrent Cleanup for Next Mark 1.065ms
[173.308s][info][gc            ] GC(11) Concurrent Cycle 48.794ms
[206.970s][info][gc,start      ] GC(12) Pause Young (G1 Evacuation Pause)
[206.970s][info][gc,task       ] GC(12) Using 4 workers of 4 for evacuation
[206.986s][info][gc,phases     ] GC(12)   Pre Evacuate Collection Set: 0.0ms
[206.986s][info][gc,phases     ] GC(12)   Evacuate Collection Set: 14.6ms
[206.986s][info][gc,phases     ] GC(12)   Post Evacuate Collection Set: 0.7ms
[206.986s][info][gc,phases     ] GC(12)   Other: 0.2ms
[206.986s][info][gc,heap       ] GC(12) Eden regions: 268->0(311)
[206.986s][info][gc,heap       ] GC(12) Survivor regions: 20->2(36)
[206.986s][info][gc,heap       ] GC(12) Old regions: 22->29
[206.986s][info][gc,heap       ] GC(12) Humongous regions: 0->0
[206.986s][info][gc,metaspace  ] GC(12) Metaspace: 82250K->82250K(1128448K)
[206.986s][info][gc            ] GC(12) Pause Young (G1 Evacuation Pause) 308M->30M(451M) 15.680ms
[206.986s][info][gc,cpu        ] GC(12) User=0.04s Sys=0.00s Real=0.02s
[245.620s][info][gc,start      ] GC(13) Pause Young (G1 Evacuation Pause)
[245.620s][info][gc,task       ] GC(13) Using 4 workers of 4 for evacuation
[245.627s][info][gc,phases     ] GC(13)   Pre Evacuate Collection Set: 0.0ms
[245.627s][info][gc,phases     ] GC(13)   Evacuate Collection Set: 6.6ms
[245.627s][info][gc,phases     ] GC(13)   Post Evacuate Collection Set: 0.4ms
[245.627s][info][gc,phases     ] GC(13)   Other: 0.3ms
[245.627s][info][gc,heap       ] GC(13) Eden regions: 311->0(316)
[245.627s][info][gc,heap       ] GC(13) Survivor regions: 2->2(40)
[245.627s][info][gc,heap       ] GC(13) Old regions: 29->29
[245.627s][info][gc,heap       ] GC(13) Humongous regions: 0->0
[245.627s][info][gc,metaspace  ] GC(13) Metaspace: 82295K->82295K(1128448K)
[245.628s][info][gc            ] GC(13) Pause Young (G1 Evacuation Pause) 341M->30M(451M) 7.382ms
[245.628s][info][gc,cpu        ] GC(13) User=0.02s Sys=0.00s Real=0.01s
[285.073s][info][gc,start      ] GC(14) Pause Young (G1 Evacuation Pause)
[285.073s][info][gc,task       ] GC(14) Using 4 workers of 4 for evacuation
[285.079s][info][gc,phases     ] GC(14)   Pre Evacuate Collection Set: 0.0ms
[285.079s][info][gc,phases     ] GC(14)   Evacuate Collection Set: 5.4ms
[285.079s][info][gc,phases     ] GC(14)   Post Evacuate Collection Set: 0.4ms
[285.079s][info][gc,phases     ] GC(14)   Other: 0.2ms
[285.079s][info][gc,heap       ] GC(14) Eden regions: 316->0(326)
[285.079s][info][gc,heap       ] GC(14) Survivor regions: 2->2(40)
[285.079s][info][gc,heap       ] GC(14) Old regions: 29->29
[285.079s][info][gc,heap       ] GC(14) Humongous regions: 0->0
[285.079s][info][gc,metaspace  ] GC(14) Metaspace: 82381K->82381K(1128448K)
[285.079s][info][gc            ] GC(14) Pause Young (G1 Evacuation Pause) 346M->30M(451M) 6.092ms
[285.079s][info][gc,cpu        ] GC(14) User=0.02s Sys=0.00s Real=0.00s
[326.010s][info][gc,start      ] GC(15) Pause Young (G1 Evacuation Pause)
[326.010s][info][gc,task       ] GC(15) Using 4 workers of 4 for evacuation
[326.017s][info][gc,phases     ] GC(15)   Pre Evacuate Collection Set: 0.0ms
[326.017s][info][gc,phases     ] GC(15)   Evacuate Collection Set: 6.1ms
[326.017s][info][gc,phases     ] GC(15)   Post Evacuate Collection Set: 0.4ms
[326.017s][info][gc,phases     ] GC(15)   Other: 0.2ms
[326.017s][info][gc,heap       ] GC(15) Eden regions: 326->0(331)
[326.017s][info][gc,heap       ] GC(15) Survivor regions: 2->3(41)
[326.017s][info][gc,heap       ] GC(15) Old regions: 29->29
[326.017s][info][gc,heap       ] GC(15) Humongous regions: 0->0
[326.017s][info][gc,metaspace  ] GC(15) Metaspace: 82390K->82390K(1128448K)
[326.017s][info][gc            ] GC(15) Pause Young (G1 Evacuation Pause) 356M->30M(451M) 6.802ms
[326.017s][info][gc,cpu        ] GC(15) User=0.03s Sys=0.00s Real=0.01s
[367.777s][info][gc,start      ] GC(16) Pause Young (G1 Evacuation Pause)
[367.777s][info][gc,task       ] GC(16) Using 4 workers of 4 for evacuation
[367.786s][info][gc,phases     ] GC(16)   Pre Evacuate Collection Set: 0.0ms
[367.786s][info][gc,phases     ] GC(16)   Evacuate Collection Set: 8.5ms
[367.786s][info][gc,phases     ] GC(16)   Post Evacuate Collection Set: 0.5ms
[367.786s][info][gc,phases     ] GC(16)   Other: 0.2ms
[367.786s][info][gc,heap       ] GC(16) Eden regions: 331->0(334)
[367.786s][info][gc,heap       ] GC(16) Survivor regions: 3->4(42)
[367.786s][info][gc,heap       ] GC(16) Old regions: 29->29
[367.786s][info][gc,heap       ] GC(16) Humongous regions: 0->0
[367.786s][info][gc,metaspace  ] GC(16) Metaspace: 82406K->82406K(1128448K)
[367.786s][info][gc            ] GC(16) Pause Young (G1 Evacuation Pause) 361M->31M(451M) 9.237ms
[367.786s][info][gc,cpu        ] GC(16) User=0.03s Sys=0.00s Real=0.01s
[409.976s][info][gc,start      ] GC(17) Pause Young (G1 Evacuation Pause)
[409.977s][info][gc,task       ] GC(17) Using 4 workers of 4 for evacuation
[409.987s][info][gc,phases     ] GC(17)   Pre Evacuate Collection Set: 0.0ms
[409.987s][info][gc,phases     ] GC(17)   Evacuate Collection Set: 9.6ms
[409.987s][info][gc,phases     ] GC(17)   Post Evacuate Collection Set: 0.3ms
[409.987s][info][gc,phases     ] GC(17)   Other: 0.2ms
[409.987s][info][gc,heap       ] GC(17) Eden regions: 334->0(334)
[409.987s][info][gc,heap       ] GC(17) Survivor regions: 4->4(43)
[409.987s][info][gc,heap       ] GC(17) Old regions: 29->29
[409.987s][info][gc,heap       ] GC(17) Humongous regions: 0->0
[409.987s][info][gc,metaspace  ] GC(17) Metaspace: 82432K->82432K(1128448K)
[409.987s][info][gc            ] GC(17) Pause Young (G1 Evacuation Pause) 365M->31M(451M) 10.224ms
[409.987s][info][gc,cpu        ] GC(17) User=0.02s Sys=0.00s Real=0.01s
[452.293s][info][gc,start      ] GC(18) Pause Young (G1 Evacuation Pause)
[452.293s][info][gc,task       ] GC(18) Using 4 workers of 4 for evacuation
[452.308s][info][gc,phases     ] GC(18)   Pre Evacuate Collection Set: 0.0ms
[452.308s][info][gc,phases     ] GC(18)   Evacuate Collection Set: 13.8ms
[452.308s][info][gc,phases     ] GC(18)   Post Evacuate Collection Set: 0.4ms
[452.308s][info][gc,phases     ] GC(18)   Other: 0.2ms
[452.308s][info][gc,heap       ] GC(18) Eden regions: 334->0(333)
[452.308s][info][gc,heap       ] GC(18) Survivor regions: 4->5(43)
[452.308s][info][gc,heap       ] GC(18) Old regions: 29->29
[452.308s][info][gc,heap       ] GC(18) Humongous regions: 0->0
[452.308s][info][gc,metaspace  ] GC(18) Metaspace: 82435K->82435K(1128448K)
[452.308s][info][gc            ] GC(18) Pause Young (G1 Evacuation Pause) 365M->32M(451M) 14.580ms
[452.308s][info][gc,cpu        ] GC(18) User=0.04s Sys=0.00s Real=0.01s
[494.481s][info][gc,start      ] GC(19) Pause Young (G1 Evacuation Pause)
[494.481s][info][gc,task       ] GC(19) Using 4 workers of 4 for evacuation
[494.500s][info][gc,phases     ] GC(19)   Pre Evacuate Collection Set: 0.0ms
[494.500s][info][gc,phases     ] GC(19)   Evacuate Collection Set: 18.6ms
[494.500s][info][gc,phases     ] GC(19)   Post Evacuate Collection Set: 0.4ms
[494.500s][info][gc,phases     ] GC(19)   Other: 0.2ms
[494.500s][info][gc,heap       ] GC(19) Eden regions: 333->0(332)
[494.500s][info][gc,heap       ] GC(19) Survivor regions: 5->6(43)
[494.500s][info][gc,heap       ] GC(19) Old regions: 29->29
[494.500s][info][gc,heap       ] GC(19) Humongous regions: 0->0
[494.500s][info][gc,metaspace  ] GC(19) Metaspace: 82441K->82441K(1128448K)
[494.500s][info][gc            ] GC(19) Pause Young (G1 Evacuation Pause) 365M->33M(451M) 19.381ms
[494.500s][info][gc,cpu        ] GC(19) User=0.07s Sys=0.00s Real=0.02s
[536.610s][info][gc,start      ] GC(20) Pause Young (G1 Evacuation Pause)
[536.610s][info][gc,task       ] GC(20) Using 4 workers of 4 for evacuation
[536.626s][info][gc,phases     ] GC(20)   Pre Evacuate Collection Set: 0.0ms
[536.626s][info][gc,phases     ] GC(20)   Evacuate Collection Set: 15.2ms
[536.626s][info][gc,phases     ] GC(20)   Post Evacuate Collection Set: 0.4ms
[536.626s][info][gc,phases     ] GC(20)   Other: 0.3ms
[536.626s][info][gc,heap       ] GC(20) Eden regions: 332->0(332)
[536.626s][info][gc,heap       ] GC(20) Survivor regions: 6->6(43)
[536.626s][info][gc,heap       ] GC(20) Old regions: 29->29
[536.626s][info][gc,heap       ] GC(20) Humongous regions: 0->0
[536.626s][info][gc,metaspace  ] GC(20) Metaspace: 82469K->82469K(1128448K)
[536.626s][info][gc            ] GC(20) Pause Young (G1 Evacuation Pause) 365M->34M(451M) 15.939ms
[536.626s][info][gc,cpu        ] GC(20) User=0.06s Sys=0.00s Real=0.02s
[578.712s][info][gc,start      ] GC(21) Pause Young (G1 Evacuation Pause)
[578.712s][info][gc,task       ] GC(21) Using 4 workers of 4 for evacuation
[578.731s][info][gc,phases     ] GC(21)   Pre Evacuate Collection Set: 0.0ms
[578.731s][info][gc,phases     ] GC(21)   Evacuate Collection Set: 18.3ms
[578.731s][info][gc,phases     ] GC(21)   Post Evacuate Collection Set: 0.4ms
[578.731s][info][gc,phases     ] GC(21)   Other: 0.2ms
[578.731s][info][gc,heap       ] GC(21) Eden regions: 332->0(331)
[578.731s][info][gc,heap       ] GC(21) Survivor regions: 6->7(43)
[578.731s][info][gc,heap       ] GC(21) Old regions: 29->29
[578.731s][info][gc,heap       ] GC(21) Humongous regions: 0->0
[578.731s][info][gc,metaspace  ] GC(21) Metaspace: 82474K->82474K(1128448K)
[578.731s][info][gc            ] GC(21) Pause Young (G1 Evacuation Pause) 366M->34M(451M) 19.016ms
[578.731s][info][gc,cpu        ] GC(21) User=0.05s Sys=0.00s Real=0.02s
[620.667s][info][gc,start      ] GC(22) Pause Young (G1 Evacuation Pause)
[620.667s][info][gc,task       ] GC(22) Using 4 workers of 4 for evacuation
[620.685s][info][gc,phases     ] GC(22)   Pre Evacuate Collection Set: 0.0ms
[620.685s][info][gc,phases     ] GC(22)   Evacuate Collection Set: 17.6ms
[620.685s][info][gc,phases     ] GC(22)   Post Evacuate Collection Set: 0.4ms
[620.685s][info][gc,phases     ] GC(22)   Other: 0.2ms
[620.685s][info][gc,heap       ] GC(22) Eden regions: 331->0(331)
[620.685s][info][gc,heap       ] GC(22) Survivor regions: 7->7(43)
[620.685s][info][gc,heap       ] GC(22) Old regions: 29->29
[620.685s][info][gc,heap       ] GC(22) Humongous regions: 0->0
[620.685s][info][gc,metaspace  ] GC(22) Metaspace: 82474K->82474K(1128448K)
[620.685s][info][gc            ] GC(22) Pause Young (G1 Evacuation Pause) 365M->35M(451M) 18.303ms
[620.685s][info][gc,cpu        ] GC(22) User=0.07s Sys=0.00s Real=0.02s
[662.577s][info][gc,start      ] GC(23) Pause Young (G1 Evacuation Pause)
[662.577s][info][gc,task       ] GC(23) Using 4 workers of 4 for evacuation
[662.599s][info][gc,phases     ] GC(23)   Pre Evacuate Collection Set: 0.0ms
[662.599s][info][gc,phases     ] GC(23)   Evacuate Collection Set: 21.0ms
[662.599s][info][gc,phases     ] GC(23)   Post Evacuate Collection Set: 0.4ms
[662.599s][info][gc,phases     ] GC(23)   Other: 0.2ms
[662.599s][info][gc,heap       ] GC(23) Eden regions: 331->0(330)
[662.599s][info][gc,heap       ] GC(23) Survivor regions: 7->8(43)
[662.599s][info][gc,heap       ] GC(23) Old regions: 29->29
[662.599s][info][gc,heap       ] GC(23) Humongous regions: 0->0
[662.599s][info][gc,metaspace  ] GC(23) Metaspace: 82475K->82475K(1128448K)
[662.599s][info][gc            ] GC(23) Pause Young (G1 Evacuation Pause) 366M->36M(451M) 21.717ms
[662.599s][info][gc,cpu        ] GC(23) User=0.09s Sys=0.00s Real=0.02s
[704.354s][info][gc,start      ] GC(24) Pause Young (G1 Evacuation Pause)
[704.354s][info][gc,task       ] GC(24) Using 4 workers of 4 for evacuation
[704.378s][info][gc,phases     ] GC(24)   Pre Evacuate Collection Set: 0.0ms
[704.378s][info][gc,phases     ] GC(24)   Evacuate Collection Set: 22.7ms
[704.378s][info][gc,phases     ] GC(24)   Post Evacuate Collection Set: 0.4ms
[704.378s][info][gc,phases     ] GC(24)   Other: 0.3ms
[704.378s][info][gc,heap       ] GC(24) Eden regions: 330->0(329)
[704.378s][info][gc,heap       ] GC(24) Survivor regions: 8->9(43)
[704.378s][info][gc,heap       ] GC(24) Old regions: 29->29
[704.378s][info][gc,heap       ] GC(24) Humongous regions: 0->0
[704.378s][info][gc,metaspace  ] GC(24) Metaspace: 82479K->82479K(1128448K)
[704.378s][info][gc            ] GC(24) Pause Young (G1 Evacuation Pause) 366M->36M(451M) 23.503ms
[704.378s][info][gc,cpu        ] GC(24) User=0.08s Sys=0.00s Real=0.02s
[746.074s][info][gc,start      ] GC(25) Pause Young (G1 Evacuation Pause)
[746.074s][info][gc,task       ] GC(25) Using 4 workers of 4 for evacuation
[746.094s][info][gc,phases     ] GC(25)   Pre Evacuate Collection Set: 0.0ms
[746.094s][info][gc,phases     ] GC(25)   Evacuate Collection Set: 19.5ms
[746.094s][info][gc,phases     ] GC(25)   Post Evacuate Collection Set: 0.4ms
[746.094s][info][gc,phases     ] GC(25)   Other: 0.2ms
[746.094s][info][gc,heap       ] GC(25) Eden regions: 329->0(329)
[746.094s][info][gc,heap       ] GC(25) Survivor regions: 9->9(43)
[746.094s][info][gc,heap       ] GC(25) Old regions: 29->29
[746.094s][info][gc,heap       ] GC(25) Humongous regions: 0->0
[746.094s][info][gc,metaspace  ] GC(25) Metaspace: 82479K->82479K(1128448K)
[746.094s][info][gc            ] GC(25) Pause Young (G1 Evacuation Pause) 365M->37M(451M) 20.212ms
[746.094s][info][gc,cpu        ] GC(25) User=0.07s Sys=0.00s Real=0.02s
[787.736s][info][gc,start      ] GC(26) Pause Young (G1 Evacuation Pause)
[787.736s][info][gc,task       ] GC(26) Using 4 workers of 4 for evacuation
[787.762s][info][gc,phases     ] GC(26)   Pre Evacuate Collection Set: 0.0ms
[787.762s][info][gc,phases     ] GC(26)   Evacuate Collection Set: 25.1ms
[787.762s][info][gc,phases     ] GC(26)   Post Evacuate Collection Set: 0.4ms
[787.762s][info][gc,phases     ] GC(26)   Other: 0.3ms
[787.762s][info][gc,heap       ] GC(26) Eden regions: 329->0(328)
[787.762s][info][gc,heap       ] GC(26) Survivor regions: 9->10(43)
[787.762s][info][gc,heap       ] GC(26) Old regions: 29->29
[787.762s][info][gc,heap       ] GC(26) Humongous regions: 0->0
[787.762s][info][gc,metaspace  ] GC(26) Metaspace: 82482K->82482K(1128448K)
[787.762s][info][gc            ] GC(26) Pause Young (G1 Evacuation Pause) 366M->37M(451M) 25.866ms
[787.762s][info][gc,cpu        ] GC(26) User=0.09s Sys=0.00s Real=0.03s
[829.367s][info][gc,start      ] GC(27) Pause Young (G1 Evacuation Pause)
[829.367s][info][gc,task       ] GC(27) Using 4 workers of 4 for evacuation
[829.393s][info][gc,phases     ] GC(27)   Pre Evacuate Collection Set: 0.0ms
[829.393s][info][gc,phases     ] GC(27)   Evacuate Collection Set: 25.2ms
[829.393s][info][gc,phases     ] GC(27)   Post Evacuate Collection Set: 0.4ms
[829.393s][info][gc,phases     ] GC(27)   Other: 0.3ms
[829.393s][info][gc,heap       ] GC(27) Eden regions: 328->0(328)
[829.393s][info][gc,heap       ] GC(27) Survivor regions: 10->10(43)
[829.393s][info][gc,heap       ] GC(27) Old regions: 29->29
[829.393s][info][gc,heap       ] GC(27) Humongous regions: 0->0
[829.393s][info][gc,metaspace  ] GC(27) Metaspace: 82485K->82485K(1128448K)
[829.393s][info][gc            ] GC(27) Pause Young (G1 Evacuation Pause) 365M->38M(451M) 25.950ms
[829.393s][info][gc,cpu        ] GC(27) User=0.09s Sys=0.00s Real=0.03s
[870.951s][info][gc,start      ] GC(28) Pause Young (G1 Evacuation Pause)
[870.952s][info][gc,task       ] GC(28) Using 4 workers of 4 for evacuation
[870.974s][info][gc,phases     ] GC(28)   Pre Evacuate Collection Set: 0.0ms
[870.974s][info][gc,phases     ] GC(28)   Evacuate Collection Set: 21.5ms
[870.974s][info][gc,phases     ] GC(28)   Post Evacuate Collection Set: 0.3ms
[870.974s][info][gc,phases     ] GC(28)   Other: 0.2ms
[870.974s][info][gc,heap       ] GC(28) Eden regions: 328->0(328)
[870.974s][info][gc,heap       ] GC(28) Survivor regions: 10->10(43)
[870.974s][info][gc,heap       ] GC(28) Old regions: 29->30
[870.974s][info][gc,heap       ] GC(28) Humongous regions: 0->0
[870.974s][info][gc,metaspace  ] GC(28) Metaspace: 82490K->82490K(1128448K)
[870.974s][info][gc            ] GC(28) Pause Young (G1 Evacuation Pause) 366M->39M(451M) 22.119ms
[870.974s][info][gc,cpu        ] GC(28) User=0.07s Sys=0.00s Real=0.03s
[912.587s][info][gc,start      ] GC(29) Pause Young (G1 Evacuation Pause)
[912.587s][info][gc,task       ] GC(29) Using 4 workers of 4 for evacuation
[912.614s][info][gc,phases     ] GC(29)   Pre Evacuate Collection Set: 0.0ms
[912.614s][info][gc,phases     ] GC(29)   Evacuate Collection Set: 26.7ms
[912.614s][info][gc,phases     ] GC(29)   Post Evacuate Collection Set: 0.4ms
[912.614s][info][gc,phases     ] GC(29)   Other: 0.3ms
[912.614s][info][gc,heap       ] GC(29) Eden regions: 328->0(328)
[912.614s][info][gc,heap       ] GC(29) Survivor regions: 10->10(43)
[912.614s][info][gc,heap       ] GC(29) Old regions: 30->31
[912.614s][info][gc,heap       ] GC(29) Humongous regions: 0->0
[912.614s][info][gc,metaspace  ] GC(29) Metaspace: 82491K->82491K(1128448K)
[912.615s][info][gc            ] GC(29) Pause Young (G1 Evacuation Pause) 367M->39M(451M) 27.448ms
[912.615s][info][gc,cpu        ] GC(29) User=0.10s Sys=0.00s Real=0.03s
[954.143s][info][gc,start      ] GC(30) Pause Young (G1 Evacuation Pause)
[954.143s][info][gc,task       ] GC(30) Using 4 workers of 4 for evacuation
[954.171s][info][gc,phases     ] GC(30)   Pre Evacuate Collection Set: 0.0ms
[954.171s][info][gc,phases     ] GC(30)   Evacuate Collection Set: 27.0ms
[954.171s][info][gc,phases     ] GC(30)   Post Evacuate Collection Set: 0.4ms
[954.171s][info][gc,phases     ] GC(30)   Other: 0.3ms
[954.171s][info][gc,heap       ] GC(30) Eden regions: 328->0(328)
[954.171s][info][gc,heap       ] GC(30) Survivor regions: 10->10(43)
[954.171s][info][gc,heap       ] GC(30) Old regions: 31->31
[954.171s][info][gc,heap       ] GC(30) Humongous regions: 0->0
[954.171s][info][gc,metaspace  ] GC(30) Metaspace: 82492K->82492K(1128448K)
[954.171s][info][gc            ] GC(30) Pause Young (G1 Evacuation Pause) 367M->40M(451M) 27.739ms
[954.171s][info][gc,cpu        ] GC(30) User=0.10s Sys=0.00s Real=0.02s
[995.741s][info][gc,start      ] GC(31) Pause Young (G1 Evacuation Pause)
[995.741s][info][gc,task       ] GC(31) Using 4 workers of 4 for evacuation
[995.768s][info][gc,phases     ] GC(31)   Pre Evacuate Collection Set: 0.0ms
[995.768s][info][gc,phases     ] GC(31)   Evacuate Collection Set: 26.3ms
[995.768s][info][gc,phases     ] GC(31)   Post Evacuate Collection Set: 0.4ms
[995.768s][info][gc,phases     ] GC(31)   Other: 0.2ms
[995.768s][info][gc,heap       ] GC(31) Eden regions: 328->0(328)
[995.768s][info][gc,heap       ] GC(31) Survivor regions: 10->10(43)
[995.768s][info][gc,heap       ] GC(31) Old regions: 31->32
[995.768s][info][gc,heap       ] GC(31) Humongous regions: 0->0
[995.768s][info][gc,metaspace  ] GC(31) Metaspace: 82493K->82493K(1128448K)
[995.768s][info][gc            ] GC(31) Pause Young (G1 Evacuation Pause) 368M->41M(451M) 27.021ms
[995.768s][info][gc,cpu        ] GC(31) User=0.09s Sys=0.00s Real=0.03s
[1037.294s][info][gc,start      ] GC(32) Pause Young (G1 Evacuation Pause)
[1037.294s][info][gc,task       ] GC(32) Using 4 workers of 4 for evacuation
[1037.320s][info][gc,phases     ] GC(32)   Pre Evacuate Collection Set: 0.0ms
[1037.320s][info][gc,phases     ] GC(32)   Evacuate Collection Set: 25.3ms
[1037.320s][info][gc,phases     ] GC(32)   Post Evacuate Collection Set: 0.4ms
[1037.320s][info][gc,phases     ] GC(32)   Other: 0.2ms
[1037.320s][info][gc,heap       ] GC(32) Eden regions: 328->0(328)
[1037.320s][info][gc,heap       ] GC(32) Survivor regions: 10->10(43)
[1037.320s][info][gc,heap       ] GC(32) Old regions: 32->32
[1037.320s][info][gc,heap       ] GC(32) Humongous regions: 0->0
[1037.320s][info][gc,metaspace  ] GC(32) Metaspace: 82515K->82515K(1128448K)
[1037.320s][info][gc            ] GC(32) Pause Young (G1 Evacuation Pause) 369M->41M(451M) 26.069ms
[1037.320s][info][gc,cpu        ] GC(32) User=0.10s Sys=0.00s Real=0.02s
[1078.847s][info][gc,start      ] GC(33) Pause Young (G1 Evacuation Pause)
[1078.847s][info][gc,task       ] GC(33) Using 4 workers of 4 for evacuation
[1078.867s][info][gc,phases     ] GC(33)   Pre Evacuate Collection Set: 0.0ms
[1078.867s][info][gc,phases     ] GC(33)   Evacuate Collection Set: 20.3ms
[1078.868s][info][gc,phases     ] GC(33)   Post Evacuate Collection Set: 0.3ms
[1078.868s][info][gc,phases     ] GC(33)   Other: 0.2ms
[1078.868s][info][gc,heap       ] GC(33) Eden regions: 328->0(328)
[1078.868s][info][gc,heap       ] GC(33) Survivor regions: 10->10(43)
[1078.868s][info][gc,heap       ] GC(33) Old regions: 32->33
[1078.868s][info][gc,heap       ] GC(33) Humongous regions: 0->0
[1078.868s][info][gc,metaspace  ] GC(33) Metaspace: 82521K->82521K(1128448K)
[1078.868s][info][gc            ] GC(33) Pause Young (G1 Evacuation Pause) 369M->42M(451M) 20.929ms
[1078.868s][info][gc,cpu        ] GC(33) User=0.08s Sys=0.00s Real=0.02s
[1120.447s][info][gc,start      ] GC(34) Pause Young (G1 Evacuation Pause)
[1120.447s][info][gc,task       ] GC(34) Using 4 workers of 4 for evacuation
[1120.475s][info][gc,phases     ] GC(34)   Pre Evacuate Collection Set: 0.0ms
[1120.475s][info][gc,phases     ] GC(34)   Evacuate Collection Set: 26.9ms
[1120.475s][info][gc,phases     ] GC(34)   Post Evacuate Collection Set: 0.3ms
[1120.475s][info][gc,phases     ] GC(34)   Other: 0.2ms
[1120.475s][info][gc,heap       ] GC(34) Eden regions: 328->0(328)
[1120.475s][info][gc,heap       ] GC(34) Survivor regions: 10->10(43)
[1120.475s][info][gc,heap       ] GC(34) Old regions: 33->34
[1120.475s][info][gc,heap       ] GC(34) Humongous regions: 0->0
[1120.475s][info][gc,metaspace  ] GC(34) Metaspace: 82539K->82539K(1128448K)
[1120.475s][info][gc            ] GC(34) Pause Young (G1 Evacuation Pause) 370M->43M(451M) 27.616ms
[1120.475s][info][gc,cpu        ] GC(34) User=0.09s Sys=0.00s Real=0.03s
[1162.075s][info][gc,start      ] GC(35) Pause Young (G1 Evacuation Pause)
[1162.075s][info][gc,task       ] GC(35) Using 4 workers of 4 for evacuation
[1162.098s][info][gc,phases     ] GC(35)   Pre Evacuate Collection Set: 0.0ms
[1162.098s][info][gc,phases     ] GC(35)   Evacuate Collection Set: 22.6ms
[1162.098s][info][gc,phases     ] GC(35)   Post Evacuate Collection Set: 0.3ms
[1162.098s][info][gc,phases     ] GC(35)   Other: 0.2ms
[1162.098s][info][gc,heap       ] GC(35) Eden regions: 328->0(328)
[1162.098s][info][gc,heap       ] GC(35) Survivor regions: 10->10(43)
[1162.098s][info][gc,heap       ] GC(35) Old regions: 34->34
[1162.098s][info][gc,heap       ] GC(35) Humongous regions: 0->0
[1162.098s][info][gc,metaspace  ] GC(35) Metaspace: 82544K->82544K(1128448K)
[1162.098s][info][gc            ] GC(35) Pause Young (G1 Evacuation Pause) 371M->43M(451M) 23.272ms
[1162.098s][info][gc,cpu        ] GC(35) User=0.09s Sys=0.00s Real=0.02s
[1203.653s][info][gc,start      ] GC(36) Pause Young (G1 Evacuation Pause)
[1203.653s][info][gc,task       ] GC(36) Using 4 workers of 4 for evacuation
[1203.681s][info][gc,phases     ] GC(36)   Pre Evacuate Collection Set: 0.0ms
[1203.681s][info][gc,phases     ] GC(36)   Evacuate Collection Set: 27.0ms
[1203.681s][info][gc,phases     ] GC(36)   Post Evacuate Collection Set: 0.4ms
[1203.681s][info][gc,phases     ] GC(36)   Other: 0.2ms
[1203.681s][info][gc,heap       ] GC(36) Eden regions: 328->0(328)
[1203.681s][info][gc,heap       ] GC(36) Survivor regions: 10->10(43)
[1203.681s][info][gc,heap       ] GC(36) Old regions: 34->35
[1203.681s][info][gc,heap       ] GC(36) Humongous regions: 0->0
[1203.681s][info][gc,metaspace  ] GC(36) Metaspace: 82544K->82544K(1128448K)
[1203.681s][info][gc            ] GC(36) Pause Young (G1 Evacuation Pause) 371M->44M(451M) 27.780ms
[1203.681s][info][gc,cpu        ] GC(36) User=0.10s Sys=0.00s Real=0.02s
[1239.819s][info][gc,start      ] GC(37) Pause Young (G1 Evacuation Pause)
[1239.819s][info][gc,task       ] GC(37) Using 4 workers of 4 for evacuation
[1239.843s][info][gc,phases     ] GC(37)   Pre Evacuate Collection Set: 0.0ms
[1239.843s][info][gc,phases     ] GC(37)   Evacuate Collection Set: 23.4ms
[1239.843s][info][gc,phases     ] GC(37)   Post Evacuate Collection Set: 0.4ms
[1239.843s][info][gc,phases     ] GC(37)   Other: 0.2ms
[1239.843s][info][gc,heap       ] GC(37) Eden regions: 328->0(328)
[1239.843s][info][gc,heap       ] GC(37) Survivor regions: 10->10(43)
[1239.843s][info][gc,heap       ] GC(37) Old regions: 35->36
[1239.843s][info][gc,heap       ] GC(37) Humongous regions: 0->0
[1239.843s][info][gc,metaspace  ] GC(37) Metaspace: 82821K->82821K(1130496K)
[1239.844s][info][gc            ] GC(37) Pause Young (G1 Evacuation Pause) 372M->45M(451M) 24.080ms
[1239.844s][info][gc,cpu        ] GC(37) User=0.08s Sys=0.00s Real=0.03s
[1240.538s][info][gc,start      ] GC(38) Pause Young (G1 Evacuation Pause)
[1240.538s][info][gc,task       ] GC(38) Using 4 workers of 4 for evacuation
[1240.552s][info][gc,phases     ] GC(38)   Pre Evacuate Collection Set: 0.0ms
[1240.553s][info][gc,phases     ] GC(38)   Evacuate Collection Set: 13.7ms
[1240.553s][info][gc,phases     ] GC(38)   Post Evacuate Collection Set: 0.3ms
[1240.553s][info][gc,phases     ] GC(38)   Other: 0.2ms
[1240.553s][info][gc,heap       ] GC(38) Eden regions: 328->0(329)
[1240.553s][info][gc,heap       ] GC(38) Survivor regions: 10->9(43)
[1240.553s][info][gc,heap       ] GC(38) Old regions: 36->36
[1240.553s][info][gc,heap       ] GC(38) Humongous regions: 0->0
[1240.553s][info][gc,metaspace  ] GC(38) Metaspace: 82821K->82821K(1130496K)
[1240.553s][info][gc            ] GC(38) Pause Young (G1 Evacuation Pause) 373M->44M(451M) 14.307ms
[1240.553s][info][gc,cpu        ] GC(38) User=0.06s Sys=0.00s Real=0.02s
[1256.863s][info][gc,start      ] GC(39) Pause Young (G1 Evacuation Pause)
[1256.863s][info][gc,task       ] GC(39) Using 4 workers of 4 for evacuation
[1256.880s][info][gc,phases     ] GC(39)   Pre Evacuate Collection Set: 0.0ms
[1256.880s][info][gc,phases     ] GC(39)   Evacuate Collection Set: 16.4ms
[1256.880s][info][gc,phases     ] GC(39)   Post Evacuate Collection Set: 0.3ms
[1256.880s][info][gc,phases     ] GC(39)   Other: 0.2ms
[1256.880s][info][gc,heap       ] GC(39) Eden regions: 329->0(327)
[1256.880s][info][gc,heap       ] GC(39) Survivor regions: 9->11(43)
[1256.880s][info][gc,heap       ] GC(39) Old regions: 36->37
[1256.880s][info][gc,heap       ] GC(39) Humongous regions: 0->0
[1256.880s][info][gc,metaspace  ] GC(39) Metaspace: 82839K->82839K(1130496K)
[1256.880s][info][gc            ] GC(39) Pause Young (G1 Evacuation Pause) 373M->47M(451M) 16.960ms
[1256.880s][info][gc,cpu        ] GC(39) User=0.05s Sys=0.00s Real=0.01s
[1320.324s][info][gc,start      ] GC(40) Pause Young (G1 Evacuation Pause)
[1320.324s][info][gc,task       ] GC(40) Using 4 workers of 4 for evacuation
[1320.350s][info][gc,phases     ] GC(40)   Pre Evacuate Collection Set: 0.0ms
[1320.350s][info][gc,phases     ] GC(40)   Evacuate Collection Set: 25.2ms
[1320.350s][info][gc,phases     ] GC(40)   Post Evacuate Collection Set: 0.4ms
[1320.350s][info][gc,phases     ] GC(40)   Other: 0.3ms
[1320.350s][info][gc,heap       ] GC(40) Eden regions: 327->0(328)
[1320.350s][info][gc,heap       ] GC(40) Survivor regions: 11->10(43)
[1320.350s][info][gc,heap       ] GC(40) Old regions: 37->38
[1320.350s][info][gc,heap       ] GC(40) Humongous regions: 0->0
[1320.350s][info][gc,metaspace  ] GC(40) Metaspace: 82839K->82839K(1130496K)
[1320.350s][info][gc            ] GC(40) Pause Young (G1 Evacuation Pause) 374M->47M(451M) 26.064ms
[1320.350s][info][gc,cpu        ] GC(40) User=0.09s Sys=0.00s Real=0.02s
[1384.153s][info][gc,start      ] GC(41) Pause Young (G1 Evacuation Pause)
[1384.153s][info][gc,task       ] GC(41) Using 4 workers of 4 for evacuation
[1384.177s][info][gc,phases     ] GC(41)   Pre Evacuate Collection Set: 0.0ms
[1384.177s][info][gc,phases     ] GC(41)   Evacuate Collection Set: 22.7ms
[1384.177s][info][gc,phases     ] GC(41)   Post Evacuate Collection Set: 0.4ms
[1384.177s][info][gc,phases     ] GC(41)   Other: 0.3ms
[1384.177s][info][gc,heap       ] GC(41) Eden regions: 328->0(328)
[1384.177s][info][gc,heap       ] GC(41) Survivor regions: 10->10(43)
[1384.177s][info][gc,heap       ] GC(41) Old regions: 38->38
[1384.177s][info][gc,heap       ] GC(41) Humongous regions: 0->0
[1384.177s][info][gc,metaspace  ] GC(41) Metaspace: 82839K->82839K(1130496K)
[1384.177s][info][gc            ] GC(41) Pause Young (G1 Evacuation Pause) 375M->47M(451M) 23.523ms
[1384.177s][info][gc,cpu        ] GC(41) User=0.09s Sys=0.00s Real=0.02s
[1447.951s][info][gc,start      ] GC(42) Pause Young (G1 Evacuation Pause)
[1447.951s][info][gc,task       ] GC(42) Using 4 workers of 4 for evacuation
[1447.965s][info][gc,phases     ] GC(42)   Pre Evacuate Collection Set: 0.0ms
[1447.966s][info][gc,phases     ] GC(42)   Evacuate Collection Set: 13.8ms
[1447.966s][info][gc,phases     ] GC(42)   Post Evacuate Collection Set: 0.3ms
[1447.966s][info][gc,phases     ] GC(42)   Other: 0.2ms
[1447.966s][info][gc,heap       ] GC(42) Eden regions: 328->0(328)
[1447.966s][info][gc,heap       ] GC(42) Survivor regions: 10->10(43)
[1447.966s][info][gc,heap       ] GC(42) Old regions: 38->39
[1447.966s][info][gc,heap       ] GC(42) Humongous regions: 0->0
[1447.966s][info][gc,metaspace  ] GC(42) Metaspace: 82839K->82839K(1130496K)
[1447.966s][info][gc            ] GC(42) Pause Young (G1 Evacuation Pause) 375M->47M(451M) 14.477ms
[1447.966s][info][gc,cpu        ] GC(42) User=0.04s Sys=0.00s Real=0.02s
[1511.830s][info][gc,start      ] GC(43) Pause Young (G1 Evacuation Pause)
[1511.830s][info][gc,task       ] GC(43) Using 4 workers of 4 for evacuation
[1511.850s][info][gc,phases     ] GC(43)   Pre Evacuate Collection Set: 0.0ms
[1511.850s][info][gc,phases     ] GC(43)   Evacuate Collection Set: 19.6ms
[1511.850s][info][gc,phases     ] GC(43)   Post Evacuate Collection Set: 0.4ms
[1511.850s][info][gc,phases     ] GC(43)   Other: 0.2ms
[1511.850s][info][gc,heap       ] GC(43) Eden regions: 328->0(329)
[1511.850s][info][gc,heap       ] GC(43) Survivor regions: 10->9(43)
[1511.850s][info][gc,heap       ] GC(43) Old regions: 39->40
[1511.850s][info][gc,heap       ] GC(43) Humongous regions: 0->0
[1511.850s][info][gc,metaspace  ] GC(43) Metaspace: 82843K->82843K(1130496K)
[1511.851s][info][gc            ] GC(43) Pause Young (G1 Evacuation Pause) 375M->47M(451M) 20.221ms
[1511.851s][info][gc,cpu        ] GC(43) User=0.06s Sys=0.00s Real=0.02s
[1575.815s][info][gc,start      ] GC(44) Pause Young (G1 Evacuation Pause)
[1575.815s][info][gc,task       ] GC(44) Using 4 workers of 4 for evacuation
[1575.831s][info][gc,phases     ] GC(44)   Pre Evacuate Collection Set: 0.0ms
[1575.831s][info][gc,phases     ] GC(44)   Evacuate Collection Set: 14.9ms
[1575.831s][info][gc,phases     ] GC(44)   Post Evacuate Collection Set: 0.4ms
[1575.831s][info][gc,phases     ] GC(44)   Other: 0.2ms
[1575.831s][info][gc,heap       ] GC(44) Eden regions: 329->0(330)
[1575.831s][info][gc,heap       ] GC(44) Survivor regions: 9->8(43)
[1575.831s][info][gc,heap       ] GC(44) Old regions: 40->40
[1575.831s][info][gc,heap       ] GC(44) Humongous regions: 0->0
[1575.831s][info][gc,metaspace  ] GC(44) Metaspace: 82844K->82844K(1130496K)
[1575.831s][info][gc            ] GC(44) Pause Young (G1 Evacuation Pause) 376M->47M(451M) 15.571ms
[1575.831s][info][gc,cpu        ] GC(44) User=0.04s Sys=0.00s Real=0.01s
[1640.146s][info][gc,start      ] GC(45) Pause Young (G1 Evacuation Pause)
[1640.146s][info][gc,task       ] GC(45) Using 4 workers of 4 for evacuation
[1640.165s][info][gc,phases     ] GC(45)   Pre Evacuate Collection Set: 0.0ms
[1640.165s][info][gc,phases     ] GC(45)   Evacuate Collection Set: 17.5ms
[1640.165s][info][gc,phases     ] GC(45)   Post Evacuate Collection Set: 0.4ms
[1640.165s][info][gc,phases     ] GC(45)   Other: 0.3ms
[1640.165s][info][gc,heap       ] GC(45) Eden regions: 330->0(330)
[1640.165s][info][gc,heap       ] GC(45) Survivor regions: 8->8(43)
[1640.165s][info][gc,heap       ] GC(45) Old regions: 40->41
[1640.165s][info][gc,heap       ] GC(45) Humongous regions: 0->0
[1640.165s][info][gc,metaspace  ] GC(45) Metaspace: 82845K->82845K(1130496K)
[1640.165s][info][gc            ] GC(45) Pause Young (G1 Evacuation Pause) 377M->47M(451M) 18.366ms
[1640.165s][info][gc,cpu        ] GC(45) User=0.07s Sys=0.00s Real=0.02s
[1704.406s][info][gc,start      ] GC(46) Pause Young (G1 Evacuation Pause)
[1704.406s][info][gc,task       ] GC(46) Using 4 workers of 4 for evacuation
[1704.423s][info][gc,phases     ] GC(46)   Pre Evacuate Collection Set: 0.0ms
[1704.423s][info][gc,phases     ] GC(46)   Evacuate Collection Set: 16.4ms
[1704.423s][info][gc,phases     ] GC(46)   Post Evacuate Collection Set: 0.5ms
[1704.424s][info][gc,phases     ] GC(46)   Other: 0.3ms
[1704.424s][info][gc,heap       ] GC(46) Eden regions: 330->0(331)
[1704.424s][info][gc,heap       ] GC(46) Survivor regions: 8->7(43)
[1704.424s][info][gc,heap       ] GC(46) Old regions: 41->42
[1704.424s][info][gc,heap       ] GC(46) Humongous regions: 0->0
[1704.424s][info][gc,metaspace  ] GC(46) Metaspace: 82847K->82847K(1130496K)
[1704.424s][info][gc            ] GC(46) Pause Young (G1 Evacuation Pause) 377M->47M(451M) 17.308ms
[1704.424s][info][gc,cpu        ] GC(46) User=0.06s Sys=0.00s Real=0.02s
[1768.904s][info][gc,start      ] GC(47) Pause Young (G1 Evacuation Pause)
[1768.904s][info][gc,task       ] GC(47) Using 4 workers of 4 for evacuation
[1768.913s][info][gc,phases     ] GC(47)   Pre Evacuate Collection Set: 0.0ms
[1768.913s][info][gc,phases     ] GC(47)   Evacuate Collection Set: 9.0ms
[1768.914s][info][gc,phases     ] GC(47)   Post Evacuate Collection Set: 0.4ms
[1768.914s][info][gc,phases     ] GC(47)   Other: 0.2ms
[1768.914s][info][gc,heap       ] GC(47) Eden regions: 331->0(331)
[1768.914s][info][gc,heap       ] GC(47) Survivor regions: 7->7(43)
[1768.914s][info][gc,heap       ] GC(47) Old regions: 42->42
[1768.914s][info][gc,heap       ] GC(47) Humongous regions: 0->0
[1768.914s][info][gc,metaspace  ] GC(47) Metaspace: 82847K->82847K(1130496K)
[1768.914s][info][gc            ] GC(47) Pause Young (G1 Evacuation Pause) 378M->48M(451M) 9.723ms
[1768.914s][info][gc,cpu        ] GC(47) User=0.03s Sys=0.00s Real=0.01s
[1833.369s][info][gc,start      ] GC(48) Pause Young (G1 Evacuation Pause)
[1833.369s][info][gc,task       ] GC(48) Using 4 workers of 4 for evacuation
[1833.384s][info][gc,phases     ] GC(48)   Pre Evacuate Collection Set: 0.0ms
[1833.384s][info][gc,phases     ] GC(48)   Evacuate Collection Set: 14.1ms
[1833.384s][info][gc,phases     ] GC(48)   Post Evacuate Collection Set: 0.4ms
[1833.384s][info][gc,phases     ] GC(48)   Other: 0.3ms
[1833.384s][info][gc,heap       ] GC(48) Eden regions: 331->0(332)
[1833.384s][info][gc,heap       ] GC(48) Survivor regions: 7->6(43)
[1833.384s][info][gc,heap       ] GC(48) Old regions: 42->43
[1833.384s][info][gc,heap       ] GC(48) Humongous regions: 0->0
[1833.384s][info][gc,metaspace  ] GC(48) Metaspace: 82847K->82847K(1130496K)
[1833.384s][info][gc            ] GC(48) Pause Young (G1 Evacuation Pause) 379M->47M(451M) 14.951ms
[1833.384s][info][gc,cpu        ] GC(48) User=0.06s Sys=0.00s Real=0.02s
[1898.004s][info][gc,start      ] GC(49) Pause Young (G1 Evacuation Pause)
[1898.004s][info][gc,task       ] GC(49) Using 4 workers of 4 for evacuation
[1898.014s][info][gc,phases     ] GC(49)   Pre Evacuate Collection Set: 0.0ms
[1898.014s][info][gc,phases     ] GC(49)   Evacuate Collection Set: 9.3ms
[1898.014s][info][gc,phases     ] GC(49)   Post Evacuate Collection Set: 0.4ms
[1898.014s][info][gc,phases     ] GC(49)   Other: 0.2ms
[1898.014s][info][gc,heap       ] GC(49) Eden regions: 332->0(333)
[1898.014s][info][gc,heap       ] GC(49) Survivor regions: 6->5(43)
[1898.014s][info][gc,heap       ] GC(49) Old regions: 43->43
[1898.014s][info][gc,heap       ] GC(49) Humongous regions: 0->0
[1898.014s][info][gc,metaspace  ] GC(49) Metaspace: 82849K->82849K(1130496K)
[1898.014s][info][gc            ] GC(49) Pause Young (G1 Evacuation Pause) 379M->47M(451M) 10.030ms
[1898.014s][info][gc,cpu        ] GC(49) User=0.04s Sys=0.00s Real=0.01s
[1962.897s][info][gc,start      ] GC(50) Pause Young (G1 Evacuation Pause)
[1962.897s][info][gc,task       ] GC(50) Using 4 workers of 4 for evacuation
[1962.906s][info][gc,phases     ] GC(50)   Pre Evacuate Collection Set: 0.0ms
[1962.907s][info][gc,phases     ] GC(50)   Evacuate Collection Set: 8.6ms
[1962.907s][info][gc,phases     ] GC(50)   Post Evacuate Collection Set: 0.3ms
[1962.907s][info][gc,phases     ] GC(50)   Other: 0.2ms
[1962.907s][info][gc,heap       ] GC(50) Eden regions: 333->0(333)
[1962.907s][info][gc,heap       ] GC(50) Survivor regions: 5->5(43)
[1962.907s][info][gc,heap       ] GC(50) Old regions: 43->44
[1962.907s][info][gc,heap       ] GC(50) Humongous regions: 0->0
[1962.907s][info][gc,metaspace  ] GC(50) Metaspace: 82849K->82849K(1130496K)
[1962.907s][info][gc            ] GC(50) Pause Young (G1 Evacuation Pause) 380M->47M(451M) 9.221ms
[1962.907s][info][gc,cpu        ] GC(50) User=0.02s Sys=0.00s Real=0.01s
[2027.816s][info][gc,start      ] GC(51) Pause Young (G1 Evacuation Pause)
[2027.816s][info][gc,task       ] GC(51) Using 4 workers of 4 for evacuation
[2027.826s][info][gc,phases     ] GC(51)   Pre Evacuate Collection Set: 0.0ms
[2027.826s][info][gc,phases     ] GC(51)   Evacuate Collection Set: 9.6ms
[2027.826s][info][gc,phases     ] GC(51)   Post Evacuate Collection Set: 0.3ms
[2027.826s][info][gc,phases     ] GC(51)   Other: 0.2ms
[2027.826s][info][gc,heap       ] GC(51) Eden regions: 333->0(334)
[2027.826s][info][gc,heap       ] GC(51) Survivor regions: 5->4(43)
[2027.826s][info][gc,heap       ] GC(51) Old regions: 44->45
[2027.826s][info][gc,heap       ] GC(51) Humongous regions: 0->0
[2027.826s][info][gc,metaspace  ] GC(51) Metaspace: 82861K->82861K(1130496K)
[2027.826s][info][gc            ] GC(51) Pause Young (G1 Evacuation Pause) 380M->47M(451M) 10.254ms
[2027.826s][info][gc,cpu        ] GC(51) User=0.02s Sys=0.00s Real=0.01s
[2092.926s][info][gc,start      ] GC(52) Pause Young (G1 Evacuation Pause)
[2092.926s][info][gc,task       ] GC(52) Using 4 workers of 4 for evacuation
[2092.934s][info][gc,phases     ] GC(52)   Pre Evacuate Collection Set: 0.0ms
[2092.934s][info][gc,phases     ] GC(52)   Evacuate Collection Set: 8.2ms
[2092.934s][info][gc,phases     ] GC(52)   Post Evacuate Collection Set: 0.4ms
[2092.934s][info][gc,phases     ] GC(52)   Other: 0.2ms
[2092.934s][info][gc,heap       ] GC(52) Eden regions: 334->0(335)
[2092.934s][info][gc,heap       ] GC(52) Survivor regions: 4->3(43)
[2092.934s][info][gc,heap       ] GC(52) Old regions: 45->45
[2092.934s][info][gc,heap       ] GC(52) Humongous regions: 0->0
[2092.934s][info][gc,metaspace  ] GC(52) Metaspace: 82868K->82868K(1130496K)
[2092.934s][info][gc            ] GC(52) Pause Young (G1 Evacuation Pause) 381M->47M(451M) 8.867ms
[2092.934s][info][gc,cpu        ] GC(52) User=0.03s Sys=0.01s Real=0.01s
[2158.094s][info][gc,start      ] GC(53) Pause Young (G1 Evacuation Pause)
[2158.094s][info][gc,task       ] GC(53) Using 4 workers of 4 for evacuation
[2158.106s][info][gc,phases     ] GC(53)   Pre Evacuate Collection Set: 0.0ms
[2158.106s][info][gc,phases     ] GC(53)   Evacuate Collection Set: 11.4ms
[2158.106s][info][gc,phases     ] GC(53)   Post Evacuate Collection Set: 0.4ms
[2158.106s][info][gc,phases     ] GC(53)   Other: 0.3ms
[2158.106s][info][gc,heap       ] GC(53) Eden regions: 335->0(335)
[2158.106s][info][gc,heap       ] GC(53) Survivor regions: 3->3(43)
[2158.106s][info][gc,heap       ] GC(53) Old regions: 45->45
[2158.106s][info][gc,heap       ] GC(53) Humongous regions: 0->0
[2158.106s][info][gc,metaspace  ] GC(53) Metaspace: 82869K->82869K(1130496K)
[2158.106s][info][gc            ] GC(53) Pause Young (G1 Evacuation Pause) 382M->47M(451M) 12.229ms
[2158.106s][info][gc,cpu        ] GC(53) User=0.05s Sys=0.00s Real=0.01s
[2223.271s][info][gc,start      ] GC(54) Pause Young (G1 Evacuation Pause)
[2223.271s][info][gc,task       ] GC(54) Using 4 workers of 4 for evacuation
[2223.289s][info][gc,phases     ] GC(54)   Pre Evacuate Collection Set: 0.0ms
[2223.289s][info][gc,phases     ] GC(54)   Evacuate Collection Set: 17.8ms
[2223.289s][info][gc,phases     ] GC(54)   Post Evacuate Collection Set: 0.6ms
[2223.289s][info][gc,phases     ] GC(54)   Other: 0.3ms
[2223.289s][info][gc,heap       ] GC(54) Eden regions: 335->0(337)
[2223.289s][info][gc,heap       ] GC(54) Survivor regions: 3->1(43)
[2223.289s][info][gc,heap       ] GC(54) Old regions: 45->48
[2223.289s][info][gc,heap       ] GC(54) Humongous regions: 0->0
[2223.289s][info][gc,metaspace  ] GC(54) Metaspace: 82869K->82869K(1130496K)
[2223.290s][info][gc            ] GC(54) Pause Young (G1 Evacuation Pause) 382M->47M(451M) 18.814ms
[2223.290s][info][gc,cpu        ] GC(54) User=0.06s Sys=0.00s Real=0.02s
[2288.880s][info][gc,start      ] GC(55) Pause Young (G1 Evacuation Pause)
[2288.880s][info][gc,task       ] GC(55) Using 4 workers of 4 for evacuation
[2288.883s][info][gc,phases     ] GC(55)   Pre Evacuate Collection Set: 0.0ms
[2288.884s][info][gc,phases     ] GC(55)   Evacuate Collection Set: 3.2ms
[2288.884s][info][gc,phases     ] GC(55)   Post Evacuate Collection Set: 0.3ms
[2288.884s][info][gc,phases     ] GC(55)   Other: 0.2ms
[2288.884s][info][gc,heap       ] GC(55) Eden regions: 337->0(337)
[2288.884s][info][gc,heap       ] GC(55) Survivor regions: 1->1(43)
[2288.884s][info][gc,heap       ] GC(55) Old regions: 48->48
[2288.884s][info][gc,heap       ] GC(55) Humongous regions: 0->0
[2288.884s][info][gc,metaspace  ] GC(55) Metaspace: 82869K->82869K(1130496K)
[2288.884s][info][gc            ] GC(55) Pause Young (G1 Evacuation Pause) 384M->47M(451M) 3.697ms
[2288.884s][info][gc,cpu        ] GC(55) User=0.01s Sys=0.00s Real=0.01s
[2354.547s][info][gc,start      ] GC(56) Pause Young (G1 Evacuation Pause)
[2354.547s][info][gc,task       ] GC(56) Using 4 workers of 4 for evacuation
[2354.550s][info][gc,phases     ] GC(56)   Pre Evacuate Collection Set: 0.0ms
[2354.550s][info][gc,phases     ] GC(56)   Evacuate Collection Set: 2.0ms
[2354.550s][info][gc,phases     ] GC(56)   Post Evacuate Collection Set: 0.4ms
[2354.550s][info][gc,phases     ] GC(56)   Other: 0.3ms
[2354.550s][info][gc,heap       ] GC(56) Eden regions: 337->0(337)
[2354.550s][info][gc,heap       ] GC(56) Survivor regions: 1->1(43)
[2354.550s][info][gc,heap       ] GC(56) Old regions: 48->48
[2354.550s][info][gc,heap       ] GC(56) Humongous regions: 0->0
[2354.550s][info][gc,metaspace  ] GC(56) Metaspace: 82869K->82869K(1130496K)
[2354.550s][info][gc            ] GC(56) Pause Young (G1 Evacuation Pause) 384M->48M(451M) 2.825ms
[2354.550s][info][gc,cpu        ] GC(56) User=0.01s Sys=0.00s Real=0.00s
[2420.307s][info][gc,start      ] GC(57) Pause Young (G1 Evacuation Pause)
[2420.307s][info][gc,task       ] GC(57) Using 4 workers of 4 for evacuation
[2420.309s][info][gc,phases     ] GC(57)   Pre Evacuate Collection Set: 0.0ms
[2420.309s][info][gc,phases     ] GC(57)   Evacuate Collection Set: 2.0ms
[2420.310s][info][gc,phases     ] GC(57)   Post Evacuate Collection Set: 0.4ms
[2420.310s][info][gc,phases     ] GC(57)   Other: 0.3ms
[2420.310s][info][gc,heap       ] GC(57) Eden regions: 337->0(337)
[2420.310s][info][gc,heap       ] GC(57) Survivor regions: 1->1(43)
[2420.310s][info][gc,heap       ] GC(57) Old regions: 48->48
[2420.310s][info][gc,heap       ] GC(57) Humongous regions: 0->0
[2420.310s][info][gc,metaspace  ] GC(57) Metaspace: 82869K->82869K(1130496K)
[2420.310s][info][gc            ] GC(57) Pause Young (G1 Evacuation Pause) 385M->48M(451M) 2.817ms
[2420.310s][info][gc,cpu        ] GC(57) User=0.01s Sys=0.00s Real=0.00s
[2485.935s][info][gc,start      ] GC(58) Pause Young (G1 Evacuation Pause)
[2485.935s][info][gc,task       ] GC(58) Using 4 workers of 4 for evacuation
[2485.936s][info][gc,phases     ] GC(58)   Pre Evacuate Collection Set: 0.0ms
[2485.936s][info][gc,phases     ] GC(58)   Evacuate Collection Set: 1.3ms
[2485.936s][info][gc,phases     ] GC(58)   Post Evacuate Collection Set: 0.2ms
[2485.936s][info][gc,phases     ] GC(58)   Other: 0.2ms
[2485.936s][info][gc,heap       ] GC(58) Eden regions: 337->0(337)
[2485.936s][info][gc,heap       ] GC(58) Survivor regions: 1->1(43)
[2485.936s][info][gc,heap       ] GC(58) Old regions: 48->48
[2485.936s][info][gc,heap       ] GC(58) Humongous regions: 0->0
[2485.936s][info][gc,metaspace  ] GC(58) Metaspace: 82869K->82869K(1130496K)
[2485.936s][info][gc            ] GC(58) Pause Young (G1 Evacuation Pause) 385M->48M(451M) 1.780ms
[2485.936s][info][gc,cpu        ] GC(58) User=0.00s Sys=0.00s Real=0.00s
[2551.612s][info][gc,start      ] GC(59) Pause Young (G1 Evacuation Pause)
[2551.612s][info][gc,task       ] GC(59) Using 4 workers of 4 for evacuation
[2551.615s][info][gc,phases     ] GC(59)   Pre Evacuate Collection Set: 0.0ms
[2551.615s][info][gc,phases     ] GC(59)   Evacuate Collection Set: 1.9ms
[2551.615s][info][gc,phases     ] GC(59)   Post Evacuate Collection Set: 0.4ms
[2551.615s][info][gc,phases     ] GC(59)   Other: 0.3ms
[2551.615s][info][gc,heap       ] GC(59) Eden regions: 337->0(337)
[2551.615s][info][gc,heap       ] GC(59) Survivor regions: 1->1(43)
[2551.615s][info][gc,heap       ] GC(59) Old regions: 48->48
[2551.615s][info][gc,heap       ] GC(59) Humongous regions: 0->0
[2551.615s][info][gc,metaspace  ] GC(59) Metaspace: 82870K->82870K(1130496K)
[2551.615s][info][gc            ] GC(59) Pause Young (G1 Evacuation Pause) 385M->48M(451M) 2.769ms
[2551.615s][info][gc,cpu        ] GC(59) User=0.00s Sys=0.00s Real=0.00s
[2617.217s][info][gc,start      ] GC(60) Pause Young (G1 Evacuation Pause)
[2617.217s][info][gc,task       ] GC(60) Using 4 workers of 4 for evacuation
[2617.219s][info][gc,phases     ] GC(60)   Pre Evacuate Collection Set: 0.0ms
[2617.219s][info][gc,phases     ] GC(60)   Evacuate Collection Set: 1.3ms
[2617.219s][info][gc,phases     ] GC(60)   Post Evacuate Collection Set: 0.3ms
[2617.219s][info][gc,phases     ] GC(60)   Other: 0.2ms
[2617.219s][info][gc,heap       ] GC(60) Eden regions: 337->0(337)
[2617.219s][info][gc,heap       ] GC(60) Survivor regions: 1->1(43)
[2617.219s][info][gc,heap       ] GC(60) Old regions: 48->48
[2617.219s][info][gc,heap       ] GC(60) Humongous regions: 0->0
[2617.219s][info][gc,metaspace  ] GC(60) Metaspace: 82870K->82870K(1130496K)
[2617.219s][info][gc            ] GC(60) Pause Young (G1 Evacuation Pause) 385M->48M(451M) 1.882ms
[2617.219s][info][gc,cpu        ] GC(60) User=0.00s Sys=0.00s Real=0.00s
[2682.890s][info][gc,start      ] GC(61) Pause Young (G1 Evacuation Pause)
[2682.890s][info][gc,task       ] GC(61) Using 4 workers of 4 for evacuation
[2682.892s][info][gc,phases     ] GC(61)   Pre Evacuate Collection Set: 0.0ms
[2682.892s][info][gc,phases     ] GC(61)   Evacuate Collection Set: 1.7ms
[2682.892s][info][gc,phases     ] GC(61)   Post Evacuate Collection Set: 0.3ms
[2682.892s][info][gc,phases     ] GC(61)   Other: 0.2ms
[2682.892s][info][gc,heap       ] GC(61) Eden regions: 337->0(337)
[2682.892s][info][gc,heap       ] GC(61) Survivor regions: 1->1(43)
[2682.892s][info][gc,heap       ] GC(61) Old regions: 48->48
[2682.892s][info][gc,heap       ] GC(61) Humongous regions: 0->0
[2682.892s][info][gc,metaspace  ] GC(61) Metaspace: 82870K->82870K(1130496K)
[2682.893s][info][gc            ] GC(61) Pause Young (G1 Evacuation Pause) 385M->48M(451M) 2.262ms
[2682.893s][info][gc,cpu        ] GC(61) User=0.01s Sys=0.00s Real=0.01s
[2748.623s][info][gc,start      ] GC(62) Pause Young (G1 Evacuation Pause)
[2748.623s][info][gc,task       ] GC(62) Using 4 workers of 4 for evacuation
[2748.626s][info][gc,phases     ] GC(62)   Pre Evacuate Collection Set: 0.0ms
[2748.626s][info][gc,phases     ] GC(62)   Evacuate Collection Set: 2.0ms
[2748.626s][info][gc,phases     ] GC(62)   Post Evacuate Collection Set: 0.3ms
[2748.626s][info][gc,phases     ] GC(62)   Other: 0.2ms
[2748.626s][info][gc,heap       ] GC(62) Eden regions: 337->0(337)
[2748.626s][info][gc,heap       ] GC(62) Survivor regions: 1->1(43)
[2748.626s][info][gc,heap       ] GC(62) Old regions: 48->48
[2748.626s][info][gc,heap       ] GC(62) Humongous regions: 0->0
[2748.626s][info][gc,metaspace  ] GC(62) Metaspace: 82871K->82871K(1130496K)
[2748.626s][info][gc            ] GC(62) Pause Young (G1 Evacuation Pause) 385M->48M(451M) 2.591ms
[2748.626s][info][gc,cpu        ] GC(62) User=0.01s Sys=0.00s Real=0.00s
[2814.182s][info][gc,start      ] GC(63) Pause Young (G1 Evacuation Pause)
[2814.182s][info][gc,task       ] GC(63) Using 4 workers of 4 for evacuation
[2814.185s][info][gc,phases     ] GC(63)   Pre Evacuate Collection Set: 0.0ms
[2814.185s][info][gc,phases     ] GC(63)   Evacuate Collection Set: 1.8ms
[2814.185s][info][gc,phases     ] GC(63)   Post Evacuate Collection Set: 0.4ms
[2814.185s][info][gc,phases     ] GC(63)   Other: 0.3ms
[2814.185s][info][gc,heap       ] GC(63) Eden regions: 337->0(337)
[2814.185s][info][gc,heap       ] GC(63) Survivor regions: 1->1(43)
[2814.185s][info][gc,heap       ] GC(63) Old regions: 48->48
[2814.185s][info][gc,heap       ] GC(63) Humongous regions: 0->0
[2814.185s][info][gc,metaspace  ] GC(63) Metaspace: 82873K->82873K(1130496K)
[2814.185s][info][gc            ] GC(63) Pause Young (G1 Evacuation Pause) 385M->48M(451M) 2.646ms
[2814.185s][info][gc,cpu        ] GC(63) User=0.00s Sys=0.00s Real=0.00s
[2863.279s][info][gc,heap,exit  ] Heap
[2863.279s][info][gc,heap,exit  ]  garbage-first heap   total 461824K, used 321662K [0x0000000640000000, 0x0000000640100e18, 0x00000007c0000000)
[2863.279s][info][gc,heap,exit  ]   region size 1024K, 268 young (274432K), 1 survivors (1024K)
[2863.279s][info][gc,heap,exit  ]  Metaspace       used 83880K, capacity 92220K, committed 92444K, reserved 1130496K
[2863.279s][info][gc,heap,exit  ]   class space    used 10257K, capacity 10985K, committed 11056K, reserved 1048576K
