[0.029s][info][gc] Using Concurrent Mark Sweep
[0.029s][info][gc,heap,coops] Heap address: 0x00000006c0000000, size: 4096 MB, Compressed Oops mode: Zero based, Oop shift amount: 3
[0.764s][info][gc,start     ] GC(0) Pause Young (Allocation Failure)
[0.764s][info][gc,task      ] GC(0) Using 4 workers of 4 for evacuation
[0.776s][info][gc,heap      ] GC(0) ParNew: 33280K->4160K(37440K)
[0.776s][info][gc,heap      ] GC(0) CMS: 0K->8019K(83328K)
[0.776s][info][gc,metaspace ] GC(0) Metaspace: 13889K->13889K(1062912K)
[0.776s][info][gc           ] GC(0) Pause Young (Allocation Failure) 32M->11M(117M) 11.677ms
[0.776s][info][gc,cpu       ] GC(0) User=0.03s Sys=0.00s Real=0.02s
[1.135s][info][gc,start     ] GC(1) Pause Young (Allocation Failure)
[1.135s][info][gc,task      ] GC(1) Using 4 workers of 4 for evacuation
[1.139s][info][gc,heap      ] GC(1) ParNew: 37440K->4160K(37440K)
[1.139s][info][gc,heap      ] GC(1) CMS: 8019K->13370K(83328K)
[1.139s][info][gc,metaspace ] GC(1) Metaspace: 19011K->19011K(1067008K)
[1.139s][info][gc           ] GC(1) Pause Young (Allocation Failure) 44M->17M(117M) 4.452ms
[1.139s][info][gc,cpu       ] GC(1) User=0.02s Sys=0.00s Real=0.01s
[1.419s][info][gc,start     ] GC(2) Pause Young (Allocation Failure)
[1.419s][info][gc,task      ] GC(2) Using 4 workers of 4 for evacuation
[1.424s][info][gc,heap      ] GC(2) ParNew: 37440K->4159K(37440K)
[1.424s][info][gc,heap      ] GC(2) CMS: 13370K->16180K(83328K)
[1.424s][info][gc,metaspace ] GC(2) Metaspace: 24415K->24415K(1071104K)
[1.424s][info][gc           ] GC(2) Pause Young (Allocation Failure) 49M->19M(117M) 4.765ms
[1.424s][info][gc,cpu       ] GC(2) User=0.01s Sys=0.00s Real=0.00s
[1.425s][info][gc,start     ] GC(3) Pause Initial Mark
[1.426s][info][gc           ] GC(3) Pause Initial Mark 20M->20M(117M) 1.007ms
[1.426s][info][gc,cpu       ] GC(3) User=0.00s Sys=0.00s Real=0.01s
[1.426s][info][gc           ] GC(3) Concurrent Mark
[1.447s][info][gc           ] GC(3) Concurrent Mark 20.550ms
[1.447s][info][gc,cpu       ] GC(3) User=0.08s Sys=0.01s Real=0.02s
[1.447s][info][gc           ] GC(3) Concurrent Preclean
[1.448s][info][gc           ] GC(3) Concurrent Preclean 0.728ms
[1.448s][info][gc,cpu       ] GC(3) User=0.00s Sys=0.00s Real=0.00s
[1.448s][info][gc           ] GC(3) Concurrent Abortable Preclean
[1.580s][info][gc           ] GC(3) Concurrent Abortable Preclean 132.093ms
[1.580s][info][gc,cpu       ] GC(3) User=0.40s Sys=0.00s Real=0.13s
[1.580s][info][gc,start     ] GC(3) Pause Remark
[1.587s][info][gc           ] GC(3) Pause Remark 37M->37M(117M) 6.783ms
[1.587s][info][gc,cpu       ] GC(3) User=0.01s Sys=0.00s Real=0.01s
[1.587s][info][gc           ] GC(3) Concurrent Sweep
[1.589s][info][gc           ] GC(3) Concurrent Sweep 2.104ms
[1.589s][info][gc,cpu       ] GC(3) User=0.00s Sys=0.00s Real=0.00s
[1.589s][info][gc           ] GC(3) Concurrent Reset
[1.596s][info][gc           ] GC(3) Concurrent Reset 6.840ms
[1.596s][info][gc,cpu       ] GC(3) User=0.01s Sys=0.01s Real=0.01s
[1.596s][info][gc,heap      ] GC(3) Old: 16180K->9499K(83328K)
[1.753s][info][gc,start     ] GC(4) Pause Young (Allocation Failure)
[1.754s][info][gc,task      ] GC(4) Using 4 workers of 4 for evacuation
[1.757s][info][gc,heap      ] GC(4) ParNew: 37439K->4160K(37440K)
[1.757s][info][gc,heap      ] GC(4) CMS: 9499K->12611K(83328K)
[1.757s][info][gc,metaspace ] GC(4) Metaspace: 29535K->29535K(1077248K)
[1.757s][info][gc           ] GC(4) Pause Young (Allocation Failure) 45M->16M(117M) 3.535ms
[1.757s][info][gc,cpu       ] GC(4) User=0.01s Sys=0.00s Real=0.01s
[2.111s][info][gc,start     ] GC(5) Pause Young (Allocation Failure)
[2.112s][info][gc,task      ] GC(5) Using 4 workers of 4 for evacuation
[2.116s][info][gc,heap      ] GC(5) ParNew: 37440K->4159K(37440K)
[2.116s][info][gc,heap      ] GC(5) CMS: 12611K->16764K(83328K)
[2.116s][info][gc,metaspace ] GC(5) Metaspace: 37120K->37120K(1085440K)
[2.116s][info][gc           ] GC(5) Pause Young (Allocation Failure) 48M->20M(117M) 4.137ms
[2.116s][info][gc,cpu       ] GC(5) User=0.01s Sys=0.00s Real=0.00s
[2.350s][info][gc,start     ] GC(6) Pause Young (Allocation Failure)
[2.350s][info][gc,task      ] GC(6) Using 4 workers of 4 for evacuation
[2.354s][info][gc,heap      ] GC(6) ParNew: 37439K->4160K(37440K)
[2.354s][info][gc,heap      ] GC(6) CMS: 16764K->18354K(83328K)
[2.354s][info][gc,metaspace ] GC(6) Metaspace: 42375K->42375K(1089536K)
[2.354s][info][gc           ] GC(6) Pause Young (Allocation Failure) 52M->21M(117M) 3.574ms
[2.354s][info][gc,cpu       ] GC(6) User=0.01s Sys=0.00s Real=0.00s
[2.526s][info][gc,start     ] GC(7) Pause Young (Allocation Failure)
[2.526s][info][gc,task      ] GC(7) Using 4 workers of 4 for evacuation
[2.530s][info][gc,heap      ] GC(7) ParNew: 37440K->4159K(37440K)
[2.530s][info][gc,heap      ] GC(7) CMS: 18354K->19433K(83328K)
[2.530s][info][gc,metaspace ] GC(7) Metaspace: 45507K->45507K(1091584K)
[2.530s][info][gc           ] GC(7) Pause Young (Allocation Failure) 54M->23M(117M) 4.012ms
[2.530s][info][gc,cpu       ] GC(7) User=0.01s Sys=0.00s Real=0.01s
[2.547s][info][gc,start     ] GC(8) Pause Initial Mark
[2.549s][info][gc           ] GC(8) Pause Initial Mark 25M->25M(117M) 1.369ms
[2.549s][info][gc,cpu       ] GC(8) User=0.01s Sys=0.00s Real=0.00s
[2.549s][info][gc           ] GC(8) Concurrent Mark
[2.576s][info][gc           ] GC(8) Concurrent Mark 26.621ms
[2.576s][info][gc,cpu       ] GC(8) User=0.08s Sys=0.00s Real=0.02s
[2.576s][info][gc           ] GC(8) Concurrent Preclean
[2.577s][info][gc           ] GC(8) Concurrent Preclean 0.953ms
[2.577s][info][gc,cpu       ] GC(8) User=0.01s Sys=0.00s Real=0.01s
[2.577s][info][gc           ] GC(8) Concurrent Abortable Preclean
[2.745s][info][gc,start     ] GC(9) Pause Young (Allocation Failure)
[2.745s][info][gc,task      ] GC(9) Using 4 workers of 4 for evacuation
[2.749s][info][gc,heap      ] GC(9) ParNew: 37439K->4160K(37440K)
[2.749s][info][gc,heap      ] GC(9) CMS: 19433K->21908K(83328K)
[2.749s][info][gc,metaspace ] GC(9) Metaspace: 49975K->49975K(1097728K)
[2.749s][info][gc           ] GC(9) Pause Young (Allocation Failure) 55M->25M(117M) 4.019ms
[2.749s][info][gc,cpu       ] GC(9) User=0.01s Sys=0.00s Real=0.01s
[2.975s][info][gc           ] GC(8) Concurrent Abortable Preclean 398.813ms
[2.975s][info][gc,cpu       ] GC(8) User=1.30s Sys=0.03s Real=0.39s
[2.976s][info][gc,start     ] GC(8) Pause Remark
[2.992s][info][gc           ] GC(8) Pause Remark 43M->43M(117M) 16.217ms
[2.992s][info][gc,cpu       ] GC(8) User=0.04s Sys=0.00s Real=0.02s
[2.992s][info][gc           ] GC(8) Concurrent Sweep
[2.996s][info][gc           ] GC(8) Concurrent Sweep 3.779ms
[2.996s][info][gc,cpu       ] GC(8) User=0.01s Sys=0.00s Real=0.01s
[2.996s][info][gc           ] GC(8) Concurrent Reset
[3.004s][info][gc           ] GC(8) Concurrent Reset 8.273ms
[3.004s][info][gc,cpu       ] GC(8) User=0.03s Sys=0.01s Real=0.00s
[3.004s][info][gc,heap      ] GC(8) Old: 19433K->16540K(83328K)
[3.155s][info][gc,start     ] GC(10) Pause Young (Allocation Failure)
[3.155s][info][gc,task      ] GC(10) Using 4 workers of 4 for evacuation
[3.161s][info][gc,heap      ] GC(10) ParNew: 37440K->4159K(37440K)
[3.161s][info][gc,heap      ] GC(10) CMS: 16540K->19885K(83328K)
[3.161s][info][gc,metaspace ] GC(10) Metaspace: 57202K->57202K(1103872K)
[3.161s][info][gc           ] GC(10) Pause Young (Allocation Failure) 52M->23M(117M) 5.630ms
[3.161s][info][gc,cpu       ] GC(10) User=0.02s Sys=0.00s Real=0.01s
[3.489s][info][gc,start     ] GC(11) Pause Young (Allocation Failure)
[3.489s][info][gc,task      ] GC(11) Using 4 workers of 4 for evacuation
[3.493s][info][gc,heap      ] GC(11) ParNew: 37439K->4159K(37440K)
[3.493s][info][gc,heap      ] GC(11) CMS: 19885K->22813K(83328K)
[3.493s][info][gc,metaspace ] GC(11) Metaspace: 61823K->61823K(1107968K)
[3.493s][info][gc           ] GC(11) Pause Young (Allocation Failure) 55M->26M(117M) 4.559ms
[3.493s][info][gc,cpu       ] GC(11) User=0.02s Sys=0.00s Real=0.00s
[3.845s][info][gc,start     ] GC(12) Pause Young (Allocation Failure)
[3.846s][info][gc,task      ] GC(12) Using 4 workers of 4 for evacuation
[3.851s][info][gc,heap      ] GC(12) ParNew: 37439K->4159K(37440K)
[3.851s][info][gc,heap      ] GC(12) CMS: 22813K->25332K(83328K)
[3.851s][info][gc,metaspace ] GC(12) Metaspace: 65536K->65536K(1112064K)
[3.851s][info][gc           ] GC(12) Pause Young (Allocation Failure) 58M->28M(117M) 5.577ms
[3.851s][info][gc,cpu       ] GC(12) User=0.01s Sys=0.00s Real=0.01s
[32.227s][info][gc,start     ] GC(13) Pause Young (Allocation Failure)
[32.227s][info][gc,task      ] GC(13) Using 4 workers of 4 for evacuation
[32.234s][info][gc,heap      ] GC(13) ParNew: 37439K->4160K(37440K)
[32.234s][info][gc,heap      ] GC(13) CMS: 25332K->28332K(83328K)
[32.234s][info][gc,metaspace ] GC(13) Metaspace: 71892K->71892K(1118208K)
[32.234s][info][gc           ] GC(13) Pause Young (Allocation Failure) 61M->31M(117M) 6.991ms
[32.234s][info][gc,cpu       ] GC(13) User=0.01s Sys=0.00s Real=0.00s
[67.368s][info][gc,start     ] GC(14) Pause Young (Allocation Failure)
[67.368s][info][gc,task      ] GC(14) Using 4 workers of 4 for evacuation
[67.377s][info][gc,heap      ] GC(14) ParNew: 37438K->2728K(37440K)
[67.378s][info][gc,heap      ] GC(14) CMS: 28332K->30331K(83328K)
[67.378s][info][gc,metaspace ] GC(14) Metaspace: 75072K->75072K(1122304K)
[67.378s][info][gc           ] GC(14) Pause Young (Allocation Failure) 64M->32M(117M) 9.320ms
[67.378s][info][gc,cpu       ] GC(14) User=0.03s Sys=0.00s Real=0.01s
[67.695s][info][gc,start     ] GC(15) Pause Young (Allocation Failure)
[67.695s][info][gc,task      ] GC(15) Using 4 workers of 4 for evacuation
[67.706s][info][gc,heap      ] GC(15) ParNew: 36007K->4158K(37440K)
[67.706s][info][gc,heap      ] GC(15) CMS: 30331K->31223K(83328K)
[67.706s][info][gc,metaspace ] GC(15) Metaspace: 79909K->79909K(1126400K)
[67.706s][info][gc           ] GC(15) Pause Young (Allocation Failure) 64M->34M(117M) 11.074ms
[67.706s][info][gc,cpu       ] GC(15) User=0.02s Sys=0.00s Real=0.01s
[71.934s][info][gc,start     ] GC(16) Pause Young (Allocation Failure)
[71.934s][info][gc,task      ] GC(16) Using 4 workers of 4 for evacuation
[71.937s][info][gc,heap      ] GC(16) ParNew: 37438K->1073K(37440K)
[71.937s][info][gc,heap      ] GC(16) CMS: 31223K->31888K(83328K)
[71.937s][info][gc,metaspace ] GC(16) Metaspace: 81693K->81693K(1128448K)
[71.937s][info][gc           ] GC(16) Pause Young (Allocation Failure) 67M->32M(117M) 3.308ms
[71.937s][info][gc,cpu       ] GC(16) User=0.01s Sys=0.00s Real=0.01s
[77.086s][info][gc,start     ] GC(17) Pause Young (Allocation Failure)
[77.086s][info][gc,task      ] GC(17) Using 4 workers of 4 for evacuation
[77.088s][info][gc,heap      ] GC(17) ParNew: 34353K->422K(37440K)
[77.088s][info][gc,heap      ] GC(17) CMS: 31888K->31888K(83328K)
[77.088s][info][gc,metaspace ] GC(17) Metaspace: 81836K->81836K(1128448K)
[77.088s][info][gc           ] GC(17) Pause Young (Allocation Failure) 64M->31M(117M) 1.928ms
[77.088s][info][gc,cpu       ] GC(17) User=0.00s Sys=0.00s Real=0.00s
[80.853s][info][gc,start     ] GC(18) Pause Young (Allocation Failure)
[80.853s][info][gc,task      ] GC(18) Using 4 workers of 4 for evacuation
[80.854s][info][gc,heap      ] GC(18) ParNew: 33702K->538K(37440K)
[80.854s][info][gc,heap      ] GC(18) CMS: 31888K->31888K(83328K)
[80.854s][info][gc,metaspace ] GC(18) Metaspace: 82005K->82005K(1128448K)
[80.854s][info][gc           ] GC(18) Pause Young (Allocation Failure) 64M->31M(117M) 1.703ms
[80.854s][info][gc,cpu       ] GC(18) User=0.00s Sys=0.01s Real=0.00s
[84.723s][info][gc,start     ] GC(19) Pause Young (Allocation Failure)
[84.723s][info][gc,task      ] GC(19) Using 4 workers of 4 for evacuation
[84.725s][info][gc,heap      ] GC(19) ParNew: 33818K->706K(37440K)
[84.725s][info][gc,heap      ] GC(19) CMS: 31888K->31888K(83328K)
[84.725s][info][gc,metaspace ] GC(19) Metaspace: 82089K->82089K(1128448K)
[84.725s][info][gc           ] GC(19) Pause Young (Allocation Failure) 64M->31M(117M) 2.156ms
[84.725s][info][gc,cpu       ] GC(19) User=0.01s Sys=0.00s Real=0.00s
[88.548s][info][gc,start     ] GC(20) Pause Young (Allocation Failure)
[88.548s][info][gc,task      ] GC(20) Using 4 workers of 4 for evacuation
[88.550s][info][gc,heap      ] GC(20) ParNew: 33986K->770K(37440K)
[88.550s][info][gc,heap      ] GC(20) CMS: 31888K->31888K(83328K)
[88.550s][info][gc,metaspace ] GC(20) Metaspace: 82129K->82129K(1128448K)
[88.550s][info][gc           ] GC(20) Pause Young (Allocation Failure) 64M->31M(117M) 2.472ms
[88.550s][info][gc,cpu       ] GC(20) User=0.01s Sys=0.01s Real=0.00s
[92.406s][info][gc,start     ] GC(21) Pause Young (Allocation Failure)
[92.406s][info][gc,task      ] GC(21) Using 4 workers of 4 for evacuation
[92.408s][info][gc,heap      ] GC(21) ParNew: 34050K->800K(37440K)
[92.408s][info][gc,heap      ] GC(21) CMS: 31888K->31888K(83328K)
[92.408s][info][gc,metaspace ] GC(21) Metaspace: 82159K->82159K(1128448K)
[92.408s][info][gc           ] GC(21) Pause Young (Allocation Failure) 64M->31M(117M) 2.173ms
[92.408s][info][gc,cpu       ] GC(21) User=0.00s Sys=0.00s Real=0.00s
[96.296s][info][gc,start     ] GC(22) Pause Young (Allocation Failure)
[96.296s][info][gc,task      ] GC(22) Using 4 workers of 4 for evacuation
[96.298s][info][gc,heap      ] GC(22) ParNew: 34080K->930K(37440K)
[96.298s][info][gc,heap      ] GC(22) CMS: 31888K->32074K(83328K)
[96.298s][info][gc,metaspace ] GC(22) Metaspace: 82170K->82170K(1128448K)
[96.298s][info][gc           ] GC(22) Pause Young (Allocation Failure) 64M->32M(117M) 1.928ms
[96.298s][info][gc,cpu       ] GC(22) User=0.01s Sys=0.00s Real=0.00s
[100.210s][info][gc,start     ] GC(23) Pause Young (Allocation Failure)
[100.210s][info][gc,task      ] GC(23) Using 4 workers of 4 for evacuation
[100.212s][info][gc,heap      ] GC(23) ParNew: 34210K->709K(37440K)
[100.212s][info][gc,heap      ] GC(23) CMS: 32074K->32132K(83328K)
[100.212s][info][gc,metaspace ] GC(23) Metaspace: 82206K->82206K(1128448K)
[100.212s][info][gc           ] GC(23) Pause Young (Allocation Failure) 64M->32M(117M) 2.117ms
[100.212s][info][gc,cpu       ] GC(23) User=0.00s Sys=0.00s Real=0.00s
[104.159s][info][gc,start     ] GC(24) Pause Young (Allocation Failure)
[104.159s][info][gc,task      ] GC(24) Using 4 workers of 4 for evacuation
[104.161s][info][gc,heap      ] GC(24) ParNew: 33989K->749K(37440K)
[104.162s][info][gc,heap      ] GC(24) CMS: 32132K->32213K(83328K)
[104.162s][info][gc,metaspace ] GC(24) Metaspace: 82229K->82229K(1128448K)
[104.162s][info][gc           ] GC(24) Pause Young (Allocation Failure) 64M->32M(117M) 2.277ms
[104.162s][info][gc,cpu       ] GC(24) User=0.01s Sys=0.00s Real=0.00s
[108.094s][info][gc,start     ] GC(25) Pause Young (Allocation Failure)
[108.094s][info][gc,task      ] GC(25) Using 4 workers of 4 for evacuation
[108.097s][info][gc,heap      ] GC(25) ParNew: 34029K->658K(37440K)
[108.097s][info][gc,heap      ] GC(25) CMS: 32213K->32290K(83328K)
[108.097s][info][gc,metaspace ] GC(25) Metaspace: 82231K->82231K(1128448K)
[108.097s][info][gc           ] GC(25) Pause Young (Allocation Failure) 64M->32M(117M) 2.624ms
[108.097s][info][gc,cpu       ] GC(25) User=0.01s Sys=0.00s Real=0.01s
[112.028s][info][gc,start     ] GC(26) Pause Young (Allocation Failure)
[112.028s][info][gc,task      ] GC(26) Using 4 workers of 4 for evacuation
[112.030s][info][gc,heap      ] GC(26) ParNew: 33938K->792K(37440K)
[112.030s][info][gc,heap      ] GC(26) CMS: 32290K->32370K(83328K)
[112.030s][info][gc,metaspace ] GC(26) Metaspace: 82254K->82254K(1128448K)
[112.030s][info][gc           ] GC(26) Pause Young (Allocation Failure) 64M->32M(117M) 2.151ms
[112.030s][info][gc,cpu       ] GC(26) User=0.00s Sys=0.00s Real=0.00s
[115.963s][info][gc,start     ] GC(27) Pause Young (Allocation Failure)
[115.963s][info][gc,task      ] GC(27) Using 4 workers of 4 for evacuation
[115.964s][info][gc,heap      ] GC(27) ParNew: 34072K->777K(37440K)
[115.964s][info][gc,heap      ] GC(27) CMS: 32370K->32447K(83328K)
[115.964s][info][gc,metaspace ] GC(27) Metaspace: 82264K->82264K(1128448K)
[115.965s][info][gc           ] GC(27) Pause Young (Allocation Failure) 64M->32M(117M) 1.698ms
[115.965s][info][gc,cpu       ] GC(27) User=0.01s Sys=0.00s Real=0.00s
[119.902s][info][gc,start     ] GC(28) Pause Young (Allocation Failure)
[119.902s][info][gc,task      ] GC(28) Using 4 workers of 4 for evacuation
[119.904s][info][gc,heap      ] GC(28) ParNew: 34057K->761K(37440K)
[119.904s][info][gc,heap      ] GC(28) CMS: 32447K->32523K(83328K)
[119.904s][info][gc,metaspace ] GC(28) Metaspace: 82266K->82266K(1128448K)
[119.904s][info][gc           ] GC(28) Pause Young (Allocation Failure) 64M->32M(117M) 2.029ms
[119.904s][info][gc,cpu       ] GC(28) User=0.01s Sys=0.00s Real=0.00s
[123.838s][info][gc,start     ] GC(29) Pause Young (Allocation Failure)
[123.839s][info][gc,task      ] GC(29) Using 4 workers of 4 for evacuation
[123.840s][info][gc,heap      ] GC(29) ParNew: 34041K->750K(37440K)
[123.840s][info][gc,heap      ] GC(29) CMS: 32523K->32595K(83328K)
[123.840s][info][gc,metaspace ] GC(29) Metaspace: 82283K->82283K(1128448K)
[123.840s][info][gc           ] GC(29) Pause Young (Allocation Failure) 65M->32M(117M) 1.944ms
[123.840s][info][gc,cpu       ] GC(29) User=0.00s Sys=0.00s Real=0.00s
[127.805s][info][gc,start     ] GC(30) Pause Young (Allocation Failure)
[127.805s][info][gc,task      ] GC(30) Using 4 workers of 4 for evacuation
[127.807s][info][gc,heap      ] GC(30) ParNew: 34030K->872K(37440K)
[127.807s][info][gc,heap      ] GC(30) CMS: 32595K->32664K(83328K)
[127.807s][info][gc,metaspace ] GC(30) Metaspace: 82285K->82285K(1128448K)
[127.807s][info][gc           ] GC(30) Pause Young (Allocation Failure) 65M->32M(117M) 2.183ms
[127.807s][info][gc,cpu       ] GC(30) User=0.00s Sys=0.00s Real=0.01s
[131.773s][info][gc,start     ] GC(31) Pause Young (Allocation Failure)
[131.773s][info][gc,task      ] GC(31) Using 4 workers of 4 for evacuation
[131.775s][info][gc,heap      ] GC(31) ParNew: 34152K->623K(37440K)
[131.775s][info][gc,heap      ] GC(31) CMS: 32664K->32733K(83328K)
[131.775s][info][gc,metaspace ] GC(31) Metaspace: 82306K->82306K(1128448K)
[131.775s][info][gc           ] GC(31) Pause Young (Allocation Failure) 65M->32M(117M) 2.269ms
[131.775s][info][gc,cpu       ] GC(31) User=0.01s Sys=0.00s Real=0.00s
[135.727s][info][gc,start     ] GC(32) Pause Young (Allocation Failure)
[135.727s][info][gc,task      ] GC(32) Using 4 workers of 4 for evacuation
[135.729s][info][gc,heap      ] GC(32) ParNew: 33903K->791K(37440K)
[135.729s][info][gc,heap      ] GC(32) CMS: 32733K->32800K(83328K)
[135.729s][info][gc,metaspace ] GC(32) Metaspace: 82319K->82319K(1128448K)
[135.729s][info][gc           ] GC(32) Pause Young (Allocation Failure) 65M->32M(117M) 2.379ms
[135.729s][info][gc,cpu       ] GC(32) User=0.00s Sys=0.00s Real=0.00s
[139.356s][info][gc,start     ] GC(33) Pause Young (Allocation Failure)
[139.357s][info][gc,task      ] GC(33) Using 4 workers of 4 for evacuation
[139.359s][info][gc,heap      ] GC(33) ParNew: 34071K->828K(37440K)
[139.359s][info][gc,heap      ] GC(33) CMS: 32800K->32867K(83328K)
[139.359s][info][gc,metaspace ] GC(33) Metaspace: 82481K->82481K(1128448K)
[139.359s][info][gc           ] GC(33) Pause Young (Allocation Failure) 65M->32M(117M) 2.171ms
[139.359s][info][gc,cpu       ] GC(33) User=0.00s Sys=0.00s Real=0.00s
[143.302s][info][gc,start     ] GC(34) Pause Young (Allocation Failure)
[143.303s][info][gc,task      ] GC(34) Using 4 workers of 4 for evacuation
[143.305s][info][gc,heap      ] GC(34) ParNew: 34108K->764K(37440K)
[143.305s][info][gc,heap      ] GC(34) CMS: 32867K->32934K(83328K)
[143.305s][info][gc,metaspace ] GC(34) Metaspace: 82485K->82485K(1128448K)
[143.305s][info][gc           ] GC(34) Pause Young (Allocation Failure) 65M->32M(117M) 2.348ms
[143.305s][info][gc,cpu       ] GC(34) User=0.00s Sys=0.00s Real=0.00s
[147.250s][info][gc,start     ] GC(35) Pause Young (Allocation Failure)
[147.250s][info][gc,task      ] GC(35) Using 4 workers of 4 for evacuation
[147.253s][info][gc,heap      ] GC(35) ParNew: 34044K->769K(37440K)
[147.253s][info][gc,heap      ] GC(35) CMS: 32934K->33009K(83328K)
[147.253s][info][gc,metaspace ] GC(35) Metaspace: 82486K->82486K(1128448K)
[147.253s][info][gc           ] GC(35) Pause Young (Allocation Failure) 65M->32M(117M) 2.321ms
[147.253s][info][gc,cpu       ] GC(35) User=0.01s Sys=0.00s Real=0.00s
[151.228s][info][gc,start     ] GC(36) Pause Young (Allocation Failure)
[151.228s][info][gc,task      ] GC(36) Using 4 workers of 4 for evacuation
[151.230s][info][gc,heap      ] GC(36) ParNew: 34049K->636K(37440K)
[151.230s][info][gc,heap      ] GC(36) CMS: 33009K->33077K(83328K)
[151.230s][info][gc,metaspace ] GC(36) Metaspace: 82493K->82493K(1128448K)
[151.230s][info][gc           ] GC(36) Pause Young (Allocation Failure) 65M->32M(117M) 2.407ms
[151.230s][info][gc,cpu       ] GC(36) User=0.01s Sys=0.00s Real=0.00s
[155.197s][info][gc,start     ] GC(37) Pause Young (Allocation Failure)
[155.197s][info][gc,task      ] GC(37) Using 4 workers of 4 for evacuation
[155.199s][info][gc,heap      ] GC(37) ParNew: 33916K->760K(37440K)
[155.199s][info][gc,heap      ] GC(37) CMS: 33077K->33145K(83328K)
[155.199s][info][gc,metaspace ] GC(37) Metaspace: 82496K->82496K(1128448K)
[155.199s][info][gc           ] GC(37) Pause Young (Allocation Failure) 65M->33M(117M) 2.697ms
[155.200s][info][gc,cpu       ] GC(37) User=0.01s Sys=0.00s Real=0.00s
[159.174s][info][gc,start     ] GC(38) Pause Young (Allocation Failure)
[159.174s][info][gc,task      ] GC(38) Using 4 workers of 4 for evacuation
[159.176s][info][gc,heap      ] GC(38) ParNew: 34040K->757K(37440K)
[159.176s][info][gc,heap      ] GC(38) CMS: 33145K->33215K(83328K)
[159.176s][info][gc,metaspace ] GC(38) Metaspace: 82503K->82503K(1128448K)
[159.176s][info][gc           ] GC(38) Pause Young (Allocation Failure) 65M->33M(117M) 2.403ms
[159.176s][info][gc,cpu       ] GC(38) User=0.00s Sys=0.00s Real=0.01s
[163.122s][info][gc,start     ] GC(39) Pause Young (Allocation Failure)
[163.122s][info][gc,task      ] GC(39) Using 4 workers of 4 for evacuation
[163.124s][info][gc,heap      ] GC(39) ParNew: 34037K->756K(37440K)
[163.124s][info][gc,heap      ] GC(39) CMS: 33215K->33296K(83328K)
[163.124s][info][gc,metaspace ] GC(39) Metaspace: 82507K->82507K(1128448K)
[163.124s][info][gc           ] GC(39) Pause Young (Allocation Failure) 65M->33M(117M) 2.587ms
[163.124s][info][gc,cpu       ] GC(39) User=0.00s Sys=0.00s Real=0.00s
[167.075s][info][gc,start     ] GC(40) Pause Young (Allocation Failure)
[167.076s][info][gc,task      ] GC(40) Using 4 workers of 4 for evacuation
[167.078s][info][gc,heap      ] GC(40) ParNew: 34036K->742K(37440K)
[167.078s][info][gc,heap      ] GC(40) CMS: 33296K->33363K(83328K)
[167.078s][info][gc,metaspace ] GC(40) Metaspace: 82510K->82510K(1128448K)
[167.078s][info][gc           ] GC(40) Pause Young (Allocation Failure) 65M->33M(117M) 2.864ms
[167.078s][info][gc,cpu       ] GC(40) User=0.01s Sys=0.00s Real=0.01s
[171.033s][info][gc,start     ] GC(41) Pause Young (Allocation Failure)
[171.033s][info][gc,task      ] GC(41) Using 4 workers of 4 for evacuation
[171.035s][info][gc,heap      ] GC(41) ParNew: 34022K->614K(37440K)
[171.035s][info][gc,heap      ] GC(41) CMS: 33363K->33431K(83328K)
[171.035s][info][gc,metaspace ] GC(41) Metaspace: 82512K->82512K(1128448K)
[171.035s][info][gc           ] GC(41) Pause Young (Allocation Failure) 65M->33M(117M) 2.403ms
[171.035s][info][gc,cpu       ] GC(41) User=0.01s Sys=0.00s Real=0.00s
[174.994s][info][gc,start     ] GC(42) Pause Young (Allocation Failure)
[174.994s][info][gc,task      ] GC(42) Using 4 workers of 4 for evacuation
[174.996s][info][gc,heap      ] GC(42) ParNew: 33894K->615K(37440K)
[174.996s][info][gc,heap      ] GC(42) CMS: 33431K->33498K(83328K)
[174.996s][info][gc,metaspace ] GC(42) Metaspace: 82524K->82524K(1128448K)
[174.997s][info][gc           ] GC(42) Pause Young (Allocation Failure) 65M->33M(117M) 2.807ms
[174.997s][info][gc,cpu       ] GC(42) User=0.01s Sys=0.00s Real=0.01s
[178.949s][info][gc,start     ] GC(43) Pause Young (Allocation Failure)
[178.949s][info][gc,task      ] GC(43) Using 4 workers of 4 for evacuation
[178.952s][info][gc,heap      ] GC(43) ParNew: 33895K->738K(37440K)
[178.952s][info][gc,heap      ] GC(43) CMS: 33498K->33566K(83328K)
[178.952s][info][gc,metaspace ] GC(43) Metaspace: 82525K->82525K(1128448K)
[178.952s][info][gc           ] GC(43) Pause Young (Allocation Failure) 65M->33M(117M) 2.397ms
[178.952s][info][gc,cpu       ] GC(43) User=0.01s Sys=0.00s Real=0.00s
[182.921s][info][gc,start     ] GC(44) Pause Young (Allocation Failure)
[182.921s][info][gc,task      ] GC(44) Using 4 workers of 4 for evacuation
[182.923s][info][gc,heap      ] GC(44) ParNew: 34018K->739K(37440K)
[182.923s][info][gc,heap      ] GC(44) CMS: 33566K->33633K(83328K)
[182.923s][info][gc,metaspace ] GC(44) Metaspace: 82528K->82528K(1128448K)
[182.923s][info][gc           ] GC(44) Pause Young (Allocation Failure) 66M->33M(117M) 2.446ms
[182.923s][info][gc,cpu       ] GC(44) User=0.00s Sys=0.00s Real=0.00s
[186.895s][info][gc,start     ] GC(45) Pause Young (Allocation Failure)
[186.895s][info][gc,task      ] GC(45) Using 4 workers of 4 for evacuation
[186.897s][info][gc,heap      ] GC(45) ParNew: 34019K->739K(37440K)
[186.897s][info][gc,heap      ] GC(45) CMS: 33633K->33702K(83328K)
[186.897s][info][gc,metaspace ] GC(45) Metaspace: 82538K->82538K(1128448K)
[186.897s][info][gc           ] GC(45) Pause Young (Allocation Failure) 66M->33M(117M) 2.699ms
[186.897s][info][gc,cpu       ] GC(45) User=0.01s Sys=0.00s Real=0.01s
[190.853s][info][gc,start     ] GC(46) Pause Young (Allocation Failure)
[190.853s][info][gc,task      ] GC(46) Using 4 workers of 4 for evacuation
[190.856s][info][gc,heap      ] GC(46) ParNew: 34019K->741K(37440K)
[190.856s][info][gc,heap      ] GC(46) CMS: 33702K->33770K(83328K)
[190.856s][info][gc,metaspace ] GC(46) Metaspace: 82543K->82543K(1128448K)
[190.856s][info][gc           ] GC(46) Pause Young (Allocation Failure) 66M->33M(117M) 2.319ms
[190.856s][info][gc,cpu       ] GC(46) User=0.01s Sys=0.01s Real=0.00s
[194.811s][info][gc,start     ] GC(47) Pause Young (Allocation Failure)
[194.811s][info][gc,task      ] GC(47) Using 4 workers of 4 for evacuation
[194.813s][info][gc,heap      ] GC(47) ParNew: 34021K->618K(37440K)
[194.813s][info][gc,heap      ] GC(47) CMS: 33770K->33839K(83328K)
[194.813s][info][gc,metaspace ] GC(47) Metaspace: 82558K->82558K(1128448K)
[194.813s][info][gc           ] GC(47) Pause Young (Allocation Failure) 66M->33M(117M) 2.295ms
[194.813s][info][gc,cpu       ] GC(47) User=0.00s Sys=0.00s Real=0.00s
[198.758s][info][gc,start     ] GC(48) Pause Young (Allocation Failure)
[198.759s][info][gc,task      ] GC(48) Using 4 workers of 4 for evacuation
[198.761s][info][gc,heap      ] GC(48) ParNew: 33898K->617K(37440K)
[198.761s][info][gc,heap      ] GC(48) CMS: 33839K->33906K(83328K)
[198.761s][info][gc,metaspace ] GC(48) Metaspace: 82580K->82580K(1128448K)
[198.761s][info][gc           ] GC(48) Pause Young (Allocation Failure) 66M->33M(117M) 2.249ms
[198.761s][info][gc,cpu       ] GC(48) User=0.01s Sys=0.00s Real=0.00s
[202.716s][info][gc,start     ] GC(49) Pause Young (Allocation Failure)
[202.716s][info][gc,task      ] GC(49) Using 4 workers of 4 for evacuation
[202.718s][info][gc,heap      ] GC(49) ParNew: 33897K->619K(37440K)
[202.718s][info][gc,heap      ] GC(49) CMS: 33906K->33974K(83328K)
[202.718s][info][gc,metaspace ] GC(49) Metaspace: 82580K->82580K(1128448K)
[202.718s][info][gc           ] GC(49) Pause Young (Allocation Failure) 66M->33M(117M) 2.245ms
[202.719s][info][gc,cpu       ] GC(49) User=0.01s Sys=0.00s Real=0.00s
[206.684s][info][gc,start     ] GC(50) Pause Young (Allocation Failure)
[206.684s][info][gc,task      ] GC(50) Using 4 workers of 4 for evacuation
[206.687s][info][gc,heap      ] GC(50) ParNew: 33899K->741K(37440K)
[206.687s][info][gc,heap      ] GC(50) CMS: 33974K->34042K(83328K)
[206.687s][info][gc,metaspace ] GC(50) Metaspace: 82585K->82585K(1130496K)
[206.687s][info][gc           ] GC(50) Pause Young (Allocation Failure) 66M->33M(117M) 2.671ms
[206.687s][info][gc,cpu       ] GC(50) User=0.01s Sys=0.00s Real=0.01s
[210.652s][info][gc,start     ] GC(51) Pause Young (Allocation Failure)
[210.652s][info][gc,task      ] GC(51) Using 4 workers of 4 for evacuation
[210.654s][info][gc,heap      ] GC(51) ParNew: 34021K->618K(37440K)
[210.654s][info][gc,heap      ] GC(51) CMS: 34042K->34110K(83328K)
[210.654s][info][gc,metaspace ] GC(51) Metaspace: 82585K->82585K(1130496K)
[210.655s][info][gc           ] GC(51) Pause Young (Allocation Failure) 66M->33M(117M) 2.323ms
[210.655s][info][gc,cpu       ] GC(51) User=0.01s Sys=0.00s Real=0.00s
[214.629s][info][gc,start     ] GC(52) Pause Young (Allocation Failure)
[214.629s][info][gc,task      ] GC(52) Using 4 workers of 4 for evacuation
[214.631s][info][gc,heap      ] GC(52) ParNew: 33898K->743K(37440K)
[214.631s][info][gc,heap      ] GC(52) CMS: 34110K->34177K(83328K)
[214.631s][info][gc,metaspace ] GC(52) Metaspace: 82585K->82585K(1130496K)
[214.631s][info][gc           ] GC(52) Pause Young (Allocation Failure) 66M->34M(117M) 2.205ms
[214.631s][info][gc,cpu       ] GC(52) User=0.00s Sys=0.00s Real=0.00s
[218.581s][info][gc,start     ] GC(53) Pause Young (Allocation Failure)
[218.581s][info][gc,task      ] GC(53) Using 4 workers of 4 for evacuation
[218.583s][info][gc,heap      ] GC(53) ParNew: 34023K->621K(37440K)
[218.583s][info][gc,heap      ] GC(53) CMS: 34177K->34247K(83328K)
[218.584s][info][gc,metaspace ] GC(53) Metaspace: 82585K->82585K(1130496K)
[218.584s][info][gc           ] GC(53) Pause Young (Allocation Failure) 66M->34M(117M) 2.275ms
[218.584s][info][gc,cpu       ] GC(53) User=0.00s Sys=0.00s Real=0.00s
[222.541s][info][gc,start     ] GC(54) Pause Young (Allocation Failure)
[222.541s][info][gc,task      ] GC(54) Using 4 workers of 4 for evacuation
[222.543s][info][gc,heap      ] GC(54) ParNew: 33901K->741K(37440K)
[222.543s][info][gc,heap      ] GC(54) CMS: 34247K->34316K(83328K)
[222.543s][info][gc,metaspace ] GC(54) Metaspace: 82585K->82585K(1130496K)
[222.543s][info][gc           ] GC(54) Pause Young (Allocation Failure) 66M->34M(117M) 2.503ms
[222.543s][info][gc,cpu       ] GC(54) User=0.01s Sys=0.00s Real=0.00s
[226.510s][info][gc,start     ] GC(55) Pause Young (Allocation Failure)
[226.510s][info][gc,task      ] GC(55) Using 4 workers of 4 for evacuation
[226.513s][info][gc,heap      ] GC(55) ParNew: 34021K->740K(37440K)
[226.513s][info][gc,heap      ] GC(55) CMS: 34316K->34383K(83328K)
[226.513s][info][gc,metaspace ] GC(55) Metaspace: 82590K->82590K(1130496K)
[226.513s][info][gc           ] GC(55) Pause Young (Allocation Failure) 66M->34M(117M) 2.740ms
[226.513s][info][gc,cpu       ] GC(55) User=0.01s Sys=0.00s Real=0.00s
[230.469s][info][gc,start     ] GC(56) Pause Young (Allocation Failure)
[230.469s][info][gc,task      ] GC(56) Using 4 workers of 4 for evacuation
[230.471s][info][gc,heap      ] GC(56) ParNew: 34020K->738K(37440K)
[230.471s][info][gc,heap      ] GC(56) CMS: 34383K->34451K(83328K)
[230.471s][info][gc,metaspace ] GC(56) Metaspace: 82594K->82594K(1130496K)
[230.471s][info][gc           ] GC(56) Pause Young (Allocation Failure) 66M->34M(117M) 2.678ms
[230.471s][info][gc,cpu       ] GC(56) User=0.01s Sys=0.00s Real=0.00s
[234.441s][info][gc,start     ] GC(57) Pause Young (Allocation Failure)
[234.441s][info][gc,task      ] GC(57) Using 4 workers of 4 for evacuation
[234.444s][info][gc,heap      ] GC(57) ParNew: 34018K->736K(37440K)
[234.444s][info][gc,heap      ] GC(57) CMS: 34451K->34520K(83328K)
[234.444s][info][gc,metaspace ] GC(57) Metaspace: 82604K->82604K(1130496K)
[234.444s][info][gc           ] GC(57) Pause Young (Allocation Failure) 66M->34M(117M) 2.423ms
[234.444s][info][gc,cpu       ] GC(57) User=0.01s Sys=0.00s Real=0.00s
[238.399s][info][gc,start     ] GC(58) Pause Young (Allocation Failure)
[238.399s][info][gc,task      ] GC(58) Using 4 workers of 4 for evacuation
[238.401s][info][gc,heap      ] GC(58) ParNew: 34016K->612K(37440K)
[238.401s][info][gc,heap      ] GC(58) CMS: 34520K->34589K(83328K)
[238.401s][info][gc,metaspace ] GC(58) Metaspace: 82609K->82609K(1130496K)
[238.401s][info][gc           ] GC(58) Pause Young (Allocation Failure) 66M->34M(117M) 2.319ms
[238.401s][info][gc,cpu       ] GC(58) User=0.01s Sys=0.00s Real=0.00s
[242.379s][info][gc,start     ] GC(59) Pause Young (Allocation Failure)
[242.379s][info][gc,task      ] GC(59) Using 4 workers of 4 for evacuation
[242.382s][info][gc,heap      ] GC(59) ParNew: 33892K->733K(37440K)
[242.382s][info][gc,heap      ] GC(59) CMS: 34589K->34656K(83328K)
[242.382s][info][gc,metaspace ] GC(59) Metaspace: 82616K->82616K(1130496K)
[242.382s][info][gc           ] GC(59) Pause Young (Allocation Failure) 66M->34M(117M) 3.005ms
[242.382s][info][gc,cpu       ] GC(59) User=0.00s Sys=0.00s Real=0.00s
[246.272s][info][gc,start     ] GC(60) Pause Young (Allocation Failure)
[246.273s][info][gc,task      ] GC(60) Using 4 workers of 4 for evacuation
[246.275s][info][gc,heap      ] GC(60) ParNew: 34013K->611K(37440K)
[246.275s][info][gc,heap      ] GC(60) CMS: 34656K->34723K(83328K)
[246.275s][info][gc,metaspace ] GC(60) Metaspace: 82623K->82623K(1130496K)
[246.275s][info][gc           ] GC(60) Pause Young (Allocation Failure) 67M->34M(117M) 2.112ms
[246.275s][info][gc,cpu       ] GC(60) User=0.01s Sys=0.00s Real=0.00s
[250.226s][info][gc,start     ] GC(61) Pause Young (Allocation Failure)
[250.226s][info][gc,task      ] GC(61) Using 4 workers of 4 for evacuation
[250.228s][info][gc,heap      ] GC(61) ParNew: 33891K->732K(37440K)
[250.228s][info][gc,heap      ] GC(61) CMS: 34723K->34790K(83328K)
[250.228s][info][gc,metaspace ] GC(61) Metaspace: 82625K->82625K(1130496K)
[250.228s][info][gc           ] GC(61) Pause Young (Allocation Failure) 67M->34M(117M) 2.670ms
[250.228s][info][gc,cpu       ] GC(61) User=0.01s Sys=0.01s Real=0.01s
[254.193s][info][gc,start     ] GC(62) Pause Young (Allocation Failure)
[254.193s][info][gc,task      ] GC(62) Using 4 workers of 4 for evacuation
[254.195s][info][gc,heap      ] GC(62) ParNew: 34012K->610K(37440K)
[254.195s][info][gc,heap      ] GC(62) CMS: 34790K->34857K(83328K)
[254.195s][info][gc,metaspace ] GC(62) Metaspace: 82625K->82625K(1130496K)
[254.195s][info][gc           ] GC(62) Pause Young (Allocation Failure) 67M->34M(117M) 2.363ms
[254.195s][info][gc,cpu       ] GC(62) User=0.00s Sys=0.00s Real=0.00s
[258.191s][info][gc,start     ] GC(63) Pause Young (Allocation Failure)
[258.191s][info][gc,task      ] GC(63) Using 4 workers of 4 for evacuation
[258.194s][info][gc,heap      ] GC(63) ParNew: 33890K->740K(37440K)
[258.194s][info][gc,heap      ] GC(63) CMS: 34857K->34924K(83328K)
[258.194s][info][gc,metaspace ] GC(63) Metaspace: 82627K->82627K(1130496K)
[258.194s][info][gc           ] GC(63) Pause Young (Allocation Failure) 67M->34M(117M) 2.688ms
[258.194s][info][gc,cpu       ] GC(63) User=0.01s Sys=0.00s Real=0.00s
[262.175s][info][gc,start     ] GC(64) Pause Young (Allocation Failure)
[262.175s][info][gc,task      ] GC(64) Using 4 workers of 4 for evacuation
[262.177s][info][gc,heap      ] GC(64) ParNew: 34020K->736K(37440K)
[262.177s][info][gc,heap      ] GC(64) CMS: 34924K->34992K(83328K)
[262.177s][info][gc,metaspace ] GC(64) Metaspace: 82657K->82657K(1130496K)
[262.177s][info][gc           ] GC(64) Pause Young (Allocation Failure) 67M->34M(117M) 2.705ms
[262.177s][info][gc,cpu       ] GC(64) User=0.01s Sys=0.00s Real=0.01s
[266.153s][info][gc,start     ] GC(65) Pause Young (Allocation Failure)
[266.153s][info][gc,task      ] GC(65) Using 4 workers of 4 for evacuation
[266.155s][info][gc,heap      ] GC(65) ParNew: 34016K->612K(37440K)
[266.155s][info][gc,heap      ] GC(65) CMS: 34992K->35059K(83328K)
[266.155s][info][gc,metaspace ] GC(65) Metaspace: 82661K->82661K(1130496K)
[266.155s][info][gc           ] GC(65) Pause Young (Allocation Failure) 67M->34M(117M) 1.957ms
[266.155s][info][gc,cpu       ] GC(65) User=0.01s Sys=0.00s Real=0.00s
[270.134s][info][gc,start     ] GC(66) Pause Young (Allocation Failure)
[270.134s][info][gc,task      ] GC(66) Using 4 workers of 4 for evacuation
[270.136s][info][gc,heap      ] GC(66) ParNew: 33892K->611K(37440K)
[270.136s][info][gc,heap      ] GC(66) CMS: 35059K->35126K(83328K)
[270.136s][info][gc,metaspace ] GC(66) Metaspace: 82662K->82662K(1130496K)
[270.136s][info][gc           ] GC(66) Pause Young (Allocation Failure) 67M->34M(117M) 2.693ms
[270.136s][info][gc,cpu       ] GC(66) User=0.00s Sys=0.00s Real=0.01s
[274.084s][info][gc,start     ] GC(67) Pause Young (Allocation Failure)
[274.084s][info][gc,task      ] GC(67) Using 4 workers of 4 for evacuation
[274.086s][info][gc,heap      ] GC(67) ParNew: 33891K->734K(37440K)
[274.086s][info][gc,heap      ] GC(67) CMS: 35126K->35193K(83328K)
[274.086s][info][gc,metaspace ] GC(67) Metaspace: 82665K->82665K(1130496K)
[274.086s][info][gc           ] GC(67) Pause Young (Allocation Failure) 67M->35M(117M) 2.479ms
[274.086s][info][gc,cpu       ] GC(67) User=0.00s Sys=0.00s Real=0.01s
[278.075s][info][gc,start     ] GC(68) Pause Young (Allocation Failure)
[278.075s][info][gc,task      ] GC(68) Using 4 workers of 4 for evacuation
[278.077s][info][gc,heap      ] GC(68) ParNew: 34014K->611K(37440K)
[278.077s][info][gc,heap      ] GC(68) CMS: 35193K->35260K(83328K)
[278.077s][info][gc,metaspace ] GC(68) Metaspace: 82665K->82665K(1130496K)
[278.077s][info][gc           ] GC(68) Pause Young (Allocation Failure) 67M->35M(117M) 2.687ms
[278.077s][info][gc,cpu       ] GC(68) User=0.01s Sys=0.00s Real=0.01s
[282.056s][info][gc,start     ] GC(69) Pause Young (Allocation Failure)
[282.056s][info][gc,task      ] GC(69) Using 4 workers of 4 for evacuation
[282.058s][info][gc,heap      ] GC(69) ParNew: 33891K->610K(37440K)
[282.058s][info][gc,heap      ] GC(69) CMS: 35260K->35328K(83328K)
[282.058s][info][gc,metaspace ] GC(69) Metaspace: 82666K->82666K(1130496K)
[282.058s][info][gc           ] GC(69) Pause Young (Allocation Failure) 67M->35M(117M) 2.291ms
[282.058s][info][gc,cpu       ] GC(69) User=0.01s Sys=0.00s Real=0.00s
[286.034s][info][gc,start     ] GC(70) Pause Young (Allocation Failure)
[286.034s][info][gc,task      ] GC(70) Using 4 workers of 4 for evacuation
[286.037s][info][gc,heap      ] GC(70) ParNew: 33890K->734K(37440K)
[286.037s][info][gc,heap      ] GC(70) CMS: 35328K->35395K(83328K)
[286.037s][info][gc,metaspace ] GC(70) Metaspace: 82667K->82667K(1130496K)
[286.037s][info][gc           ] GC(70) Pause Young (Allocation Failure) 67M->35M(117M) 2.781ms
[286.037s][info][gc,cpu       ] GC(70) User=0.00s Sys=0.01s Real=0.01s
[290.002s][info][gc,start     ] GC(71) Pause Young (Allocation Failure)
[290.002s][info][gc,task      ] GC(71) Using 4 workers of 4 for evacuation
[290.005s][info][gc,heap      ] GC(71) ParNew: 34014K->611K(37440K)
[290.005s][info][gc,heap      ] GC(71) CMS: 35395K->35463K(83328K)
[290.005s][info][gc,metaspace ] GC(71) Metaspace: 82667K->82667K(1130496K)
[290.005s][info][gc           ] GC(71) Pause Young (Allocation Failure) 67M->35M(117M) 2.515ms
[290.005s][info][gc,cpu       ] GC(71) User=0.01s Sys=0.00s Real=0.00s
[293.960s][info][gc,start     ] GC(72) Pause Young (Allocation Failure)
[293.960s][info][gc,task      ] GC(72) Using 4 workers of 4 for evacuation
[293.962s][info][gc,heap      ] GC(72) ParNew: 33891K->732K(37440K)
[293.962s][info][gc,heap      ] GC(72) CMS: 35463K->35531K(83328K)
[293.962s][info][gc,metaspace ] GC(72) Metaspace: 82668K->82668K(1130496K)
[293.962s][info][gc           ] GC(72) Pause Young (Allocation Failure) 67M->35M(117M) 2.536ms
[293.962s][info][gc,cpu       ] GC(72) User=0.01s Sys=0.00s Real=0.00s
[297.928s][info][gc,start     ] GC(73) Pause Young (Allocation Failure)
[297.928s][info][gc,task      ] GC(73) Using 4 workers of 4 for evacuation
[297.931s][info][gc,heap      ] GC(73) ParNew: 34012K->731K(37440K)
[297.931s][info][gc,heap      ] GC(73) CMS: 35531K->35598K(83328K)
[297.931s][info][gc,metaspace ] GC(73) Metaspace: 82668K->82668K(1130496K)
[297.931s][info][gc           ] GC(73) Pause Young (Allocation Failure) 67M->35M(117M) 2.297ms
[297.931s][info][gc,cpu       ] GC(73) User=0.01s Sys=0.01s Real=0.00s
[301.898s][info][gc,start     ] GC(74) Pause Young (Allocation Failure)
[301.898s][info][gc,task      ] GC(74) Using 4 workers of 4 for evacuation
[301.900s][info][gc,heap      ] GC(74) ParNew: 34011K->731K(37440K)
[301.900s][info][gc,heap      ] GC(74) CMS: 35598K->35665K(83328K)
[301.900s][info][gc,metaspace ] GC(74) Metaspace: 82668K->82668K(1130496K)
[301.900s][info][gc           ] GC(74) Pause Young (Allocation Failure) 67M->35M(117M) 2.255ms
[301.900s][info][gc,cpu       ] GC(74) User=0.01s Sys=0.00s Real=0.00s
[305.866s][info][gc,start     ] GC(75) Pause Young (Allocation Failure)
[305.866s][info][gc,task      ] GC(75) Using 4 workers of 4 for evacuation
[305.868s][info][gc,heap      ] GC(75) ParNew: 34011K->732K(37440K)
[305.868s][info][gc,heap      ] GC(75) CMS: 35665K->35732K(83328K)
[305.868s][info][gc,metaspace ] GC(75) Metaspace: 82668K->82668K(1130496K)
[305.868s][info][gc           ] GC(75) Pause Young (Allocation Failure) 68M->35M(117M) 2.281ms
[305.868s][info][gc,cpu       ] GC(75) User=0.01s Sys=0.01s Real=0.01s
[309.837s][info][gc,start     ] GC(76) Pause Young (Allocation Failure)
[309.837s][info][gc,task      ] GC(76) Using 4 workers of 4 for evacuation
[309.839s][info][gc,heap      ] GC(76) ParNew: 34012K->608K(37440K)
[309.839s][info][gc,heap      ] GC(76) CMS: 35732K->35799K(83328K)
[309.839s][info][gc,metaspace ] GC(76) Metaspace: 82668K->82668K(1130496K)
[309.839s][info][gc           ] GC(76) Pause Young (Allocation Failure) 68M->35M(117M) 2.305ms
[309.839s][info][gc,cpu       ] GC(76) User=0.01s Sys=0.00s Real=0.00s
[313.801s][info][gc,start     ] GC(77) Pause Young (Allocation Failure)
[313.802s][info][gc,task      ] GC(77) Using 4 workers of 4 for evacuation
[313.804s][info][gc,heap      ] GC(77) ParNew: 33888K->851K(37440K)
[313.804s][info][gc,heap      ] GC(77) CMS: 35799K->35866K(83328K)
[313.804s][info][gc,metaspace ] GC(77) Metaspace: 82668K->82668K(1130496K)
[313.804s][info][gc           ] GC(77) Pause Young (Allocation Failure) 68M->35M(117M) 2.621ms
[313.804s][info][gc,cpu       ] GC(77) User=0.01s Sys=0.00s Real=0.00s
[317.769s][info][gc,start     ] GC(78) Pause Young (Allocation Failure)
[317.769s][info][gc,task      ] GC(78) Using 4 workers of 4 for evacuation
[317.771s][info][gc,heap      ] GC(78) ParNew: 34131K->684K(37440K)
[317.771s][info][gc,heap      ] GC(78) CMS: 35866K->35934K(83328K)
[317.771s][info][gc,metaspace ] GC(78) Metaspace: 82669K->82669K(1130496K)
[317.771s][info][gc           ] GC(78) Pause Young (Allocation Failure) 68M->35M(117M) 2.364ms
[317.771s][info][gc,cpu       ] GC(78) User=0.01s Sys=0.00s Real=0.00s
[321.756s][info][gc,start     ] GC(79) Pause Young (Allocation Failure)
[321.756s][info][gc,task      ] GC(79) Using 4 workers of 4 for evacuation
[321.759s][info][gc,heap      ] GC(79) ParNew: 33964K->697K(37440K)
[321.759s][info][gc,heap      ] GC(79) CMS: 35934K->36001K(83328K)
[321.759s][info][gc,metaspace ] GC(79) Metaspace: 82669K->82669K(1130496K)
[321.759s][info][gc           ] GC(79) Pause Young (Allocation Failure) 68M->35M(117M) 2.224ms
[321.759s][info][gc,cpu       ] GC(79) User=0.01s Sys=0.00s Real=0.00s
[325.714s][info][gc,start     ] GC(80) Pause Young (Allocation Failure)
[325.714s][info][gc,task      ] GC(80) Using 4 workers of 4 for evacuation
[325.716s][info][gc,heap      ] GC(80) ParNew: 33977K->631K(37440K)
[325.716s][info][gc,heap      ] GC(80) CMS: 36001K->36068K(83328K)
[325.716s][info][gc,metaspace ] GC(80) Metaspace: 82673K->82673K(1130496K)
[325.716s][info][gc           ] GC(80) Pause Young (Allocation Failure) 68M->35M(117M) 2.281ms
[325.716s][info][gc,cpu       ] GC(80) User=0.01s Sys=0.00s Real=0.01s
[329.662s][info][gc,start     ] GC(81) Pause Young (Allocation Failure)
[329.662s][info][gc,task      ] GC(81) Using 4 workers of 4 for evacuation
[329.665s][info][gc,heap      ] GC(81) ParNew: 33911K->776K(37440K)
[329.665s][info][gc,heap      ] GC(81) CMS: 36068K->36134K(83328K)
[329.665s][info][gc,metaspace ] GC(81) Metaspace: 82674K->82674K(1130496K)
[329.665s][info][gc           ] GC(81) Pause Young (Allocation Failure) 68M->36M(117M) 2.486ms
[329.665s][info][gc,cpu       ] GC(81) User=0.01s Sys=0.00s Real=0.00s
[333.641s][info][gc,start     ] GC(82) Pause Young (Allocation Failure)
[333.641s][info][gc,task      ] GC(82) Using 4 workers of 4 for evacuation
[333.643s][info][gc,heap      ] GC(82) ParNew: 34056K->780K(37440K)
[333.643s][info][gc,heap      ] GC(82) CMS: 36134K->36201K(83328K)
[333.643s][info][gc,metaspace ] GC(82) Metaspace: 82681K->82681K(1130496K)
[333.643s][info][gc           ] GC(82) Pause Young (Allocation Failure) 68M->36M(117M) 2.215ms
[333.643s][info][gc,cpu       ] GC(82) User=0.01s Sys=0.00s Real=0.00s
[337.616s][info][gc,start     ] GC(83) Pause Young (Allocation Failure)
[337.616s][info][gc,task      ] GC(83) Using 4 workers of 4 for evacuation
[337.618s][info][gc,heap      ] GC(83) ParNew: 34060K->779K(37440K)
[337.618s][info][gc,heap      ] GC(83) CMS: 36201K->36268K(83328K)
[337.618s][info][gc,metaspace ] GC(83) Metaspace: 82681K->82681K(1130496K)
[337.618s][info][gc           ] GC(83) Pause Young (Allocation Failure) 68M->36M(117M) 2.370ms
[337.618s][info][gc,cpu       ] GC(83) User=0.00s Sys=0.00s Real=0.01s
[341.591s][info][gc,start     ] GC(84) Pause Young (Allocation Failure)
[341.591s][info][gc,task      ] GC(84) Using 4 workers of 4 for evacuation
[341.594s][info][gc,heap      ] GC(84) ParNew: 34059K->649K(37440K)
[341.594s][info][gc,heap      ] GC(84) CMS: 36268K->36367K(83328K)
[341.594s][info][gc,metaspace ] GC(84) Metaspace: 82681K->82681K(1130496K)
[341.594s][info][gc           ] GC(84) Pause Young (Allocation Failure) 68M->36M(117M) 2.216ms
[341.594s][info][gc,cpu       ] GC(84) User=0.01s Sys=0.00s Real=0.00s
[345.576s][info][gc,start     ] GC(85) Pause Young (Allocation Failure)
[345.576s][info][gc,task      ] GC(85) Using 4 workers of 4 for evacuation
[345.579s][info][gc,heap      ] GC(85) ParNew: 33929K->744K(37440K)
[345.579s][info][gc,heap      ] GC(85) CMS: 36367K->36434K(83328K)
[345.579s][info][gc,metaspace ] GC(85) Metaspace: 82681K->82681K(1130496K)
[345.579s][info][gc           ] GC(85) Pause Young (Allocation Failure) 68M->36M(117M) 2.337ms
[345.579s][info][gc,cpu       ] GC(85) User=0.01s Sys=0.00s Real=0.00s
[349.558s][info][gc,start     ] GC(86) Pause Young (Allocation Failure)
[349.558s][info][gc,task      ] GC(86) Using 4 workers of 4 for evacuation
[349.560s][info][gc,heap      ] GC(86) ParNew: 34024K->613K(37440K)
[349.560s][info][gc,heap      ] GC(86) CMS: 36434K->36502K(83328K)
[349.560s][info][gc,metaspace ] GC(86) Metaspace: 82681K->82681K(1130496K)
[349.561s][info][gc           ] GC(86) Pause Young (Allocation Failure) 68M->36M(117M) 2.642ms
[349.561s][info][gc,cpu       ] GC(86) User=0.01s Sys=0.00s Real=0.00s
[353.549s][info][gc,start     ] GC(87) Pause Young (Allocation Failure)
[353.549s][info][gc,task      ] GC(87) Using 4 workers of 4 for evacuation
[353.552s][info][gc,heap      ] GC(87) ParNew: 33893K->610K(37440K)
[353.552s][info][gc,heap      ] GC(87) CMS: 36502K->36569K(83328K)
[353.552s][info][gc,metaspace ] GC(87) Metaspace: 82681K->82681K(1130496K)
[353.552s][info][gc           ] GC(87) Pause Young (Allocation Failure) 68M->36M(117M) 2.835ms
[353.552s][info][gc,cpu       ] GC(87) User=0.01s Sys=0.00s Real=0.00s
[357.527s][info][gc,start     ] GC(88) Pause Young (Allocation Failure)
[357.527s][info][gc,task      ] GC(88) Using 4 workers of 4 for evacuation
[357.530s][info][gc,heap      ] GC(88) ParNew: 33890K->611K(37440K)
[357.530s][info][gc,heap      ] GC(88) CMS: 36569K->36637K(83328K)
[357.530s][info][gc,metaspace ] GC(88) Metaspace: 82685K->82685K(1130496K)
[357.530s][info][gc           ] GC(88) Pause Young (Allocation Failure) 68M->36M(117M) 2.568ms
[357.530s][info][gc,cpu       ] GC(88) User=0.01s Sys=0.00s Real=0.00s
[361.502s][info][gc,start     ] GC(89) Pause Young (Allocation Failure)
[361.502s][info][gc,task      ] GC(89) Using 4 workers of 4 for evacuation
[361.504s][info][gc,heap      ] GC(89) ParNew: 33891K->734K(37440K)
[361.504s][info][gc,heap      ] GC(89) CMS: 36637K->36704K(83328K)
[361.504s][info][gc,metaspace ] GC(89) Metaspace: 82689K->82689K(1130496K)
[361.504s][info][gc           ] GC(89) Pause Young (Allocation Failure) 68M->36M(117M) 2.124ms
[361.504s][info][gc,cpu       ] GC(89) User=0.01s Sys=0.00s Real=0.00s
[365.458s][info][gc,start     ] GC(90) Pause Young (Allocation Failure)
[365.458s][info][gc,task      ] GC(90) Using 4 workers of 4 for evacuation
[365.461s][info][gc,heap      ] GC(90) ParNew: 34014K->612K(37440K)
[365.461s][info][gc,heap      ] GC(90) CMS: 36704K->36771K(83328K)
[365.461s][info][gc,metaspace ] GC(90) Metaspace: 82696K->82696K(1130496K)
[365.461s][info][gc           ] GC(90) Pause Young (Allocation Failure) 69M->36M(117M) 2.510ms
[365.461s][info][gc,cpu       ] GC(90) User=0.01s Sys=0.00s Real=0.00s
[369.451s][info][gc,start     ] GC(91) Pause Young (Allocation Failure)
[369.451s][info][gc,task      ] GC(91) Using 4 workers of 4 for evacuation
[369.453s][info][gc,heap      ] GC(91) ParNew: 33892K->734K(37440K)
[369.453s][info][gc,heap      ] GC(91) CMS: 36771K->36839K(83328K)
[369.453s][info][gc,metaspace ] GC(91) Metaspace: 82698K->82698K(1130496K)
[369.453s][info][gc           ] GC(91) Pause Young (Allocation Failure) 69M->36M(117M) 2.464ms
[369.453s][info][gc,cpu       ] GC(91) User=0.01s Sys=0.00s Real=0.00s
[373.429s][info][gc,start     ] GC(92) Pause Young (Allocation Failure)
[373.429s][info][gc,task      ] GC(92) Using 4 workers of 4 for evacuation
[373.432s][info][gc,heap      ] GC(92) ParNew: 34014K->616K(37440K)
[373.432s][info][gc,heap      ] GC(92) CMS: 36839K->36906K(83328K)
[373.432s][info][gc,metaspace ] GC(92) Metaspace: 82699K->82699K(1130496K)
[373.432s][info][gc           ] GC(92) Pause Young (Allocation Failure) 69M->36M(117M) 2.436ms
[373.432s][info][gc,cpu       ] GC(92) User=0.01s Sys=0.00s Real=0.00s
[377.398s][info][gc,start     ] GC(93) Pause Young (Allocation Failure)
[377.398s][info][gc,task      ] GC(93) Using 4 workers of 4 for evacuation
[377.401s][info][gc,heap      ] GC(93) ParNew: 33896K->738K(37440K)
[377.401s][info][gc,heap      ] GC(93) CMS: 36906K->36973K(83328K)
[377.401s][info][gc,metaspace ] GC(93) Metaspace: 82700K->82700K(1130496K)
[377.401s][info][gc           ] GC(93) Pause Young (Allocation Failure) 69M->36M(117M) 2.533ms
[377.401s][info][gc,cpu       ] GC(93) User=0.01s Sys=0.00s Real=0.00s
[381.365s][info][gc,start     ] GC(94) Pause Young (Allocation Failure)
[381.366s][info][gc,task      ] GC(94) Using 4 workers of 4 for evacuation
[381.368s][info][gc,heap      ] GC(94) ParNew: 34018K->615K(37440K)
[381.368s][info][gc,heap      ] GC(94) CMS: 36973K->37041K(83328K)
[381.368s][info][gc,metaspace ] GC(94) Metaspace: 82707K->82707K(1130496K)
[381.368s][info][gc           ] GC(94) Pause Young (Allocation Failure) 69M->36M(117M) 2.335ms
[381.368s][info][gc,cpu       ] GC(94) User=0.01s Sys=0.00s Real=0.01s
[385.334s][info][gc,start     ] GC(95) Pause Young (Allocation Failure)
[385.334s][info][gc,task      ] GC(95) Using 4 workers of 4 for evacuation
[385.336s][info][gc,heap      ] GC(95) ParNew: 33895K->735K(37440K)
[385.336s][info][gc,heap      ] GC(95) CMS: 37041K->37110K(83328K)
[385.336s][info][gc,metaspace ] GC(95) Metaspace: 82707K->82707K(1130496K)
[385.336s][info][gc           ] GC(95) Pause Young (Allocation Failure) 69M->36M(117M) 2.930ms
[385.336s][info][gc,cpu       ] GC(95) User=0.00s Sys=0.00s Real=0.01s
[389.310s][info][gc,start     ] GC(96) Pause Young (Allocation Failure)
[389.310s][info][gc,task      ] GC(96) Using 4 workers of 4 for evacuation
[389.313s][info][gc,heap      ] GC(96) ParNew: 34015K->610K(37440K)
[389.313s][info][gc,heap      ] GC(96) CMS: 37110K->37177K(83328K)
[389.313s][info][gc,metaspace ] GC(96) Metaspace: 82715K->82715K(1130496K)
[389.313s][info][gc           ] GC(96) Pause Young (Allocation Failure) 69M->36M(117M) 2.659ms
[389.313s][info][gc,cpu       ] GC(96) User=0.01s Sys=0.00s Real=0.00s
[393.282s][info][gc,start     ] GC(97) Pause Young (Allocation Failure)
[393.282s][info][gc,task      ] GC(97) Using 4 workers of 4 for evacuation
[393.284s][info][gc,heap      ] GC(97) ParNew: 33890K->610K(37440K)
[393.284s][info][gc,heap      ] GC(97) CMS: 37177K->37244K(83328K)
[393.284s][info][gc,metaspace ] GC(97) Metaspace: 82720K->82720K(1130496K)
[393.284s][info][gc           ] GC(97) Pause Young (Allocation Failure) 69M->36M(117M) 2.450ms
[393.284s][info][gc,cpu       ] GC(97) User=0.01s Sys=0.00s Real=0.00s
[397.270s][info][gc,start     ] GC(98) Pause Young (Allocation Failure)
[397.270s][info][gc,task      ] GC(98) Using 4 workers of 4 for evacuation
[397.272s][info][gc,heap      ] GC(98) ParNew: 33890K->612K(37440K)
[397.272s][info][gc,heap      ] GC(98) CMS: 37244K->37311K(83328K)
[397.272s][info][gc,metaspace ] GC(98) Metaspace: 82724K->82724K(1130496K)
[397.272s][info][gc           ] GC(98) Pause Young (Allocation Failure) 69M->37M(117M) 2.201ms
[397.272s][info][gc,cpu       ] GC(98) User=0.01s Sys=0.00s Real=0.00s
[401.241s][info][gc,start     ] GC(99) Pause Young (Allocation Failure)
[401.241s][info][gc,task      ] GC(99) Using 4 workers of 4 for evacuation
[401.244s][info][gc,heap      ] GC(99) ParNew: 33892K->735K(37440K)
[401.244s][info][gc,heap      ] GC(99) CMS: 37311K->37378K(83328K)
[401.244s][info][gc,metaspace ] GC(99) Metaspace: 82725K->82725K(1130496K)
[401.244s][info][gc           ] GC(99) Pause Young (Allocation Failure) 69M->37M(117M) 2.780ms
[401.244s][info][gc,cpu       ] GC(99) User=0.00s Sys=0.00s Real=0.00s
[405.228s][info][gc,start     ] GC(100) Pause Young (Allocation Failure)
[405.228s][info][gc,task      ] GC(100) Using 4 workers of 4 for evacuation
[405.230s][info][gc,heap      ] GC(100) ParNew: 34015K->858K(37440K)
[405.230s][info][gc,heap      ] GC(100) CMS: 37378K->37445K(83328K)
[405.230s][info][gc,metaspace ] GC(100) Metaspace: 82725K->82725K(1130496K)
[405.230s][info][gc           ] GC(100) Pause Young (Allocation Failure) 69M->37M(117M) 2.808ms
[405.230s][info][gc,cpu       ] GC(100) User=0.01s Sys=0.00s Real=0.00s
[409.205s][info][gc,start     ] GC(101) Pause Young (Allocation Failure)
[409.205s][info][gc,task      ] GC(101) Using 4 workers of 4 for evacuation
[409.208s][info][gc,heap      ] GC(101) ParNew: 34138K->613K(37440K)
[409.208s][info][gc,heap      ] GC(101) CMS: 37445K->37512K(83328K)
[409.208s][info][gc,metaspace ] GC(101) Metaspace: 82725K->82725K(1130496K)
[409.208s][info][gc           ] GC(101) Pause Young (Allocation Failure) 69M->37M(117M) 2.425ms
[409.208s][info][gc,cpu       ] GC(101) User=0.01s Sys=0.00s Real=0.01s
[413.200s][info][gc,start     ] GC(102) Pause Young (Allocation Failure)
[413.200s][info][gc,task      ] GC(102) Using 4 workers of 4 for evacuation
[413.202s][info][gc,heap      ] GC(102) ParNew: 33893K->668K(37440K)
[413.202s][info][gc,heap      ] GC(102) CMS: 37512K->37581K(83328K)
[413.202s][info][gc,metaspace ] GC(102) Metaspace: 82726K->82726K(1130496K)
[413.202s][info][gc           ] GC(102) Pause Young (Allocation Failure) 69M->37M(117M) 2.375ms
[413.202s][info][gc,cpu       ] GC(102) User=0.01s Sys=0.00s Real=0.00s
[417.191s][info][gc,start     ] GC(103) Pause Young (Allocation Failure)
[417.191s][info][gc,task      ] GC(103) Using 4 workers of 4 for evacuation
[417.193s][info][gc,heap      ] GC(103) ParNew: 33948K->838K(37440K)
[417.193s][info][gc,heap      ] GC(103) CMS: 37581K->37648K(83328K)
[417.193s][info][gc,metaspace ] GC(103) Metaspace: 82726K->82726K(1130496K)
[417.193s][info][gc           ] GC(103) Pause Young (Allocation Failure) 69M->37M(117M) 2.712ms
[417.193s][info][gc,cpu       ] GC(103) User=0.01s Sys=0.00s Real=0.00s
[421.184s][info][gc,start     ] GC(104) Pause Young (Allocation Failure)
[421.184s][info][gc,task      ] GC(104) Using 4 workers of 4 for evacuation
[421.186s][info][gc,heap      ] GC(104) ParNew: 34118K->609K(37440K)
[421.186s][info][gc,heap      ] GC(104) CMS: 37648K->37715K(83328K)
[421.186s][info][gc,metaspace ] GC(104) Metaspace: 82726K->82726K(1130496K)
[421.186s][info][gc           ] GC(104) Pause Young (Allocation Failure) 70M->37M(117M) 2.199ms
[421.186s][info][gc,cpu       ] GC(104) User=0.00s Sys=0.00s Real=0.01s
[425.161s][info][gc,start     ] GC(105) Pause Young (Allocation Failure)
[425.161s][info][gc,task      ] GC(105) Using 4 workers of 4 for evacuation
[425.163s][info][gc,heap      ] GC(105) ParNew: 33889K->667K(37440K)
[425.164s][info][gc,heap      ] GC(105) CMS: 37715K->37782K(83328K)
[425.164s][info][gc,metaspace ] GC(105) Metaspace: 82726K->82726K(1130496K)
[425.164s][info][gc           ] GC(105) Pause Young (Allocation Failure) 69M->37M(117M) 2.156ms
[425.164s][info][gc,cpu       ] GC(105) User=0.01s Sys=0.00s Real=0.00s
[429.130s][info][gc,start     ] GC(106) Pause Young (Allocation Failure)
[429.130s][info][gc,task      ] GC(106) Using 4 workers of 4 for evacuation
[429.133s][info][gc,heap      ] GC(106) ParNew: 33947K->720K(37440K)
[429.133s][info][gc,heap      ] GC(106) CMS: 37782K->37851K(83328K)
[429.133s][info][gc,metaspace ] GC(106) Metaspace: 82726K->82726K(1130496K)
[429.133s][info][gc           ] GC(106) Pause Young (Allocation Failure) 70M->37M(117M) 3.287ms
[429.133s][info][gc,cpu       ] GC(106) User=0.01s Sys=0.00s Real=0.00s
[433.117s][info][gc,start     ] GC(107) Pause Young (Allocation Failure)
[433.117s][info][gc,task      ] GC(107) Using 4 workers of 4 for evacuation
[433.119s][info][gc,heap      ] GC(107) ParNew: 34000K->733K(37440K)
[433.119s][info][gc,heap      ] GC(107) CMS: 37851K->37919K(83328K)
[433.119s][info][gc,metaspace ] GC(107) Metaspace: 82727K->82727K(1130496K)
[433.119s][info][gc           ] GC(107) Pause Young (Allocation Failure) 70M->37M(117M) 2.260ms
[433.119s][info][gc,cpu       ] GC(107) User=0.00s Sys=0.00s Real=0.00s
[437.095s][info][gc,start     ] GC(108) Pause Young (Allocation Failure)
[437.095s][info][gc,task      ] GC(108) Using 4 workers of 4 for evacuation
[437.097s][info][gc,heap      ] GC(108) ParNew: 34013K->610K(37440K)
[437.097s][info][gc,heap      ] GC(108) CMS: 37919K->37986K(83328K)
[437.097s][info][gc,metaspace ] GC(108) Metaspace: 82728K->82728K(1130496K)
[437.097s][info][gc           ] GC(108) Pause Young (Allocation Failure) 70M->37M(117M) 2.536ms
[437.097s][info][gc,cpu       ] GC(108) User=0.01s Sys=0.00s Real=0.01s
[441.073s][info][gc,start     ] GC(109) Pause Young (Allocation Failure)
[441.073s][info][gc,task      ] GC(109) Using 4 workers of 4 for evacuation
[441.075s][info][gc,heap      ] GC(109) ParNew: 33890K->611K(37440K)
[441.075s][info][gc,heap      ] GC(109) CMS: 37986K->38054K(83328K)
[441.075s][info][gc,metaspace ] GC(109) Metaspace: 82730K->82730K(1130496K)
[441.075s][info][gc           ] GC(109) Pause Young (Allocation Failure) 70M->37M(117M) 2.286ms
[441.075s][info][gc,cpu       ] GC(109) User=0.01s Sys=0.00s Real=0.00s
[445.049s][info][gc,start     ] GC(110) Pause Young (Allocation Failure)
[445.049s][info][gc,task      ] GC(110) Using 4 workers of 4 for evacuation
[445.051s][info][gc,heap      ] GC(110) ParNew: 33891K->611K(37440K)
[445.051s][info][gc,heap      ] GC(110) CMS: 38054K->38122K(83328K)
[445.051s][info][gc,metaspace ] GC(110) Metaspace: 82730K->82730K(1130496K)
[445.051s][info][gc           ] GC(110) Pause Young (Allocation Failure) 70M->37M(117M) 2.121ms
[445.051s][info][gc,cpu       ] GC(110) User=0.01s Sys=0.00s Real=0.00s
[449.030s][info][gc,start     ] GC(111) Pause Young (Allocation Failure)
[449.030s][info][gc,task      ] GC(111) Using 4 workers of 4 for evacuation
[449.032s][info][gc,heap      ] GC(111) ParNew: 33891K->731K(37440K)
[449.032s][info][gc,heap      ] GC(111) CMS: 38122K->38189K(83328K)
[449.032s][info][gc,metaspace ] GC(111) Metaspace: 82730K->82730K(1130496K)
[449.032s][info][gc           ] GC(111) Pause Young (Allocation Failure) 70M->38M(117M) 2.496ms
[449.032s][info][gc,cpu       ] GC(111) User=0.00s Sys=0.00s Real=0.00s
[453.007s][info][gc,start     ] GC(112) Pause Young (Allocation Failure)
[453.007s][info][gc,task      ] GC(112) Using 4 workers of 4 for evacuation
[453.010s][info][gc,heap      ] GC(112) ParNew: 34011K->731K(37440K)
[453.010s][info][gc,heap      ] GC(112) CMS: 38189K->38256K(83328K)
[453.010s][info][gc,metaspace ] GC(112) Metaspace: 82731K->82731K(1130496K)
[453.010s][info][gc           ] GC(112) Pause Young (Allocation Failure) 70M->38M(117M) 2.713ms
[453.010s][info][gc,cpu       ] GC(112) User=0.01s Sys=0.00s Real=0.00s
[456.985s][info][gc,start     ] GC(113) Pause Young (Allocation Failure)
[456.985s][info][gc,task      ] GC(113) Using 4 workers of 4 for evacuation
[456.988s][info][gc,heap      ] GC(113) ParNew: 34011K->731K(37440K)
[456.988s][info][gc,heap      ] GC(113) CMS: 38256K->38324K(83328K)
[456.988s][info][gc,metaspace ] GC(113) Metaspace: 82731K->82731K(1130496K)
[456.988s][info][gc           ] GC(113) Pause Young (Allocation Failure) 70M->38M(117M) 2.726ms
[456.988s][info][gc,cpu       ] GC(113) User=0.00s Sys=0.00s Real=0.01s
[460.953s][info][gc,start     ] GC(114) Pause Young (Allocation Failure)
[460.953s][info][gc,task      ] GC(114) Using 4 workers of 4 for evacuation
[460.955s][info][gc,heap      ] GC(114) ParNew: 34011K->611K(37440K)
[460.955s][info][gc,heap      ] GC(114) CMS: 38324K->38391K(83328K)
[460.955s][info][gc,metaspace ] GC(114) Metaspace: 82731K->82731K(1130496K)
[460.955s][info][gc           ] GC(114) Pause Young (Allocation Failure) 70M->38M(117M) 2.180ms
[460.955s][info][gc,cpu       ] GC(114) User=0.00s Sys=0.00s Real=0.00s
[464.931s][info][gc,start     ] GC(115) Pause Young (Allocation Failure)
[464.931s][info][gc,task      ] GC(115) Using 4 workers of 4 for evacuation
[464.933s][info][gc,heap      ] GC(115) ParNew: 33891K->732K(37440K)
[464.933s][info][gc,heap      ] GC(115) CMS: 38391K->38458K(83328K)
[464.933s][info][gc,metaspace ] GC(115) Metaspace: 82731K->82731K(1130496K)
[464.933s][info][gc           ] GC(115) Pause Young (Allocation Failure) 70M->38M(117M) 2.454ms
[464.933s][info][gc,cpu       ] GC(115) User=0.00s Sys=0.00s Real=0.00s
[468.908s][info][gc,start     ] GC(116) Pause Young (Allocation Failure)
[468.908s][info][gc,task      ] GC(116) Using 4 workers of 4 for evacuation
[468.910s][info][gc,heap      ] GC(116) ParNew: 34012K->611K(37440K)
[468.910s][info][gc,heap      ] GC(116) CMS: 38458K->38525K(83328K)
[468.910s][info][gc,metaspace ] GC(116) Metaspace: 82731K->82731K(1130496K)
[468.910s][info][gc           ] GC(116) Pause Young (Allocation Failure) 70M->38M(117M) 2.124ms
[468.910s][info][gc,cpu       ] GC(116) User=0.00s Sys=0.00s Real=0.00s
[472.886s][info][gc,start     ] GC(117) Pause Young (Allocation Failure)
[472.886s][info][gc,task      ] GC(117) Using 4 workers of 4 for evacuation
[472.888s][info][gc,heap      ] GC(117) ParNew: 33891K->734K(37440K)
[472.888s][info][gc,heap      ] GC(117) CMS: 38525K->38592K(83328K)
[472.888s][info][gc,metaspace ] GC(117) Metaspace: 82731K->82731K(1130496K)
[472.888s][info][gc           ] GC(117) Pause Young (Allocation Failure) 70M->38M(117M) 2.410ms
[472.888s][info][gc,cpu       ] GC(117) User=0.00s Sys=0.00s Real=0.00s
[476.853s][info][gc,start     ] GC(118) Pause Young (Allocation Failure)
[476.853s][info][gc,task      ] GC(118) Using 4 workers of 4 for evacuation
[476.855s][info][gc,heap      ] GC(118) ParNew: 34014K->734K(37440K)
[476.855s][info][gc,heap      ] GC(118) CMS: 38592K->38660K(83328K)
[476.855s][info][gc,metaspace ] GC(118) Metaspace: 82731K->82731K(1130496K)
[476.855s][info][gc           ] GC(118) Pause Young (Allocation Failure) 70M->38M(117M) 1.746ms
[476.855s][info][gc,cpu       ] GC(118) User=0.00s Sys=0.00s Real=0.00s
[480.840s][info][gc,start     ] GC(119) Pause Young (Allocation Failure)
[480.840s][info][gc,task      ] GC(119) Using 4 workers of 4 for evacuation
[480.843s][info][gc,heap      ] GC(119) ParNew: 34014K->736K(37440K)
[480.843s][info][gc,heap      ] GC(119) CMS: 38660K->38727K(83328K)
[480.843s][info][gc,metaspace ] GC(119) Metaspace: 82731K->82731K(1130496K)
[480.843s][info][gc           ] GC(119) Pause Young (Allocation Failure) 70M->38M(117M) 2.641ms
[480.843s][info][gc,cpu       ] GC(119) User=0.00s Sys=0.00s Real=0.00s
[484.812s][info][gc,start     ] GC(120) Pause Young (Allocation Failure)
[484.812s][info][gc,task      ] GC(120) Using 4 workers of 4 for evacuation
[484.814s][info][gc,heap      ] GC(120) ParNew: 34016K->610K(37440K)
[484.814s][info][gc,heap      ] GC(120) CMS: 38727K->38794K(83328K)
[484.814s][info][gc,metaspace ] GC(120) Metaspace: 82731K->82731K(1130496K)
[484.814s][info][gc           ] GC(120) Pause Young (Allocation Failure) 71M->38M(117M) 2.420ms
[484.814s][info][gc,cpu       ] GC(120) User=0.01s Sys=0.00s Real=0.00s
[488.810s][info][gc,start     ] GC(121) Pause Young (Allocation Failure)
[488.810s][info][gc,task      ] GC(121) Using 4 workers of 4 for evacuation
[488.812s][info][gc,heap      ] GC(121) ParNew: 33890K->734K(37440K)
[488.812s][info][gc,heap      ] GC(121) CMS: 38794K->38861K(83328K)
[488.812s][info][gc,metaspace ] GC(121) Metaspace: 82731K->82731K(1130496K)
[488.812s][info][gc           ] GC(121) Pause Young (Allocation Failure) 70M->38M(117M) 2.579ms
[488.812s][info][gc,cpu       ] GC(121) User=0.01s Sys=0.00s Real=0.00s
[492.777s][info][gc,start     ] GC(122) Pause Young (Allocation Failure)
[492.777s][info][gc,task      ] GC(122) Using 4 workers of 4 for evacuation
[492.779s][info][gc,heap      ] GC(122) ParNew: 34014K->611K(37440K)
[492.779s][info][gc,heap      ] GC(122) CMS: 38861K->38928K(83328K)
[492.779s][info][gc,metaspace ] GC(122) Metaspace: 82731K->82731K(1130496K)
[492.779s][info][gc           ] GC(122) Pause Young (Allocation Failure) 71M->38M(117M) 2.372ms
[492.779s][info][gc,cpu       ] GC(122) User=0.01s Sys=0.00s Real=0.00s
[496.754s][info][gc,start     ] GC(123) Pause Young (Allocation Failure)
[496.754s][info][gc,task      ] GC(123) Using 4 workers of 4 for evacuation
[496.758s][info][gc,heap      ] GC(123) ParNew: 33891K->734K(37440K)
[496.758s][info][gc,heap      ] GC(123) CMS: 38928K->38996K(83328K)
[496.758s][info][gc,metaspace ] GC(123) Metaspace: 82735K->82735K(1130496K)
[496.758s][info][gc           ] GC(123) Pause Young (Allocation Failure) 71M->38M(117M) 3.356ms
[496.758s][info][gc,cpu       ] GC(123) User=0.00s Sys=0.01s Real=0.01s
[500.742s][info][gc,start     ] GC(124) Pause Young (Allocation Failure)
[500.742s][info][gc,task      ] GC(124) Using 4 workers of 4 for evacuation
[500.744s][info][gc,heap      ] GC(124) ParNew: 34014K->610K(37440K)
[500.744s][info][gc,heap      ] GC(124) CMS: 38996K->39063K(83328K)
[500.744s][info][gc,metaspace ] GC(124) Metaspace: 82735K->82735K(1130496K)
[500.744s][info][gc           ] GC(124) Pause Young (Allocation Failure) 71M->38M(117M) 2.271ms
[500.744s][info][gc,cpu       ] GC(124) User=0.01s Sys=0.00s Real=0.00s
[504.710s][info][gc,start     ] GC(125) Pause Young (Allocation Failure)
[504.710s][info][gc,task      ] GC(125) Using 4 workers of 4 for evacuation
[504.712s][info][gc,heap      ] GC(125) ParNew: 33890K->610K(37440K)
[504.712s][info][gc,heap      ] GC(125) CMS: 39063K->39131K(83328K)
[504.712s][info][gc,metaspace ] GC(125) Metaspace: 82735K->82735K(1130496K)
[504.712s][info][gc           ] GC(125) Pause Young (Allocation Failure) 71M->38M(117M) 2.217ms
[504.712s][info][gc,cpu       ] GC(125) User=0.01s Sys=0.00s Real=0.00s
[508.688s][info][gc,start     ] GC(126) Pause Young (Allocation Failure)
[508.688s][info][gc,task      ] GC(126) Using 4 workers of 4 for evacuation
[508.690s][info][gc,heap      ] GC(126) ParNew: 33890K->609K(37440K)
[508.690s][info][gc,heap      ] GC(126) CMS: 39131K->39198K(83328K)
[508.690s][info][gc,metaspace ] GC(126) Metaspace: 82739K->82739K(1130496K)
[508.690s][info][gc           ] GC(126) Pause Young (Allocation Failure) 71M->38M(117M) 2.207ms
[508.690s][info][gc,cpu       ] GC(126) User=0.01s Sys=0.00s Real=0.00s
[512.665s][info][gc,start     ] GC(127) Pause Young (Allocation Failure)
[512.665s][info][gc,task      ] GC(127) Using 4 workers of 4 for evacuation
[512.668s][info][gc,heap      ] GC(127) ParNew: 33889K->729K(37440K)
[512.668s][info][gc,heap      ] GC(127) CMS: 39198K->39266K(83328K)
[512.668s][info][gc,metaspace ] GC(127) Metaspace: 82739K->82739K(1130496K)
[512.668s][info][gc           ] GC(127) Pause Young (Allocation Failure) 71M->39M(117M) 2.410ms
[512.668s][info][gc,cpu       ] GC(127) User=0.00s Sys=0.00s Real=0.01s
[516.643s][info][gc,start     ] GC(128) Pause Young (Allocation Failure)
[516.643s][info][gc,task      ] GC(128) Using 4 workers of 4 for evacuation
[516.645s][info][gc,heap      ] GC(128) ParNew: 34009K->609K(37440K)
[516.645s][info][gc,heap      ] GC(128) CMS: 39266K->39332K(83328K)
[516.645s][info][gc,metaspace ] GC(128) Metaspace: 82739K->82739K(1130496K)
[516.645s][info][gc           ] GC(128) Pause Young (Allocation Failure) 71M->39M(117M) 2.135ms
[516.645s][info][gc,cpu       ] GC(128) User=0.01s Sys=0.00s Real=0.00s
[520.635s][info][gc,start     ] GC(129) Pause Young (Allocation Failure)
[520.635s][info][gc,task      ] GC(129) Using 4 workers of 4 for evacuation
[520.637s][info][gc,heap      ] GC(129) ParNew: 33889K->609K(37440K)
[520.637s][info][gc,heap      ] GC(129) CMS: 39332K->39399K(83328K)
[520.637s][info][gc,metaspace ] GC(129) Metaspace: 82758K->82758K(1130496K)
[520.637s][info][gc           ] GC(129) Pause Young (Allocation Failure) 71M->39M(117M) 2.266ms
[520.637s][info][gc,cpu       ] GC(129) User=0.01s Sys=0.00s Real=0.01s
[524.606s][info][gc,start     ] GC(130) Pause Young (Allocation Failure)
[524.606s][info][gc,task      ] GC(130) Using 4 workers of 4 for evacuation
[524.608s][info][gc,heap      ] GC(130) ParNew: 33889K->730K(37440K)
[524.608s][info][gc,heap      ] GC(130) CMS: 39399K->39467K(83328K)
[524.608s][info][gc,metaspace ] GC(130) Metaspace: 82759K->82759K(1130496K)
[524.609s][info][gc           ] GC(130) Pause Young (Allocation Failure) 71M->39M(117M) 2.606ms
[524.609s][info][gc,cpu       ] GC(130) User=0.01s Sys=0.00s Real=0.00s
[528.578s][info][gc,start     ] GC(131) Pause Young (Allocation Failure)
[528.578s][info][gc,task      ] GC(131) Using 4 workers of 4 for evacuation
[528.580s][info][gc,heap      ] GC(131) ParNew: 34010K->609K(37440K)
[528.580s][info][gc,heap      ] GC(131) CMS: 39467K->39534K(83328K)
[528.580s][info][gc,metaspace ] GC(131) Metaspace: 82759K->82759K(1130496K)
[528.580s][info][gc           ] GC(131) Pause Young (Allocation Failure) 71M->39M(117M) 2.265ms
[528.580s][info][gc,cpu       ] GC(131) User=0.01s Sys=0.00s Real=0.00s
[532.556s][info][gc,start     ] GC(132) Pause Young (Allocation Failure)
[532.556s][info][gc,task      ] GC(132) Using 4 workers of 4 for evacuation
[532.558s][info][gc,heap      ] GC(132) ParNew: 33889K->730K(37440K)
[532.558s][info][gc,heap      ] GC(132) CMS: 39534K->39601K(83328K)
[532.558s][info][gc,metaspace ] GC(132) Metaspace: 82759K->82759K(1130496K)
[532.558s][info][gc           ] GC(132) Pause Young (Allocation Failure) 71M->39M(117M) 2.518ms
[532.558s][info][gc,cpu       ] GC(132) User=0.01s Sys=0.00s Real=0.01s
[536.544s][info][gc,start     ] GC(133) Pause Young (Allocation Failure)
[536.544s][info][gc,task      ] GC(133) Using 4 workers of 4 for evacuation
[536.547s][info][gc,heap      ] GC(133) ParNew: 34010K->734K(37440K)
[536.547s][info][gc,heap      ] GC(133) CMS: 39601K->39668K(83328K)
[536.547s][info][gc,metaspace ] GC(133) Metaspace: 82759K->82759K(1130496K)
[536.547s][info][gc           ] GC(133) Pause Young (Allocation Failure) 71M->39M(117M) 2.819ms
[536.547s][info][gc,cpu       ] GC(133) User=0.00s Sys=0.00s Real=0.01s
[540.533s][info][gc,start     ] GC(134) Pause Young (Allocation Failure)
[540.533s][info][gc,task      ] GC(134) Using 4 workers of 4 for evacuation
[540.536s][info][gc,heap      ] GC(134) ParNew: 34014K->613K(37440K)
[540.536s][info][gc,heap      ] GC(134) CMS: 39668K->39736K(83328K)
[540.536s][info][gc,metaspace ] GC(134) Metaspace: 82760K->82760K(1130496K)
[540.536s][info][gc           ] GC(134) Pause Young (Allocation Failure) 71M->39M(117M) 2.818ms
[540.536s][info][gc,cpu       ] GC(134) User=0.01s Sys=0.00s Real=0.01s
[544.510s][info][gc,start     ] GC(135) Pause Young (Allocation Failure)
[544.510s][info][gc,task      ] GC(135) Using 4 workers of 4 for evacuation
[544.512s][info][gc,heap      ] GC(135) ParNew: 33893K->612K(37440K)
[544.512s][info][gc,heap      ] GC(135) CMS: 39736K->39803K(83328K)
[544.512s][info][gc,metaspace ] GC(135) Metaspace: 82760K->82760K(1130496K)
[544.512s][info][gc           ] GC(135) Pause Young (Allocation Failure) 71M->39M(117M) 2.705ms
[544.512s][info][gc,cpu       ] GC(135) User=0.00s Sys=0.00s Real=0.00s
[548.502s][info][gc,start     ] GC(136) Pause Young (Allocation Failure)
[548.502s][info][gc,task      ] GC(136) Using 4 workers of 4 for evacuation
[548.504s][info][gc,heap      ] GC(136) ParNew: 33892K->611K(37440K)
[548.504s][info][gc,heap      ] GC(136) CMS: 39803K->39870K(83328K)
[548.504s][info][gc,metaspace ] GC(136) Metaspace: 82760K->82760K(1130496K)
[548.504s][info][gc           ] GC(136) Pause Young (Allocation Failure) 71M->39M(117M) 2.267ms
[548.504s][info][gc,cpu       ] GC(136) User=0.01s Sys=0.00s Real=0.00s
[552.481s][info][gc,start     ] GC(137) Pause Young (Allocation Failure)
[552.481s][info][gc,task      ] GC(137) Using 4 workers of 4 for evacuation
[552.483s][info][gc,heap      ] GC(137) ParNew: 33891K->611K(37440K)
[552.483s][info][gc,heap      ] GC(137) CMS: 39870K->39937K(83328K)
[552.483s][info][gc,metaspace ] GC(137) Metaspace: 82760K->82760K(1130496K)
[552.483s][info][gc           ] GC(137) Pause Young (Allocation Failure) 72M->39M(117M) 2.231ms
[552.483s][info][gc,cpu       ] GC(137) User=0.01s Sys=0.00s Real=0.00s
[556.451s][info][gc,start     ] GC(138) Pause Young (Allocation Failure)
[556.452s][info][gc,task      ] GC(138) Using 4 workers of 4 for evacuation
[556.454s][info][gc,heap      ] GC(138) ParNew: 33891K->611K(37440K)
[556.454s][info][gc,heap      ] GC(138) CMS: 39937K->40004K(83328K)
[556.454s][info][gc,metaspace ] GC(138) Metaspace: 82760K->82760K(1130496K)
[556.454s][info][gc           ] GC(138) Pause Young (Allocation Failure) 72M->39M(117M) 2.578ms
[556.454s][info][gc,cpu       ] GC(138) User=0.00s Sys=0.00s Real=0.00s
[560.433s][info][gc,start     ] GC(139) Pause Young (Allocation Failure)
[560.433s][info][gc,task      ] GC(139) Using 4 workers of 4 for evacuation
[560.435s][info][gc,heap      ] GC(139) ParNew: 33891K->610K(37440K)
[560.435s][info][gc,heap      ] GC(139) CMS: 40004K->40072K(83328K)
[560.435s][info][gc,metaspace ] GC(139) Metaspace: 82762K->82762K(1130496K)
[560.435s][info][gc           ] GC(139) Pause Young (Allocation Failure) 72M->39M(117M) 2.389ms
[560.435s][info][gc,cpu       ] GC(139) User=0.01s Sys=0.00s Real=0.00s
[564.391s][info][gc,start     ] GC(140) Pause Young (Allocation Failure)
[564.391s][info][gc,task      ] GC(140) Using 4 workers of 4 for evacuation
[564.394s][info][gc,heap      ] GC(140) ParNew: 33890K->613K(37440K)
[564.394s][info][gc,heap      ] GC(140) CMS: 40072K->40139K(83328K)
[564.394s][info][gc,metaspace ] GC(140) Metaspace: 82762K->82762K(1130496K)
[564.394s][info][gc           ] GC(140) Pause Young (Allocation Failure) 72M->39M(117M) 2.574ms
[564.394s][info][gc,cpu       ] GC(140) User=0.01s Sys=0.00s Real=0.00s
[568.349s][info][gc,start     ] GC(141) Pause Young (Allocation Failure)
[568.349s][info][gc,task      ] GC(141) Using 4 workers of 4 for evacuation
[568.352s][info][gc,heap      ] GC(141) ParNew: 33893K->610K(37440K)
[568.352s][info][gc,heap      ] GC(141) CMS: 40139K->40207K(83328K)
[568.352s][info][gc,metaspace ] GC(141) Metaspace: 82763K->82763K(1130496K)
[568.352s][info][gc           ] GC(141) Pause Young (Allocation Failure) 72M->39M(117M) 2.593ms
[568.352s][info][gc,cpu       ] GC(141) User=0.01s Sys=0.00s Real=0.00s
[572.327s][info][gc,start     ] GC(142) Pause Young (Allocation Failure)
[572.327s][info][gc,task      ] GC(142) Using 4 workers of 4 for evacuation
[572.329s][info][gc,heap      ] GC(142) ParNew: 33890K->613K(37440K)
[572.329s][info][gc,heap      ] GC(142) CMS: 40207K->40275K(83328K)
[572.329s][info][gc,metaspace ] GC(142) Metaspace: 82764K->82764K(1130496K)
[572.329s][info][gc           ] GC(142) Pause Young (Allocation Failure) 72M->39M(117M) 2.209ms
[572.329s][info][gc,cpu       ] GC(142) User=0.01s Sys=0.00s Real=0.00s
[576.314s][info][gc,start     ] GC(143) Pause Young (Allocation Failure)
[576.314s][info][gc,task      ] GC(143) Using 4 workers of 4 for evacuation
[576.316s][info][gc,heap      ] GC(143) ParNew: 33893K->610K(37440K)
[576.316s][info][gc,heap      ] GC(143) CMS: 40275K->40342K(83328K)
[576.316s][info][gc,metaspace ] GC(143) Metaspace: 82764K->82764K(1130496K)
[576.316s][info][gc           ] GC(143) Pause Young (Allocation Failure) 72M->39M(117M) 2.028ms
[576.316s][info][gc,cpu       ] GC(143) User=0.01s Sys=0.00s Real=0.01s
[580.304s][info][gc,start     ] GC(144) Pause Young (Allocation Failure)
[580.304s][info][gc,task      ] GC(144) Using 4 workers of 4 for evacuation
[580.306s][info][gc,heap      ] GC(144) ParNew: 33890K->608K(37440K)
[580.306s][info][gc,heap      ] GC(144) CMS: 40342K->40409K(83328K)
[580.306s][info][gc,metaspace ] GC(144) Metaspace: 82764K->82764K(1130496K)
[580.306s][info][gc           ] GC(144) Pause Young (Allocation Failure) 72M->40M(117M) 2.318ms
[580.306s][info][gc,cpu       ] GC(144) User=0.01s Sys=0.00s Real=0.01s
[584.304s][info][gc,start     ] GC(145) Pause Young (Allocation Failure)
[584.305s][info][gc,task      ] GC(145) Using 4 workers of 4 for evacuation
[584.307s][info][gc,heap      ] GC(145) ParNew: 33888K->609K(37440K)
[584.307s][info][gc,heap      ] GC(145) CMS: 40409K->40476K(83328K)
[584.307s][info][gc,metaspace ] GC(145) Metaspace: 82764K->82764K(1130496K)
[584.307s][info][gc           ] GC(145) Pause Young (Allocation Failure) 72M->40M(117M) 2.370ms
[584.307s][info][gc,cpu       ] GC(145) User=0.01s Sys=0.00s Real=0.01s
[588.291s][info][gc,start     ] GC(146) Pause Young (Allocation Failure)
[588.291s][info][gc,task      ] GC(146) Using 4 workers of 4 for evacuation
[588.293s][info][gc,heap      ] GC(146) ParNew: 33889K->732K(37440K)
[588.293s][info][gc,heap      ] GC(146) CMS: 40476K->40543K(83328K)
[588.293s][info][gc,metaspace ] GC(146) Metaspace: 82764K->82764K(1130496K)
[588.293s][info][gc           ] GC(146) Pause Young (Allocation Failure) 72M->40M(117M) 2.551ms
[588.293s][info][gc,cpu       ] GC(146) User=0.00s Sys=0.00s Real=0.00s
[592.269s][info][gc,start     ] GC(147) Pause Young (Allocation Failure)
[592.270s][info][gc,task      ] GC(147) Using 4 workers of 4 for evacuation
[592.272s][info][gc,heap      ] GC(147) ParNew: 34012K->610K(37440K)
[592.272s][info][gc,heap      ] GC(147) CMS: 40543K->40610K(83328K)
[592.272s][info][gc,metaspace ] GC(147) Metaspace: 82764K->82764K(1130496K)
[592.272s][info][gc           ] GC(147) Pause Young (Allocation Failure) 72M->40M(117M) 2.582ms
[592.272s][info][gc,cpu       ] GC(147) User=0.00s Sys=0.00s Real=0.00s
[596.238s][info][gc,start     ] GC(148) Pause Young (Allocation Failure)
[596.238s][info][gc,task      ] GC(148) Using 4 workers of 4 for evacuation
[596.240s][info][gc,heap      ] GC(148) ParNew: 33890K->612K(37440K)
[596.240s][info][gc,heap      ] GC(148) CMS: 40610K->40677K(83328K)
[596.240s][info][gc,metaspace ] GC(148) Metaspace: 82764K->82764K(1130496K)
[596.240s][info][gc           ] GC(148) Pause Young (Allocation Failure) 72M->40M(117M) 2.174ms
[596.240s][info][gc,cpu       ] GC(148) User=0.01s Sys=0.00s Real=0.00s
[600.201s][info][gc,start     ] GC(149) Pause Young (Allocation Failure)
[600.202s][info][gc,task      ] GC(149) Using 4 workers of 4 for evacuation
[600.204s][info][gc,heap      ] GC(149) ParNew: 33892K->732K(37440K)
[600.204s][info][gc,heap      ] GC(149) CMS: 40677K->40744K(83328K)
[600.204s][info][gc,metaspace ] GC(149) Metaspace: 82764K->82764K(1130496K)
[600.204s][info][gc           ] GC(149) Pause Young (Allocation Failure) 72M->40M(117M) 2.545ms
[600.204s][info][gc,cpu       ] GC(149) User=0.00s Sys=0.00s Real=0.00s
[604.169s][info][gc,start     ] GC(150) Pause Young (Allocation Failure)
[604.169s][info][gc,task      ] GC(150) Using 4 workers of 4 for evacuation
[604.171s][info][gc,heap      ] GC(150) ParNew: 34012K->613K(37440K)
[604.171s][info][gc,heap      ] GC(150) CMS: 40744K->40812K(83328K)
[604.171s][info][gc,metaspace ] GC(150) Metaspace: 82764K->82764K(1130496K)
[604.171s][info][gc           ] GC(150) Pause Young (Allocation Failure) 73M->40M(117M) 2.477ms
[604.171s][info][gc,cpu       ] GC(150) User=0.01s Sys=0.00s Real=0.00s
[608.156s][info][gc,start     ] GC(151) Pause Young (Allocation Failure)
[608.157s][info][gc,task      ] GC(151) Using 4 workers of 4 for evacuation
[608.158s][info][gc,heap      ] GC(151) ParNew: 33893K->613K(37440K)
[608.159s][info][gc,heap      ] GC(151) CMS: 40812K->40879K(83328K)
[608.159s][info][gc,metaspace ] GC(151) Metaspace: 82764K->82764K(1130496K)
[608.159s][info][gc           ] GC(151) Pause Young (Allocation Failure) 72M->40M(117M) 2.122ms
[608.159s][info][gc,cpu       ] GC(151) User=0.01s Sys=0.00s Real=0.00s
[612.140s][info][gc,start     ] GC(152) Pause Young (Allocation Failure)
[612.140s][info][gc,task      ] GC(152) Using 4 workers of 4 for evacuation
[612.142s][info][gc,heap      ] GC(152) ParNew: 33893K->613K(37440K)
[612.142s][info][gc,heap      ] GC(152) CMS: 40879K->40947K(83328K)
[612.142s][info][gc,metaspace ] GC(152) Metaspace: 82765K->82765K(1130496K)
[612.142s][info][gc           ] GC(152) Pause Young (Allocation Failure) 73M->40M(117M) 1.969ms
[612.142s][info][gc,cpu       ] GC(152) User=0.00s Sys=0.00s Real=0.00s
[616.113s][info][gc,start     ] GC(153) Pause Young (Allocation Failure)
[616.113s][info][gc,task      ] GC(153) Using 4 workers of 4 for evacuation
[616.115s][info][gc,heap      ] GC(153) ParNew: 33893K->611K(37440K)
[616.115s][info][gc,heap      ] GC(153) CMS: 40947K->41014K(83328K)
[616.115s][info][gc,metaspace ] GC(153) Metaspace: 82765K->82765K(1130496K)
[616.115s][info][gc           ] GC(153) Pause Young (Allocation Failure) 73M->40M(117M) 2.001ms
[616.115s][info][gc,cpu       ] GC(153) User=0.01s Sys=0.00s Real=0.00s
[620.090s][info][gc,start     ] GC(154) Pause Young (Allocation Failure)
[620.090s][info][gc,task      ] GC(154) Using 4 workers of 4 for evacuation
[620.092s][info][gc,heap      ] GC(154) ParNew: 33891K->611K(37440K)
[620.092s][info][gc,heap      ] GC(154) CMS: 41014K->41081K(83328K)
[620.092s][info][gc,metaspace ] GC(154) Metaspace: 82765K->82765K(1130496K)
[620.092s][info][gc           ] GC(154) Pause Young (Allocation Failure) 73M->40M(117M) 1.890ms
[620.092s][info][gc,cpu       ] GC(154) User=0.01s Sys=0.00s Real=0.00s
[624.083s][info][gc,start     ] GC(155) Pause Young (Allocation Failure)
[624.083s][info][gc,task      ] GC(155) Using 4 workers of 4 for evacuation
[624.085s][info][gc,heap      ] GC(155) ParNew: 33891K->611K(37440K)
[624.085s][info][gc,heap      ] GC(155) CMS: 41081K->41148K(83328K)
[624.085s][info][gc,metaspace ] GC(155) Metaspace: 82765K->82765K(1130496K)
[624.085s][info][gc           ] GC(155) Pause Young (Allocation Failure) 73M->40M(117M) 1.899ms
[624.085s][info][gc,cpu       ] GC(155) User=0.00s Sys=0.00s Real=0.00s
[628.037s][info][gc,start     ] GC(156) Pause Young (Allocation Failure)
[628.037s][info][gc,task      ] GC(156) Using 4 workers of 4 for evacuation
[628.039s][info][gc,heap      ] GC(156) ParNew: 33891K->611K(37440K)
[628.039s][info][gc,heap      ] GC(156) CMS: 41148K->41215K(83328K)
[628.039s][info][gc,metaspace ] GC(156) Metaspace: 82765K->82765K(1130496K)
[628.039s][info][gc           ] GC(156) Pause Young (Allocation Failure) 73M->40M(117M) 1.965ms
[628.039s][info][gc,cpu       ] GC(156) User=0.00s Sys=0.01s Real=0.00s
[632.005s][info][gc,start     ] GC(157) Pause Young (Allocation Failure)
[632.006s][info][gc,task      ] GC(157) Using 4 workers of 4 for evacuation
[632.008s][info][gc,heap      ] GC(157) ParNew: 33891K->737K(37440K)
[632.008s][info][gc,heap      ] GC(157) CMS: 41215K->41282K(83328K)
[632.008s][info][gc,metaspace ] GC(157) Metaspace: 82765K->82765K(1130496K)
[632.008s][info][gc           ] GC(157) Pause Young (Allocation Failure) 73M->41M(117M) 2.088ms
[632.008s][info][gc,cpu       ] GC(157) User=0.01s Sys=0.00s Real=0.01s
[636.002s][info][gc,start     ] GC(158) Pause Young (Allocation Failure)
[636.002s][info][gc,task      ] GC(158) Using 4 workers of 4 for evacuation
[636.004s][info][gc,heap      ] GC(158) ParNew: 34017K->735K(37440K)
[636.004s][info][gc,heap      ] GC(158) CMS: 41282K->41351K(83328K)
[636.004s][info][gc,metaspace ] GC(158) Metaspace: 82765K->82765K(1130496K)
[636.004s][info][gc           ] GC(158) Pause Young (Allocation Failure) 73M->41M(117M) 2.063ms
[636.004s][info][gc,cpu       ] GC(158) User=0.00s Sys=0.00s Real=0.00s
[639.965s][info][gc,start     ] GC(159) Pause Young (Allocation Failure)
[639.965s][info][gc,task      ] GC(159) Using 4 workers of 4 for evacuation
[639.967s][info][gc,heap      ] GC(159) ParNew: 34015K->610K(37440K)
[639.967s][info][gc,heap      ] GC(159) CMS: 41351K->41418K(83328K)
[639.967s][info][gc,metaspace ] GC(159) Metaspace: 82765K->82765K(1130496K)
[639.967s][info][gc           ] GC(159) Pause Young (Allocation Failure) 73M->41M(117M) 2.183ms
[639.967s][info][gc,cpu       ] GC(159) User=0.01s Sys=0.00s Real=0.01s
[643.934s][info][gc,start     ] GC(160) Pause Young (Allocation Failure)
[643.934s][info][gc,task      ] GC(160) Using 4 workers of 4 for evacuation
[643.936s][info][gc,heap      ] GC(160) ParNew: 33890K->610K(37440K)
[643.936s][info][gc,heap      ] GC(160) CMS: 41418K->41485K(83328K)
[643.936s][info][gc,metaspace ] GC(160) Metaspace: 82765K->82765K(1130496K)
[643.936s][info][gc           ] GC(160) Pause Young (Allocation Failure) 73M->41M(117M) 2.209ms
[643.936s][info][gc,cpu       ] GC(160) User=0.01s Sys=0.00s Real=0.01s
[647.924s][info][gc,start     ] GC(161) Pause Young (Allocation Failure)
[647.924s][info][gc,task      ] GC(161) Using 4 workers of 4 for evacuation
[647.926s][info][gc,heap      ] GC(161) ParNew: 33890K->610K(37440K)
[647.926s][info][gc,heap      ] GC(161) CMS: 41485K->41553K(83328K)
[647.926s][info][gc,metaspace ] GC(161) Metaspace: 82765K->82765K(1130496K)
[647.926s][info][gc           ] GC(161) Pause Young (Allocation Failure) 73M->41M(117M) 2.261ms
[647.926s][info][gc,cpu       ] GC(161) User=0.00s Sys=0.00s Real=0.01s
[651.886s][info][gc,start     ] GC(162) Pause Young (Allocation Failure)
[651.886s][info][gc,task      ] GC(162) Using 4 workers of 4 for evacuation
[651.888s][info][gc,heap      ] GC(162) ParNew: 33890K->612K(37440K)
[651.888s][info][gc,heap      ] GC(162) CMS: 41553K->41620K(83328K)
[651.888s][info][gc,metaspace ] GC(162) Metaspace: 82769K->82769K(1130496K)
[651.888s][info][gc           ] GC(162) Pause Young (Allocation Failure) 73M->41M(117M) 2.509ms
[651.888s][info][gc,cpu       ] GC(162) User=0.00s Sys=0.00s Real=0.01s
[655.846s][info][gc,start     ] GC(163) Pause Young (Allocation Failure)
[655.846s][info][gc,task      ] GC(163) Using 4 workers of 4 for evacuation
[655.849s][info][gc,heap      ] GC(163) ParNew: 33892K->732K(37440K)
[655.849s][info][gc,heap      ] GC(163) CMS: 41620K->41687K(83328K)
[655.849s][info][gc,metaspace ] GC(163) Metaspace: 82769K->82769K(1130496K)
[655.849s][info][gc           ] GC(163) Pause Young (Allocation Failure) 73M->41M(117M) 3.083ms
[655.849s][info][gc,cpu       ] GC(163) User=0.01s Sys=0.00s Real=0.00s
[659.821s][info][gc,start     ] GC(164) Pause Young (Allocation Failure)
[659.821s][info][gc,task      ] GC(164) Using 4 workers of 4 for evacuation
[659.824s][info][gc,heap      ] GC(164) ParNew: 34012K->730K(37440K)
[659.824s][info][gc,heap      ] GC(164) CMS: 41687K->41755K(83328K)
[659.824s][info][gc,metaspace ] GC(164) Metaspace: 82769K->82769K(1130496K)
[659.824s][info][gc           ] GC(164) Pause Young (Allocation Failure) 73M->41M(117M) 2.674ms
[659.824s][info][gc,cpu       ] GC(164) User=0.01s Sys=0.00s Real=0.00s
[663.817s][info][gc,start     ] GC(165) Pause Young (Allocation Failure)
[663.817s][info][gc,task      ] GC(165) Using 4 workers of 4 for evacuation
[663.820s][info][gc,heap      ] GC(165) ParNew: 34010K->732K(37440K)
[663.820s][info][gc,heap      ] GC(165) CMS: 41755K->41821K(83328K)
[663.820s][info][gc,metaspace ] GC(165) Metaspace: 82769K->82769K(1130496K)
[663.820s][info][gc           ] GC(165) Pause Young (Allocation Failure) 73M->41M(117M) 2.771ms
[663.820s][info][gc,cpu       ] GC(165) User=0.01s Sys=0.00s Real=0.00s
[667.818s][info][gc,start     ] GC(166) Pause Young (Allocation Failure)
[667.818s][info][gc,task      ] GC(166) Using 4 workers of 4 for evacuation
[667.820s][info][gc,heap      ] GC(166) ParNew: 34012K->734K(37440K)
[667.820s][info][gc,heap      ] GC(166) CMS: 41821K->41889K(83328K)
[667.820s][info][gc,metaspace ] GC(166) Metaspace: 82769K->82769K(1130496K)
[667.820s][info][gc           ] GC(166) Pause Young (Allocation Failure) 74M->41M(117M) 2.665ms
[667.820s][info][gc,cpu       ] GC(166) User=0.01s Sys=0.00s Real=0.00s
[671.811s][info][gc,start     ] GC(167) Pause Young (Allocation Failure)
[671.811s][info][gc,task      ] GC(167) Using 4 workers of 4 for evacuation
[671.814s][info][gc,heap      ] GC(167) ParNew: 34014K->611K(37440K)
[671.814s][info][gc,heap      ] GC(167) CMS: 41889K->41956K(83328K)
[671.814s][info][gc,metaspace ] GC(167) Metaspace: 82769K->82769K(1130496K)
[671.814s][info][gc           ] GC(167) Pause Young (Allocation Failure) 74M->41M(117M) 2.773ms
[671.814s][info][gc,cpu       ] GC(167) User=0.01s Sys=0.00s Real=0.00s
[675.791s][info][gc,start     ] GC(168) Pause Young (Allocation Failure)
[675.791s][info][gc,task      ] GC(168) Using 4 workers of 4 for evacuation
[675.793s][info][gc,heap      ] GC(168) ParNew: 33891K->735K(37440K)
[675.793s][info][gc,heap      ] GC(168) CMS: 41956K->42024K(83328K)
[675.793s][info][gc,metaspace ] GC(168) Metaspace: 82772K->82772K(1130496K)
[675.793s][info][gc           ] GC(168) Pause Young (Allocation Failure) 74M->41M(117M) 2.288ms
[675.793s][info][gc,cpu       ] GC(168) User=0.00s Sys=0.00s Real=0.00s
[679.771s][info][gc,start     ] GC(169) Pause Young (Allocation Failure)
[679.771s][info][gc,task      ] GC(169) Using 4 workers of 4 for evacuation
[679.773s][info][gc,heap      ] GC(169) ParNew: 34015K->737K(37440K)
[679.773s][info][gc,heap      ] GC(169) CMS: 42024K->42091K(83328K)
[679.773s][info][gc,metaspace ] GC(169) Metaspace: 82774K->82774K(1130496K)
[679.773s][info][gc           ] GC(169) Pause Young (Allocation Failure) 74M->41M(117M) 2.582ms
[679.773s][info][gc,cpu       ] GC(169) User=0.01s Sys=0.00s Real=0.00s
[683.749s][info][gc,start     ] GC(170) Pause Young (Allocation Failure)
[683.749s][info][gc,task      ] GC(170) Using 4 workers of 4 for evacuation
[683.751s][info][gc,heap      ] GC(170) ParNew: 34017K->613K(37440K)
[683.751s][info][gc,heap      ] GC(170) CMS: 42091K->42158K(83328K)
[683.751s][info][gc,metaspace ] GC(170) Metaspace: 82774K->82774K(1130496K)
[683.751s][info][gc           ] GC(170) Pause Young (Allocation Failure) 74M->41M(117M) 2.209ms
[683.751s][info][gc,cpu       ] GC(170) User=0.00s Sys=0.00s Real=0.00s
[687.727s][info][gc,start     ] GC(171) Pause Young (Allocation Failure)
[687.727s][info][gc,task      ] GC(171) Using 4 workers of 4 for evacuation
[687.729s][info][gc,heap      ] GC(171) ParNew: 33893K->735K(37440K)
[687.729s][info][gc,heap      ] GC(171) CMS: 42158K->42225K(83328K)
[687.729s][info][gc,metaspace ] GC(171) Metaspace: 82777K->82777K(1130496K)
[687.729s][info][gc           ] GC(171) Pause Young (Allocation Failure) 74M->41M(117M) 2.318ms
[687.729s][info][gc,cpu       ] GC(171) User=0.01s Sys=0.00s Real=0.00s
[691.678s][info][gc,start     ] GC(172) Pause Young (Allocation Failure)
[691.678s][info][gc,task      ] GC(172) Using 4 workers of 4 for evacuation
[691.680s][info][gc,heap      ] GC(172) ParNew: 34015K->611K(37440K)
[691.680s][info][gc,heap      ] GC(172) CMS: 42225K->42293K(83328K)
[691.680s][info][gc,metaspace ] GC(172) Metaspace: 82777K->82777K(1130496K)
[691.680s][info][gc           ] GC(172) Pause Young (Allocation Failure) 74M->41M(117M) 2.277ms
[691.680s][info][gc,cpu       ] GC(172) User=0.01s Sys=0.00s Real=0.00s
[695.664s][info][gc,start     ] GC(173) Pause Young (Allocation Failure)
[695.664s][info][gc,task      ] GC(173) Using 4 workers of 4 for evacuation
[695.666s][info][gc,heap      ] GC(173) ParNew: 33891K->613K(37440K)
[695.666s][info][gc,heap      ] GC(173) CMS: 42293K->42360K(83328K)
[695.666s][info][gc,metaspace ] GC(173) Metaspace: 82777K->82777K(1130496K)
[695.666s][info][gc           ] GC(173) Pause Young (Allocation Failure) 74M->41M(117M) 2.146ms
[695.666s][info][gc,cpu       ] GC(173) User=0.00s Sys=0.00s Real=0.01s
[699.634s][info][gc,start     ] GC(174) Pause Young (Allocation Failure)
[699.634s][info][gc,task      ] GC(174) Using 4 workers of 4 for evacuation
[699.636s][info][gc,heap      ] GC(174) ParNew: 33893K->610K(37440K)
[699.636s][info][gc,heap      ] GC(174) CMS: 42360K->42428K(83328K)
[699.636s][info][gc,metaspace ] GC(174) Metaspace: 82777K->82777K(1130496K)
[699.636s][info][gc           ] GC(174) Pause Young (Allocation Failure) 74M->42M(117M) 2.237ms
[699.636s][info][gc,cpu       ] GC(174) User=0.01s Sys=0.00s Real=0.01s
[703.600s][info][gc,start     ] GC(175) Pause Young (Allocation Failure)
[703.600s][info][gc,task      ] GC(175) Using 4 workers of 4 for evacuation
[703.602s][info][gc,heap      ] GC(175) ParNew: 33890K->610K(37440K)
[703.602s][info][gc,heap      ] GC(175) CMS: 42428K->42496K(83328K)
[703.602s][info][gc,metaspace ] GC(175) Metaspace: 82777K->82777K(1130496K)
[703.602s][info][gc           ] GC(175) Pause Young (Allocation Failure) 74M->42M(117M) 2.023ms
[703.602s][info][gc,cpu       ] GC(175) User=0.01s Sys=0.00s Real=0.00s
[707.586s][info][gc,start     ] GC(176) Pause Young (Allocation Failure)
[707.586s][info][gc,task      ] GC(176) Using 4 workers of 4 for evacuation
[707.589s][info][gc,heap      ] GC(176) ParNew: 33890K->730K(37440K)
[707.589s][info][gc,heap      ] GC(176) CMS: 42496K->42563K(83328K)
[707.589s][info][gc,metaspace ] GC(176) Metaspace: 82777K->82777K(1130496K)
[707.590s][info][gc           ] GC(176) Pause Young (Allocation Failure) 74M->42M(117M) 3.354ms
[707.590s][info][gc,cpu       ] GC(176) User=0.00s Sys=0.00s Real=0.00s
[711.567s][info][gc,start     ] GC(177) Pause Young (Allocation Failure)
[711.567s][info][gc,task      ] GC(177) Using 4 workers of 4 for evacuation
[711.569s][info][gc,heap      ] GC(177) ParNew: 34010K->610K(37440K)
[711.569s][info][gc,heap      ] GC(177) CMS: 42563K->42630K(83328K)
[711.569s][info][gc,metaspace ] GC(177) Metaspace: 82777K->82777K(1130496K)
[711.569s][info][gc           ] GC(177) Pause Young (Allocation Failure) 74M->42M(117M) 2.362ms
[711.569s][info][gc,cpu       ] GC(177) User=0.01s Sys=0.00s Real=0.00s
[715.544s][info][gc,start     ] GC(178) Pause Young (Allocation Failure)
[715.544s][info][gc,task      ] GC(178) Using 4 workers of 4 for evacuation
[715.547s][info][gc,heap      ] GC(178) ParNew: 33890K->732K(37440K)
[715.547s][info][gc,heap      ] GC(178) CMS: 42630K->42697K(83328K)
[715.547s][info][gc,metaspace ] GC(178) Metaspace: 82777K->82777K(1130496K)
[715.547s][info][gc           ] GC(178) Pause Young (Allocation Failure) 74M->42M(117M) 2.685ms
[715.547s][info][gc,cpu       ] GC(178) User=0.01s Sys=0.00s Real=0.01s
[719.519s][info][gc,start     ] GC(179) Pause Young (Allocation Failure)
[719.519s][info][gc,task      ] GC(179) Using 4 workers of 4 for evacuation
[719.521s][info][gc,heap      ] GC(179) ParNew: 34012K->733K(37440K)
[719.521s][info][gc,heap      ] GC(179) CMS: 42697K->42764K(83328K)
[719.521s][info][gc,metaspace ] GC(179) Metaspace: 82777K->82777K(1130496K)
[719.522s][info][gc           ] GC(179) Pause Young (Allocation Failure) 74M->42M(117M) 2.468ms
[719.522s][info][gc,cpu       ] GC(179) User=0.00s Sys=0.00s Real=0.00s
[723.498s][info][gc,start     ] GC(180) Pause Young (Allocation Failure)
[723.499s][info][gc,task      ] GC(180) Using 4 workers of 4 for evacuation
[723.501s][info][gc,heap      ] GC(180) ParNew: 34013K->609K(37440K)
[723.501s][info][gc,heap      ] GC(180) CMS: 42764K->42831K(83328K)
[723.501s][info][gc,metaspace ] GC(180) Metaspace: 82777K->82777K(1130496K)
[723.501s][info][gc           ] GC(180) Pause Young (Allocation Failure) 74M->42M(117M) 2.218ms
[723.501s][info][gc,cpu       ] GC(180) User=0.01s Sys=0.00s Real=0.00s
[727.475s][info][gc,start     ] GC(181) Pause Young (Allocation Failure)
[727.475s][info][gc,task      ] GC(181) Using 4 workers of 4 for evacuation
[727.477s][info][gc,heap      ] GC(181) ParNew: 33889K->730K(37440K)
[727.477s][info][gc,heap      ] GC(181) CMS: 42831K->42898K(83328K)
[727.477s][info][gc,metaspace ] GC(181) Metaspace: 82777K->82777K(1130496K)
[727.477s][info][gc           ] GC(181) Pause Young (Allocation Failure) 74M->42M(117M) 2.232ms
[727.477s][info][gc,cpu       ] GC(181) User=0.01s Sys=0.00s Real=0.01s
[731.479s][info][gc,start     ] GC(182) Pause Young (Allocation Failure)
[731.479s][info][gc,task      ] GC(182) Using 4 workers of 4 for evacuation
[731.481s][info][gc,heap      ] GC(182) ParNew: 34010K->610K(37440K)
[731.481s][info][gc,heap      ] GC(182) CMS: 42898K->42965K(83328K)
[731.481s][info][gc,metaspace ] GC(182) Metaspace: 82777K->82777K(1130496K)
[731.481s][info][gc           ] GC(182) Pause Young (Allocation Failure) 75M->42M(117M) 2.499ms
[731.481s][info][gc,cpu       ] GC(182) User=0.01s Sys=0.00s Real=0.00s
[735.458s][info][gc,start     ] GC(183) Pause Young (Allocation Failure)
[735.458s][info][gc,task      ] GC(183) Using 4 workers of 4 for evacuation
[735.460s][info][gc,heap      ] GC(183) ParNew: 33890K->609K(37440K)
[735.460s][info][gc,heap      ] GC(183) CMS: 42965K->43033K(83328K)
[735.460s][info][gc,metaspace ] GC(183) Metaspace: 82777K->82777K(1130496K)
[735.460s][info][gc           ] GC(183) Pause Young (Allocation Failure) 75M->42M(117M) 2.328ms
[735.460s][info][gc,cpu       ] GC(183) User=0.01s Sys=0.00s Real=0.00s
[739.427s][info][gc,start     ] GC(184) Pause Young (Allocation Failure)
[739.427s][info][gc,task      ] GC(184) Using 4 workers of 4 for evacuation
[739.430s][info][gc,heap      ] GC(184) ParNew: 33889K->731K(37440K)
[739.430s][info][gc,heap      ] GC(184) CMS: 43033K->43100K(83328K)
[739.430s][info][gc,metaspace ] GC(184) Metaspace: 82777K->82777K(1130496K)
[739.430s][info][gc           ] GC(184) Pause Young (Allocation Failure) 75M->42M(117M) 2.623ms
[739.430s][info][gc,cpu       ] GC(184) User=0.01s Sys=0.00s Real=0.00s
[743.406s][info][gc,start     ] GC(185) Pause Young (Allocation Failure)
[743.406s][info][gc,task      ] GC(185) Using 4 workers of 4 for evacuation
[743.408s][info][gc,heap      ] GC(185) ParNew: 34011K->612K(37440K)
[743.408s][info][gc,heap      ] GC(185) CMS: 43100K->43167K(83328K)
[743.408s][info][gc,metaspace ] GC(185) Metaspace: 82777K->82777K(1130496K)
[743.408s][info][gc           ] GC(185) Pause Young (Allocation Failure) 75M->42M(117M) 2.246ms
[743.408s][info][gc,cpu       ] GC(185) User=0.01s Sys=0.00s Real=0.01s
[747.383s][info][gc,start     ] GC(186) Pause Young (Allocation Failure)
[747.383s][info][gc,task      ] GC(186) Using 4 workers of 4 for evacuation
[747.385s][info][gc,heap      ] GC(186) ParNew: 33892K->734K(37440K)
[747.385s][info][gc,heap      ] GC(186) CMS: 43167K->43234K(83328K)
[747.385s][info][gc,metaspace ] GC(186) Metaspace: 82777K->82777K(1130496K)
[747.385s][info][gc           ] GC(186) Pause Young (Allocation Failure) 75M->42M(117M) 2.324ms
[747.385s][info][gc,cpu       ] GC(186) User=0.01s Sys=0.00s Real=0.00s
[751.367s][info][gc,start     ] GC(187) Pause Young (Allocation Failure)
[751.367s][info][gc,task      ] GC(187) Using 4 workers of 4 for evacuation
[751.369s][info][gc,heap      ] GC(187) ParNew: 34014K->611K(37440K)
[751.369s][info][gc,heap      ] GC(187) CMS: 43234K->43302K(83328K)
[751.369s][info][gc,metaspace ] GC(187) Metaspace: 82777K->82777K(1130496K)
[751.369s][info][gc           ] GC(187) Pause Young (Allocation Failure) 75M->42M(117M) 2.290ms
[751.369s][info][gc,cpu       ] GC(187) User=0.00s Sys=0.00s Real=0.00s
[755.333s][info][gc,start     ] GC(188) Pause Young (Allocation Failure)
[755.333s][info][gc,task      ] GC(188) Using 4 workers of 4 for evacuation
[755.336s][info][gc,heap      ] GC(188) ParNew: 33891K->612K(37440K)
[755.336s][info][gc,heap      ] GC(188) CMS: 43302K->43369K(83328K)
[755.336s][info][gc,metaspace ] GC(188) Metaspace: 82777K->82777K(1130496K)
[755.336s][info][gc           ] GC(188) Pause Young (Allocation Failure) 75M->42M(117M) 2.386ms
[755.336s][info][gc,cpu       ] GC(188) User=0.01s Sys=0.00s Real=0.01s
[759.310s][info][gc,start     ] GC(189) Pause Young (Allocation Failure)
[759.310s][info][gc,task      ] GC(189) Using 4 workers of 4 for evacuation
[759.312s][info][gc,heap      ] GC(189) ParNew: 33892K->612K(37440K)
[759.312s][info][gc,heap      ] GC(189) CMS: 43369K->43436K(83328K)
[759.312s][info][gc,metaspace ] GC(189) Metaspace: 82777K->82777K(1130496K)
[759.312s][info][gc           ] GC(189) Pause Young (Allocation Failure) 75M->43M(117M) 2.101ms
[759.312s][info][gc,cpu       ] GC(189) User=0.01s Sys=0.00s Real=0.00s
[763.297s][info][gc,start     ] GC(190) Pause Young (Allocation Failure)
[763.297s][info][gc,task      ] GC(190) Using 4 workers of 4 for evacuation
[763.299s][info][gc,heap      ] GC(190) ParNew: 33892K->612K(37440K)
[763.299s][info][gc,heap      ] GC(190) CMS: 43436K->43504K(83328K)
[763.299s][info][gc,metaspace ] GC(190) Metaspace: 82777K->82777K(1130496K)
[763.299s][info][gc           ] GC(190) Pause Young (Allocation Failure) 75M->43M(117M) 2.358ms
[763.299s][info][gc,cpu       ] GC(190) User=0.01s Sys=0.00s Real=0.00s
[767.268s][info][gc,start     ] GC(191) Pause Young (Allocation Failure)
[767.268s][info][gc,task      ] GC(191) Using 4 workers of 4 for evacuation
[767.270s][info][gc,heap      ] GC(191) ParNew: 33892K->611K(37440K)
[767.270s][info][gc,heap      ] GC(191) CMS: 43504K->43571K(83328K)
[767.270s][info][gc,metaspace ] GC(191) Metaspace: 82777K->82777K(1130496K)
[767.270s][info][gc           ] GC(191) Pause Young (Allocation Failure) 75M->43M(117M) 2.223ms
[767.270s][info][gc,cpu       ] GC(191) User=0.01s Sys=0.00s Real=0.00s
[771.250s][info][gc,start     ] GC(192) Pause Young (Allocation Failure)
[771.250s][info][gc,task      ] GC(192) Using 4 workers of 4 for evacuation
[771.252s][info][gc,heap      ] GC(192) ParNew: 33891K->609K(37440K)
[771.252s][info][gc,heap      ] GC(192) CMS: 43571K->43638K(83328K)
[771.252s][info][gc,metaspace ] GC(192) Metaspace: 82777K->82777K(1130496K)
[771.252s][info][gc           ] GC(192) Pause Young (Allocation Failure) 75M->43M(117M) 2.681ms
[771.252s][info][gc,cpu       ] GC(192) User=0.01s Sys=0.00s Real=0.00s
[775.226s][info][gc,start     ] GC(193) Pause Young (Allocation Failure)
[775.226s][info][gc,task      ] GC(193) Using 4 workers of 4 for evacuation
[775.228s][info][gc,heap      ] GC(193) ParNew: 33889K->737K(37440K)
[775.228s][info][gc,heap      ] GC(193) CMS: 43638K->43706K(83328K)
[775.228s][info][gc,metaspace ] GC(193) Metaspace: 82778K->82778K(1130496K)
[775.228s][info][gc           ] GC(193) Pause Young (Allocation Failure) 75M->43M(117M) 2.635ms
[775.228s][info][gc,cpu       ] GC(193) User=0.01s Sys=0.00s Real=0.00s
[779.194s][info][gc,start     ] GC(194) Pause Young (Allocation Failure)
[779.194s][info][gc,task      ] GC(194) Using 4 workers of 4 for evacuation
[779.196s][info][gc,heap      ] GC(194) ParNew: 34017K->610K(37440K)
[779.196s][info][gc,heap      ] GC(194) CMS: 43706K->43773K(83328K)
[779.196s][info][gc,metaspace ] GC(194) Metaspace: 82778K->82778K(1130496K)
[779.196s][info][gc           ] GC(194) Pause Young (Allocation Failure) 75M->43M(117M) 2.260ms
[779.196s][info][gc,cpu       ] GC(194) User=0.01s Sys=0.00s Real=0.01s
[783.179s][info][gc,start     ] GC(195) Pause Young (Allocation Failure)
[783.179s][info][gc,task      ] GC(195) Using 4 workers of 4 for evacuation
[783.181s][info][gc,heap      ] GC(195) ParNew: 33890K->609K(37440K)
[783.181s][info][gc,heap      ] GC(195) CMS: 43773K->43840K(83328K)
[783.181s][info][gc,metaspace ] GC(195) Metaspace: 82778K->82778K(1130496K)
[783.181s][info][gc           ] GC(195) Pause Young (Allocation Failure) 75M->43M(117M) 2.229ms
[783.181s][info][gc,cpu       ] GC(195) User=0.01s Sys=0.00s Real=0.00s
[787.156s][info][gc,start     ] GC(196) Pause Young (Allocation Failure)
[787.156s][info][gc,task      ] GC(196) Using 4 workers of 4 for evacuation
[787.158s][info][gc,heap      ] GC(196) ParNew: 33889K->732K(37440K)
[787.159s][info][gc,heap      ] GC(196) CMS: 43840K->43908K(83328K)
[787.159s][info][gc,metaspace ] GC(196) Metaspace: 82778K->82778K(1130496K)
[787.159s][info][gc           ] GC(196) Pause Young (Allocation Failure) 75M->43M(117M) 2.347ms
[787.159s][info][gc,cpu       ] GC(196) User=0.01s Sys=0.00s Real=0.00s
[791.144s][info][gc,start     ] GC(197) Pause Young (Allocation Failure)
[791.144s][info][gc,task      ] GC(197) Using 4 workers of 4 for evacuation
[791.147s][info][gc,heap      ] GC(197) ParNew: 34012K->610K(37440K)
[791.147s][info][gc,heap      ] GC(197) CMS: 43908K->43975K(83328K)
[791.147s][info][gc,metaspace ] GC(197) Metaspace: 82778K->82778K(1130496K)
[791.147s][info][gc           ] GC(197) Pause Young (Allocation Failure) 76M->43M(117M) 2.805ms
[791.147s][info][gc,cpu       ] GC(197) User=0.01s Sys=0.00s Real=0.01s
[795.135s][info][gc,start     ] GC(198) Pause Young (Allocation Failure)
[795.135s][info][gc,task      ] GC(198) Using 4 workers of 4 for evacuation
[795.137s][info][gc,heap      ] GC(198) ParNew: 33890K->731K(37440K)
[795.137s][info][gc,heap      ] GC(198) CMS: 43975K->44042K(83328K)
[795.137s][info][gc,metaspace ] GC(198) Metaspace: 82778K->82778K(1130496K)
[795.137s][info][gc           ] GC(198) Pause Young (Allocation Failure) 76M->43M(117M) 2.458ms
[795.137s][info][gc,cpu       ] GC(198) User=0.01s Sys=0.00s Real=0.01s
[799.106s][info][gc,start     ] GC(199) Pause Young (Allocation Failure)
[799.106s][info][gc,task      ] GC(199) Using 4 workers of 4 for evacuation
[799.108s][info][gc,heap      ] GC(199) ParNew: 34011K->731K(37440K)
[799.108s][info][gc,heap      ] GC(199) CMS: 44042K->44110K(83328K)
[799.108s][info][gc,metaspace ] GC(199) Metaspace: 82778K->82778K(1130496K)
[799.108s][info][gc           ] GC(199) Pause Young (Allocation Failure) 76M->43M(117M) 2.676ms
[799.108s][info][gc,cpu       ] GC(199) User=0.01s Sys=0.00s Real=0.01s
[803.095s][info][gc,start     ] GC(200) Pause Young (Allocation Failure)
[803.095s][info][gc,task      ] GC(200) Using 4 workers of 4 for evacuation
[803.098s][info][gc,heap      ] GC(200) ParNew: 34011K->608K(37440K)
[803.098s][info][gc,heap      ] GC(200) CMS: 44110K->44176K(83328K)
[803.098s][info][gc,metaspace ] GC(200) Metaspace: 82778K->82778K(1130496K)
[803.098s][info][gc           ] GC(200) Pause Young (Allocation Failure) 76M->43M(117M) 2.572ms
[803.098s][info][gc,cpu       ] GC(200) User=0.01s Sys=0.00s Real=0.01s
[807.065s][info][gc,start     ] GC(201) Pause Young (Allocation Failure)
[807.065s][info][gc,task      ] GC(201) Using 4 workers of 4 for evacuation
[807.067s][info][gc,heap      ] GC(201) ParNew: 33888K->616K(37440K)
[807.067s][info][gc,heap      ] GC(201) CMS: 44176K->44244K(83328K)
[807.067s][info][gc,metaspace ] GC(201) Metaspace: 82778K->82778K(1130496K)
[807.067s][info][gc           ] GC(201) Pause Young (Allocation Failure) 76M->43M(117M) 2.064ms
[807.067s][info][gc,cpu       ] GC(201) User=0.01s Sys=0.00s Real=0.01s
[811.055s][info][gc,start     ] GC(202) Pause Young (Allocation Failure)
[811.055s][info][gc,task      ] GC(202) Using 4 workers of 4 for evacuation
[811.057s][info][gc,heap      ] GC(202) ParNew: 33896K->733K(37440K)
[811.057s][info][gc,heap      ] GC(202) CMS: 44244K->44311K(83328K)
[811.057s][info][gc,metaspace ] GC(202) Metaspace: 82779K->82779K(1130496K)
[811.057s][info][gc           ] GC(202) Pause Young (Allocation Failure) 76M->43M(117M) 2.639ms
[811.057s][info][gc,cpu       ] GC(202) User=0.01s Sys=0.00s Real=0.01s
[815.025s][info][gc,start     ] GC(203) Pause Young (Allocation Failure)
[815.025s][info][gc,task      ] GC(203) Using 4 workers of 4 for evacuation
[815.028s][info][gc,heap      ] GC(203) ParNew: 34013K->612K(37440K)
[815.028s][info][gc,heap      ] GC(203) CMS: 44311K->44378K(83328K)
[815.028s][info][gc,metaspace ] GC(203) Metaspace: 82779K->82779K(1130496K)
[815.028s][info][gc           ] GC(203) Pause Young (Allocation Failure) 76M->43M(117M) 2.959ms
[815.028s][info][gc,cpu       ] GC(203) User=0.01s Sys=0.00s Real=0.01s
[819.011s][info][gc,start     ] GC(204) Pause Young (Allocation Failure)
[819.012s][info][gc,task      ] GC(204) Using 4 workers of 4 for evacuation
[819.014s][info][gc,heap      ] GC(204) ParNew: 33892K->614K(37440K)
[819.014s][info][gc,heap      ] GC(204) CMS: 44378K->44446K(83328K)
[819.014s][info][gc,metaspace ] GC(204) Metaspace: 82779K->82779K(1130496K)
[819.014s][info][gc           ] GC(204) Pause Young (Allocation Failure) 76M->44M(117M) 2.222ms
[819.014s][info][gc,cpu       ] GC(204) User=0.01s Sys=0.00s Real=0.00s
[822.981s][info][gc,start     ] GC(205) Pause Young (Allocation Failure)
[822.981s][info][gc,task      ] GC(205) Using 4 workers of 4 for evacuation
[822.983s][info][gc,heap      ] GC(205) ParNew: 33894K->610K(37440K)
[822.983s][info][gc,heap      ] GC(205) CMS: 44446K->44513K(83328K)
[822.983s][info][gc,metaspace ] GC(205) Metaspace: 82783K->82783K(1130496K)
[822.983s][info][gc           ] GC(205) Pause Young (Allocation Failure) 76M->44M(117M) 2.164ms
[822.983s][info][gc,cpu       ] GC(205) User=0.01s Sys=0.00s Real=0.00s
[826.968s][info][gc,start     ] GC(206) Pause Young (Allocation Failure)
[826.968s][info][gc,task      ] GC(206) Using 4 workers of 4 for evacuation
[826.971s][info][gc,heap      ] GC(206) ParNew: 33890K->733K(37440K)
[826.971s][info][gc,heap      ] GC(206) CMS: 44513K->44580K(83328K)
[826.971s][info][gc,metaspace ] GC(206) Metaspace: 82783K->82783K(1130496K)
[826.971s][info][gc           ] GC(206) Pause Young (Allocation Failure) 76M->44M(117M) 2.819ms
[826.971s][info][gc,cpu       ] GC(206) User=0.01s Sys=0.00s Real=0.00s
[830.934s][info][gc,start     ] GC(207) Pause Young (Allocation Failure)
[830.934s][info][gc,task      ] GC(207) Using 4 workers of 4 for evacuation
[830.936s][info][gc,heap      ] GC(207) ParNew: 34013K->611K(37440K)
[830.936s][info][gc,heap      ] GC(207) CMS: 44580K->44647K(83328K)
[830.936s][info][gc,metaspace ] GC(207) Metaspace: 82783K->82783K(1130496K)
[830.936s][info][gc           ] GC(207) Pause Young (Allocation Failure) 76M->44M(117M) 2.287ms
[830.936s][info][gc,cpu       ] GC(207) User=0.00s Sys=0.00s Real=0.01s
[834.920s][info][gc,start     ] GC(208) Pause Young (Allocation Failure)
[834.920s][info][gc,task      ] GC(208) Using 4 workers of 4 for evacuation
[834.922s][info][gc,heap      ] GC(208) ParNew: 33891K->611K(37440K)
[834.922s][info][gc,heap      ] GC(208) CMS: 44647K->44715K(83328K)
[834.922s][info][gc,metaspace ] GC(208) Metaspace: 82783K->82783K(1130496K)
[834.922s][info][gc           ] GC(208) Pause Young (Allocation Failure) 76M->44M(117M) 2.214ms
[834.922s][info][gc,cpu       ] GC(208) User=0.00s Sys=0.00s Real=0.00s
[838.909s][info][gc,start     ] GC(209) Pause Young (Allocation Failure)
[838.909s][info][gc,task      ] GC(209) Using 4 workers of 4 for evacuation
[838.911s][info][gc,heap      ] GC(209) ParNew: 33891K->733K(37440K)
[838.911s][info][gc,heap      ] GC(209) CMS: 44715K->44782K(83328K)
[838.911s][info][gc,metaspace ] GC(209) Metaspace: 82784K->82784K(1130496K)
[838.912s][info][gc           ] GC(209) Pause Young (Allocation Failure) 76M->44M(117M) 2.574ms
[838.912s][info][gc,cpu       ] GC(209) User=0.01s Sys=0.00s Real=0.00s
[842.884s][info][gc,start     ] GC(210) Pause Young (Allocation Failure)
[842.884s][info][gc,task      ] GC(210) Using 4 workers of 4 for evacuation
[842.886s][info][gc,heap      ] GC(210) ParNew: 34013K->611K(37440K)
[842.886s][info][gc,heap      ] GC(210) CMS: 44782K->44850K(83328K)
[842.886s][info][gc,metaspace ] GC(210) Metaspace: 82784K->82784K(1130496K)
[842.886s][info][gc           ] GC(210) Pause Young (Allocation Failure) 76M->44M(117M) 2.249ms
[842.886s][info][gc,cpu       ] GC(210) User=0.01s Sys=0.00s Real=0.01s
[846.851s][info][gc,start     ] GC(211) Pause Young (Allocation Failure)
[846.851s][info][gc,task      ] GC(211) Using 4 workers of 4 for evacuation
[846.854s][info][gc,heap      ] GC(211) ParNew: 33891K->611K(37440K)
[846.854s][info][gc,heap      ] GC(211) CMS: 44850K->44917K(83328K)
[846.854s][info][gc,metaspace ] GC(211) Metaspace: 82784K->82784K(1130496K)
[846.854s][info][gc           ] GC(211) Pause Young (Allocation Failure) 76M->44M(117M) 2.705ms
[846.854s][info][gc,cpu       ] GC(211) User=0.01s Sys=0.00s Real=0.00s
[850.829s][info][gc,start     ] GC(212) Pause Young (Allocation Failure)
[850.829s][info][gc,task      ] GC(212) Using 4 workers of 4 for evacuation
[850.832s][info][gc,heap      ] GC(212) ParNew: 33891K->610K(37440K)
[850.832s][info][gc,heap      ] GC(212) CMS: 44917K->44984K(83328K)
[850.832s][info][gc,metaspace ] GC(212) Metaspace: 82784K->82784K(1130496K)
[850.832s][info][gc           ] GC(212) Pause Young (Allocation Failure) 76M->44M(117M) 2.238ms
[850.832s][info][gc,cpu       ] GC(212) User=0.01s Sys=0.00s Real=0.00s
[854.800s][info][gc,start     ] GC(213) Pause Young (Allocation Failure)
[854.800s][info][gc,task      ] GC(213) Using 4 workers of 4 for evacuation
[854.802s][info][gc,heap      ] GC(213) ParNew: 33890K->732K(37440K)
[854.802s][info][gc,heap      ] GC(213) CMS: 44984K->45051K(83328K)
[854.802s][info][gc,metaspace ] GC(213) Metaspace: 82784K->82784K(1130496K)
[854.802s][info][gc           ] GC(213) Pause Young (Allocation Failure) 77M->44M(117M) 2.389ms
[854.802s][info][gc,cpu       ] GC(213) User=0.01s Sys=0.00s Real=0.00s
[858.776s][info][gc,start     ] GC(214) Pause Young (Allocation Failure)
[858.776s][info][gc,task      ] GC(214) Using 4 workers of 4 for evacuation
[858.778s][info][gc,heap      ] GC(214) ParNew: 34012K->610K(37440K)
[858.778s][info][gc,heap      ] GC(214) CMS: 45051K->45119K(83328K)
[858.778s][info][gc,metaspace ] GC(214) Metaspace: 82784K->82784K(1130496K)
[858.778s][info][gc           ] GC(214) Pause Young (Allocation Failure) 77M->44M(117M) 2.259ms
[858.778s][info][gc,cpu       ] GC(214) User=0.01s Sys=0.00s Real=0.00s
[862.753s][info][gc,start     ] GC(215) Pause Young (Allocation Failure)
[862.753s][info][gc,task      ] GC(215) Using 4 workers of 4 for evacuation
[862.755s][info][gc,heap      ] GC(215) ParNew: 33890K->609K(37440K)
[862.756s][info][gc,heap      ] GC(215) CMS: 45119K->45186K(83328K)
[862.756s][info][gc,metaspace ] GC(215) Metaspace: 82785K->82785K(1130496K)
[862.756s][info][gc           ] GC(215) Pause Young (Allocation Failure) 77M->44M(117M) 2.417ms
[862.756s][info][gc,cpu       ] GC(215) User=0.01s Sys=0.00s Real=0.00s
[866.739s][info][gc,start     ] GC(216) Pause Young (Allocation Failure)
[866.740s][info][gc,task      ] GC(216) Using 4 workers of 4 for evacuation
[866.742s][info][gc,heap      ] GC(216) ParNew: 33889K->609K(37440K)
[866.742s][info][gc,heap      ] GC(216) CMS: 45186K->45253K(83328K)
[866.742s][info][gc,metaspace ] GC(216) Metaspace: 82785K->82785K(1130496K)
[866.742s][info][gc           ] GC(216) Pause Young (Allocation Failure) 77M->44M(117M) 2.169ms
[866.742s][info][gc,cpu       ] GC(216) User=0.01s Sys=0.00s Real=0.00s
[870.706s][info][gc,start     ] GC(217) Pause Young (Allocation Failure)
[870.706s][info][gc,task      ] GC(217) Using 4 workers of 4 for evacuation
[870.708s][info][gc,heap      ] GC(217) ParNew: 33889K->731K(37440K)
[870.708s][info][gc,heap      ] GC(217) CMS: 45253K->45321K(83328K)
[870.708s][info][gc,metaspace ] GC(217) Metaspace: 82785K->82785K(1130496K)
[870.708s][info][gc           ] GC(217) Pause Young (Allocation Failure) 77M->44M(117M) 2.038ms
[870.708s][info][gc,cpu       ] GC(217) User=0.01s Sys=0.00s Real=0.00s
[874.656s][info][gc,start     ] GC(218) Pause Young (Allocation Failure)
[874.657s][info][gc,task      ] GC(218) Using 4 workers of 4 for evacuation
[874.659s][info][gc,heap      ] GC(218) ParNew: 34011K->730K(37440K)
[874.659s][info][gc,heap      ] GC(218) CMS: 45321K->45387K(83328K)
[874.659s][info][gc,metaspace ] GC(218) Metaspace: 82789K->82789K(1130496K)
[874.659s][info][gc           ] GC(218) Pause Young (Allocation Failure) 77M->45M(117M) 2.759ms
[874.659s][info][gc,cpu       ] GC(218) User=0.00s Sys=0.00s Real=0.00s
[878.632s][info][gc,start     ] GC(219) Pause Young (Allocation Failure)
[878.632s][info][gc,task      ] GC(219) Using 4 workers of 4 for evacuation
[878.635s][info][gc,heap      ] GC(219) ParNew: 34010K->613K(37440K)
[878.635s][info][gc,heap      ] GC(219) CMS: 45387K->45454K(83328K)
[878.635s][info][gc,metaspace ] GC(219) Metaspace: 82789K->82789K(1130496K)
[878.635s][info][gc           ] GC(219) Pause Young (Allocation Failure) 77M->44M(117M) 2.180ms
[878.635s][info][gc,cpu       ] GC(219) User=0.01s Sys=0.00s Real=0.00s
[882.599s][info][gc,start     ] GC(220) Pause Young (Allocation Failure)
[882.599s][info][gc,task      ] GC(220) Using 4 workers of 4 for evacuation
[882.601s][info][gc,heap      ] GC(220) ParNew: 33893K->737K(37440K)
[882.601s][info][gc,heap      ] GC(220) CMS: 45454K->45522K(83328K)
[882.601s][info][gc,metaspace ] GC(220) Metaspace: 82790K->82790K(1130496K)
[882.601s][info][gc           ] GC(220) Pause Young (Allocation Failure) 77M->45M(117M) 2.539ms
[882.601s][info][gc,cpu       ] GC(220) User=0.01s Sys=0.00s Real=0.00s
[886.565s][info][gc,start     ] GC(221) Pause Young (Allocation Failure)
[886.565s][info][gc,task      ] GC(221) Using 4 workers of 4 for evacuation
[886.567s][info][gc,heap      ] GC(221) ParNew: 34017K->614K(37440K)
[886.567s][info][gc,heap      ] GC(221) CMS: 45522K->45589K(83328K)
[886.567s][info][gc,metaspace ] GC(221) Metaspace: 82790K->82790K(1130496K)
[886.567s][info][gc           ] GC(221) Pause Young (Allocation Failure) 77M->45M(117M) 2.083ms
[886.567s][info][gc,cpu       ] GC(221) User=0.01s Sys=0.00s Real=0.01s
[890.551s][info][gc,start     ] GC(222) Pause Young (Allocation Failure)
[890.551s][info][gc,task      ] GC(222) Using 4 workers of 4 for evacuation
[890.553s][info][gc,heap      ] GC(222) ParNew: 33894K->615K(37440K)
[890.553s][info][gc,heap      ] GC(222) CMS: 45589K->45657K(83328K)
[890.553s][info][gc,metaspace ] GC(222) Metaspace: 82790K->82790K(1130496K)
[890.553s][info][gc           ] GC(222) Pause Young (Allocation Failure) 77M->45M(117M) 2.334ms
[890.553s][info][gc,cpu       ] GC(222) User=0.01s Sys=0.00s Real=0.00s
[894.540s][info][gc,start     ] GC(223) Pause Young (Allocation Failure)
[894.540s][info][gc,task      ] GC(223) Using 4 workers of 4 for evacuation
[894.542s][info][gc,heap      ] GC(223) ParNew: 33895K->612K(37440K)
[894.542s][info][gc,heap      ] GC(223) CMS: 45657K->45724K(83328K)
[894.542s][info][gc,metaspace ] GC(223) Metaspace: 82791K->82791K(1130496K)
[894.542s][info][gc           ] GC(223) Pause Young (Allocation Failure) 77M->45M(117M) 2.194ms
[894.542s][info][gc,cpu       ] GC(223) User=0.00s Sys=0.00s Real=0.00s
[898.509s][info][gc,start     ] GC(224) Pause Young (Allocation Failure)
[898.509s][info][gc,task      ] GC(224) Using 4 workers of 4 for evacuation
[898.512s][info][gc,heap      ] GC(224) ParNew: 33892K->611K(37440K)
[898.512s][info][gc,heap      ] GC(224) CMS: 45724K->45792K(83328K)
[898.512s][info][gc,metaspace ] GC(224) Metaspace: 82791K->82791K(1130496K)
[898.512s][info][gc           ] GC(224) Pause Young (Allocation Failure) 77M->45M(117M) 2.391ms
[898.512s][info][gc,cpu       ] GC(224) User=0.01s Sys=0.00s Real=0.00s
[902.496s][info][gc,start     ] GC(225) Pause Young (Allocation Failure)
[902.496s][info][gc,task      ] GC(225) Using 4 workers of 4 for evacuation
[902.498s][info][gc,heap      ] GC(225) ParNew: 33891K->611K(37440K)
[902.498s][info][gc,heap      ] GC(225) CMS: 45792K->45860K(83328K)
[902.498s][info][gc,metaspace ] GC(225) Metaspace: 82791K->82791K(1130496K)
[902.498s][info][gc           ] GC(225) Pause Young (Allocation Failure) 77M->45M(117M) 2.369ms
[902.498s][info][gc,cpu       ] GC(225) User=0.01s Sys=0.00s Real=0.01s
[906.471s][info][gc,start     ] GC(226) Pause Young (Allocation Failure)
[906.472s][info][gc,task      ] GC(226) Using 4 workers of 4 for evacuation
[906.473s][info][gc,heap      ] GC(226) ParNew: 33891K->738K(37440K)
[906.473s][info][gc,heap      ] GC(226) CMS: 45860K->45927K(83328K)
[906.474s][info][gc,metaspace ] GC(226) Metaspace: 82791K->82791K(1130496K)
[906.474s][info][gc           ] GC(226) Pause Young (Allocation Failure) 77M->45M(117M) 2.101ms
[906.474s][info][gc,cpu       ] GC(226) User=0.01s Sys=0.00s Real=0.00s
[910.448s][info][gc,start     ] GC(227) Pause Young (Allocation Failure)
[910.448s][info][gc,task      ] GC(227) Using 4 workers of 4 for evacuation
[910.450s][info][gc,heap      ] GC(227) ParNew: 34018K->612K(37440K)
[910.450s][info][gc,heap      ] GC(227) CMS: 45927K->45993K(83328K)
[910.450s][info][gc,metaspace ] GC(227) Metaspace: 82791K->82791K(1130496K)
[910.450s][info][gc           ] GC(227) Pause Young (Allocation Failure) 78M->45M(117M) 2.333ms
[910.450s][info][gc,cpu       ] GC(227) User=0.01s Sys=0.00s Real=0.00s
[914.425s][info][gc,start     ] GC(228) Pause Young (Allocation Failure)
[914.425s][info][gc,task      ] GC(228) Using 4 workers of 4 for evacuation
[914.427s][info][gc,heap      ] GC(228) ParNew: 33892K->611K(37440K)
[914.427s][info][gc,heap      ] GC(228) CMS: 45993K->46061K(83328K)
[914.427s][info][gc,metaspace ] GC(228) Metaspace: 82791K->82791K(1130496K)
[914.427s][info][gc           ] GC(228) Pause Young (Allocation Failure) 78M->45M(117M) 2.293ms
[914.427s][info][gc,cpu       ] GC(228) User=0.01s Sys=0.00s Real=0.01s
[918.401s][info][gc,start     ] GC(229) Pause Young (Allocation Failure)
[918.401s][info][gc,task      ] GC(229) Using 4 workers of 4 for evacuation
[918.404s][info][gc,heap      ] GC(229) ParNew: 33891K->611K(37440K)
[918.404s][info][gc,heap      ] GC(229) CMS: 46061K->46129K(83328K)
[918.404s][info][gc,metaspace ] GC(229) Metaspace: 82791K->82791K(1130496K)
[918.404s][info][gc           ] GC(229) Pause Young (Allocation Failure) 78M->45M(117M) 2.220ms
[918.404s][info][gc,cpu       ] GC(229) User=0.01s Sys=0.00s Real=0.00s
[922.398s][info][gc,start     ] GC(230) Pause Young (Allocation Failure)
[922.398s][info][gc,task      ] GC(230) Using 4 workers of 4 for evacuation
[922.400s][info][gc,heap      ] GC(230) ParNew: 33891K->733K(37440K)
[922.400s][info][gc,heap      ] GC(230) CMS: 46129K->46196K(83328K)
[922.400s][info][gc,metaspace ] GC(230) Metaspace: 82791K->82791K(1130496K)
[922.400s][info][gc           ] GC(230) Pause Young (Allocation Failure) 78M->45M(117M) 2.492ms
[922.400s][info][gc,cpu       ] GC(230) User=0.01s Sys=0.00s Real=0.00s
[926.384s][info][gc,start     ] GC(231) Pause Young (Allocation Failure)
[926.384s][info][gc,task      ] GC(231) Using 4 workers of 4 for evacuation
[926.386s][info][gc,heap      ] GC(231) ParNew: 34013K->609K(37440K)
[926.386s][info][gc,heap      ] GC(231) CMS: 46196K->46263K(83328K)
[926.386s][info][gc,metaspace ] GC(231) Metaspace: 82791K->82791K(1130496K)
[926.386s][info][gc           ] GC(231) Pause Young (Allocation Failure) 78M->45M(117M) 2.173ms
[926.386s][info][gc,cpu       ] GC(231) User=0.01s Sys=0.00s Real=0.01s
[930.363s][info][gc,start     ] GC(232) Pause Young (Allocation Failure)
[930.363s][info][gc,task      ] GC(232) Using 4 workers of 4 for evacuation
[930.365s][info][gc,heap      ] GC(232) ParNew: 33889K->730K(37440K)
[930.365s][info][gc,heap      ] GC(232) CMS: 46263K->46331K(83328K)
[930.365s][info][gc,metaspace ] GC(232) Metaspace: 82791K->82791K(1130496K)
[930.365s][info][gc           ] GC(232) Pause Young (Allocation Failure) 78M->45M(117M) 2.705ms
[930.365s][info][gc,cpu       ] GC(232) User=0.01s Sys=0.00s Real=0.00s
[934.339s][info][gc,start     ] GC(233) Pause Young (Allocation Failure)
[934.339s][info][gc,task      ] GC(233) Using 4 workers of 4 for evacuation
[934.342s][info][gc,heap      ] GC(233) ParNew: 34010K->737K(37440K)
[934.342s][info][gc,heap      ] GC(233) CMS: 46331K->46398K(83328K)
[934.342s][info][gc,metaspace ] GC(233) Metaspace: 82791K->82791K(1130496K)
[934.342s][info][gc           ] GC(233) Pause Young (Allocation Failure) 78M->46M(117M) 2.654ms
[934.342s][info][gc,cpu       ] GC(233) User=0.01s Sys=0.00s Real=0.00s
[938.316s][info][gc,start     ] GC(234) Pause Young (Allocation Failure)
[938.316s][info][gc,task      ] GC(234) Using 4 workers of 4 for evacuation
[938.319s][info][gc,heap      ] GC(234) ParNew: 34017K->611K(37440K)
[938.319s][info][gc,heap      ] GC(234) CMS: 46398K->46465K(83328K)
[938.319s][info][gc,metaspace ] GC(234) Metaspace: 82791K->82791K(1130496K)
[938.319s][info][gc           ] GC(234) Pause Young (Allocation Failure) 78M->45M(117M) 2.320ms
[938.319s][info][gc,cpu       ] GC(234) User=0.01s Sys=0.00s Real=0.00s
[942.302s][info][gc,start     ] GC(235) Pause Young (Allocation Failure)
[942.302s][info][gc,task      ] GC(235) Using 4 workers of 4 for evacuation
[942.304s][info][gc,heap      ] GC(235) ParNew: 33891K->610K(37440K)
[942.304s][info][gc,heap      ] GC(235) CMS: 46465K->46532K(83328K)
[942.304s][info][gc,metaspace ] GC(235) Metaspace: 82791K->82791K(1130496K)
[942.304s][info][gc           ] GC(235) Pause Young (Allocation Failure) 78M->46M(117M) 2.190ms
[942.304s][info][gc,cpu       ] GC(235) User=0.00s Sys=0.00s Real=0.00s
[946.267s][info][gc,start     ] GC(236) Pause Young (Allocation Failure)
[946.268s][info][gc,task      ] GC(236) Using 4 workers of 4 for evacuation
[946.270s][info][gc,heap      ] GC(236) ParNew: 33890K->613K(37440K)
[946.270s][info][gc,heap      ] GC(236) CMS: 46532K->46599K(83328K)
[946.270s][info][gc,metaspace ] GC(236) Metaspace: 82791K->82791K(1130496K)
[946.270s][info][gc           ] GC(236) Pause Young (Allocation Failure) 78M->46M(117M) 2.271ms
[946.270s][info][gc,cpu       ] GC(236) User=0.00s Sys=0.00s Real=0.00s
[950.248s][info][gc,start     ] GC(237) Pause Young (Allocation Failure)
[950.249s][info][gc,task      ] GC(237) Using 4 workers of 4 for evacuation
[950.251s][info][gc,heap      ] GC(237) ParNew: 33893K->736K(37440K)
[950.251s][info][gc,heap      ] GC(237) CMS: 46599K->46667K(83328K)
[950.251s][info][gc,metaspace ] GC(237) Metaspace: 82791K->82791K(1130496K)
[950.251s][info][gc           ] GC(237) Pause Young (Allocation Failure) 78M->46M(117M) 2.489ms
[950.251s][info][gc,cpu       ] GC(237) User=0.01s Sys=0.00s Real=0.00s
[954.220s][info][gc,start     ] GC(238) Pause Young (Allocation Failure)
[954.221s][info][gc,task      ] GC(238) Using 4 workers of 4 for evacuation
[954.223s][info][gc,heap      ] GC(238) ParNew: 34016K->734K(37440K)
[954.223s][info][gc,heap      ] GC(238) CMS: 46667K->46734K(83328K)
[954.223s][info][gc,metaspace ] GC(238) Metaspace: 82791K->82791K(1130496K)
[954.223s][info][gc           ] GC(238) Pause Young (Allocation Failure) 78M->46M(117M) 2.690ms
[954.223s][info][gc,cpu       ] GC(238) User=0.00s Sys=0.00s Real=0.00s
[958.217s][info][gc,start     ] GC(239) Pause Young (Allocation Failure)
[958.217s][info][gc,task      ] GC(239) Using 4 workers of 4 for evacuation
[958.219s][info][gc,heap      ] GC(239) ParNew: 34014K->734K(37440K)
[958.219s][info][gc,heap      ] GC(239) CMS: 46734K->46802K(83328K)
[958.219s][info][gc,metaspace ] GC(239) Metaspace: 82791K->82791K(1130496K)
[958.219s][info][gc           ] GC(239) Pause Young (Allocation Failure) 78M->46M(117M) 2.037ms
[958.219s][info][gc,cpu       ] GC(239) User=0.01s Sys=0.00s Real=0.00s
[962.194s][info][gc,start     ] GC(240) Pause Young (Allocation Failure)
[962.194s][info][gc,task      ] GC(240) Using 4 workers of 4 for evacuation
[962.196s][info][gc,heap      ] GC(240) ParNew: 34014K->610K(37440K)
[962.196s][info][gc,heap      ] GC(240) CMS: 46802K->46869K(83328K)
[962.196s][info][gc,metaspace ] GC(240) Metaspace: 82791K->82791K(1130496K)
[962.196s][info][gc           ] GC(240) Pause Young (Allocation Failure) 78M->46M(117M) 2.411ms
[962.196s][info][gc,cpu       ] GC(240) User=0.01s Sys=0.00s Real=0.01s
[966.191s][info][gc,start     ] GC(241) Pause Young (Allocation Failure)
[966.191s][info][gc,task      ] GC(241) Using 4 workers of 4 for evacuation
[966.193s][info][gc,heap      ] GC(241) ParNew: 33890K->735K(37440K)
[966.193s][info][gc,heap      ] GC(241) CMS: 46869K->46936K(83328K)
[966.193s][info][gc,metaspace ] GC(241) Metaspace: 82792K->82792K(1130496K)
[966.193s][info][gc           ] GC(241) Pause Young (Allocation Failure) 78M->46M(117M) 2.590ms
[966.193s][info][gc,cpu       ] GC(241) User=0.01s Sys=0.00s Real=0.00s
[970.174s][info][gc,start     ] GC(242) Pause Young (Allocation Failure)
[970.174s][info][gc,task      ] GC(242) Using 4 workers of 4 for evacuation
[970.176s][info][gc,heap      ] GC(242) ParNew: 34015K->612K(37440K)
[970.176s][info][gc,heap      ] GC(242) CMS: 46936K->47003K(83328K)
[970.176s][info][gc,metaspace ] GC(242) Metaspace: 82792K->82792K(1130496K)
[970.176s][info][gc           ] GC(242) Pause Young (Allocation Failure) 79M->46M(117M) 2.202ms
[970.176s][info][gc,cpu       ] GC(242) User=0.00s Sys=0.00s Real=0.01s
[974.151s][info][gc,start     ] GC(243) Pause Young (Allocation Failure)
[974.151s][info][gc,task      ] GC(243) Using 4 workers of 4 for evacuation
[974.154s][info][gc,heap      ] GC(243) ParNew: 33892K->733K(37440K)
[974.154s][info][gc,heap      ] GC(243) CMS: 47003K->47070K(83328K)
[974.154s][info][gc,metaspace ] GC(243) Metaspace: 82792K->82792K(1130496K)
[974.154s][info][gc           ] GC(243) Pause Young (Allocation Failure) 78M->46M(117M) 2.595ms
[974.154s][info][gc,cpu       ] GC(243) User=0.01s Sys=0.00s Real=0.00s
[978.112s][info][gc,start     ] GC(244) Pause Young (Allocation Failure)
[978.112s][info][gc,task      ] GC(244) Using 4 workers of 4 for evacuation
[978.114s][info][gc,heap      ] GC(244) ParNew: 34013K->739K(37440K)
[978.114s][info][gc,heap      ] GC(244) CMS: 47070K->47137K(83328K)
[978.114s][info][gc,metaspace ] GC(244) Metaspace: 82808K->82808K(1130496K)
[978.114s][info][gc           ] GC(244) Pause Young (Allocation Failure) 79M->46M(117M) 2.528ms
[978.115s][info][gc,cpu       ] GC(244) User=0.01s Sys=0.00s Real=0.00s
[982.097s][info][gc,start     ] GC(245) Pause Young (Allocation Failure)
[982.097s][info][gc,task      ] GC(245) Using 4 workers of 4 for evacuation
[982.100s][info][gc,heap      ] GC(245) ParNew: 34019K->612K(37440K)
[982.100s][info][gc,heap      ] GC(245) CMS: 47137K->47205K(83328K)
[982.100s][info][gc,metaspace ] GC(245) Metaspace: 82809K->82809K(1130496K)
[982.100s][info][gc           ] GC(245) Pause Young (Allocation Failure) 79M->46M(117M) 2.660ms
[982.100s][info][gc,cpu       ] GC(245) User=0.01s Sys=0.00s Real=0.00s
[986.074s][info][gc,start     ] GC(246) Pause Young (Allocation Failure)
[986.074s][info][gc,task      ] GC(246) Using 4 workers of 4 for evacuation
[986.077s][info][gc,heap      ] GC(246) ParNew: 33892K->613K(37440K)
[986.077s][info][gc,heap      ] GC(246) CMS: 47205K->47272K(83328K)
[986.077s][info][gc,metaspace ] GC(246) Metaspace: 82809K->82809K(1130496K)
[986.077s][info][gc           ] GC(246) Pause Young (Allocation Failure) 79M->46M(117M) 2.472ms
[986.077s][info][gc,cpu       ] GC(246) User=0.01s Sys=0.00s Real=0.01s
[990.061s][info][gc,start     ] GC(247) Pause Young (Allocation Failure)
[990.061s][info][gc,task      ] GC(247) Using 4 workers of 4 for evacuation
[990.063s][info][gc,heap      ] GC(247) ParNew: 33893K->735K(37440K)
[990.063s][info][gc,heap      ] GC(247) CMS: 47272K->47340K(83328K)
[990.063s][info][gc,metaspace ] GC(247) Metaspace: 82809K->82809K(1130496K)
[990.063s][info][gc           ] GC(247) Pause Young (Allocation Failure) 79M->46M(117M) 2.474ms
[990.063s][info][gc,cpu       ] GC(247) User=0.01s Sys=0.00s Real=0.00s
[994.040s][info][gc,start     ] GC(248) Pause Young (Allocation Failure)
[994.040s][info][gc,task      ] GC(248) Using 4 workers of 4 for evacuation
[994.043s][info][gc,heap      ] GC(248) ParNew: 34015K->613K(37440K)
[994.043s][info][gc,heap      ] GC(248) CMS: 47340K->47408K(83328K)
[994.043s][info][gc,metaspace ] GC(248) Metaspace: 82810K->82810K(1130496K)
[994.043s][info][gc           ] GC(248) Pause Young (Allocation Failure) 79M->46M(117M) 2.215ms
[994.043s][info][gc,cpu       ] GC(248) User=0.00s Sys=0.00s Real=0.00s
[998.010s][info][gc,start     ] GC(249) Pause Young (Allocation Failure)
[998.010s][info][gc,task      ] GC(249) Using 4 workers of 4 for evacuation
[998.012s][info][gc,heap      ] GC(249) ParNew: 33893K->611K(37440K)
[998.012s][info][gc,heap      ] GC(249) CMS: 47408K->47475K(83328K)
[998.012s][info][gc,metaspace ] GC(249) Metaspace: 82810K->82810K(1130496K)
[998.012s][info][gc           ] GC(249) Pause Young (Allocation Failure) 79M->46M(117M) 2.146ms
[998.012s][info][gc,cpu       ] GC(249) User=0.01s Sys=0.00s Real=0.00s
[1001.989s][info][gc,start     ] GC(250) Pause Young (Allocation Failure)
[1001.989s][info][gc,task      ] GC(250) Using 4 workers of 4 for evacuation
[1001.991s][info][gc,heap      ] GC(250) ParNew: 33891K->611K(37440K)
[1001.991s][info][gc,heap      ] GC(250) CMS: 47475K->47543K(83328K)
[1001.991s][info][gc,metaspace ] GC(250) Metaspace: 82810K->82810K(1130496K)
[1001.991s][info][gc           ] GC(250) Pause Young (Allocation Failure) 79M->47M(117M) 2.122ms
[1001.991s][info][gc,cpu       ] GC(250) User=0.01s Sys=0.00s Real=0.00s
[1005.948s][info][gc,start     ] GC(251) Pause Young (Allocation Failure)
[1005.948s][info][gc,task      ] GC(251) Using 4 workers of 4 for evacuation
[1005.950s][info][gc,heap      ] GC(251) ParNew: 33891K->732K(37440K)
[1005.950s][info][gc,heap      ] GC(251) CMS: 47543K->47610K(83328K)
[1005.950s][info][gc,metaspace ] GC(251) Metaspace: 82810K->82810K(1130496K)
[1005.950s][info][gc           ] GC(251) Pause Young (Allocation Failure) 79M->47M(117M) 2.647ms
[1005.950s][info][gc,cpu       ] GC(251) User=0.01s Sys=0.00s Real=0.00s
[1009.934s][info][gc,start     ] GC(252) Pause Young (Allocation Failure)
[1009.934s][info][gc,task      ] GC(252) Using 4 workers of 4 for evacuation
[1009.936s][info][gc,heap      ] GC(252) ParNew: 34012K->610K(37440K)
[1009.936s][info][gc,heap      ] GC(252) CMS: 47610K->47677K(83328K)
[1009.936s][info][gc,metaspace ] GC(252) Metaspace: 82810K->82810K(1130496K)
[1009.936s][info][gc           ] GC(252) Pause Young (Allocation Failure) 79M->47M(117M) 2.353ms
[1009.936s][info][gc,cpu       ] GC(252) User=0.01s Sys=0.00s Real=0.01s
[1013.911s][info][gc,start     ] GC(253) Pause Young (Allocation Failure)
[1013.911s][info][gc,task      ] GC(253) Using 4 workers of 4 for evacuation
[1013.913s][info][gc,heap      ] GC(253) ParNew: 33890K->608K(37440K)
[1013.913s][info][gc,heap      ] GC(253) CMS: 47677K->47745K(83328K)
[1013.913s][info][gc,metaspace ] GC(253) Metaspace: 82810K->82810K(1130496K)
[1013.913s][info][gc           ] GC(253) Pause Young (Allocation Failure) 79M->47M(117M) 2.331ms
[1013.913s][info][gc,cpu       ] GC(253) User=0.01s Sys=0.00s Real=0.00s
[1017.884s][info][gc,start     ] GC(254) Pause Young (Allocation Failure)
[1017.884s][info][gc,task      ] GC(254) Using 4 workers of 4 for evacuation
[1017.887s][info][gc,heap      ] GC(254) ParNew: 33888K->610K(37440K)
[1017.887s][info][gc,heap      ] GC(254) CMS: 47745K->47812K(83328K)
[1017.887s][info][gc,metaspace ] GC(254) Metaspace: 82810K->82810K(1130496K)
[1017.887s][info][gc           ] GC(254) Pause Young (Allocation Failure) 79M->47M(117M) 2.599ms
[1017.887s][info][gc,cpu       ] GC(254) User=0.01s Sys=0.00s Real=0.01s
[1021.865s][info][gc,start     ] GC(255) Pause Young (Allocation Failure)
[1021.865s][info][gc,task      ] GC(255) Using 4 workers of 4 for evacuation
[1021.867s][info][gc,heap      ] GC(255) ParNew: 33890K->614K(37440K)
[1021.867s][info][gc,heap      ] GC(255) CMS: 47812K->47880K(83328K)
[1021.867s][info][gc,metaspace ] GC(255) Metaspace: 82812K->82812K(1130496K)
[1021.867s][info][gc           ] GC(255) Pause Young (Allocation Failure) 79M->47M(117M) 2.360ms
[1021.868s][info][gc,cpu       ] GC(255) User=0.01s Sys=0.00s Real=0.01s
[1025.838s][info][gc,start     ] GC(256) Pause Young (Allocation Failure)
[1025.838s][info][gc,task      ] GC(256) Using 4 workers of 4 for evacuation
[1025.840s][info][gc,heap      ] GC(256) ParNew: 33894K->615K(37440K)
[1025.840s][info][gc,heap      ] GC(256) CMS: 47880K->47947K(83328K)
[1025.840s][info][gc,metaspace ] GC(256) Metaspace: 82814K->82814K(1130496K)
[1025.840s][info][gc           ] GC(256) Pause Young (Allocation Failure) 79M->47M(117M) 2.083ms
[1025.840s][info][gc,cpu       ] GC(256) User=0.00s Sys=0.00s Real=0.00s
[1029.817s][info][gc,start     ] GC(257) Pause Young (Allocation Failure)
[1029.818s][info][gc,task      ] GC(257) Using 4 workers of 4 for evacuation
[1029.819s][info][gc,heap      ] GC(257) ParNew: 33895K->733K(37440K)
[1029.819s][info][gc,heap      ] GC(257) CMS: 47947K->48014K(83328K)
[1029.819s][info][gc,metaspace ] GC(257) Metaspace: 82821K->82821K(1130496K)
[1029.819s][info][gc           ] GC(257) Pause Young (Allocation Failure) 79M->47M(117M) 1.998ms
[1029.819s][info][gc,cpu       ] GC(257) User=0.00s Sys=0.00s Real=0.00s
[1033.798s][info][gc,start     ] GC(258) Pause Young (Allocation Failure)
[1033.798s][info][gc,task      ] GC(258) Using 4 workers of 4 for evacuation
[1033.801s][info][gc,heap      ] GC(258) ParNew: 34013K->731K(37440K)
[1033.801s][info][gc,heap      ] GC(258) CMS: 48014K->48081K(83328K)
[1033.801s][info][gc,metaspace ] GC(258) Metaspace: 82821K->82821K(1130496K)
[1033.801s][info][gc           ] GC(258) Pause Young (Allocation Failure) 80M->47M(117M) 2.778ms
[1033.801s][info][gc,cpu       ] GC(258) User=0.01s Sys=0.00s Real=0.00s
[1037.774s][info][gc,start     ] GC(259) Pause Young (Allocation Failure)
[1037.774s][info][gc,task      ] GC(259) Using 4 workers of 4 for evacuation
[1037.776s][info][gc,heap      ] GC(259) ParNew: 34011K->732K(37440K)
[1037.776s][info][gc,heap      ] GC(259) CMS: 48081K->48148K(83328K)
[1037.776s][info][gc,metaspace ] GC(259) Metaspace: 82824K->82824K(1130496K)
[1037.776s][info][gc           ] GC(259) Pause Young (Allocation Failure) 80M->47M(117M) 2.316ms
[1037.776s][info][gc,cpu       ] GC(259) User=0.01s Sys=0.00s Real=0.01s
[1041.767s][info][gc,start     ] GC(260) Pause Young (Allocation Failure)
[1041.767s][info][gc,task      ] GC(260) Using 4 workers of 4 for evacuation
[1041.769s][info][gc,heap      ] GC(260) ParNew: 34012K->733K(37440K)
[1041.769s][info][gc,heap      ] GC(260) CMS: 48148K->48215K(83328K)
[1041.769s][info][gc,metaspace ] GC(260) Metaspace: 82826K->82826K(1130496K)
[1041.769s][info][gc           ] GC(260) Pause Young (Allocation Failure) 80M->47M(117M) 2.295ms
[1041.770s][info][gc,cpu       ] GC(260) User=0.01s Sys=0.00s Real=0.00s
[1045.747s][info][gc,start     ] GC(261) Pause Young (Allocation Failure)
[1045.748s][info][gc,task      ] GC(261) Using 4 workers of 4 for evacuation
[1045.750s][info][gc,heap      ] GC(261) ParNew: 34013K->610K(37440K)
[1045.750s][info][gc,heap      ] GC(261) CMS: 48215K->48282K(83328K)
[1045.750s][info][gc,metaspace ] GC(261) Metaspace: 82827K->82827K(1130496K)
[1045.750s][info][gc           ] GC(261) Pause Young (Allocation Failure) 80M->47M(117M) 2.497ms
[1045.750s][info][gc,cpu       ] GC(261) User=0.01s Sys=0.00s Real=0.00s
[1049.715s][info][gc,start     ] GC(262) Pause Young (Allocation Failure)
[1049.715s][info][gc,task      ] GC(262) Using 4 workers of 4 for evacuation
[1049.717s][info][gc,heap      ] GC(262) ParNew: 33890K->859K(37440K)
[1049.717s][info][gc,heap      ] GC(262) CMS: 48282K->48351K(83328K)
[1049.717s][info][gc,metaspace ] GC(262) Metaspace: 82830K->82830K(1130496K)
[1049.717s][info][gc           ] GC(262) Pause Young (Allocation Failure) 80M->48M(117M) 2.327ms
[1049.717s][info][gc,cpu       ] GC(262) User=0.01s Sys=0.00s Real=0.01s
[1053.701s][info][gc,start     ] GC(263) Pause Young (Allocation Failure)
[1053.701s][info][gc,task      ] GC(263) Using 4 workers of 4 for evacuation
[1053.703s][info][gc,heap      ] GC(263) ParNew: 34139K->613K(37440K)
[1053.703s][info][gc,heap      ] GC(263) CMS: 48351K->48418K(83328K)
[1053.703s][info][gc,metaspace ] GC(263) Metaspace: 82833K->82833K(1130496K)
[1053.703s][info][gc           ] GC(263) Pause Young (Allocation Failure) 80M->47M(117M) 2.193ms
[1053.703s][info][gc,cpu       ] GC(263) User=0.00s Sys=0.00s Real=0.00s
[1057.676s][info][gc,start     ] GC(264) Pause Young (Allocation Failure)
[1057.676s][info][gc,task      ] GC(264) Using 4 workers of 4 for evacuation
[1057.678s][info][gc,heap      ] GC(264) ParNew: 33893K->667K(37440K)
[1057.678s][info][gc,heap      ] GC(264) CMS: 48418K->48485K(83328K)
[1057.678s][info][gc,metaspace ] GC(264) Metaspace: 82833K->82833K(1130496K)
[1057.678s][info][gc           ] GC(264) Pause Young (Allocation Failure) 80M->48M(117M) 2.139ms
[1057.678s][info][gc,cpu       ] GC(264) User=0.00s Sys=0.00s Real=0.01s
[1061.671s][info][gc,start     ] GC(265) Pause Young (Allocation Failure)
[1061.672s][info][gc,task      ] GC(265) Using 4 workers of 4 for evacuation
[1061.674s][info][gc,heap      ] GC(265) ParNew: 33947K->599K(37440K)
[1061.674s][info][gc,heap      ] GC(265) CMS: 48485K->48552K(83328K)
[1061.674s][info][gc,metaspace ] GC(265) Metaspace: 82834K->82834K(1130496K)
[1061.674s][info][gc           ] GC(265) Pause Young (Allocation Failure) 80M->48M(117M) 2.175ms
[1061.674s][info][gc,cpu       ] GC(265) User=0.00s Sys=0.00s Real=0.00s
[1065.637s][info][gc,start     ] GC(266) Pause Young (Allocation Failure)
[1065.637s][info][gc,task      ] GC(266) Using 4 workers of 4 for evacuation
[1065.640s][info][gc,heap      ] GC(266) ParNew: 33879K->610K(37440K)
[1065.640s][info][gc,heap      ] GC(266) CMS: 48552K->48620K(83328K)
[1065.640s][info][gc,metaspace ] GC(266) Metaspace: 82834K->82834K(1130496K)
[1065.640s][info][gc           ] GC(266) Pause Young (Allocation Failure) 80M->48M(117M) 2.364ms
[1065.640s][info][gc,cpu       ] GC(266) User=0.01s Sys=0.00s Real=0.00s
[1069.615s][info][gc,start     ] GC(267) Pause Young (Allocation Failure)
[1069.615s][info][gc,task      ] GC(267) Using 4 workers of 4 for evacuation
[1069.617s][info][gc,heap      ] GC(267) ParNew: 33890K->733K(37440K)
[1069.617s][info][gc,heap      ] GC(267) CMS: 48620K->48689K(83328K)
[1069.617s][info][gc,metaspace ] GC(267) Metaspace: 82834K->82834K(1130496K)
[1069.617s][info][gc           ] GC(267) Pause Young (Allocation Failure) 80M->48M(117M) 2.673ms
[1069.617s][info][gc,cpu       ] GC(267) User=0.01s Sys=0.00s Real=0.01s
[1073.601s][info][gc,start     ] GC(268) Pause Young (Allocation Failure)
[1073.601s][info][gc,task      ] GC(268) Using 4 workers of 4 for evacuation
[1073.603s][info][gc,heap      ] GC(268) ParNew: 34013K->733K(37440K)
[1073.603s][info][gc,heap      ] GC(268) CMS: 48689K->48757K(83328K)
[1073.603s][info][gc,metaspace ] GC(268) Metaspace: 82842K->82842K(1130496K)
[1073.603s][info][gc           ] GC(268) Pause Young (Allocation Failure) 80M->48M(117M) 2.865ms
[1073.603s][info][gc,cpu       ] GC(268) User=0.00s Sys=0.00s Real=0.00s
[1077.590s][info][gc,start     ] GC(269) Pause Young (Allocation Failure)
[1077.590s][info][gc,task      ] GC(269) Using 4 workers of 4 for evacuation
[1077.593s][info][gc,heap      ] GC(269) ParNew: 34013K->612K(37440K)
[1077.593s][info][gc,heap      ] GC(269) CMS: 48757K->48824K(83328K)
[1077.593s][info][gc,metaspace ] GC(269) Metaspace: 82849K->82849K(1130496K)
[1077.593s][info][gc           ] GC(269) Pause Young (Allocation Failure) 80M->48M(117M) 2.866ms
[1077.593s][info][gc,cpu       ] GC(269) User=0.00s Sys=0.00s Real=0.00s
[1081.575s][info][gc,start     ] GC(270) Pause Young (Allocation Failure)
[1081.575s][info][gc,task      ] GC(270) Using 4 workers of 4 for evacuation
[1081.577s][info][gc,heap      ] GC(270) ParNew: 33892K->610K(37440K)
[1081.577s][info][gc,heap      ] GC(270) CMS: 48824K->48891K(83328K)
[1081.577s][info][gc,metaspace ] GC(270) Metaspace: 82849K->82849K(1130496K)
[1081.578s][info][gc           ] GC(270) Pause Young (Allocation Failure) 80M->48M(117M) 2.540ms
[1081.578s][info][gc,cpu       ] GC(270) User=0.00s Sys=0.00s Real=0.01s
[1085.540s][info][gc,start     ] GC(271) Pause Young (Allocation Failure)
[1085.540s][info][gc,task      ] GC(271) Using 4 workers of 4 for evacuation
[1085.543s][info][gc,heap      ] GC(271) ParNew: 33890K->730K(37440K)
[1085.543s][info][gc,heap      ] GC(271) CMS: 48891K->48959K(83328K)
[1085.543s][info][gc,metaspace ] GC(271) Metaspace: 82851K->82851K(1130496K)
[1085.543s][info][gc           ] GC(271) Pause Young (Allocation Failure) 80M->48M(117M) 2.551ms
[1085.543s][info][gc,cpu       ] GC(271) User=0.00s Sys=0.00s Real=0.00s
[1089.511s][info][gc,start     ] GC(272) Pause Young (Allocation Failure)
[1089.511s][info][gc,task      ] GC(272) Using 4 workers of 4 for evacuation
[1089.514s][info][gc,heap      ] GC(272) ParNew: 34010K->610K(37440K)
[1089.514s][info][gc,heap      ] GC(272) CMS: 48959K->49026K(83328K)
[1089.514s][info][gc,metaspace ] GC(272) Metaspace: 82852K->82852K(1130496K)
[1089.514s][info][gc           ] GC(272) Pause Young (Allocation Failure) 81M->48M(117M) 3.305ms
[1089.514s][info][gc,cpu       ] GC(272) User=0.01s Sys=0.00s Real=0.00s
[1093.467s][info][gc,start     ] GC(273) Pause Young (Allocation Failure)
[1093.467s][info][gc,task      ] GC(273) Using 4 workers of 4 for evacuation
[1093.470s][info][gc,heap      ] GC(273) ParNew: 33890K->734K(37440K)
[1093.470s][info][gc,heap      ] GC(273) CMS: 49026K->49093K(83328K)
[1093.470s][info][gc,metaspace ] GC(273) Metaspace: 82854K->82854K(1130496K)
[1093.470s][info][gc           ] GC(273) Pause Young (Allocation Failure) 80M->48M(117M) 2.728ms
[1093.470s][info][gc,cpu       ] GC(273) User=0.01s Sys=0.00s Real=0.00s
[1097.432s][info][gc,start     ] GC(274) Pause Young (Allocation Failure)
[1097.432s][info][gc,task      ] GC(274) Using 4 workers of 4 for evacuation
[1097.435s][info][gc,heap      ] GC(274) ParNew: 34014K->612K(37440K)
[1097.435s][info][gc,heap      ] GC(274) CMS: 49093K->49160K(83328K)
[1097.435s][info][gc,metaspace ] GC(274) Metaspace: 82855K->82855K(1130496K)
[1097.435s][info][gc           ] GC(274) Pause Young (Allocation Failure) 81M->48M(117M) 2.798ms
[1097.435s][info][gc,cpu       ] GC(274) User=0.01s Sys=0.00s Real=0.00s
[1101.402s][info][gc,start     ] GC(275) Pause Young (Allocation Failure)
[1101.402s][info][gc,task      ] GC(275) Using 4 workers of 4 for evacuation
[1101.404s][info][gc,heap      ] GC(275) ParNew: 33892K->610K(37440K)
[1101.405s][info][gc,heap      ] GC(275) CMS: 49160K->49228K(83328K)
[1101.405s][info][gc,metaspace ] GC(275) Metaspace: 82857K->82857K(1130496K)
[1101.405s][info][gc           ] GC(275) Pause Young (Allocation Failure) 81M->48M(117M) 2.187ms
[1101.405s][info][gc,cpu       ] GC(275) User=0.01s Sys=0.00s Real=0.00s
[1105.368s][info][gc,start     ] GC(276) Pause Young (Allocation Failure)
[1105.368s][info][gc,task      ] GC(276) Using 4 workers of 4 for evacuation
[1105.371s][info][gc,heap      ] GC(276) ParNew: 33890K->610K(37440K)
[1105.371s][info][gc,heap      ] GC(276) CMS: 49228K->49294K(83328K)
[1105.371s][info][gc,metaspace ] GC(276) Metaspace: 82860K->82860K(1130496K)
[1105.371s][info][gc           ] GC(276) Pause Young (Allocation Failure) 81M->48M(117M) 2.389ms
[1105.371s][info][gc,cpu       ] GC(276) User=0.01s Sys=0.00s Real=0.00s
[1109.344s][info][gc,start     ] GC(277) Pause Young (Allocation Failure)
[1109.344s][info][gc,task      ] GC(277) Using 4 workers of 4 for evacuation
[1109.347s][info][gc,heap      ] GC(277) ParNew: 33890K->610K(37440K)
[1109.347s][info][gc,heap      ] GC(277) CMS: 49294K->49362K(83328K)
[1109.347s][info][gc,metaspace ] GC(277) Metaspace: 82864K->82864K(1130496K)
[1109.347s][info][gc           ] GC(277) Pause Young (Allocation Failure) 81M->48M(117M) 2.433ms
[1109.347s][info][gc,cpu       ] GC(277) User=0.01s Sys=0.00s Real=0.01s
[1113.321s][info][gc,start     ] GC(278) Pause Young (Allocation Failure)
[1113.321s][info][gc,task      ] GC(278) Using 4 workers of 4 for evacuation
[1113.323s][info][gc,heap      ] GC(278) ParNew: 33890K->611K(37440K)
[1113.323s][info][gc,heap      ] GC(278) CMS: 49362K->49429K(83328K)
[1113.323s][info][gc,metaspace ] GC(278) Metaspace: 82868K->82868K(1130496K)
[1113.323s][info][gc           ] GC(278) Pause Young (Allocation Failure) 81M->48M(117M) 2.185ms
[1113.323s][info][gc,cpu       ] GC(278) User=0.01s Sys=0.00s Real=0.00s
[1117.307s][info][gc,start     ] GC(279) Pause Young (Allocation Failure)
[1117.307s][info][gc,task      ] GC(279) Using 4 workers of 4 for evacuation
[1117.309s][info][gc,heap      ] GC(279) ParNew: 33891K->611K(37440K)
[1117.309s][info][gc,heap      ] GC(279) CMS: 49429K->49496K(83328K)
[1117.309s][info][gc,metaspace ] GC(279) Metaspace: 82872K->82872K(1130496K)
[1117.309s][info][gc           ] GC(279) Pause Young (Allocation Failure) 81M->48M(117M) 2.168ms
[1117.309s][info][gc,cpu       ] GC(279) User=0.01s Sys=0.00s Real=0.00s
[1121.283s][info][gc,start     ] GC(280) Pause Young (Allocation Failure)
[1121.283s][info][gc,task      ] GC(280) Using 4 workers of 4 for evacuation
[1121.285s][info][gc,heap      ] GC(280) ParNew: 33891K->610K(37440K)
[1121.285s][info][gc,heap      ] GC(280) CMS: 49496K->49564K(83328K)
[1121.285s][info][gc,metaspace ] GC(280) Metaspace: 82872K->82872K(1130496K)
[1121.285s][info][gc           ] GC(280) Pause Young (Allocation Failure) 81M->48M(117M) 2.250ms
[1121.285s][info][gc,cpu       ] GC(280) User=0.01s Sys=0.00s Real=0.00s
[1125.254s][info][gc,start     ] GC(281) Pause Young (Allocation Failure)
[1125.254s][info][gc,task      ] GC(281) Using 4 workers of 4 for evacuation
[1125.256s][info][gc,heap      ] GC(281) ParNew: 33890K->732K(37440K)
[1125.256s][info][gc,heap      ] GC(281) CMS: 49564K->49631K(83328K)
[1125.256s][info][gc,metaspace ] GC(281) Metaspace: 82872K->82872K(1130496K)
[1125.256s][info][gc           ] GC(281) Pause Young (Allocation Failure) 81M->49M(117M) 2.544ms
[1125.256s][info][gc,cpu       ] GC(281) User=0.01s Sys=0.00s Real=0.01s
[1129.236s][info][gc,start     ] GC(282) Pause Young (Allocation Failure)
[1129.236s][info][gc,task      ] GC(282) Using 4 workers of 4 for evacuation
[1129.238s][info][gc,heap      ] GC(282) ParNew: 34012K->731K(37440K)
[1129.238s][info][gc,heap      ] GC(282) CMS: 49631K->49698K(83328K)
[1129.238s][info][gc,metaspace ] GC(282) Metaspace: 82872K->82872K(1130496K)
[1129.238s][info][gc           ] GC(282) Pause Young (Allocation Failure) 81M->49M(117M) 2.737ms
[1129.239s][info][gc,cpu       ] GC(282) User=0.01s Sys=0.01s Real=0.00s
[1133.212s][info][gc,start     ] GC(283) Pause Young (Allocation Failure)
[1133.213s][info][gc,task      ] GC(283) Using 4 workers of 4 for evacuation
[1133.215s][info][gc,heap      ] GC(283) ParNew: 34011K->610K(37440K)
[1133.215s][info][gc,heap      ] GC(283) CMS: 49698K->49765K(83328K)
[1133.215s][info][gc,metaspace ] GC(283) Metaspace: 82872K->82872K(1130496K)
[1133.215s][info][gc           ] GC(283) Pause Young (Allocation Failure) 81M->49M(117M) 2.796ms
[1133.215s][info][gc,cpu       ] GC(283) User=0.00s Sys=0.00s Real=0.00s
[1137.189s][info][gc,start     ] GC(284) Pause Young (Allocation Failure)
[1137.189s][info][gc,task      ] GC(284) Using 4 workers of 4 for evacuation
[1137.191s][info][gc,heap      ] GC(284) ParNew: 33890K->732K(37440K)
[1137.191s][info][gc,heap      ] GC(284) CMS: 49765K->49833K(83328K)
[1137.191s][info][gc,metaspace ] GC(284) Metaspace: 82872K->82872K(1130496K)
[1137.191s][info][gc           ] GC(284) Pause Young (Allocation Failure) 81M->49M(117M) 2.388ms
[1137.191s][info][gc,cpu       ] GC(284) User=0.00s Sys=0.00s Real=0.00s
[1138.183s][info][gc,start     ] GC(285) Pause Young (Allocation Failure)
[1138.183s][info][gc,task      ] GC(285) Using 4 workers of 4 for evacuation
[1138.184s][info][gc,heap      ] GC(285) ParNew: 34012K->610K(37440K)
[1138.184s][info][gc,heap      ] GC(285) CMS: 49833K->49900K(83328K)
[1138.184s][info][gc,metaspace ] GC(285) Metaspace: 83038K->83038K(1130496K)
[1138.184s][info][gc           ] GC(285) Pause Young (Allocation Failure) 81M->49M(117M) 1.823ms
[1138.184s][info][gc,cpu       ] GC(285) User=0.01s Sys=0.00s Real=0.00s
[1138.271s][info][gc,start     ] GC(286) Pause Young (Allocation Failure)
[1138.271s][info][gc,task      ] GC(286) Using 4 workers of 4 for evacuation
[1138.273s][info][gc,heap      ] GC(286) ParNew: 33890K->604K(37440K)
[1138.273s][info][gc,heap      ] GC(286) CMS: 49900K->49967K(83328K)
[1138.273s][info][gc,metaspace ] GC(286) Metaspace: 83038K->83038K(1130496K)
[1138.273s][info][gc           ] GC(286) Pause Young (Allocation Failure) 81M->49M(117M) 1.678ms
[1138.273s][info][gc,cpu       ] GC(286) User=0.00s Sys=0.00s Real=0.00s
[1138.345s][info][gc,start     ] GC(287) Pause Young (Allocation Failure)
[1138.345s][info][gc,task      ] GC(287) Using 4 workers of 4 for evacuation
[1138.347s][info][gc,heap      ] GC(287) ParNew: 33884K->440K(37440K)
[1138.347s][info][gc,heap      ] GC(287) CMS: 49967K->50035K(83328K)
[1138.347s][info][gc,metaspace ] GC(287) Metaspace: 83038K->83038K(1130496K)
[1138.347s][info][gc           ] GC(287) Pause Young (Allocation Failure) 81M->49M(117M) 1.737ms
[1138.347s][info][gc,cpu       ] GC(287) User=0.00s Sys=0.00s Real=0.01s
[1138.413s][info][gc,start     ] GC(288) Pause Young (Allocation Failure)
[1138.413s][info][gc,task      ] GC(288) Using 4 workers of 4 for evacuation
[1138.414s][info][gc,heap      ] GC(288) ParNew: 33720K->484K(37440K)
[1138.414s][info][gc,heap      ] GC(288) CMS: 50035K->50102K(83328K)
[1138.414s][info][gc,metaspace ] GC(288) Metaspace: 83038K->83038K(1130496K)
[1138.414s][info][gc           ] GC(288) Pause Young (Allocation Failure) 81M->49M(117M) 1.702ms
[1138.414s][info][gc,cpu       ] GC(288) User=0.01s Sys=0.00s Real=0.00s
[1138.480s][info][gc,start     ] GC(289) Pause Young (Allocation Failure)
[1138.480s][info][gc,task      ] GC(289) Using 4 workers of 4 for evacuation
[1138.482s][info][gc,heap      ] GC(289) ParNew: 33764K->332K(37440K)
[1138.482s][info][gc,heap      ] GC(289) CMS: 50102K->50170K(83328K)
[1138.482s][info][gc,metaspace ] GC(289) Metaspace: 83038K->83038K(1130496K)
[1138.482s][info][gc           ] GC(289) Pause Young (Allocation Failure) 81M->49M(117M) 1.659ms
[1138.482s][info][gc,cpu       ] GC(289) User=0.01s Sys=0.00s Real=0.00s
[1138.547s][info][gc,start     ] GC(290) Pause Young (Allocation Failure)
[1138.547s][info][gc,task      ] GC(290) Using 4 workers of 4 for evacuation
[1138.549s][info][gc,heap      ] GC(290) ParNew: 33612K->275K(37440K)
[1138.549s][info][gc,heap      ] GC(290) CMS: 50170K->50292K(83328K)
[1138.549s][info][gc,metaspace ] GC(290) Metaspace: 83038K->83038K(1130496K)
[1138.549s][info][gc           ] GC(290) Pause Young (Allocation Failure) 81M->49M(117M) 1.740ms
[1138.549s][info][gc,cpu       ] GC(290) User=0.01s Sys=0.00s Real=0.00s
[1138.615s][info][gc,start     ] GC(291) Pause Young (Allocation Failure)
[1138.615s][info][gc,task      ] GC(291) Using 4 workers of 4 for evacuation
[1138.617s][info][gc,heap      ] GC(291) ParNew: 33555K->154K(37440K)
[1138.617s][info][gc,heap      ] GC(291) CMS: 50292K->50373K(83328K)
[1138.617s][info][gc,metaspace ] GC(291) Metaspace: 83038K->83038K(1130496K)
[1138.617s][info][gc           ] GC(291) Pause Young (Allocation Failure) 81M->49M(117M) 1.596ms
[1138.617s][info][gc,cpu       ] GC(291) User=0.01s Sys=0.00s Real=0.01s
[1138.687s][info][gc,start     ] GC(292) Pause Young (Allocation Failure)
[1138.687s][info][gc,task      ] GC(292) Using 4 workers of 4 for evacuation
[1138.689s][info][gc,heap      ] GC(292) ParNew: 33434K->105K(37440K)
[1138.689s][info][gc,heap      ] GC(292) CMS: 50373K->50386K(83328K)
[1138.689s][info][gc,metaspace ] GC(292) Metaspace: 83038K->83038K(1130496K)
[1138.689s][info][gc           ] GC(292) Pause Young (Allocation Failure) 81M->49M(117M) 1.385ms
[1138.689s][info][gc,cpu       ] GC(292) User=0.00s Sys=0.00s Real=0.00s
[1138.758s][info][gc,start     ] GC(293) Pause Young (Allocation Failure)
[1138.758s][info][gc,task      ] GC(293) Using 4 workers of 4 for evacuation
[1138.760s][info][gc,heap      ] GC(293) ParNew: 33385K->91K(37440K)
[1138.760s][info][gc,heap      ] GC(293) CMS: 50386K->50399K(83328K)
[1138.760s][info][gc,metaspace ] GC(293) Metaspace: 83038K->83038K(1130496K)
[1138.760s][info][gc           ] GC(293) Pause Young (Allocation Failure) 81M->49M(117M) 1.450ms
[1138.760s][info][gc,cpu       ] GC(293) User=0.00s Sys=0.00s Real=0.00s
[1138.827s][info][gc,start     ] GC(294) Pause Young (Allocation Failure)
[1138.827s][info][gc,task      ] GC(294) Using 4 workers of 4 for evacuation
[1138.828s][info][gc,heap      ] GC(294) ParNew: 33371K->115K(37440K)
[1138.828s][info][gc,heap      ] GC(294) CMS: 50399K->50411K(83328K)
[1138.828s][info][gc,metaspace ] GC(294) Metaspace: 83038K->83038K(1130496K)
[1138.828s][info][gc           ] GC(294) Pause Young (Allocation Failure) 81M->49M(117M) 1.270ms
[1138.828s][info][gc,cpu       ] GC(294) User=0.00s Sys=0.00s Real=0.00s
[1138.886s][info][gc,start     ] GC(295) Pause Young (Allocation Failure)
[1138.886s][info][gc,task      ] GC(295) Using 4 workers of 4 for evacuation
[1138.887s][info][gc,heap      ] GC(295) ParNew: 33395K->119K(37440K)
[1138.887s][info][gc,heap      ] GC(295) CMS: 50411K->50424K(83328K)
[1138.887s][info][gc,metaspace ] GC(295) Metaspace: 83038K->83038K(1130496K)
[1138.888s][info][gc           ] GC(295) Pause Young (Allocation Failure) 81M->49M(117M) 1.407ms
[1138.888s][info][gc,cpu       ] GC(295) User=0.00s Sys=0.00s Real=0.00s
[1138.944s][info][gc,start     ] GC(296) Pause Young (Allocation Failure)
[1138.944s][info][gc,task      ] GC(296) Using 4 workers of 4 for evacuation
[1138.946s][info][gc,heap      ] GC(296) ParNew: 33399K->96K(37440K)
[1138.946s][info][gc,heap      ] GC(296) CMS: 50424K->50437K(83328K)
[1138.946s][info][gc,metaspace ] GC(296) Metaspace: 83038K->83038K(1130496K)
[1138.946s][info][gc           ] GC(296) Pause Young (Allocation Failure) 81M->49M(117M) 1.393ms
[1138.946s][info][gc,cpu       ] GC(296) User=0.00s Sys=0.00s Real=0.01s
[1139.003s][info][gc,start     ] GC(297) Pause Young (Allocation Failure)
[1139.003s][info][gc,task      ] GC(297) Using 4 workers of 4 for evacuation
[1139.004s][info][gc,heap      ] GC(297) ParNew: 33376K->95K(37440K)
[1139.004s][info][gc,heap      ] GC(297) CMS: 50437K->50451K(83328K)
[1139.004s][info][gc,metaspace ] GC(297) Metaspace: 83038K->83038K(1130496K)
[1139.004s][info][gc           ] GC(297) Pause Young (Allocation Failure) 81M->49M(117M) 1.374ms
[1139.004s][info][gc,cpu       ] GC(297) User=0.01s Sys=0.00s Real=0.00s
[1139.063s][info][gc,start     ] GC(298) Pause Young (Allocation Failure)
[1139.063s][info][gc,task      ] GC(298) Using 4 workers of 4 for evacuation
[1139.064s][info][gc,heap      ] GC(298) ParNew: 33375K->113K(37440K)
[1139.064s][info][gc,heap      ] GC(298) CMS: 50451K->50464K(83328K)
[1139.064s][info][gc,metaspace ] GC(298) Metaspace: 83038K->83038K(1130496K)
[1139.064s][info][gc           ] GC(298) Pause Young (Allocation Failure) 81M->49M(117M) 1.304ms
[1139.064s][info][gc,cpu       ] GC(298) User=0.01s Sys=0.00s Real=0.00s
[1139.122s][info][gc,start     ] GC(299) Pause Young (Allocation Failure)
[1139.122s][info][gc,task      ] GC(299) Using 4 workers of 4 for evacuation
[1139.123s][info][gc,heap      ] GC(299) ParNew: 33393K->93K(37440K)
[1139.123s][info][gc,heap      ] GC(299) CMS: 50464K->50476K(83328K)
[1139.123s][info][gc,metaspace ] GC(299) Metaspace: 83038K->83038K(1130496K)
[1139.123s][info][gc           ] GC(299) Pause Young (Allocation Failure) 81M->49M(117M) 1.277ms
[1139.123s][info][gc,cpu       ] GC(299) User=0.00s Sys=0.00s Real=0.00s
[1139.181s][info][gc,start     ] GC(300) Pause Young (Allocation Failure)
[1139.181s][info][gc,task      ] GC(300) Using 4 workers of 4 for evacuation
[1139.182s][info][gc,heap      ] GC(300) ParNew: 33373K->112K(37440K)
[1139.182s][info][gc,heap      ] GC(300) CMS: 50476K->50489K(83328K)
[1139.182s][info][gc,metaspace ] GC(300) Metaspace: 83038K->83038K(1130496K)
[1139.182s][info][gc           ] GC(300) Pause Young (Allocation Failure) 81M->49M(117M) 1.380ms
[1139.182s][info][gc,cpu       ] GC(300) User=0.00s Sys=0.00s Real=0.00s
[1139.241s][info][gc,start     ] GC(301) Pause Young (Allocation Failure)
[1139.241s][info][gc,task      ] GC(301) Using 4 workers of 4 for evacuation
[1139.242s][info][gc,heap      ] GC(301) ParNew: 33392K->93K(37440K)
[1139.242s][info][gc,heap      ] GC(301) CMS: 50489K->50501K(83328K)
[1139.242s][info][gc,metaspace ] GC(301) Metaspace: 83038K->83038K(1130496K)
[1139.242s][info][gc           ] GC(301) Pause Young (Allocation Failure) 81M->49M(117M) 1.617ms
[1139.242s][info][gc,cpu       ] GC(301) User=0.01s Sys=0.00s Real=0.00s
[1139.300s][info][gc,start     ] GC(302) Pause Young (Allocation Failure)
[1139.300s][info][gc,task      ] GC(302) Using 4 workers of 4 for evacuation
[1139.302s][info][gc,heap      ] GC(302) ParNew: 33373K->112K(37440K)
[1139.302s][info][gc,heap      ] GC(302) CMS: 50501K->50513K(83328K)
[1139.302s][info][gc,metaspace ] GC(302) Metaspace: 83038K->83038K(1130496K)
[1139.302s][info][gc           ] GC(302) Pause Young (Allocation Failure) 81M->49M(117M) 1.369ms
[1139.302s][info][gc,cpu       ] GC(302) User=0.00s Sys=0.00s Real=0.00s
[1139.359s][info][gc,start     ] GC(303) Pause Young (Allocation Failure)
[1139.359s][info][gc,task      ] GC(303) Using 4 workers of 4 for evacuation
[1139.361s][info][gc,heap      ] GC(303) ParNew: 33392K->112K(37440K)
[1139.361s][info][gc,heap      ] GC(303) CMS: 50513K->50525K(83328K)
[1139.361s][info][gc,metaspace ] GC(303) Metaspace: 83038K->83038K(1130496K)
[1139.361s][info][gc           ] GC(303) Pause Young (Allocation Failure) 81M->49M(117M) 1.415ms
[1139.361s][info][gc,cpu       ] GC(303) User=0.00s Sys=0.00s Real=0.00s
[1143.039s][info][gc,start     ] GC(304) Pause Young (Allocation Failure)
[1143.039s][info][gc,task      ] GC(304) Using 4 workers of 4 for evacuation
[1143.051s][info][gc,heap      ] GC(304) ParNew: 33392K->2535K(37440K)
[1143.051s][info][gc,heap      ] GC(304) CMS: 50525K->50538K(83328K)
[1143.051s][info][gc,metaspace ] GC(304) Metaspace: 83049K->83049K(1130496K)
[1143.051s][info][gc           ] GC(304) Pause Young (Allocation Failure) 81M->51M(117M) 11.985ms
[1143.051s][info][gc,cpu       ] GC(304) User=0.05s Sys=0.00s Real=0.01s
[1148.881s][info][gc,start     ] GC(305) Pause Young (Allocation Failure)
[1148.881s][info][gc,task      ] GC(305) Using 4 workers of 4 for evacuation
[1148.925s][info][gc,heap      ] GC(305) ParNew: 35814K->1890K(37440K)
[1148.925s][info][gc,heap      ] GC(305) CMS: 50538K->53660K(83328K)
[1148.925s][info][gc,metaspace ] GC(305) Metaspace: 83049K->83049K(1130496K)
[1148.925s][info][gc           ] GC(305) Pause Young (Allocation Failure) 84M->54M(117M) 44.019ms
[1148.925s][info][gc,cpu       ] GC(305) User=0.17s Sys=0.00s Real=0.04s
[1154.986s][info][gc,start     ] GC(306) Pause Young (Allocation Failure)
[1154.987s][info][gc,task      ] GC(306) Using 4 workers of 4 for evacuation
[1154.988s][info][gc,heap      ] GC(306) ParNew: 35170K->491K(37440K)
[1154.988s][info][gc,heap      ] GC(306) CMS: 53660K->53660K(83328K)
[1154.988s][info][gc,metaspace ] GC(306) Metaspace: 83049K->83049K(1130496K)
[1154.988s][info][gc           ] GC(306) Pause Young (Allocation Failure) 86M->52M(117M) 2.027ms
[1154.988s][info][gc,cpu       ] GC(306) User=0.01s Sys=0.00s Real=0.00s
[1161.047s][info][gc,start     ] GC(307) Pause Young (Allocation Failure)
[1161.047s][info][gc,task      ] GC(307) Using 4 workers of 4 for evacuation
[1161.049s][info][gc,heap      ] GC(307) ParNew: 33771K->188K(37440K)
[1161.049s][info][gc,heap      ] GC(307) CMS: 53660K->53660K(83328K)
[1161.049s][info][gc,metaspace ] GC(307) Metaspace: 83049K->83049K(1130496K)
[1161.050s][info][gc           ] GC(307) Pause Young (Allocation Failure) 85M->52M(117M) 2.300ms
[1161.050s][info][gc,cpu       ] GC(307) User=0.01s Sys=0.00s Real=0.00s
[1167.163s][info][gc,start     ] GC(308) Pause Young (Allocation Failure)
[1167.163s][info][gc,task      ] GC(308) Using 4 workers of 4 for evacuation
[1167.165s][info][gc,heap      ] GC(308) ParNew: 33468K->167K(37440K)
[1167.165s][info][gc,heap      ] GC(308) CMS: 53660K->53660K(83328K)
[1167.165s][info][gc,metaspace ] GC(308) Metaspace: 83049K->83049K(1130496K)
[1167.165s][info][gc           ] GC(308) Pause Young (Allocation Failure) 85M->52M(117M) 2.384ms
[1167.165s][info][gc,cpu       ] GC(308) User=0.01s Sys=0.00s Real=0.00s
[1173.260s][info][gc,start     ] GC(309) Pause Young (Allocation Failure)
[1173.260s][info][gc,task      ] GC(309) Using 4 workers of 4 for evacuation
[1173.262s][info][gc,heap      ] GC(309) ParNew: 33447K->205K(37440K)
[1173.262s][info][gc,heap      ] GC(309) CMS: 53660K->53660K(83328K)
[1173.262s][info][gc,metaspace ] GC(309) Metaspace: 83049K->83049K(1130496K)
[1173.262s][info][gc           ] GC(309) Pause Young (Allocation Failure) 85M->52M(117M) 1.895ms
[1173.262s][info][gc,cpu       ] GC(309) User=0.01s Sys=0.01s Real=0.00s
[1179.363s][info][gc,start     ] GC(310) Pause Young (Allocation Failure)
[1179.363s][info][gc,task      ] GC(310) Using 4 workers of 4 for evacuation
[1179.365s][info][gc,heap      ] GC(310) ParNew: 33485K->218K(37440K)
[1179.365s][info][gc,heap      ] GC(310) CMS: 53660K->53660K(83328K)
[1179.365s][info][gc,metaspace ] GC(310) Metaspace: 83049K->83049K(1130496K)
[1179.365s][info][gc           ] GC(310) Pause Young (Allocation Failure) 85M->52M(117M) 1.889ms
[1179.365s][info][gc,cpu       ] GC(310) User=0.01s Sys=0.00s Real=0.00s
[1185.475s][info][gc,start     ] GC(311) Pause Young (Allocation Failure)
[1185.475s][info][gc,task      ] GC(311) Using 4 workers of 4 for evacuation
[1185.477s][info][gc,heap      ] GC(311) ParNew: 33498K->275K(37440K)
[1185.477s][info][gc,heap      ] GC(311) CMS: 53660K->53675K(83328K)
[1185.477s][info][gc,metaspace ] GC(311) Metaspace: 83049K->83049K(1130496K)
[1185.477s][info][gc           ] GC(311) Pause Young (Allocation Failure) 85M->52M(117M) 2.328ms
[1185.477s][info][gc,cpu       ] GC(311) User=0.01s Sys=0.00s Real=0.01s
[1191.627s][info][gc,start     ] GC(312) Pause Young (Allocation Failure)
[1191.627s][info][gc,task      ] GC(312) Using 4 workers of 4 for evacuation
[1191.629s][info][gc,heap      ] GC(312) ParNew: 33555K->221K(37440K)
[1191.629s][info][gc,heap      ] GC(312) CMS: 53675K->53687K(83328K)
[1191.629s][info][gc,metaspace ] GC(312) Metaspace: 83049K->83049K(1130496K)
[1191.629s][info][gc           ] GC(312) Pause Young (Allocation Failure) 85M->52M(117M) 1.964ms
[1191.629s][info][gc,cpu       ] GC(312) User=0.01s Sys=0.00s Real=0.00s
[1197.738s][info][gc,start     ] GC(313) Pause Young (Allocation Failure)
[1197.738s][info][gc,task      ] GC(313) Using 4 workers of 4 for evacuation
[1197.740s][info][gc,heap      ] GC(313) ParNew: 33501K->213K(37440K)
[1197.740s][info][gc,heap      ] GC(313) CMS: 53687K->53699K(83328K)
[1197.740s][info][gc,metaspace ] GC(313) Metaspace: 83049K->83049K(1130496K)
[1197.740s][info][gc           ] GC(313) Pause Young (Allocation Failure) 85M->52M(117M) 2.117ms
[1197.740s][info][gc,cpu       ] GC(313) User=0.01s Sys=0.00s Real=0.00s
[1203.841s][info][gc,start     ] GC(314) Pause Young (Allocation Failure)
[1203.841s][info][gc,task      ] GC(314) Using 4 workers of 4 for evacuation
[1203.843s][info][gc,heap      ] GC(314) ParNew: 33493K->229K(37440K)
[1203.843s][info][gc,heap      ] GC(314) CMS: 53699K->53712K(83328K)
[1203.843s][info][gc,metaspace ] GC(314) Metaspace: 83049K->83049K(1130496K)
[1203.843s][info][gc           ] GC(314) Pause Young (Allocation Failure) 85M->52M(117M) 1.945ms
[1203.843s][info][gc,cpu       ] GC(314) User=0.01s Sys=0.00s Real=0.00s
[1210.011s][info][gc,start     ] GC(315) Pause Young (Allocation Failure)
[1210.011s][info][gc,task      ] GC(315) Using 4 workers of 4 for evacuation
[1210.013s][info][gc,heap      ] GC(315) ParNew: 33509K->268K(37440K)
[1210.013s][info][gc,heap      ] GC(315) CMS: 53712K->53724K(83328K)
[1210.013s][info][gc,metaspace ] GC(315) Metaspace: 83049K->83049K(1130496K)
[1210.013s][info][gc           ] GC(315) Pause Young (Allocation Failure) 85M->52M(117M) 2.078ms
[1210.013s][info][gc,cpu       ] GC(315) User=0.00s Sys=0.00s Real=0.00s
[1216.121s][info][gc,start     ] GC(316) Pause Young (Allocation Failure)
[1216.122s][info][gc,task      ] GC(316) Using 4 workers of 4 for evacuation
[1216.123s][info][gc,heap      ] GC(316) ParNew: 33548K->192K(37440K)
[1216.123s][info][gc,heap      ] GC(316) CMS: 53724K->53736K(83328K)
[1216.123s][info][gc,metaspace ] GC(316) Metaspace: 83049K->83049K(1130496K)
[1216.123s][info][gc           ] GC(316) Pause Young (Allocation Failure) 85M->52M(117M) 1.325ms
[1216.123s][info][gc,cpu       ] GC(316) User=0.00s Sys=0.00s Real=0.00s
[1222.314s][info][gc,start     ] GC(317) Pause Young (Allocation Failure)
[1222.314s][info][gc,task      ] GC(317) Using 4 workers of 4 for evacuation
[1222.316s][info][gc,heap      ] GC(317) ParNew: 33472K->210K(37440K)
[1222.316s][info][gc,heap      ] GC(317) CMS: 53736K->53747K(83328K)
[1222.316s][info][gc,metaspace ] GC(317) Metaspace: 83049K->83049K(1130496K)
[1222.316s][info][gc           ] GC(317) Pause Young (Allocation Failure) 85M->52M(117M) 2.047ms
[1222.316s][info][gc,cpu       ] GC(317) User=0.01s Sys=0.00s Real=0.01s
[1228.445s][info][gc,start     ] GC(318) Pause Young (Allocation Failure)
[1228.446s][info][gc,task      ] GC(318) Using 4 workers of 4 for evacuation
[1228.447s][info][gc,heap      ] GC(318) ParNew: 33490K->226K(37440K)
[1228.447s][info][gc,heap      ] GC(318) CMS: 53747K->53759K(83328K)
[1228.447s][info][gc,metaspace ] GC(318) Metaspace: 83049K->83049K(1130496K)
[1228.447s][info][gc           ] GC(318) Pause Young (Allocation Failure) 85M->52M(117M) 1.897ms
[1228.447s][info][gc,cpu       ] GC(318) User=0.01s Sys=0.00s Real=0.01s
[1234.578s][info][gc,start     ] GC(319) Pause Young (Allocation Failure)
[1234.578s][info][gc,task      ] GC(319) Using 4 workers of 4 for evacuation
[1234.580s][info][gc,heap      ] GC(319) ParNew: 33506K->230K(37440K)
[1234.580s][info][gc,heap      ] GC(319) CMS: 53759K->53771K(83328K)
[1234.580s][info][gc,metaspace ] GC(319) Metaspace: 83049K->83049K(1130496K)
[1234.580s][info][gc           ] GC(319) Pause Young (Allocation Failure) 85M->52M(117M) 1.941ms
[1234.580s][info][gc,cpu       ] GC(319) User=0.01s Sys=0.01s Real=0.00s
[1240.698s][info][gc,start     ] GC(320) Pause Young (Allocation Failure)
[1240.698s][info][gc,task      ] GC(320) Using 4 workers of 4 for evacuation
[1240.700s][info][gc,heap      ] GC(320) ParNew: 33510K->193K(37440K)
[1240.700s][info][gc,heap      ] GC(320) CMS: 53771K->53782K(83328K)
[1240.700s][info][gc,metaspace ] GC(320) Metaspace: 83049K->83049K(1130496K)
[1240.700s][info][gc           ] GC(320) Pause Young (Allocation Failure) 85M->52M(117M) 1.882ms
[1240.700s][info][gc,cpu       ] GC(320) User=0.01s Sys=0.00s Real=0.00s
[1246.860s][info][gc,start     ] GC(321) Pause Young (Allocation Failure)
[1246.860s][info][gc,task      ] GC(321) Using 4 workers of 4 for evacuation
[1246.862s][info][gc,heap      ] GC(321) ParNew: 33473K->273K(37440K)
[1246.862s][info][gc,heap      ] GC(321) CMS: 53782K->53794K(83328K)
[1246.862s][info][gc,metaspace ] GC(321) Metaspace: 83049K->83049K(1130496K)
[1246.862s][info][gc           ] GC(321) Pause Young (Allocation Failure) 85M->52M(117M) 2.064ms
[1246.862s][info][gc,cpu       ] GC(321) User=0.01s Sys=0.00s Real=0.00s
[1252.981s][info][gc,start     ] GC(322) Pause Young (Allocation Failure)
[1252.981s][info][gc,task      ] GC(322) Using 4 workers of 4 for evacuation
[1252.983s][info][gc,heap      ] GC(322) ParNew: 33553K->174K(37440K)
[1252.983s][info][gc,heap      ] GC(322) CMS: 53794K->53806K(83328K)
[1252.983s][info][gc,metaspace ] GC(322) Metaspace: 83049K->83049K(1130496K)
[1252.983s][info][gc           ] GC(322) Pause Young (Allocation Failure) 85M->52M(117M) 2.034ms
[1252.983s][info][gc,cpu       ] GC(322) User=0.00s Sys=0.00s Real=0.00s
[1259.114s][info][gc,start     ] GC(323) Pause Young (Allocation Failure)
[1259.114s][info][gc,task      ] GC(323) Using 4 workers of 4 for evacuation
[1259.116s][info][gc,heap      ] GC(323) ParNew: 33454K->219K(37440K)
[1259.116s][info][gc,heap      ] GC(323) CMS: 53806K->53818K(83328K)
[1259.116s][info][gc,metaspace ] GC(323) Metaspace: 83049K->83049K(1130496K)
[1259.116s][info][gc           ] GC(323) Pause Young (Allocation Failure) 85M->52M(117M) 2.088ms
[1259.116s][info][gc,cpu       ] GC(323) User=0.01s Sys=0.00s Real=0.01s
[1265.217s][info][gc,start     ] GC(324) Pause Young (Allocation Failure)
[1265.217s][info][gc,task      ] GC(324) Using 4 workers of 4 for evacuation
[1265.219s][info][gc,heap      ] GC(324) ParNew: 33499K->235K(37440K)
[1265.219s][info][gc,heap      ] GC(324) CMS: 53818K->53829K(83328K)
[1265.219s][info][gc,metaspace ] GC(324) Metaspace: 83049K->83049K(1130496K)
[1265.219s][info][gc           ] GC(324) Pause Young (Allocation Failure) 85M->52M(117M) 2.427ms
[1265.219s][info][gc,cpu       ] GC(324) User=0.01s Sys=0.00s Real=0.00s
[1271.361s][info][gc,start     ] GC(325) Pause Young (Allocation Failure)
[1271.361s][info][gc,task      ] GC(325) Using 4 workers of 4 for evacuation
[1271.363s][info][gc,heap      ] GC(325) ParNew: 33515K->238K(37440K)
[1271.363s][info][gc,heap      ] GC(325) CMS: 53829K->53841K(83328K)
[1271.363s][info][gc,metaspace ] GC(325) Metaspace: 83049K->83049K(1130496K)
[1271.363s][info][gc           ] GC(325) Pause Young (Allocation Failure) 85M->52M(117M) 2.243ms
[1271.363s][info][gc,cpu       ] GC(325) User=0.01s Sys=0.00s Real=0.00s
[1277.494s][info][gc,start     ] GC(326) Pause Young (Allocation Failure)
[1277.494s][info][gc,task      ] GC(326) Using 4 workers of 4 for evacuation
[1277.496s][info][gc,heap      ] GC(326) ParNew: 33518K->243K(37440K)
[1277.496s][info][gc,heap      ] GC(326) CMS: 53841K->53854K(83328K)
[1277.496s][info][gc,metaspace ] GC(326) Metaspace: 83049K->83049K(1130496K)
[1277.496s][info][gc           ] GC(326) Pause Young (Allocation Failure) 85M->52M(117M) 1.931ms
[1277.496s][info][gc,cpu       ] GC(326) User=0.01s Sys=0.00s Real=0.01s
[1283.615s][info][gc,start     ] GC(327) Pause Young (Allocation Failure)
[1283.616s][info][gc,task      ] GC(327) Using 4 workers of 4 for evacuation
[1283.617s][info][gc,heap      ] GC(327) ParNew: 33523K->240K(37440K)
[1283.618s][info][gc,heap      ] GC(327) CMS: 53854K->53870K(83328K)
[1283.618s][info][gc,metaspace ] GC(327) Metaspace: 83049K->83049K(1130496K)
[1283.618s][info][gc           ] GC(327) Pause Young (Allocation Failure) 85M->52M(117M) 2.095ms
[1283.618s][info][gc,cpu       ] GC(327) User=0.00s Sys=0.00s Real=0.01s
[1289.735s][info][gc,start     ] GC(328) Pause Young (Allocation Failure)
[1289.735s][info][gc,task      ] GC(328) Using 4 workers of 4 for evacuation
[1289.738s][info][gc,heap      ] GC(328) ParNew: 33520K->236K(37440K)
[1289.738s][info][gc,heap      ] GC(328) CMS: 53870K->53882K(83328K)
[1289.738s][info][gc,metaspace ] GC(328) Metaspace: 83049K->83049K(1130496K)
[1289.738s][info][gc           ] GC(328) Pause Young (Allocation Failure) 85M->52M(117M) 2.492ms
[1289.738s][info][gc,cpu       ] GC(328) User=0.00s Sys=0.00s Real=0.01s
[1295.854s][info][gc,start     ] GC(329) Pause Young (Allocation Failure)
[1295.854s][info][gc,task      ] GC(329) Using 4 workers of 4 for evacuation
[1295.856s][info][gc,heap      ] GC(329) ParNew: 33516K->201K(37440K)
[1295.856s][info][gc,heap      ] GC(329) CMS: 53882K->53894K(83328K)
[1295.856s][info][gc,metaspace ] GC(329) Metaspace: 83049K->83049K(1130496K)
[1295.856s][info][gc           ] GC(329) Pause Young (Allocation Failure) 85M->52M(117M) 2.104ms
[1295.856s][info][gc,cpu       ] GC(329) User=0.00s Sys=0.00s Real=0.01s
[1302.028s][info][gc,start     ] GC(330) Pause Young (Allocation Failure)
[1302.028s][info][gc,task      ] GC(330) Using 4 workers of 4 for evacuation
[1302.030s][info][gc,heap      ] GC(330) ParNew: 33481K->238K(37440K)
[1302.030s][info][gc,heap      ] GC(330) CMS: 53894K->53905K(83328K)
[1302.030s][info][gc,metaspace ] GC(330) Metaspace: 83049K->83049K(1130496K)
[1302.030s][info][gc           ] GC(330) Pause Young (Allocation Failure) 85M->52M(117M) 2.338ms
[1302.030s][info][gc,cpu       ] GC(330) User=0.00s Sys=0.00s Real=0.00s
[1308.137s][info][gc,start     ] GC(331) Pause Young (Allocation Failure)
[1308.137s][info][gc,task      ] GC(331) Using 4 workers of 4 for evacuation
[1308.138s][info][gc,heap      ] GC(331) ParNew: 33518K->239K(37440K)
[1308.138s][info][gc,heap      ] GC(331) CMS: 53905K->53917K(83328K)
[1308.138s][info][gc,metaspace ] GC(331) Metaspace: 83049K->83049K(1130496K)
[1308.138s][info][gc           ] GC(331) Pause Young (Allocation Failure) 85M->52M(117M) 1.316ms
[1308.138s][info][gc,cpu       ] GC(331) User=0.00s Sys=0.00s Real=0.00s
[1314.287s][info][gc,start     ] GC(332) Pause Young (Allocation Failure)
[1314.287s][info][gc,task      ] GC(332) Using 4 workers of 4 for evacuation
[1314.288s][info][gc,heap      ] GC(332) ParNew: 33519K->241K(37440K)
[1314.289s][info][gc,heap      ] GC(332) CMS: 53917K->53928K(83328K)
[1314.289s][info][gc,metaspace ] GC(332) Metaspace: 83049K->83049K(1130496K)
[1314.289s][info][gc           ] GC(332) Pause Young (Allocation Failure) 85M->52M(117M) 1.979ms
[1314.289s][info][gc,cpu       ] GC(332) User=0.01s Sys=0.00s Real=0.00s
[1320.416s][info][gc,start     ] GC(333) Pause Young (Allocation Failure)
[1320.416s][info][gc,task      ] GC(333) Using 4 workers of 4 for evacuation
[1320.418s][info][gc,heap      ] GC(333) ParNew: 33521K->243K(37440K)
[1320.418s][info][gc,heap      ] GC(333) CMS: 53928K->53941K(83328K)
[1320.418s][info][gc,metaspace ] GC(333) Metaspace: 83049K->83049K(1130496K)
[1320.418s][info][gc           ] GC(333) Pause Young (Allocation Failure) 85M->52M(117M) 1.978ms
[1320.418s][info][gc,cpu       ] GC(333) User=0.01s Sys=0.00s Real=0.00s
[1326.577s][info][gc,start     ] GC(334) Pause Young (Allocation Failure)
[1326.577s][info][gc,task      ] GC(334) Using 4 workers of 4 for evacuation
[1326.579s][info][gc,heap      ] GC(334) ParNew: 33522K->245K(37440K)
[1326.579s][info][gc,heap      ] GC(334) CMS: 53941K->53957K(83328K)
[1326.579s][info][gc,metaspace ] GC(334) Metaspace: 83049K->83049K(1130496K)
[1326.579s][info][gc           ] GC(334) Pause Young (Allocation Failure) 85M->52M(117M) 2.085ms
[1326.579s][info][gc,cpu       ] GC(334) User=0.01s Sys=0.00s Real=0.00s
[1332.676s][info][gc,start     ] GC(335) Pause Young (Allocation Failure)
[1332.676s][info][gc,task      ] GC(335) Using 4 workers of 4 for evacuation
[1332.678s][info][gc,heap      ] GC(335) ParNew: 33525K->198K(37440K)
[1332.678s][info][gc,heap      ] GC(335) CMS: 53957K->53969K(83328K)
[1332.678s][info][gc,metaspace ] GC(335) Metaspace: 83049K->83049K(1130496K)
[1332.678s][info][gc           ] GC(335) Pause Young (Allocation Failure) 85M->52M(117M) 2.261ms
[1332.678s][info][gc,cpu       ] GC(335) User=0.01s Sys=0.00s Real=0.01s
[1338.840s][info][gc,start     ] GC(336) Pause Young (Allocation Failure)
[1338.840s][info][gc,task      ] GC(336) Using 4 workers of 4 for evacuation
[1338.842s][info][gc,heap      ] GC(336) ParNew: 33478K->233K(37440K)
[1338.842s][info][gc,heap      ] GC(336) CMS: 53969K->53981K(83328K)
[1338.842s][info][gc,metaspace ] GC(336) Metaspace: 83049K->83049K(1130496K)
[1338.842s][info][gc           ] GC(336) Pause Young (Allocation Failure) 85M->52M(117M) 1.930ms
[1338.842s][info][gc,cpu       ] GC(336) User=0.00s Sys=0.00s Real=0.00s
[1344.959s][info][gc,start     ] GC(337) Pause Young (Allocation Failure)
[1344.959s][info][gc,task      ] GC(337) Using 4 workers of 4 for evacuation
[1344.961s][info][gc,heap      ] GC(337) ParNew: 33513K->234K(37440K)
[1344.961s][info][gc,heap      ] GC(337) CMS: 53981K->53993K(83328K)
[1344.961s][info][gc,metaspace ] GC(337) Metaspace: 83049K->83049K(1130496K)
[1344.961s][info][gc           ] GC(337) Pause Young (Allocation Failure) 85M->52M(117M) 1.943ms
[1344.961s][info][gc,cpu       ] GC(337) User=0.01s Sys=0.00s Real=0.00s
[1351.109s][info][gc,start     ] GC(338) Pause Young (Allocation Failure)
[1351.109s][info][gc,task      ] GC(338) Using 4 workers of 4 for evacuation
[1351.111s][info][gc,heap      ] GC(338) ParNew: 33514K->231K(37440K)
[1351.111s][info][gc,heap      ] GC(338) CMS: 53993K->54004K(83328K)
[1351.111s][info][gc,metaspace ] GC(338) Metaspace: 83049K->83049K(1130496K)
[1351.111s][info][gc           ] GC(338) Pause Young (Allocation Failure) 85M->52M(117M) 1.955ms
[1351.111s][info][gc,cpu       ] GC(338) User=0.00s Sys=0.00s Real=0.00s
[1357.218s][info][gc,start     ] GC(339) Pause Young (Allocation Failure)
[1357.218s][info][gc,task      ] GC(339) Using 4 workers of 4 for evacuation
[1357.220s][info][gc,heap      ] GC(339) ParNew: 33511K->233K(37440K)
[1357.220s][info][gc,heap      ] GC(339) CMS: 54004K->54017K(83328K)
[1357.220s][info][gc,metaspace ] GC(339) Metaspace: 83049K->83049K(1130496K)
[1357.220s][info][gc           ] GC(339) Pause Young (Allocation Failure) 85M->52M(117M) 1.960ms
[1357.220s][info][gc,cpu       ] GC(339) User=0.00s Sys=0.00s Real=0.00s
[1363.389s][info][gc,start     ] GC(340) Pause Young (Allocation Failure)
[1363.389s][info][gc,task      ] GC(340) Using 4 workers of 4 for evacuation
[1363.391s][info][gc,heap      ] GC(340) ParNew: 33513K->193K(37440K)
[1363.391s][info][gc,heap      ] GC(340) CMS: 54017K->54029K(83328K)
[1363.391s][info][gc,metaspace ] GC(340) Metaspace: 83049K->83049K(1130496K)
[1363.391s][info][gc           ] GC(340) Pause Young (Allocation Failure) 85M->52M(117M) 1.865ms
[1363.391s][info][gc,cpu       ] GC(340) User=0.00s Sys=0.00s Real=0.00s
[1369.498s][info][gc,start     ] GC(341) Pause Young (Allocation Failure)
[1369.498s][info][gc,task      ] GC(341) Using 4 workers of 4 for evacuation
[1369.500s][info][gc,heap      ] GC(341) ParNew: 33473K->232K(37440K)
[1369.500s][info][gc,heap      ] GC(341) CMS: 54029K->54041K(83328K)
[1369.500s][info][gc,metaspace ] GC(341) Metaspace: 83049K->83049K(1130496K)
[1369.500s][info][gc           ] GC(341) Pause Young (Allocation Failure) 85M->53M(117M) 2.385ms
[1369.500s][info][gc,cpu       ] GC(341) User=0.00s Sys=0.00s Real=0.00s
[1375.648s][info][gc,start     ] GC(342) Pause Young (Allocation Failure)
[1375.648s][info][gc,task      ] GC(342) Using 4 workers of 4 for evacuation
[1375.650s][info][gc,heap      ] GC(342) ParNew: 33512K->232K(37440K)
[1375.650s][info][gc,heap      ] GC(342) CMS: 54041K->54052K(83328K)
[1375.650s][info][gc,metaspace ] GC(342) Metaspace: 83049K->83049K(1130496K)
[1375.650s][info][gc           ] GC(342) Pause Young (Allocation Failure) 85M->53M(117M) 2.325ms
[1375.650s][info][gc,cpu       ] GC(342) User=0.01s Sys=0.00s Real=0.00s
[1381.766s][info][gc,start     ] GC(343) Pause Young (Allocation Failure)
[1381.766s][info][gc,task      ] GC(343) Using 4 workers of 4 for evacuation
[1381.768s][info][gc,heap      ] GC(343) ParNew: 33512K->237K(37440K)
[1381.768s][info][gc,heap      ] GC(343) CMS: 54052K->54064K(83328K)
[1381.768s][info][gc,metaspace ] GC(343) Metaspace: 83049K->83049K(1130496K)
[1381.769s][info][gc           ] GC(343) Pause Young (Allocation Failure) 85M->53M(117M) 2.396ms
[1381.769s][info][gc,cpu       ] GC(343) User=0.00s Sys=0.00s Real=0.00s
[1387.886s][info][gc,start     ] GC(344) Pause Young (Allocation Failure)
[1387.886s][info][gc,task      ] GC(344) Using 4 workers of 4 for evacuation
[1387.888s][info][gc,heap      ] GC(344) ParNew: 33517K->197K(37440K)
[1387.888s][info][gc,heap      ] GC(344) CMS: 54064K->54076K(83328K)
[1387.888s][info][gc,metaspace ] GC(344) Metaspace: 83049K->83049K(1130496K)
[1387.888s][info][gc           ] GC(344) Pause Young (Allocation Failure) 85M->53M(117M) 2.150ms
[1387.888s][info][gc,cpu       ] GC(344) User=0.00s Sys=0.00s Real=0.00s
[1394.026s][info][gc,start     ] GC(345) Pause Young (Allocation Failure)
[1394.026s][info][gc,task      ] GC(345) Using 4 workers of 4 for evacuation
[1394.028s][info][gc,heap      ] GC(345) ParNew: 33477K->239K(37440K)
[1394.028s][info][gc,heap      ] GC(345) CMS: 54076K->54087K(83328K)
[1394.028s][info][gc,metaspace ] GC(345) Metaspace: 83050K->83050K(1130496K)
[1394.028s][info][gc           ] GC(345) Pause Young (Allocation Failure) 85M->53M(117M) 1.948ms
[1394.028s][info][gc,cpu       ] GC(345) User=0.00s Sys=0.00s Real=0.00s
[1400.134s][info][gc,start     ] GC(346) Pause Young (Allocation Failure)
[1400.135s][info][gc,task      ] GC(346) Using 4 workers of 4 for evacuation
[1400.136s][info][gc,heap      ] GC(346) ParNew: 33519K->197K(37440K)
[1400.136s][info][gc,heap      ] GC(346) CMS: 54087K->54099K(83328K)
[1400.136s][info][gc,metaspace ] GC(346) Metaspace: 83050K->83050K(1130496K)
[1400.136s][info][gc           ] GC(346) Pause Young (Allocation Failure) 85M->53M(117M) 1.624ms
[1400.136s][info][gc,cpu       ] GC(346) User=0.00s Sys=0.00s Real=0.01s
[1406.315s][info][gc,start     ] GC(347) Pause Young (Allocation Failure)
[1406.315s][info][gc,task      ] GC(347) Using 4 workers of 4 for evacuation
[1406.317s][info][gc,heap      ] GC(347) ParNew: 33477K->196K(37440K)
[1406.317s][info][gc,heap      ] GC(347) CMS: 54099K->54111K(83328K)
[1406.317s][info][gc,metaspace ] GC(347) Metaspace: 83050K->83050K(1130496K)
[1406.317s][info][gc           ] GC(347) Pause Young (Allocation Failure) 85M->53M(117M) 1.944ms
[1406.317s][info][gc,cpu       ] GC(347) User=0.01s Sys=0.00s Real=0.01s
[1412.434s][info][gc,start     ] GC(348) Pause Young (Allocation Failure)
[1412.434s][info][gc,task      ] GC(348) Using 4 workers of 4 for evacuation
[1412.436s][info][gc,heap      ] GC(348) ParNew: 33476K->197K(37440K)
[1412.436s][info][gc,heap      ] GC(348) CMS: 54111K->54122K(83328K)
[1412.436s][info][gc,metaspace ] GC(348) Metaspace: 83050K->83050K(1130496K)
[1412.436s][info][gc           ] GC(348) Pause Young (Allocation Failure) 85M->53M(117M) 2.387ms
[1412.436s][info][gc,cpu       ] GC(348) User=0.00s Sys=0.00s Real=0.01s
[1418.553s][info][gc,start     ] GC(349) Pause Young (Allocation Failure)
[1418.553s][info][gc,task      ] GC(349) Using 4 workers of 4 for evacuation
[1418.555s][info][gc,heap      ] GC(349) ParNew: 33477K->234K(37440K)
[1418.555s][info][gc,heap      ] GC(349) CMS: 54122K->54135K(83328K)
[1418.555s][info][gc,metaspace ] GC(349) Metaspace: 83050K->83050K(1130496K)
[1418.555s][info][gc           ] GC(349) Pause Young (Allocation Failure) 85M->53M(117M) 2.037ms
[1418.555s][info][gc,cpu       ] GC(349) User=0.01s Sys=0.00s Real=0.00s
[1424.659s][info][gc,start     ] GC(350) Pause Young (Allocation Failure)
[1424.659s][info][gc,task      ] GC(350) Using 4 workers of 4 for evacuation
[1424.661s][info][gc,heap      ] GC(350) ParNew: 33514K->232K(37440K)
[1424.661s][info][gc,heap      ] GC(350) CMS: 54135K->54147K(83328K)
[1424.661s][info][gc,metaspace ] GC(350) Metaspace: 83050K->83050K(1130496K)
[1424.661s][info][gc           ] GC(350) Pause Young (Allocation Failure) 85M->53M(117M) 2.002ms
[1424.661s][info][gc,cpu       ] GC(350) User=0.00s Sys=0.00s Real=0.00s
[1430.815s][info][gc,start     ] GC(351) Pause Young (Allocation Failure)
[1430.815s][info][gc,task      ] GC(351) Using 4 workers of 4 for evacuation
[1430.817s][info][gc,heap      ] GC(351) ParNew: 33512K->193K(37440K)
[1430.817s][info][gc,heap      ] GC(351) CMS: 54147K->54159K(83328K)
[1430.817s][info][gc,metaspace ] GC(351) Metaspace: 83050K->83050K(1130496K)
[1430.817s][info][gc           ] GC(351) Pause Young (Allocation Failure) 85M->53M(117M) 1.936ms
[1430.817s][info][gc,cpu       ] GC(351) User=0.01s Sys=0.00s Real=0.01s
[1436.914s][info][gc,start     ] GC(352) Pause Young (Allocation Failure)
[1436.914s][info][gc,task      ] GC(352) Using 4 workers of 4 for evacuation
[1436.916s][info][gc,heap      ] GC(352) ParNew: 33473K->232K(37440K)
[1436.916s][info][gc,heap      ] GC(352) CMS: 54159K->54172K(83328K)
[1436.916s][info][gc,metaspace ] GC(352) Metaspace: 83050K->83050K(1130496K)
[1436.916s][info][gc           ] GC(352) Pause Young (Allocation Failure) 85M->53M(117M) 2.096ms
[1436.916s][info][gc,cpu       ] GC(352) User=0.00s Sys=0.00s Real=0.01s
[1443.075s][info][gc,start     ] GC(353) Pause Young (Allocation Failure)
[1443.076s][info][gc,task      ] GC(353) Using 4 workers of 4 for evacuation
[1443.077s][info][gc,heap      ] GC(353) ParNew: 33512K->193K(37440K)
[1443.077s][info][gc,heap      ] GC(353) CMS: 54172K->54183K(83328K)
[1443.077s][info][gc,metaspace ] GC(353) Metaspace: 83050K->83050K(1130496K)
[1443.077s][info][gc           ] GC(353) Pause Young (Allocation Failure) 85M->53M(117M) 1.876ms
[1443.077s][info][gc,cpu       ] GC(353) User=0.00s Sys=0.00s Real=0.01s
[1449.175s][info][gc,start     ] GC(354) Pause Young (Allocation Failure)
[1449.175s][info][gc,task      ] GC(354) Using 4 workers of 4 for evacuation
[1449.177s][info][gc,heap      ] GC(354) ParNew: 33473K->233K(37440K)
[1449.177s][info][gc,heap      ] GC(354) CMS: 54183K->54195K(83328K)
[1449.177s][info][gc,metaspace ] GC(354) Metaspace: 83050K->83050K(1130496K)
[1449.177s][info][gc           ] GC(354) Pause Young (Allocation Failure) 85M->53M(117M) 2.344ms
[1449.177s][info][gc,cpu       ] GC(354) User=0.01s Sys=0.00s Real=0.01s
[1455.315s][info][gc,start     ] GC(355) Pause Young (Allocation Failure)
[1455.315s][info][gc,task      ] GC(355) Using 4 workers of 4 for evacuation
[1455.317s][info][gc,heap      ] GC(355) ParNew: 33513K->234K(37440K)
[1455.317s][info][gc,heap      ] GC(355) CMS: 54195K->54207K(83328K)
[1455.317s][info][gc,metaspace ] GC(355) Metaspace: 83050K->83050K(1130496K)
[1455.317s][info][gc           ] GC(355) Pause Young (Allocation Failure) 85M->53M(117M) 1.969ms
[1455.317s][info][gc,cpu       ] GC(355) User=0.01s Sys=0.00s Real=0.01s
[1461.425s][info][gc,start     ] GC(356) Pause Young (Allocation Failure)
[1461.425s][info][gc,task      ] GC(356) Using 4 workers of 4 for evacuation
[1461.426s][info][gc,heap      ] GC(356) ParNew: 33514K->235K(37440K)
[1461.426s][info][gc,heap      ] GC(356) CMS: 54207K->54219K(83328K)
[1461.426s][info][gc,metaspace ] GC(356) Metaspace: 83050K->83050K(1130496K)
[1461.426s][info][gc           ] GC(356) Pause Young (Allocation Failure) 85M->53M(117M) 1.915ms
[1461.426s][info][gc,cpu       ] GC(356) User=0.01s Sys=0.00s Real=0.01s
[1467.565s][info][gc,start     ] GC(357) Pause Young (Allocation Failure)
[1467.565s][info][gc,task      ] GC(357) Using 4 workers of 4 for evacuation
[1467.567s][info][gc,heap      ] GC(357) ParNew: 33515K->236K(37440K)
[1467.567s][info][gc,heap      ] GC(357) CMS: 54219K->54230K(83328K)
[1467.567s][info][gc,metaspace ] GC(357) Metaspace: 83050K->83050K(1130496K)
[1467.567s][info][gc           ] GC(357) Pause Young (Allocation Failure) 85M->53M(117M) 1.937ms
[1467.567s][info][gc,cpu       ] GC(357) User=0.01s Sys=0.00s Real=0.01s
[1473.675s][info][gc,start     ] GC(358) Pause Young (Allocation Failure)
[1473.675s][info][gc,task      ] GC(358) Using 4 workers of 4 for evacuation
[1473.677s][info][gc,heap      ] GC(358) ParNew: 33516K->236K(37440K)
[1473.677s][info][gc,heap      ] GC(358) CMS: 54230K->54242K(83328K)
[1473.677s][info][gc,metaspace ] GC(358) Metaspace: 83050K->83050K(1130496K)
[1473.677s][info][gc           ] GC(358) Pause Young (Allocation Failure) 85M->53M(117M) 2.339ms
[1473.677s][info][gc,cpu       ] GC(358) User=0.01s Sys=0.00s Real=0.01s
[1479.831s][info][gc,start     ] GC(359) Pause Young (Allocation Failure)
[1479.831s][info][gc,task      ] GC(359) Using 4 workers of 4 for evacuation
[1479.833s][info][gc,heap      ] GC(359) ParNew: 33516K->196K(37440K)
[1479.833s][info][gc,heap      ] GC(359) CMS: 54242K->54254K(83328K)
[1479.833s][info][gc,metaspace ] GC(359) Metaspace: 83050K->83050K(1130496K)
[1479.833s][info][gc           ] GC(359) Pause Young (Allocation Failure) 85M->53M(117M) 2.295ms
[1479.833s][info][gc,cpu       ] GC(359) User=0.01s Sys=0.00s Real=0.00s
[1485.954s][info][gc,start     ] GC(360) Pause Young (Allocation Failure)
[1485.954s][info][gc,task      ] GC(360) Using 4 workers of 4 for evacuation
[1485.956s][info][gc,heap      ] GC(360) ParNew: 33476K->233K(37440K)
[1485.956s][info][gc,heap      ] GC(360) CMS: 54254K->54266K(83328K)
[1485.956s][info][gc,metaspace ] GC(360) Metaspace: 83050K->83050K(1130496K)
[1485.956s][info][gc           ] GC(360) Pause Young (Allocation Failure) 85M->53M(117M) 2.284ms
[1485.956s][info][gc,cpu       ] GC(360) User=0.01s Sys=0.00s Real=0.01s
[1492.063s][info][gc,start     ] GC(361) Pause Young (Allocation Failure)
[1492.063s][info][gc,task      ] GC(361) Using 4 workers of 4 for evacuation
[1492.064s][info][gc,heap      ] GC(361) ParNew: 33513K->234K(37440K)
[1492.064s][info][gc,heap      ] GC(361) CMS: 54266K->54278K(83328K)
[1492.064s][info][gc,metaspace ] GC(361) Metaspace: 83050K->83050K(1130496K)
[1492.064s][info][gc           ] GC(361) Pause Young (Allocation Failure) 85M->53M(117M) 1.595ms
[1492.064s][info][gc,cpu       ] GC(361) User=0.01s Sys=0.00s Real=0.00s
[1498.213s][info][gc,start     ] GC(362) Pause Young (Allocation Failure)
[1498.214s][info][gc,task      ] GC(362) Using 4 workers of 4 for evacuation
[1498.215s][info][gc,heap      ] GC(362) ParNew: 33514K->195K(37440K)
[1498.215s][info][gc,heap      ] GC(362) CMS: 54278K->54289K(83328K)
[1498.215s][info][gc,metaspace ] GC(362) Metaspace: 83050K->83050K(1130496K)
[1498.215s][info][gc           ] GC(362) Pause Young (Allocation Failure) 85M->53M(117M) 1.884ms
[1498.215s][info][gc,cpu       ] GC(362) User=0.00s Sys=0.00s Real=0.00s
[1504.318s][info][gc,start     ] GC(363) Pause Young (Allocation Failure)
[1504.318s][info][gc,task      ] GC(363) Using 4 workers of 4 for evacuation
[1504.319s][info][gc,heap      ] GC(363) ParNew: 33475K->274K(37440K)
[1504.319s][info][gc,heap      ] GC(363) CMS: 54289K->54303K(83328K)
[1504.319s][info][gc,metaspace ] GC(363) Metaspace: 83050K->83050K(1130496K)
[1504.319s][info][gc           ] GC(363) Pause Young (Allocation Failure) 85M->53M(117M) 1.359ms
[1504.319s][info][gc,cpu       ] GC(363) User=0.01s Sys=0.00s Real=0.00s
[1510.463s][info][gc,start     ] GC(364) Pause Young (Allocation Failure)
[1510.463s][info][gc,task      ] GC(364) Using 4 workers of 4 for evacuation
[1510.465s][info][gc,heap      ] GC(364) ParNew: 33554K->217K(37440K)
[1510.465s][info][gc,heap      ] GC(364) CMS: 54303K->54315K(83328K)
[1510.465s][info][gc,metaspace ] GC(364) Metaspace: 83050K->83050K(1130496K)
[1510.465s][info][gc           ] GC(364) Pause Young (Allocation Failure) 85M->53M(117M) 2.252ms
[1510.465s][info][gc,cpu       ] GC(364) User=0.00s Sys=0.00s Real=0.00s
[1516.583s][info][gc,start     ] GC(365) Pause Young (Allocation Failure)
[1516.583s][info][gc,task      ] GC(365) Using 4 workers of 4 for evacuation
[1516.585s][info][gc,heap      ] GC(365) ParNew: 33497K->212K(37440K)
[1516.585s][info][gc,heap      ] GC(365) CMS: 54315K->54327K(83328K)
[1516.585s][info][gc,metaspace ] GC(365) Metaspace: 83050K->83050K(1130496K)
[1516.585s][info][gc           ] GC(365) Pause Young (Allocation Failure) 85M->53M(117M) 1.941ms
[1516.585s][info][gc,cpu       ] GC(365) User=0.01s Sys=0.00s Real=0.00s
[1522.754s][info][gc,start     ] GC(366) Pause Young (Allocation Failure)
[1522.754s][info][gc,task      ] GC(366) Using 4 workers of 4 for evacuation
[1522.755s][info][gc,heap      ] GC(366) ParNew: 33492K->227K(37440K)
[1522.755s][info][gc,heap      ] GC(366) CMS: 54327K->54338K(83328K)
[1522.755s][info][gc,metaspace ] GC(366) Metaspace: 83050K->83050K(1130496K)
[1522.756s][info][gc           ] GC(366) Pause Young (Allocation Failure) 85M->53M(117M) 1.982ms
[1522.756s][info][gc,cpu       ] GC(366) User=0.01s Sys=0.00s Real=0.00s
[1528.852s][info][gc,start     ] GC(367) Pause Young (Allocation Failure)
[1528.853s][info][gc,task      ] GC(367) Using 4 workers of 4 for evacuation
[1528.854s][info][gc,heap      ] GC(367) ParNew: 33507K->232K(37440K)
[1528.854s][info][gc,heap      ] GC(367) CMS: 54338K->54350K(83328K)
[1528.854s][info][gc,metaspace ] GC(367) Metaspace: 83050K->83050K(1130496K)
[1528.854s][info][gc           ] GC(367) Pause Young (Allocation Failure) 85M->53M(117M) 2.019ms
[1528.854s][info][gc,cpu       ] GC(367) User=0.01s Sys=0.00s Real=0.00s
[1534.968s][info][gc,start     ] GC(368) Pause Young (Allocation Failure)
[1534.968s][info][gc,task      ] GC(368) Using 4 workers of 4 for evacuation
[1534.970s][info][gc,heap      ] GC(368) ParNew: 33512K->192K(37440K)
[1534.970s][info][gc,heap      ] GC(368) CMS: 54350K->54362K(83328K)
[1534.970s][info][gc,metaspace ] GC(368) Metaspace: 83050K->83050K(1130496K)
[1534.970s][info][gc           ] GC(368) Pause Young (Allocation Failure) 85M->53M(117M) 2.354ms
[1534.970s][info][gc,cpu       ] GC(368) User=0.00s Sys=0.00s Real=0.00s
[1541.078s][info][gc,start     ] GC(369) Pause Young (Allocation Failure)
[1541.078s][info][gc,task      ] GC(369) Using 4 workers of 4 for evacuation
[1541.080s][info][gc,heap      ] GC(369) ParNew: 33472K->236K(37440K)
[1541.080s][info][gc,heap      ] GC(369) CMS: 54362K->54374K(83328K)
[1541.080s][info][gc,metaspace ] GC(369) Metaspace: 83052K->83052K(1130496K)
[1541.080s][info][gc           ] GC(369) Pause Young (Allocation Failure) 85M->53M(117M) 1.912ms
[1541.080s][info][gc,cpu       ] GC(369) User=0.00s Sys=0.00s Real=0.00s
[1547.247s][info][gc,start     ] GC(370) Pause Young (Allocation Failure)
[1547.247s][info][gc,task      ] GC(370) Using 4 workers of 4 for evacuation
[1547.249s][info][gc,heap      ] GC(370) ParNew: 33516K->232K(37440K)
[1547.249s][info][gc,heap      ] GC(370) CMS: 54374K->54386K(83328K)
[1547.249s][info][gc,metaspace ] GC(370) Metaspace: 83052K->83052K(1130496K)
[1547.249s][info][gc           ] GC(370) Pause Young (Allocation Failure) 85M->53M(117M) 2.007ms
[1547.249s][info][gc,cpu       ] GC(370) User=0.01s Sys=0.00s Real=0.00s
[1553.346s][info][gc,start     ] GC(371) Pause Young (Allocation Failure)
[1553.346s][info][gc,task      ] GC(371) Using 4 workers of 4 for evacuation
[1553.348s][info][gc,heap      ] GC(371) ParNew: 33512K->233K(37440K)
[1553.349s][info][gc,heap      ] GC(371) CMS: 54386K->54398K(83328K)
[1553.349s][info][gc,metaspace ] GC(371) Metaspace: 83052K->83052K(1130496K)
[1553.349s][info][gc           ] GC(371) Pause Young (Allocation Failure) 85M->53M(117M) 2.242ms
[1553.349s][info][gc,cpu       ] GC(371) User=0.00s Sys=0.00s Real=0.00s
[1559.497s][info][gc,start     ] GC(372) Pause Young (Allocation Failure)
[1559.497s][info][gc,task      ] GC(372) Using 4 workers of 4 for evacuation
[1559.499s][info][gc,heap      ] GC(372) ParNew: 33513K->233K(37440K)
[1559.499s][info][gc,heap      ] GC(372) CMS: 54398K->54409K(83328K)
[1559.499s][info][gc,metaspace ] GC(372) Metaspace: 83052K->83052K(1130496K)
[1559.499s][info][gc           ] GC(372) Pause Young (Allocation Failure) 85M->53M(117M) 1.955ms
[1559.499s][info][gc,cpu       ] GC(372) User=0.00s Sys=0.00s Real=0.00s
[1565.595s][info][gc,start     ] GC(373) Pause Young (Allocation Failure)
[1565.595s][info][gc,task      ] GC(373) Using 4 workers of 4 for evacuation
[1565.597s][info][gc,heap      ] GC(373) ParNew: 33513K->195K(37440K)
[1565.597s][info][gc,heap      ] GC(373) CMS: 54409K->54421K(83328K)
[1565.597s][info][gc,metaspace ] GC(373) Metaspace: 83052K->83052K(1130496K)
[1565.597s][info][gc           ] GC(373) Pause Young (Allocation Failure) 85M->53M(117M) 2.381ms
[1565.597s][info][gc,cpu       ] GC(373) User=0.01s Sys=0.00s Real=0.01s
[1571.726s][info][gc,start     ] GC(374) Pause Young (Allocation Failure)
[1571.726s][info][gc,task      ] GC(374) Using 4 workers of 4 for evacuation
[1571.729s][info][gc,heap      ] GC(374) ParNew: 33475K->232K(37440K)
[1571.729s][info][gc,heap      ] GC(374) CMS: 54421K->54433K(83328K)
[1571.729s][info][gc,metaspace ] GC(374) Metaspace: 83052K->83052K(1130496K)
[1571.729s][info][gc           ] GC(374) Pause Young (Allocation Failure) 85M->53M(117M) 2.408ms
[1571.729s][info][gc,cpu       ] GC(374) User=0.01s Sys=0.00s Real=0.00s
[1577.825s][info][gc,start     ] GC(375) Pause Young (Allocation Failure)
[1577.826s][info][gc,task      ] GC(375) Using 4 workers of 4 for evacuation
[1577.827s][info][gc,heap      ] GC(375) ParNew: 33512K->234K(37440K)
[1577.827s][info][gc,heap      ] GC(375) CMS: 54433K->54446K(83328K)
[1577.827s][info][gc,metaspace ] GC(375) Metaspace: 83052K->83052K(1130496K)
[1577.827s][info][gc           ] GC(375) Pause Young (Allocation Failure) 85M->53M(117M) 1.909ms
[1577.827s][info][gc,cpu       ] GC(375) User=0.00s Sys=0.00s Real=0.01s
[1583.938s][info][gc,start     ] GC(376) Pause Young (Allocation Failure)
[1583.938s][info][gc,task      ] GC(376) Using 4 workers of 4 for evacuation
[1583.940s][info][gc,heap      ] GC(376) ParNew: 33514K->231K(37440K)
[1583.940s][info][gc,heap      ] GC(376) CMS: 54446K->54457K(83328K)
[1583.940s][info][gc,metaspace ] GC(376) Metaspace: 83052K->83052K(1130496K)
[1583.940s][info][gc           ] GC(376) Pause Young (Allocation Failure) 85M->53M(117M) 1.657ms
[1583.940s][info][gc,cpu       ] GC(376) User=0.01s Sys=0.00s Real=0.00s
[1590.105s][info][gc,start     ] GC(377) Pause Young (Allocation Failure)
[1590.105s][info][gc,task      ] GC(377) Using 4 workers of 4 for evacuation
[1590.107s][info][gc,heap      ] GC(377) ParNew: 33511K->230K(37440K)
[1590.107s][info][gc,heap      ] GC(377) CMS: 54457K->54469K(83328K)
[1590.107s][info][gc,metaspace ] GC(377) Metaspace: 83052K->83052K(1130496K)
[1590.107s][info][gc           ] GC(377) Pause Young (Allocation Failure) 85M->53M(117M) 1.895ms
[1590.107s][info][gc,cpu       ] GC(377) User=0.00s Sys=0.00s Real=0.01s
[1596.205s][info][gc,start     ] GC(378) Pause Young (Allocation Failure)
[1596.205s][info][gc,task      ] GC(378) Using 4 workers of 4 for evacuation
[1596.206s][info][gc,heap      ] GC(378) ParNew: 33510K->232K(37440K)
[1596.206s][info][gc,heap      ] GC(378) CMS: 54469K->54480K(83328K)
[1596.206s][info][gc,metaspace ] GC(378) Metaspace: 83052K->83052K(1130496K)
[1596.206s][info][gc           ] GC(378) Pause Young (Allocation Failure) 85M->53M(117M) 1.315ms
[1596.206s][info][gc,cpu       ] GC(378) User=0.01s Sys=0.00s Real=0.01s
[1602.395s][info][gc,start     ] GC(379) Pause Young (Allocation Failure)
[1602.395s][info][gc,task      ] GC(379) Using 4 workers of 4 for evacuation
[1602.398s][info][gc,heap      ] GC(379) ParNew: 33512K->196K(37440K)
[1602.398s][info][gc,heap      ] GC(379) CMS: 54480K->54492K(83328K)
[1602.398s][info][gc,metaspace ] GC(379) Metaspace: 83055K->83055K(1130496K)
[1602.398s][info][gc           ] GC(379) Pause Young (Allocation Failure) 85M->53M(117M) 2.459ms
[1602.398s][info][gc,cpu       ] GC(379) User=0.00s Sys=0.00s Real=0.01s
[1608.493s][info][gc,start     ] GC(380) Pause Young (Allocation Failure)
[1608.494s][info][gc,task      ] GC(380) Using 4 workers of 4 for evacuation
[1608.495s][info][gc,heap      ] GC(380) ParNew: 33476K->232K(37440K)
[1608.495s][info][gc,heap      ] GC(380) CMS: 54492K->54505K(83328K)
[1608.495s][info][gc,metaspace ] GC(380) Metaspace: 83055K->83055K(1130496K)
[1608.495s][info][gc           ] GC(380) Pause Young (Allocation Failure) 85M->53M(117M) 1.887ms
[1608.495s][info][gc,cpu       ] GC(380) User=0.01s Sys=0.00s Real=0.00s
[1614.624s][info][gc,start     ] GC(381) Pause Young (Allocation Failure)
[1614.624s][info][gc,task      ] GC(381) Using 4 workers of 4 for evacuation
[1614.626s][info][gc,heap      ] GC(381) ParNew: 33512K->235K(37440K)
[1614.626s][info][gc,heap      ] GC(381) CMS: 54505K->54516K(83328K)
[1614.626s][info][gc,metaspace ] GC(381) Metaspace: 83055K->83055K(1130496K)
[1614.626s][info][gc           ] GC(381) Pause Young (Allocation Failure) 85M->53M(117M) 1.999ms
[1614.626s][info][gc,cpu       ] GC(381) User=0.01s Sys=0.00s Real=0.01s
[1620.738s][info][gc,start     ] GC(382) Pause Young (Allocation Failure)
[1620.738s][info][gc,task      ] GC(382) Using 4 workers of 4 for evacuation
[1620.740s][info][gc,heap      ] GC(382) ParNew: 33515K->237K(37440K)
[1620.740s][info][gc,heap      ] GC(382) CMS: 54516K->54528K(83328K)
[1620.740s][info][gc,metaspace ] GC(382) Metaspace: 83055K->83055K(1130496K)
[1620.740s][info][gc           ] GC(382) Pause Young (Allocation Failure) 85M->53M(117M) 1.841ms
[1620.740s][info][gc,cpu       ] GC(382) User=0.00s Sys=0.00s Real=0.00s
[1626.893s][info][gc,start     ] GC(383) Pause Young (Allocation Failure)
[1626.893s][info][gc,task      ] GC(383) Using 4 workers of 4 for evacuation
[1626.895s][info][gc,heap      ] GC(383) ParNew: 33517K->233K(37440K)
[1626.895s][info][gc,heap      ] GC(383) CMS: 54528K->54539K(83328K)
[1626.895s][info][gc,metaspace ] GC(383) Metaspace: 83055K->83055K(1130496K)
[1626.895s][info][gc           ] GC(383) Pause Young (Allocation Failure) 85M->53M(117M) 2.358ms
[1626.895s][info][gc,cpu       ] GC(383) User=0.01s Sys=0.00s Real=0.00s
[1632.998s][info][gc,start     ] GC(384) Pause Young (Allocation Failure)
[1632.998s][info][gc,task      ] GC(384) Using 4 workers of 4 for evacuation
[1633.000s][info][gc,heap      ] GC(384) ParNew: 33513K->274K(37440K)
[1633.000s][info][gc,heap      ] GC(384) CMS: 54539K->54551K(83328K)
[1633.000s][info][gc,metaspace ] GC(384) Metaspace: 83055K->83055K(1130496K)
[1633.000s][info][gc           ] GC(384) Pause Young (Allocation Failure) 85M->53M(117M) 1.986ms
[1633.000s][info][gc,cpu       ] GC(384) User=0.00s Sys=0.00s Real=0.00s
[1639.152s][info][gc,start     ] GC(385) Pause Young (Allocation Failure)
[1639.152s][info][gc,task      ] GC(385) Using 4 workers of 4 for evacuation
[1639.154s][info][gc,heap      ] GC(385) ParNew: 33554K->194K(37440K)
[1639.154s][info][gc,heap      ] GC(385) CMS: 54551K->54563K(83328K)
[1639.154s][info][gc,metaspace ] GC(385) Metaspace: 83055K->83055K(1130496K)
[1639.154s][info][gc           ] GC(385) Pause Young (Allocation Failure) 86M->53M(117M) 2.335ms
[1639.154s][info][gc,cpu       ] GC(385) User=0.00s Sys=0.00s Real=0.00s
[1645.261s][info][gc,start     ] GC(386) Pause Young (Allocation Failure)
[1645.261s][info][gc,task      ] GC(386) Using 4 workers of 4 for evacuation
[1645.263s][info][gc,heap      ] GC(386) ParNew: 33474K->213K(37440K)
[1645.263s][info][gc,heap      ] GC(386) CMS: 54563K->54575K(83328K)
[1645.263s][info][gc,metaspace ] GC(386) Metaspace: 83055K->83055K(1130496K)
[1645.263s][info][gc           ] GC(386) Pause Young (Allocation Failure) 85M->53M(117M) 2.238ms
[1645.263s][info][gc,cpu       ] GC(386) User=0.01s Sys=0.00s Real=0.00s
[1651.412s][info][gc,start     ] GC(387) Pause Young (Allocation Failure)
[1651.412s][info][gc,task      ] GC(387) Using 4 workers of 4 for evacuation
[1651.414s][info][gc,heap      ] GC(387) ParNew: 33493K->228K(37440K)
[1651.414s][info][gc,heap      ] GC(387) CMS: 54575K->54587K(83328K)
[1651.414s][info][gc,metaspace ] GC(387) Metaspace: 83055K->83055K(1130496K)
[1651.414s][info][gc           ] GC(387) Pause Young (Allocation Failure) 86M->53M(117M) 1.885ms
[1651.414s][info][gc,cpu       ] GC(387) User=0.00s Sys=0.00s Real=0.00s
[1657.520s][info][gc,start     ] GC(388) Pause Young (Allocation Failure)
[1657.520s][info][gc,task      ] GC(388) Using 4 workers of 4 for evacuation
[1657.522s][info][gc,heap      ] GC(388) ParNew: 33508K->233K(37440K)
[1657.522s][info][gc,heap      ] GC(388) CMS: 54587K->54600K(83328K)
[1657.522s][info][gc,metaspace ] GC(388) Metaspace: 83055K->83055K(1130496K)
[1657.522s][info][gc           ] GC(388) Pause Young (Allocation Failure) 86M->53M(117M) 1.882ms
[1657.522s][info][gc,cpu       ] GC(388) User=0.01s Sys=0.00s Real=0.00s
[1663.662s][info][gc,start     ] GC(389) Pause Young (Allocation Failure)
[1663.662s][info][gc,task      ] GC(389) Using 4 workers of 4 for evacuation
[1663.665s][info][gc,heap      ] GC(389) ParNew: 33513K->230K(37440K)
[1663.665s][info][gc,heap      ] GC(389) CMS: 54600K->54611K(83328K)
[1663.665s][info][gc,metaspace ] GC(389) Metaspace: 83055K->83055K(1130496K)
[1663.665s][info][gc           ] GC(389) Pause Young (Allocation Failure) 86M->53M(117M) 2.320ms
[1663.665s][info][gc,cpu       ] GC(389) User=0.01s Sys=0.00s Real=0.00s
[1669.771s][info][gc,start     ] GC(390) Pause Young (Allocation Failure)
[1669.771s][info][gc,task      ] GC(390) Using 4 workers of 4 for evacuation
[1669.773s][info][gc,heap      ] GC(390) ParNew: 33510K->232K(37440K)
[1669.773s][info][gc,heap      ] GC(390) CMS: 54611K->54623K(83328K)
[1669.773s][info][gc,metaspace ] GC(390) Metaspace: 83055K->83055K(1130496K)
[1669.773s][info][gc           ] GC(390) Pause Young (Allocation Failure) 86M->53M(117M) 1.848ms
[1669.773s][info][gc,cpu       ] GC(390) User=0.00s Sys=0.00s Real=0.00s
[1675.872s][info][gc,start     ] GC(391) Pause Young (Allocation Failure)
[1675.872s][info][gc,task      ] GC(391) Using 4 workers of 4 for evacuation
[1675.873s][info][gc,heap      ] GC(391) ParNew: 33512K->231K(37440K)
[1675.873s][info][gc,heap      ] GC(391) CMS: 54623K->54635K(83328K)
[1675.873s][info][gc,metaspace ] GC(391) Metaspace: 83055K->83055K(1130496K)
[1675.873s][info][gc           ] GC(391) Pause Young (Allocation Failure) 86M->53M(117M) 1.893ms
[1675.873s][info][gc,cpu       ] GC(391) User=0.01s Sys=0.00s Real=0.00s
[1682.050s][info][gc,start     ] GC(392) Pause Young (Allocation Failure)
[1682.050s][info][gc,task      ] GC(392) Using 4 workers of 4 for evacuation
[1682.052s][info][gc,heap      ] GC(392) ParNew: 33511K->234K(37440K)
[1682.052s][info][gc,heap      ] GC(392) CMS: 54635K->54647K(83328K)
[1682.052s][info][gc,metaspace ] GC(392) Metaspace: 83055K->83055K(1130496K)
[1682.052s][info][gc           ] GC(392) Pause Young (Allocation Failure) 86M->53M(117M) 1.943ms
[1682.052s][info][gc,cpu       ] GC(392) User=0.00s Sys=0.00s Real=0.00s
[1688.168s][info][gc,start     ] GC(393) Pause Young (Allocation Failure)
[1688.168s][info][gc,task      ] GC(393) Using 4 workers of 4 for evacuation
[1688.170s][info][gc,heap      ] GC(393) ParNew: 33514K->275K(37440K)
[1688.170s][info][gc,heap      ] GC(393) CMS: 54647K->54658K(83328K)
[1688.170s][info][gc,metaspace ] GC(393) Metaspace: 83055K->83055K(1130496K)
[1688.170s][info][gc           ] GC(393) Pause Young (Allocation Failure) 86M->53M(117M) 1.257ms
[1688.170s][info][gc,cpu       ] GC(393) User=0.00s Sys=0.00s Real=0.00s
[1694.301s][info][gc,start     ] GC(394) Pause Young (Allocation Failure)
[1694.301s][info][gc,task      ] GC(394) Using 4 workers of 4 for evacuation
[1694.303s][info][gc,heap      ] GC(394) ParNew: 33555K->195K(37440K)
[1694.303s][info][gc,heap      ] GC(394) CMS: 54658K->54670K(83328K)
[1694.303s][info][gc,metaspace ] GC(394) Metaspace: 83055K->83055K(1130496K)
[1694.303s][info][gc           ] GC(394) Pause Young (Allocation Failure) 86M->53M(117M) 2.302ms
[1694.303s][info][gc,cpu       ] GC(394) User=0.01s Sys=0.00s Real=0.00s
[1700.409s][info][gc,start     ] GC(395) Pause Young (Allocation Failure)
[1700.409s][info][gc,task      ] GC(395) Using 4 workers of 4 for evacuation
[1700.410s][info][gc,heap      ] GC(395) ParNew: 33475K->247K(37440K)
[1700.410s][info][gc,heap      ] GC(395) CMS: 54670K->54682K(83328K)
[1700.410s][info][gc,metaspace ] GC(395) Metaspace: 83055K->83055K(1130496K)
[1700.410s][info][gc           ] GC(395) Pause Young (Allocation Failure) 86M->53M(117M) 1.684ms
[1700.410s][info][gc,cpu       ] GC(395) User=0.00s Sys=0.00s Real=0.00s
[1706.580s][info][gc,start     ] GC(396) Pause Young (Allocation Failure)
[1706.580s][info][gc,task      ] GC(396) Using 4 workers of 4 for evacuation
[1706.582s][info][gc,heap      ] GC(396) ParNew: 33527K->265K(37440K)
[1706.582s][info][gc,heap      ] GC(396) CMS: 54682K->54694K(83328K)
[1706.582s][info][gc,metaspace ] GC(396) Metaspace: 83055K->83055K(1130496K)
[1706.582s][info][gc           ] GC(396) Pause Young (Allocation Failure) 86M->53M(117M) 1.926ms
[1706.582s][info][gc,cpu       ] GC(396) User=0.01s Sys=0.00s Real=0.00s
[1712.679s][info][gc,start     ] GC(397) Pause Young (Allocation Failure)
[1712.679s][info][gc,task      ] GC(397) Using 4 workers of 4 for evacuation
[1712.682s][info][gc,heap      ] GC(397) ParNew: 33545K->192K(37440K)
[1712.682s][info][gc,heap      ] GC(397) CMS: 54694K->54705K(83328K)
[1712.682s][info][gc,metaspace ] GC(397) Metaspace: 83060K->83060K(1130496K)
[1712.682s][info][gc           ] GC(397) Pause Young (Allocation Failure) 86M->53M(117M) 2.574ms
[1712.682s][info][gc,cpu       ] GC(397) User=0.01s Sys=0.00s Real=0.00s
[1718.829s][info][gc,start     ] GC(398) Pause Young (Allocation Failure)
[1718.830s][info][gc,task      ] GC(398) Using 4 workers of 4 for evacuation
[1718.831s][info][gc,heap      ] GC(398) ParNew: 33472K->247K(37440K)
[1718.831s][info][gc,heap      ] GC(398) CMS: 54705K->54717K(83328K)
[1718.831s][info][gc,metaspace ] GC(398) Metaspace: 83060K->83060K(1130496K)
[1718.831s][info][gc           ] GC(398) Pause Young (Allocation Failure) 86M->53M(117M) 1.993ms
[1718.831s][info][gc,cpu       ] GC(398) User=0.01s Sys=0.00s Real=0.00s
[1724.948s][info][gc,start     ] GC(399) Pause Young (Allocation Failure)
[1724.948s][info][gc,task      ] GC(399) Using 4 workers of 4 for evacuation
[1724.950s][info][gc,heap      ] GC(399) ParNew: 33527K->229K(37440K)
[1724.950s][info][gc,heap      ] GC(399) CMS: 54717K->54729K(83328K)
[1724.950s][info][gc,metaspace ] GC(399) Metaspace: 83060K->83060K(1130496K)
[1724.950s][info][gc           ] GC(399) Pause Young (Allocation Failure) 86M->53M(117M) 1.920ms
[1724.950s][info][gc,cpu       ] GC(399) User=0.00s Sys=0.00s Real=0.00s
[1731.118s][info][gc,start     ] GC(400) Pause Young (Allocation Failure)
[1731.118s][info][gc,task      ] GC(400) Using 4 workers of 4 for evacuation
[1731.120s][info][gc,heap      ] GC(400) ParNew: 33509K->232K(37440K)
[1731.120s][info][gc,heap      ] GC(400) CMS: 54729K->54741K(83328K)
[1731.120s][info][gc,metaspace ] GC(400) Metaspace: 83060K->83060K(1130496K)
[1731.120s][info][gc           ] GC(400) Pause Young (Allocation Failure) 86M->53M(117M) 2.158ms
[1731.120s][info][gc,cpu       ] GC(400) User=0.01s Sys=0.00s Real=0.00s
[1737.256s][info][gc,start     ] GC(401) Pause Young (Allocation Failure)
[1737.256s][info][gc,task      ] GC(401) Using 4 workers of 4 for evacuation
[1737.258s][info][gc,heap      ] GC(401) ParNew: 33512K->232K(37440K)
[1737.258s][info][gc,heap      ] GC(401) CMS: 54741K->54753K(83328K)
[1737.258s][info][gc,metaspace ] GC(401) Metaspace: 83060K->83060K(1130496K)
[1737.258s][info][gc           ] GC(401) Pause Young (Allocation Failure) 86M->53M(117M) 2.055ms
[1737.258s][info][gc,cpu       ] GC(401) User=0.01s Sys=0.00s Real=0.00s
[1743.405s][info][gc,start     ] GC(402) Pause Young (Allocation Failure)
[1743.405s][info][gc,task      ] GC(402) Using 4 workers of 4 for evacuation
[1743.407s][info][gc,heap      ] GC(402) ParNew: 33512K->233K(37440K)
[1743.407s][info][gc,heap      ] GC(402) CMS: 54753K->54765K(83328K)
[1743.407s][info][gc,metaspace ] GC(402) Metaspace: 83060K->83060K(1130496K)
[1743.407s][info][gc           ] GC(402) Pause Young (Allocation Failure) 86M->53M(117M) 1.925ms
[1743.407s][info][gc,cpu       ] GC(402) User=0.01s Sys=0.00s Real=0.01s
[1749.524s][info][gc,start     ] GC(403) Pause Young (Allocation Failure)
[1749.524s][info][gc,task      ] GC(403) Using 4 workers of 4 for evacuation
[1749.526s][info][gc,heap      ] GC(403) ParNew: 33513K->231K(37440K)
[1749.526s][info][gc,heap      ] GC(403) CMS: 54765K->54777K(83328K)
[1749.526s][info][gc,metaspace ] GC(403) Metaspace: 83060K->83060K(1130496K)
[1749.526s][info][gc           ] GC(403) Pause Young (Allocation Failure) 86M->53M(117M) 2.344ms
[1749.526s][info][gc,cpu       ] GC(403) User=0.00s Sys=0.00s Real=0.01s
[1755.683s][info][gc,start     ] GC(404) Pause Young (Allocation Failure)
[1755.684s][info][gc,task      ] GC(404) Using 4 workers of 4 for evacuation
[1755.686s][info][gc,heap      ] GC(404) ParNew: 33511K->232K(37440K)
[1755.686s][info][gc,heap      ] GC(404) CMS: 54777K->54789K(83328K)
[1755.686s][info][gc,metaspace ] GC(404) Metaspace: 83060K->83060K(1130496K)
[1755.686s][info][gc           ] GC(404) Pause Young (Allocation Failure) 86M->53M(117M) 2.445ms
[1755.686s][info][gc,cpu       ] GC(404) User=0.00s Sys=0.00s Real=0.01s
[1761.801s][info][gc,start     ] GC(405) Pause Young (Allocation Failure)
[1761.801s][info][gc,task      ] GC(405) Using 4 workers of 4 for evacuation
[1761.803s][info][gc,heap      ] GC(405) ParNew: 33512K->235K(37440K)
[1761.803s][info][gc,heap      ] GC(405) CMS: 54789K->54800K(83328K)
[1761.803s][info][gc,metaspace ] GC(405) Metaspace: 83060K->83060K(1130496K)
[1761.803s][info][gc           ] GC(405) Pause Young (Allocation Failure) 86M->53M(117M) 2.000ms
[1761.803s][info][gc,cpu       ] GC(405) User=0.01s Sys=0.00s Real=0.00s
[1767.922s][info][gc,start     ] GC(406) Pause Young (Allocation Failure)
[1767.923s][info][gc,task      ] GC(406) Using 4 workers of 4 for evacuation
[1767.924s][info][gc,heap      ] GC(406) ParNew: 33515K->233K(37440K)
[1767.924s][info][gc,heap      ] GC(406) CMS: 54800K->54812K(83328K)
[1767.924s][info][gc,metaspace ] GC(406) Metaspace: 83060K->83060K(1130496K)
[1767.924s][info][gc           ] GC(406) Pause Young (Allocation Failure) 86M->53M(117M) 1.621ms
[1767.924s][info][gc,cpu       ] GC(406) User=0.01s Sys=0.00s Real=0.00s
[1774.074s][info][gc,start     ] GC(407) Pause Young (Allocation Failure)
[1774.074s][info][gc,task      ] GC(407) Using 4 workers of 4 for evacuation
[1774.076s][info][gc,heap      ] GC(407) ParNew: 33513K->231K(37440K)
[1774.076s][info][gc,heap      ] GC(407) CMS: 54812K->54824K(83328K)
[1774.076s][info][gc,metaspace ] GC(407) Metaspace: 83060K->83060K(1130496K)
[1774.076s][info][gc           ] GC(407) Pause Young (Allocation Failure) 86M->53M(117M) 1.925ms
[1774.076s][info][gc,cpu       ] GC(407) User=0.01s Sys=0.00s Real=0.00s
[1780.179s][info][gc,start     ] GC(408) Pause Young (Allocation Failure)
[1780.179s][info][gc,task      ] GC(408) Using 4 workers of 4 for evacuation
[1780.180s][info][gc,heap      ] GC(408) ParNew: 33511K->233K(37440K)
[1780.180s][info][gc,heap      ] GC(408) CMS: 54824K->54836K(83328K)
[1780.180s][info][gc,metaspace ] GC(408) Metaspace: 83060K->83060K(1130496K)
[1780.180s][info][gc           ] GC(408) Pause Young (Allocation Failure) 86M->53M(117M) 1.275ms
[1780.180s][info][gc,cpu       ] GC(408) User=0.00s Sys=0.00s Real=0.00s
[1786.312s][info][gc,start     ] GC(409) Pause Young (Allocation Failure)
[1786.312s][info][gc,task      ] GC(409) Using 4 workers of 4 for evacuation
[1786.314s][info][gc,heap      ] GC(409) ParNew: 33513K->231K(37440K)
[1786.314s][info][gc,heap      ] GC(409) CMS: 54836K->54847K(83328K)
[1786.314s][info][gc,metaspace ] GC(409) Metaspace: 83060K->83060K(1130496K)
[1786.314s][info][gc           ] GC(409) Pause Young (Allocation Failure) 86M->53M(117M) 2.351ms
[1786.314s][info][gc,cpu       ] GC(409) User=0.01s Sys=0.00s Real=0.00s
[1792.418s][info][gc,start     ] GC(410) Pause Young (Allocation Failure)
[1792.418s][info][gc,task      ] GC(410) Using 4 workers of 4 for evacuation
[1792.419s][info][gc,heap      ] GC(410) ParNew: 33511K->232K(37440K)
[1792.420s][info][gc,heap      ] GC(410) CMS: 54847K->54859K(83328K)
[1792.420s][info][gc,metaspace ] GC(410) Metaspace: 83060K->83060K(1130496K)
[1792.420s][info][gc           ] GC(410) Pause Young (Allocation Failure) 86M->53M(117M) 1.420ms
[1792.420s][info][gc,cpu       ] GC(410) User=0.00s Sys=0.00s Real=0.00s
[1798.561s][info][gc,start     ] GC(411) Pause Young (Allocation Failure)
[1798.561s][info][gc,task      ] GC(411) Using 4 workers of 4 for evacuation
[1798.563s][info][gc,heap      ] GC(411) ParNew: 33512K->230K(37440K)
[1798.563s][info][gc,heap      ] GC(411) CMS: 54859K->54871K(83328K)
[1798.563s][info][gc,metaspace ] GC(411) Metaspace: 83060K->83060K(1130496K)
[1798.563s][info][gc           ] GC(411) Pause Young (Allocation Failure) 86M->53M(117M) 1.954ms
[1798.563s][info][gc,cpu       ] GC(411) User=0.01s Sys=0.00s Real=0.00s
[1804.669s][info][gc,start     ] GC(412) Pause Young (Allocation Failure)
[1804.670s][info][gc,task      ] GC(412) Using 4 workers of 4 for evacuation
[1804.671s][info][gc,heap      ] GC(412) ParNew: 33510K->230K(37440K)
[1804.671s][info][gc,heap      ] GC(412) CMS: 54871K->54883K(83328K)
[1804.671s][info][gc,metaspace ] GC(412) Metaspace: 83060K->83060K(1130496K)
[1804.671s][info][gc           ] GC(412) Pause Young (Allocation Failure) 86M->53M(117M) 1.893ms
[1804.671s][info][gc,cpu       ] GC(412) User=0.01s Sys=0.00s Real=0.00s
[1810.839s][info][gc,start     ] GC(413) Pause Young (Allocation Failure)
[1810.839s][info][gc,task      ] GC(413) Using 4 workers of 4 for evacuation
[1810.842s][info][gc,heap      ] GC(413) ParNew: 33510K->194K(37440K)
[1810.842s][info][gc,heap      ] GC(413) CMS: 54883K->54895K(83328K)
[1810.842s][info][gc,metaspace ] GC(413) Metaspace: 83060K->83060K(1130496K)
[1810.842s][info][gc           ] GC(413) Pause Young (Allocation Failure) 86M->53M(117M) 3.093ms
[1810.842s][info][gc,cpu       ] GC(413) User=0.01s Sys=0.00s Real=0.00s
[1816.927s][info][gc,start     ] GC(414) Pause Young (Allocation Failure)
[1816.927s][info][gc,task      ] GC(414) Using 4 workers of 4 for evacuation
[1816.929s][info][gc,heap      ] GC(414) ParNew: 33474K->232K(37440K)
[1816.929s][info][gc,heap      ] GC(414) CMS: 54895K->54907K(83328K)
[1816.929s][info][gc,metaspace ] GC(414) Metaspace: 83060K->83060K(1130496K)
[1816.929s][info][gc           ] GC(414) Pause Young (Allocation Failure) 86M->53M(117M) 1.929ms
[1816.929s][info][gc,cpu       ] GC(414) User=0.01s Sys=0.01s Real=0.00s
[1823.088s][info][gc,start     ] GC(415) Pause Young (Allocation Failure)
[1823.088s][info][gc,task      ] GC(415) Using 4 workers of 4 for evacuation
[1823.090s][info][gc,heap      ] GC(415) ParNew: 33512K->232K(37440K)
[1823.090s][info][gc,heap      ] GC(415) CMS: 54907K->54918K(83328K)
[1823.090s][info][gc,metaspace ] GC(415) Metaspace: 83060K->83060K(1130496K)
[1823.090s][info][gc           ] GC(415) Pause Young (Allocation Failure) 86M->53M(117M) 2.056ms
[1823.090s][info][gc,cpu       ] GC(415) User=0.00s Sys=0.00s Real=0.00s
[1829.225s][info][gc,start     ] GC(416) Pause Young (Allocation Failure)
[1829.225s][info][gc,task      ] GC(416) Using 4 workers of 4 for evacuation
[1829.227s][info][gc,heap      ] GC(416) ParNew: 33512K->233K(37440K)
[1829.227s][info][gc,heap      ] GC(416) CMS: 54918K->54930K(83328K)
[1829.227s][info][gc,metaspace ] GC(416) Metaspace: 83060K->83060K(1130496K)
[1829.227s][info][gc           ] GC(416) Pause Young (Allocation Failure) 86M->53M(117M) 1.836ms
[1829.227s][info][gc,cpu       ] GC(416) User=0.00s Sys=0.00s Real=0.01s
[1835.359s][info][gc,start     ] GC(417) Pause Young (Allocation Failure)
[1835.359s][info][gc,task      ] GC(417) Using 4 workers of 4 for evacuation
[1835.361s][info][gc,heap      ] GC(417) ParNew: 33513K->234K(37440K)
[1835.361s][info][gc,heap      ] GC(417) CMS: 54930K->54942K(83328K)
[1835.361s][info][gc,metaspace ] GC(417) Metaspace: 83060K->83060K(1130496K)
[1835.361s][info][gc           ] GC(417) Pause Young (Allocation Failure) 86M->53M(117M) 2.009ms
[1835.361s][info][gc,cpu       ] GC(417) User=0.00s Sys=0.00s Real=0.00s
[1841.483s][info][gc,start     ] GC(418) Pause Young (Allocation Failure)
[1841.483s][info][gc,task      ] GC(418) Using 4 workers of 4 for evacuation
[1841.485s][info][gc,heap      ] GC(418) ParNew: 33514K->233K(37440K)
[1841.485s][info][gc,heap      ] GC(418) CMS: 54942K->54954K(83328K)
[1841.485s][info][gc,metaspace ] GC(418) Metaspace: 83060K->83060K(1130496K)
[1841.485s][info][gc           ] GC(418) Pause Young (Allocation Failure) 86M->53M(117M) 1.981ms
[1841.485s][info][gc,cpu       ] GC(418) User=0.01s Sys=0.00s Real=0.00s
[1847.636s][info][gc,start     ] GC(419) Pause Young (Allocation Failure)
[1847.636s][info][gc,task      ] GC(419) Using 4 workers of 4 for evacuation
[1847.638s][info][gc,heap      ] GC(419) ParNew: 33513K->232K(37440K)
[1847.638s][info][gc,heap      ] GC(419) CMS: 54954K->54966K(83328K)
[1847.638s][info][gc,metaspace ] GC(419) Metaspace: 83060K->83060K(1130496K)
[1847.638s][info][gc           ] GC(419) Pause Young (Allocation Failure) 86M->53M(117M) 2.235ms
[1847.638s][info][gc,cpu       ] GC(419) User=0.00s Sys=0.00s Real=0.00s
[1853.754s][info][gc,start     ] GC(420) Pause Young (Allocation Failure)
[1853.754s][info][gc,task      ] GC(420) Using 4 workers of 4 for evacuation
[1853.756s][info][gc,heap      ] GC(420) ParNew: 33512K->234K(37440K)
[1853.756s][info][gc,heap      ] GC(420) CMS: 54966K->54977K(83328K)
[1853.756s][info][gc,metaspace ] GC(420) Metaspace: 83060K->83060K(1130496K)
[1853.756s][info][gc           ] GC(420) Pause Young (Allocation Failure) 86M->53M(117M) 2.174ms
[1853.756s][info][gc,cpu       ] GC(420) User=0.01s Sys=0.00s Real=0.01s
[1859.873s][info][gc,start     ] GC(421) Pause Young (Allocation Failure)
[1859.873s][info][gc,task      ] GC(421) Using 4 workers of 4 for evacuation
[1859.875s][info][gc,heap      ] GC(421) ParNew: 33514K->235K(37440K)
[1859.875s][info][gc,heap      ] GC(421) CMS: 54977K->54989K(83328K)
[1859.875s][info][gc,metaspace ] GC(421) Metaspace: 83060K->83060K(1130496K)
[1859.875s][info][gc           ] GC(421) Pause Young (Allocation Failure) 86M->53M(117M) 1.944ms
[1859.875s][info][gc,cpu       ] GC(421) User=0.00s Sys=0.00s Real=0.00s
[1866.031s][info][gc,start     ] GC(422) Pause Young (Allocation Failure)
[1866.031s][info][gc,task      ] GC(422) Using 4 workers of 4 for evacuation
[1866.033s][info][gc,heap      ] GC(422) ParNew: 33515K->195K(37440K)
[1866.033s][info][gc,heap      ] GC(422) CMS: 54989K->55001K(83328K)
[1866.033s][info][gc,metaspace ] GC(422) Metaspace: 83060K->83060K(1130496K)
[1866.033s][info][gc           ] GC(422) Pause Young (Allocation Failure) 86M->53M(117M) 1.818ms
[1866.033s][info][gc,cpu       ] GC(422) User=0.01s Sys=0.00s Real=0.00s
[1872.140s][info][gc,start     ] GC(423) Pause Young (Allocation Failure)
[1872.140s][info][gc,task      ] GC(423) Using 4 workers of 4 for evacuation
[1872.142s][info][gc,heap      ] GC(423) ParNew: 33475K->194K(37440K)
[1872.142s][info][gc,heap      ] GC(423) CMS: 55001K->55013K(83328K)
[1872.142s][info][gc,metaspace ] GC(423) Metaspace: 83060K->83060K(1130496K)
[1872.142s][info][gc           ] GC(423) Pause Young (Allocation Failure) 86M->53M(117M) 1.575ms
[1872.142s][info][gc,cpu       ] GC(423) User=0.01s Sys=0.00s Real=0.00s
[1878.310s][info][gc,start     ] GC(424) Pause Young (Allocation Failure)
[1878.310s][info][gc,task      ] GC(424) Using 4 workers of 4 for evacuation
[1878.312s][info][gc,heap      ] GC(424) ParNew: 33474K->232K(37440K)
[1878.312s][info][gc,heap      ] GC(424) CMS: 55013K->55025K(83328K)
[1878.312s][info][gc,metaspace ] GC(424) Metaspace: 83060K->83060K(1130496K)
[1878.312s][info][gc           ] GC(424) Pause Young (Allocation Failure) 86M->53M(117M) 2.340ms
[1878.313s][info][gc,cpu       ] GC(424) User=0.01s Sys=0.00s Real=0.00s
[1884.418s][info][gc,start     ] GC(425) Pause Young (Allocation Failure)
[1884.418s][info][gc,task      ] GC(425) Using 4 workers of 4 for evacuation
[1884.420s][info][gc,heap      ] GC(425) ParNew: 33512K->232K(37440K)
[1884.420s][info][gc,heap      ] GC(425) CMS: 55025K->55037K(83328K)
[1884.420s][info][gc,metaspace ] GC(425) Metaspace: 83060K->83060K(1130496K)
[1884.420s][info][gc           ] GC(425) Pause Young (Allocation Failure) 86M->53M(117M) 1.391ms
[1884.420s][info][gc,cpu       ] GC(425) User=0.00s Sys=0.00s Real=0.00s
[1890.558s][info][gc,start     ] GC(426) Pause Young (Allocation Failure)
[1890.559s][info][gc,task      ] GC(426) Using 4 workers of 4 for evacuation
[1890.560s][info][gc,heap      ] GC(426) ParNew: 33512K->233K(37440K)
[1890.560s][info][gc,heap      ] GC(426) CMS: 55037K->55048K(83328K)
[1890.560s][info][gc,metaspace ] GC(426) Metaspace: 83060K->83060K(1130496K)
[1890.560s][info][gc           ] GC(426) Pause Young (Allocation Failure) 86M->53M(117M) 1.970ms
[1890.560s][info][gc,cpu       ] GC(426) User=0.01s Sys=0.00s Real=0.00s
[1896.669s][info][gc,start     ] GC(427) Pause Young (Allocation Failure)
[1896.669s][info][gc,task      ] GC(427) Using 4 workers of 4 for evacuation
[1896.670s][info][gc,heap      ] GC(427) ParNew: 33513K->233K(37440K)
[1896.670s][info][gc,heap      ] GC(427) CMS: 55048K->55060K(83328K)
[1896.670s][info][gc,metaspace ] GC(427) Metaspace: 83060K->83060K(1130496K)
[1896.670s][info][gc           ] GC(427) Pause Young (Allocation Failure) 86M->53M(117M) 1.695ms
[1896.670s][info][gc,cpu       ] GC(427) User=0.01s Sys=0.00s Real=0.00s
[1902.857s][info][gc,start     ] GC(428) Pause Young (Allocation Failure)
[1902.857s][info][gc,task      ] GC(428) Using 4 workers of 4 for evacuation
[1902.859s][info][gc,heap      ] GC(428) ParNew: 33513K->192K(37440K)
[1902.859s][info][gc,heap      ] GC(428) CMS: 55060K->55072K(83328K)
[1902.859s][info][gc,metaspace ] GC(428) Metaspace: 83060K->83060K(1130496K)
[1902.859s][info][gc           ] GC(428) Pause Young (Allocation Failure) 86M->53M(117M) 2.315ms
[1902.859s][info][gc,cpu       ] GC(428) User=0.00s Sys=0.00s Real=0.00s
[1908.964s][info][gc,start     ] GC(429) Pause Young (Allocation Failure)
[1908.964s][info][gc,task      ] GC(429) Using 4 workers of 4 for evacuation
[1908.966s][info][gc,heap      ] GC(429) ParNew: 33472K->230K(37440K)
[1908.966s][info][gc,heap      ] GC(429) CMS: 55072K->55084K(83328K)
[1908.966s][info][gc,metaspace ] GC(429) Metaspace: 83060K->83060K(1130496K)
[1908.966s][info][gc           ] GC(429) Pause Young (Allocation Failure) 86M->54M(117M) 1.827ms
[1908.966s][info][gc,cpu       ] GC(429) User=0.00s Sys=0.00s Real=0.01s
[1915.124s][info][gc,start     ] GC(430) Pause Young (Allocation Failure)
[1915.124s][info][gc,task      ] GC(430) Using 4 workers of 4 for evacuation
[1915.126s][info][gc,heap      ] GC(430) ParNew: 33510K->233K(37440K)
[1915.126s][info][gc,heap      ] GC(430) CMS: 55084K->55095K(83328K)
[1915.126s][info][gc,metaspace ] GC(430) Metaspace: 83060K->83060K(1130496K)
[1915.126s][info][gc           ] GC(430) Pause Young (Allocation Failure) 86M->54M(117M) 1.890ms
[1915.126s][info][gc,cpu       ] GC(430) User=0.00s Sys=0.01s Real=0.01s
[1921.242s][info][gc,start     ] GC(431) Pause Young (Allocation Failure)
[1921.242s][info][gc,task      ] GC(431) Using 4 workers of 4 for evacuation
[1921.244s][info][gc,heap      ] GC(431) ParNew: 33513K->234K(37440K)
[1921.244s][info][gc,heap      ] GC(431) CMS: 55095K->55107K(83328K)
[1921.244s][info][gc,metaspace ] GC(431) Metaspace: 83060K->83060K(1130496K)
[1921.244s][info][gc           ] GC(431) Pause Young (Allocation Failure) 86M->54M(117M) 1.987ms
[1921.244s][info][gc,cpu       ] GC(431) User=0.00s Sys=0.00s Real=0.00s
[1927.411s][info][gc,start     ] GC(432) Pause Young (Allocation Failure)
[1927.411s][info][gc,task      ] GC(432) Using 4 workers of 4 for evacuation
[1927.414s][info][gc,heap      ] GC(432) ParNew: 33514K->234K(37440K)
[1927.414s][info][gc,heap      ] GC(432) CMS: 55107K->55119K(83328K)
[1927.414s][info][gc,metaspace ] GC(432) Metaspace: 83060K->83060K(1130496K)
[1927.414s][info][gc           ] GC(432) Pause Young (Allocation Failure) 86M->54M(117M) 2.294ms
[1927.414s][info][gc,cpu       ] GC(432) User=0.00s Sys=0.00s Real=0.00s
[1933.519s][info][gc,start     ] GC(433) Pause Young (Allocation Failure)
[1933.519s][info][gc,task      ] GC(433) Using 4 workers of 4 for evacuation
[1933.521s][info][gc,heap      ] GC(433) ParNew: 33514K->234K(37440K)
[1933.521s][info][gc,heap      ] GC(433) CMS: 55119K->55131K(83328K)
[1933.521s][info][gc,metaspace ] GC(433) Metaspace: 83060K->83060K(1130496K)
[1933.522s][info][gc           ] GC(433) Pause Young (Allocation Failure) 86M->54M(117M) 2.495ms
[1933.522s][info][gc,cpu       ] GC(433) User=0.01s Sys=0.00s Real=0.00s
[1939.642s][info][gc,start     ] GC(434) Pause Young (Allocation Failure)
[1939.642s][info][gc,task      ] GC(434) Using 4 workers of 4 for evacuation
[1939.644s][info][gc,heap      ] GC(434) ParNew: 33514K->234K(37440K)
[1939.644s][info][gc,heap      ] GC(434) CMS: 55131K->55142K(83328K)
[1939.644s][info][gc,metaspace ] GC(434) Metaspace: 83060K->83060K(1130496K)
[1939.644s][info][gc           ] GC(434) Pause Young (Allocation Failure) 86M->54M(117M) 1.938ms
[1939.644s][info][gc,cpu       ] GC(434) User=0.01s Sys=0.00s Real=0.00s
[1945.760s][info][gc,start     ] GC(435) Pause Young (Allocation Failure)
[1945.760s][info][gc,task      ] GC(435) Using 4 workers of 4 for evacuation
[1945.763s][info][gc,heap      ] GC(435) ParNew: 33514K->234K(37440K)
[1945.763s][info][gc,heap      ] GC(435) CMS: 55142K->55154K(83328K)
[1945.763s][info][gc,metaspace ] GC(435) Metaspace: 83060K->83060K(1130496K)
[1945.763s][info][gc           ] GC(435) Pause Young (Allocation Failure) 86M->54M(117M) 2.411ms
[1945.763s][info][gc,cpu       ] GC(435) User=0.00s Sys=0.00s Real=0.00s
[1951.890s][info][gc,start     ] GC(436) Pause Young (Allocation Failure)
[1951.890s][info][gc,task      ] GC(436) Using 4 workers of 4 for evacuation
[1951.892s][info][gc,heap      ] GC(436) ParNew: 33514K->235K(37440K)
[1951.892s][info][gc,heap      ] GC(436) CMS: 55154K->55167K(83328K)
[1951.892s][info][gc,metaspace ] GC(436) Metaspace: 83060K->83060K(1130496K)
[1951.892s][info][gc           ] GC(436) Pause Young (Allocation Failure) 86M->54M(117M) 2.060ms
[1951.892s][info][gc,cpu       ] GC(436) User=0.01s Sys=0.00s Real=0.00s
[1958.039s][info][gc,start     ] GC(437) Pause Young (Allocation Failure)
[1958.039s][info][gc,task      ] GC(437) Using 4 workers of 4 for evacuation
[1958.041s][info][gc,heap      ] GC(437) ParNew: 33515K->233K(37440K)
[1958.041s][info][gc,heap      ] GC(437) CMS: 55167K->55178K(83328K)
[1958.041s][info][gc,metaspace ] GC(437) Metaspace: 83060K->83060K(1130496K)
[1958.041s][info][gc           ] GC(437) Pause Young (Allocation Failure) 86M->54M(117M) 2.018ms
[1958.041s][info][gc,cpu       ] GC(437) User=0.01s Sys=0.00s Real=0.00s
[1964.147s][info][gc,start     ] GC(438) Pause Young (Allocation Failure)
[1964.147s][info][gc,task      ] GC(438) Using 4 workers of 4 for evacuation
[1964.148s][info][gc,heap      ] GC(438) ParNew: 33513K->234K(37440K)
[1964.148s][info][gc,heap      ] GC(438) CMS: 55178K->55191K(83328K)
[1964.148s][info][gc,metaspace ] GC(438) Metaspace: 83060K->83060K(1130496K)
[1964.148s][info][gc           ] GC(438) Pause Young (Allocation Failure) 86M->54M(117M) 1.327ms
[1964.148s][info][gc,cpu       ] GC(438) User=0.01s Sys=0.00s Real=0.00s
[1970.308s][info][gc,start     ] GC(439) Pause Young (Allocation Failure)
[1970.308s][info][gc,task      ] GC(439) Using 4 workers of 4 for evacuation
[1970.310s][info][gc,heap      ] GC(439) ParNew: 33514K->231K(37440K)
[1970.310s][info][gc,heap      ] GC(439) CMS: 55191K->55202K(83328K)
[1970.310s][info][gc,metaspace ] GC(439) Metaspace: 83060K->83060K(1130496K)
[1970.310s][info][gc           ] GC(439) Pause Young (Allocation Failure) 86M->54M(117M) 1.813ms
[1970.310s][info][gc,cpu       ] GC(439) User=0.01s Sys=0.00s Real=0.00s
[1976.417s][info][gc,start     ] GC(440) Pause Young (Allocation Failure)
[1976.417s][info][gc,task      ] GC(440) Using 4 workers of 4 for evacuation
[1976.418s][info][gc,heap      ] GC(440) ParNew: 33511K->193K(37440K)
[1976.418s][info][gc,heap      ] GC(440) CMS: 55202K->55214K(83328K)
[1976.418s][info][gc,metaspace ] GC(440) Metaspace: 83060K->83060K(1130496K)
[1976.418s][info][gc           ] GC(440) Pause Young (Allocation Failure) 86M->54M(117M) 1.276ms
[1976.418s][info][gc,cpu       ] GC(440) User=0.00s Sys=0.00s Real=0.00s
[1982.526s][info][gc,start     ] GC(441) Pause Young (Allocation Failure)
[1982.526s][info][gc,task      ] GC(441) Using 4 workers of 4 for evacuation
[1982.528s][info][gc,heap      ] GC(441) ParNew: 33473K->232K(37440K)
[1982.528s][info][gc,heap      ] GC(441) CMS: 55214K->55226K(83328K)
[1982.528s][info][gc,metaspace ] GC(441) Metaspace: 83060K->83060K(1130496K)
[1982.528s][info][gc           ] GC(441) Pause Young (Allocation Failure) 86M->54M(117M) 2.091ms
[1982.528s][info][gc,cpu       ] GC(441) User=0.00s Sys=0.00s Real=0.00s
[1988.634s][info][gc,start     ] GC(442) Pause Young (Allocation Failure)
[1988.634s][info][gc,task      ] GC(442) Using 4 workers of 4 for evacuation
[1988.636s][info][gc,heap      ] GC(442) ParNew: 33512K->234K(37440K)
[1988.636s][info][gc,heap      ] GC(442) CMS: 55226K->55237K(83328K)
[1988.636s][info][gc,metaspace ] GC(442) Metaspace: 83060K->83060K(1130496K)
[1988.636s][info][gc           ] GC(442) Pause Young (Allocation Failure) 86M->54M(117M) 1.910ms
[1988.636s][info][gc,cpu       ] GC(442) User=0.00s Sys=0.00s Real=0.01s
[1994.797s][info][gc,start     ] GC(443) Pause Young (Allocation Failure)
[1994.797s][info][gc,task      ] GC(443) Using 4 workers of 4 for evacuation
[1994.799s][info][gc,heap      ] GC(443) ParNew: 33514K->234K(37440K)
[1994.799s][info][gc,heap      ] GC(443) CMS: 55237K->55250K(83328K)
[1994.799s][info][gc,metaspace ] GC(443) Metaspace: 83060K->83060K(1130496K)
[1994.799s][info][gc           ] GC(443) Pause Young (Allocation Failure) 86M->54M(117M) 1.920ms
[1994.799s][info][gc,cpu       ] GC(443) User=0.00s Sys=0.00s Real=0.00s
[2000.895s][info][gc,start     ] GC(444) Pause Young (Allocation Failure)
[2000.895s][info][gc,task      ] GC(444) Using 4 workers of 4 for evacuation
[2000.897s][info][gc,heap      ] GC(444) ParNew: 33514K->233K(37440K)
[2000.897s][info][gc,heap      ] GC(444) CMS: 55250K->55261K(83328K)
[2000.897s][info][gc,metaspace ] GC(444) Metaspace: 83060K->83060K(1130496K)
[2000.897s][info][gc           ] GC(444) Pause Young (Allocation Failure) 86M->54M(117M) 1.950ms
[2000.897s][info][gc,cpu       ] GC(444) User=0.01s Sys=0.00s Real=0.01s
[2007.025s][info][gc,start     ] GC(445) Pause Young (Allocation Failure)
[2007.025s][info][gc,task      ] GC(445) Using 4 workers of 4 for evacuation
[2007.027s][info][gc,heap      ] GC(445) ParNew: 33513K->234K(37440K)
[2007.027s][info][gc,heap      ] GC(445) CMS: 55261K->55273K(83328K)
[2007.027s][info][gc,metaspace ] GC(445) Metaspace: 83060K->83060K(1130496K)
[2007.027s][info][gc           ] GC(445) Pause Young (Allocation Failure) 86M->54M(117M) 1.987ms
[2007.027s][info][gc,cpu       ] GC(445) User=0.01s Sys=0.00s Real=0.01s
[2013.128s][info][gc,start     ] GC(446) Pause Young (Allocation Failure)
[2013.128s][info][gc,task      ] GC(446) Using 4 workers of 4 for evacuation
[2013.130s][info][gc,heap      ] GC(446) ParNew: 33514K->234K(37440K)
[2013.130s][info][gc,heap      ] GC(446) CMS: 55273K->55284K(83328K)
[2013.130s][info][gc,metaspace ] GC(446) Metaspace: 83061K->83061K(1130496K)
[2013.130s][info][gc           ] GC(446) Pause Young (Allocation Failure) 86M->54M(117M) 1.952ms
[2013.130s][info][gc,cpu       ] GC(446) User=0.01s Sys=0.00s Real=0.00s
[2019.274s][info][gc,start     ] GC(447) Pause Young (Allocation Failure)
[2019.274s][info][gc,task      ] GC(447) Using 4 workers of 4 for evacuation
[2019.276s][info][gc,heap      ] GC(447) ParNew: 33514K->232K(37440K)
[2019.276s][info][gc,heap      ] GC(447) CMS: 55284K->55296K(83328K)
[2019.276s][info][gc,metaspace ] GC(447) Metaspace: 83063K->83063K(1130496K)
[2019.276s][info][gc           ] GC(447) Pause Young (Allocation Failure) 86M->54M(117M) 1.996ms
[2019.276s][info][gc,cpu       ] GC(447) User=0.01s Sys=0.00s Real=0.01s
[2025.379s][info][gc,start     ] GC(448) Pause Young (Allocation Failure)
[2025.379s][info][gc,task      ] GC(448) Using 4 workers of 4 for evacuation
[2025.381s][info][gc,heap      ] GC(448) ParNew: 33512K->236K(37440K)
[2025.381s][info][gc,heap      ] GC(448) CMS: 55296K->55308K(83328K)
[2025.381s][info][gc,metaspace ] GC(448) Metaspace: 83064K->83064K(1130496K)
[2025.381s][info][gc           ] GC(448) Pause Young (Allocation Failure) 86M->54M(117M) 2.357ms
[2025.381s][info][gc,cpu       ] GC(448) User=0.01s Sys=0.00s Real=0.00s
[2031.518s][info][gc,start     ] GC(449) Pause Young (Allocation Failure)
[2031.518s][info][gc,task      ] GC(449) Using 4 workers of 4 for evacuation
[2031.521s][info][gc,heap      ] GC(449) ParNew: 33516K->232K(37440K)
[2031.521s][info][gc,heap      ] GC(449) CMS: 55308K->55321K(83328K)
[2031.521s][info][gc,metaspace ] GC(449) Metaspace: 83065K->83065K(1130496K)
[2031.521s][info][gc           ] GC(449) Pause Young (Allocation Failure) 86M->54M(117M) 2.357ms
[2031.521s][info][gc,cpu       ] GC(449) User=0.00s Sys=0.00s Real=0.00s
[2037.621s][info][gc,start     ] GC(450) Pause Young (Allocation Failure)
[2037.621s][info][gc,task      ] GC(450) Using 4 workers of 4 for evacuation
[2037.622s][info][gc,heap      ] GC(450) ParNew: 33512K->193K(37440K)
[2037.622s][info][gc,heap      ] GC(450) CMS: 55321K->55333K(83328K)
[2037.622s][info][gc,metaspace ] GC(450) Metaspace: 83072K->83072K(1130496K)
[2037.622s][info][gc           ] GC(450) Pause Young (Allocation Failure) 86M->54M(117M) 1.886ms
[2037.622s][info][gc,cpu       ] GC(450) User=0.00s Sys=0.00s Real=0.00s
[2043.781s][info][gc,start     ] GC(451) Pause Young (Allocation Failure)
[2043.781s][info][gc,task      ] GC(451) Using 4 workers of 4 for evacuation
[2043.783s][info][gc,heap      ] GC(451) ParNew: 33473K->232K(37440K)
[2043.783s][info][gc,heap      ] GC(451) CMS: 55333K->55344K(83328K)
[2043.783s][info][gc,metaspace ] GC(451) Metaspace: 83072K->83072K(1130496K)
[2043.783s][info][gc           ] GC(451) Pause Young (Allocation Failure) 86M->54M(117M) 1.967ms
[2043.783s][info][gc,cpu       ] GC(451) User=0.01s Sys=0.00s Real=0.00s
[2049.889s][info][gc,start     ] GC(452) Pause Young (Allocation Failure)
[2049.889s][info][gc,task      ] GC(452) Using 4 workers of 4 for evacuation
[2049.892s][info][gc,heap      ] GC(452) ParNew: 33512K->233K(37440K)
[2049.892s][info][gc,heap      ] GC(452) CMS: 55344K->55356K(83328K)
[2049.892s][info][gc,metaspace ] GC(452) Metaspace: 83072K->83072K(1130496K)
[2049.892s][info][gc           ] GC(452) Pause Young (Allocation Failure) 86M->54M(117M) 2.370ms
[2049.892s][info][gc,cpu       ] GC(452) User=0.01s Sys=0.00s Real=0.00s
[2055.998s][info][gc,start     ] GC(453) Pause Young (Allocation Failure)
[2055.998s][info][gc,task      ] GC(453) Using 4 workers of 4 for evacuation
[2056.000s][info][gc,heap      ] GC(453) ParNew: 33513K->232K(37440K)
[2056.000s][info][gc,heap      ] GC(453) CMS: 55356K->55368K(83328K)
[2056.000s][info][gc,metaspace ] GC(453) Metaspace: 83077K->83077K(1130496K)
[2056.000s][info][gc           ] GC(453) Pause Young (Allocation Failure) 86M->54M(117M) 1.660ms
[2056.000s][info][gc,cpu       ] GC(453) User=0.00s Sys=0.00s Real=0.00s
[2062.167s][info][gc,start     ] GC(454) Pause Young (Allocation Failure)
[2062.167s][info][gc,task      ] GC(454) Using 4 workers of 4 for evacuation
[2062.169s][info][gc,heap      ] GC(454) ParNew: 33512K->233K(37440K)
[2062.169s][info][gc,heap      ] GC(454) CMS: 55368K->55380K(83328K)
[2062.169s][info][gc,metaspace ] GC(454) Metaspace: 83078K->83078K(1130496K)
[2062.169s][info][gc           ] GC(454) Pause Young (Allocation Failure) 86M->54M(117M) 1.848ms
[2062.169s][info][gc,cpu       ] GC(454) User=0.01s Sys=0.00s Real=0.00s
[2068.286s][info][gc,start     ] GC(455) Pause Young (Allocation Failure)
[2068.286s][info][gc,task      ] GC(455) Using 4 workers of 4 for evacuation
[2068.287s][info][gc,heap      ] GC(455) ParNew: 33513K->196K(37440K)
[2068.287s][info][gc,heap      ] GC(455) CMS: 55380K->55391K(83328K)
[2068.287s][info][gc,metaspace ] GC(455) Metaspace: 83079K->83079K(1130496K)
[2068.287s][info][gc           ] GC(455) Pause Young (Allocation Failure) 86M->54M(117M) 1.640ms
[2068.287s][info][gc,cpu       ] GC(455) User=0.01s Sys=0.00s Real=0.00s
[2074.446s][info][gc,start     ] GC(456) Pause Young (Allocation Failure)
[2074.446s][info][gc,task      ] GC(456) Using 4 workers of 4 for evacuation
[2074.448s][info][gc,heap      ] GC(456) ParNew: 33476K->234K(37440K)
[2074.448s][info][gc,heap      ] GC(456) CMS: 55391K->55403K(83328K)
[2074.448s][info][gc,metaspace ] GC(456) Metaspace: 83079K->83079K(1130496K)
[2074.448s][info][gc           ] GC(456) Pause Young (Allocation Failure) 86M->54M(117M) 2.328ms
[2074.448s][info][gc,cpu       ] GC(456) User=0.00s Sys=0.00s Real=0.00s
[2080.559s][info][gc,start     ] GC(457) Pause Young (Allocation Failure)
[2080.559s][info][gc,task      ] GC(457) Using 4 workers of 4 for evacuation
[2080.561s][info][gc,heap      ] GC(457) ParNew: 33514K->237K(37440K)
[2080.561s][info][gc,heap      ] GC(457) CMS: 55403K->55415K(83328K)
[2080.561s][info][gc,metaspace ] GC(457) Metaspace: 83079K->83079K(1130496K)
[2080.561s][info][gc           ] GC(457) Pause Young (Allocation Failure) 86M->54M(117M) 2.053ms
[2080.561s][info][gc,cpu       ] GC(457) User=0.01s Sys=0.00s Real=0.00s
[2086.698s][info][gc,start     ] GC(458) Pause Young (Allocation Failure)
[2086.698s][info][gc,task      ] GC(458) Using 4 workers of 4 for evacuation
[2086.700s][info][gc,heap      ] GC(458) ParNew: 33517K->232K(37440K)
[2086.700s][info][gc,heap      ] GC(458) CMS: 55415K->55426K(83328K)
[2086.700s][info][gc,metaspace ] GC(458) Metaspace: 83079K->83079K(1130496K)
[2086.700s][info][gc           ] GC(458) Pause Young (Allocation Failure) 86M->54M(117M) 1.959ms
[2086.700s][info][gc,cpu       ] GC(458) User=0.00s Sys=0.00s Real=0.00s
[2092.808s][info][gc,start     ] GC(459) Pause Young (Allocation Failure)
[2092.808s][info][gc,task      ] GC(459) Using 4 workers of 4 for evacuation
[2092.810s][info][gc,heap      ] GC(459) ParNew: 33512K->232K(37440K)
[2092.810s][info][gc,heap      ] GC(459) CMS: 55426K->55438K(83328K)
[2092.810s][info][gc,metaspace ] GC(459) Metaspace: 83079K->83079K(1130496K)
[2092.810s][info][gc           ] GC(459) Pause Young (Allocation Failure) 86M->54M(117M) 1.908ms
[2092.810s][info][gc,cpu       ] GC(459) User=0.00s Sys=0.00s Real=0.00s
[2098.981s][info][gc,start     ] GC(460) Pause Young (Allocation Failure)
[2098.981s][info][gc,task      ] GC(460) Using 4 workers of 4 for evacuation
[2098.983s][info][gc,heap      ] GC(460) ParNew: 33512K->231K(37440K)
[2098.983s][info][gc,heap      ] GC(460) CMS: 55438K->55450K(83328K)
[2098.983s][info][gc,metaspace ] GC(460) Metaspace: 83079K->83079K(1130496K)
[2098.983s][info][gc           ] GC(460) Pause Young (Allocation Failure) 86M->54M(117M) 2.274ms
[2098.983s][info][gc,cpu       ] GC(460) User=0.00s Sys=0.00s Real=0.00s
[2105.089s][info][gc,start     ] GC(461) Pause Young (Allocation Failure)
[2105.089s][info][gc,task      ] GC(461) Using 4 workers of 4 for evacuation
[2105.091s][info][gc,heap      ] GC(461) ParNew: 33511K->233K(37440K)
[2105.091s][info][gc,heap      ] GC(461) CMS: 55450K->55462K(83328K)
[2105.091s][info][gc,metaspace ] GC(461) Metaspace: 83079K->83079K(1130496K)
[2105.091s][info][gc           ] GC(461) Pause Young (Allocation Failure) 86M->54M(117M) 1.925ms
[2105.091s][info][gc,cpu       ] GC(461) User=0.01s Sys=0.00s Real=0.00s
[2111.229s][info][gc,start     ] GC(462) Pause Young (Allocation Failure)
[2111.229s][info][gc,task      ] GC(462) Using 4 workers of 4 for evacuation
[2111.231s][info][gc,heap      ] GC(462) ParNew: 33513K->235K(37440K)
[2111.231s][info][gc,heap      ] GC(462) CMS: 55462K->55474K(83328K)
[2111.231s][info][gc,metaspace ] GC(462) Metaspace: 83079K->83079K(1130496K)
[2111.231s][info][gc           ] GC(462) Pause Young (Allocation Failure) 86M->54M(117M) 2.305ms
[2111.231s][info][gc,cpu       ] GC(462) User=0.00s Sys=0.00s Real=0.00s
[2117.347s][info][gc,start     ] GC(463) Pause Young (Allocation Failure)
[2117.347s][info][gc,task      ] GC(463) Using 4 workers of 4 for evacuation
[2117.349s][info][gc,heap      ] GC(463) ParNew: 33515K->233K(37440K)
[2117.349s][info][gc,heap      ] GC(463) CMS: 55474K->55486K(83328K)
[2117.349s][info][gc,metaspace ] GC(463) Metaspace: 83079K->83079K(1130496K)
[2117.349s][info][gc           ] GC(463) Pause Young (Allocation Failure) 86M->54M(117M) 2.351ms
[2117.349s][info][gc,cpu       ] GC(463) User=0.00s Sys=0.00s Real=0.00s
[2123.507s][info][gc,start     ] GC(464) Pause Young (Allocation Failure)
[2123.507s][info][gc,task      ] GC(464) Using 4 workers of 4 for evacuation
[2123.509s][info][gc,heap      ] GC(464) ParNew: 33513K->269K(37440K)
[2123.509s][info][gc,heap      ] GC(464) CMS: 55486K->55498K(83328K)
[2123.509s][info][gc,metaspace ] GC(464) Metaspace: 83079K->83079K(1130496K)
[2123.509s][info][gc           ] GC(464) Pause Young (Allocation Failure) 86M->54M(117M) 1.924ms
[2123.509s][info][gc,cpu       ] GC(464) User=0.01s Sys=0.00s Real=0.00s
[2129.585s][info][gc,start     ] GC(465) Pause Young (Allocation Failure)
[2129.585s][info][gc,task      ] GC(465) Using 4 workers of 4 for evacuation
[2129.587s][info][gc,heap      ] GC(465) ParNew: 33549K->241K(37440K)
[2129.587s][info][gc,heap      ] GC(465) CMS: 55498K->55510K(83328K)
[2129.587s][info][gc,metaspace ] GC(465) Metaspace: 83079K->83079K(1130496K)
[2129.587s][info][gc           ] GC(465) Pause Young (Allocation Failure) 86M->54M(117M) 1.934ms
[2129.587s][info][gc,cpu       ] GC(465) User=0.01s Sys=0.00s Real=0.01s
[2135.708s][info][gc,start     ] GC(466) Pause Young (Allocation Failure)
[2135.708s][info][gc,task      ] GC(466) Using 4 workers of 4 for evacuation
[2135.710s][info][gc,heap      ] GC(466) ParNew: 33521K->210K(37440K)
[2135.710s][info][gc,heap      ] GC(466) CMS: 55510K->55521K(83328K)
[2135.710s][info][gc,metaspace ] GC(466) Metaspace: 83079K->83079K(1130496K)
[2135.710s][info][gc           ] GC(466) Pause Young (Allocation Failure) 86M->54M(117M) 1.856ms
[2135.710s][info][gc,cpu       ] GC(466) User=0.00s Sys=0.00s Real=0.00s
[2141.816s][info][gc,start     ] GC(467) Pause Young (Allocation Failure)
[2141.816s][info][gc,task      ] GC(467) Using 4 workers of 4 for evacuation
[2141.817s][info][gc,heap      ] GC(467) ParNew: 33490K->229K(37440K)
[2141.818s][info][gc,heap      ] GC(467) CMS: 55521K->55533K(83328K)
[2141.818s][info][gc,metaspace ] GC(467) Metaspace: 83079K->83079K(1130496K)
[2141.818s][info][gc           ] GC(467) Pause Young (Allocation Failure) 86M->54M(117M) 2.028ms
[2141.818s][info][gc,cpu       ] GC(467) User=0.00s Sys=0.00s Real=0.01s
[2147.916s][info][gc,start     ] GC(468) Pause Young (Allocation Failure)
[2147.916s][info][gc,task      ] GC(468) Using 4 workers of 4 for evacuation
[2147.917s][info][gc,heap      ] GC(468) ParNew: 33509K->232K(37440K)
[2147.917s][info][gc,heap      ] GC(468) CMS: 55533K->55544K(83328K)
[2147.917s][info][gc,metaspace ] GC(468) Metaspace: 83079K->83079K(1130496K)
[2147.917s][info][gc           ] GC(468) Pause Young (Allocation Failure) 86M->54M(117M) 1.538ms
[2147.918s][info][gc,cpu       ] GC(468) User=0.00s Sys=0.00s Real=0.00s
[2154.074s][info][gc,start     ] GC(469) Pause Young (Allocation Failure)
[2154.074s][info][gc,task      ] GC(469) Using 4 workers of 4 for evacuation
[2154.076s][info][gc,heap      ] GC(469) ParNew: 33512K->234K(37440K)
[2154.076s][info][gc,heap      ] GC(469) CMS: 55544K->55556K(83328K)
[2154.076s][info][gc,metaspace ] GC(469) Metaspace: 83079K->83079K(1130496K)
[2154.076s][info][gc           ] GC(469) Pause Young (Allocation Failure) 86M->54M(117M) 2.281ms
[2154.076s][info][gc,cpu       ] GC(469) User=0.00s Sys=0.00s Real=0.01s
[2160.188s][info][gc,start     ] GC(470) Pause Young (Allocation Failure)
[2160.188s][info][gc,task      ] GC(470) Using 4 workers of 4 for evacuation
[2160.189s][info][gc,heap      ] GC(470) ParNew: 33514K->233K(37440K)
[2160.189s][info][gc,heap      ] GC(470) CMS: 55556K->55568K(83328K)
[2160.189s][info][gc,metaspace ] GC(470) Metaspace: 83079K->83079K(1130496K)
[2160.189s][info][gc           ] GC(470) Pause Young (Allocation Failure) 86M->54M(117M) 1.273ms
[2160.189s][info][gc,cpu       ] GC(470) User=0.00s Sys=0.00s Real=0.00s
[2166.321s][info][gc,start     ] GC(471) Pause Young (Allocation Failure)
[2166.322s][info][gc,task      ] GC(471) Using 4 workers of 4 for evacuation
[2166.323s][info][gc,heap      ] GC(471) ParNew: 33513K->270K(37440K)
[2166.323s][info][gc,heap      ] GC(471) CMS: 55568K->55579K(83328K)
[2166.323s][info][gc,metaspace ] GC(471) Metaspace: 83079K->83079K(1130496K)
[2166.323s][info][gc           ] GC(471) Pause Young (Allocation Failure) 86M->54M(117M) 1.966ms
[2166.323s][info][gc,cpu       ] GC(471) User=0.01s Sys=0.00s Real=0.00s
[2172.429s][info][gc,start     ] GC(472) Pause Young (Allocation Failure)
[2172.429s][info][gc,task      ] GC(472) Using 4 workers of 4 for evacuation
[2172.430s][info][gc,heap      ] GC(472) ParNew: 33550K->194K(37440K)
[2172.430s][info][gc,heap      ] GC(472) CMS: 55579K->55591K(83328K)
[2172.430s][info][gc,metaspace ] GC(472) Metaspace: 83079K->83079K(1130496K)
[2172.430s][info][gc           ] GC(472) Pause Young (Allocation Failure) 87M->54M(117M) 1.299ms
[2172.430s][info][gc,cpu       ] GC(472) User=0.01s Sys=0.00s Real=0.00s
[2178.578s][info][gc,start     ] GC(473) Pause Young (Allocation Failure)
[2178.578s][info][gc,task      ] GC(473) Using 4 workers of 4 for evacuation
[2178.580s][info][gc,heap      ] GC(473) ParNew: 33474K->248K(37440K)
[2178.580s][info][gc,heap      ] GC(473) CMS: 55591K->55604K(83328K)
[2178.580s][info][gc,metaspace ] GC(473) Metaspace: 83079K->83079K(1130496K)
[2178.580s][info][gc           ] GC(473) Pause Young (Allocation Failure) 86M->54M(117M) 1.915ms
[2178.580s][info][gc,cpu       ] GC(473) User=0.01s Sys=0.00s Real=0.00s
[2184.657s][info][gc,start     ] GC(474) Pause Young (Allocation Failure)
[2184.658s][info][gc,task      ] GC(474) Using 4 workers of 4 for evacuation
[2184.659s][info][gc,heap      ] GC(474) ParNew: 33528K->229K(37440K)
[2184.660s][info][gc,heap      ] GC(474) CMS: 55604K->55616K(83328K)
[2184.660s][info][gc,metaspace ] GC(474) Metaspace: 83079K->83079K(1130496K)
[2184.660s][info][gc           ] GC(474) Pause Young (Allocation Failure) 87M->54M(117M) 2.119ms
[2184.660s][info][gc,cpu       ] GC(474) User=0.01s Sys=0.00s Real=0.00s
[2190.801s][info][gc,start     ] GC(475) Pause Young (Allocation Failure)
[2190.801s][info][gc,task      ] GC(475) Using 4 workers of 4 for evacuation
[2190.803s][info][gc,heap      ] GC(475) ParNew: 33509K->230K(37440K)
[2190.803s][info][gc,heap      ] GC(475) CMS: 55616K->55628K(83328K)
[2190.803s][info][gc,metaspace ] GC(475) Metaspace: 83079K->83079K(1130496K)
[2190.803s][info][gc           ] GC(475) Pause Young (Allocation Failure) 87M->54M(117M) 1.936ms
[2190.803s][info][gc,cpu       ] GC(475) User=0.00s Sys=0.00s Real=0.00s
[2196.909s][info][gc,start     ] GC(476) Pause Young (Allocation Failure)
[2196.909s][info][gc,task      ] GC(476) Using 4 workers of 4 for evacuation
[2196.911s][info][gc,heap      ] GC(476) ParNew: 33510K->232K(37440K)
[2196.911s][info][gc,heap      ] GC(476) CMS: 55628K->55639K(83328K)
[2196.911s][info][gc,metaspace ] GC(476) Metaspace: 83079K->83079K(1130496K)
[2196.911s][info][gc           ] GC(476) Pause Young (Allocation Failure) 87M->54M(117M) 1.964ms
[2196.911s][info][gc,cpu       ] GC(476) User=0.00s Sys=0.00s Real=0.00s
[2203.039s][info][gc,start     ] GC(477) Pause Young (Allocation Failure)
[2203.039s][info][gc,task      ] GC(477) Using 4 workers of 4 for evacuation
[2203.041s][info][gc,heap      ] GC(477) ParNew: 33512K->272K(37440K)
[2203.041s][info][gc,heap      ] GC(477) CMS: 55639K->55651K(83328K)
[2203.041s][info][gc,metaspace ] GC(477) Metaspace: 83079K->83079K(1130496K)
[2203.041s][info][gc           ] GC(477) Pause Young (Allocation Failure) 87M->54M(117M) 2.234ms
[2203.041s][info][gc,cpu       ] GC(477) User=0.00s Sys=0.00s Real=0.00s
[2209.147s][info][gc,start     ] GC(478) Pause Young (Allocation Failure)
[2209.147s][info][gc,task      ] GC(478) Using 4 workers of 4 for evacuation
[2209.148s][info][gc,heap      ] GC(478) ParNew: 33552K->243K(37440K)
[2209.148s][info][gc,heap      ] GC(478) CMS: 55651K->55663K(83328K)
[2209.148s][info][gc,metaspace ] GC(478) Metaspace: 83079K->83079K(1130496K)
[2209.149s][info][gc           ] GC(478) Pause Young (Allocation Failure) 87M->54M(117M) 1.917ms
[2209.149s][info][gc,cpu       ] GC(478) User=0.01s Sys=0.00s Real=0.00s
[2215.299s][info][gc,start     ] GC(479) Pause Young (Allocation Failure)
[2215.299s][info][gc,task      ] GC(479) Using 4 workers of 4 for evacuation
[2215.301s][info][gc,heap      ] GC(479) ParNew: 33523K->247K(37440K)
[2215.301s][info][gc,heap      ] GC(479) CMS: 55663K->55674K(83328K)
[2215.301s][info][gc,metaspace ] GC(479) Metaspace: 83079K->83079K(1130496K)
[2215.301s][info][gc           ] GC(479) Pause Young (Allocation Failure) 87M->54M(117M) 1.906ms
[2215.301s][info][gc,cpu       ] GC(479) User=0.00s Sys=0.00s Real=0.00s
[2221.408s][info][gc,start     ] GC(480) Pause Young (Allocation Failure)
[2221.408s][info][gc,task      ] GC(480) Using 4 workers of 4 for evacuation
[2221.410s][info][gc,heap      ] GC(480) ParNew: 33527K->229K(37440K)
[2221.410s][info][gc,heap      ] GC(480) CMS: 55674K->55686K(83328K)
[2221.410s][info][gc,metaspace ] GC(480) Metaspace: 83079K->83079K(1130496K)
[2221.410s][info][gc           ] GC(480) Pause Young (Allocation Failure) 87M->54M(117M) 1.936ms
[2221.410s][info][gc,cpu       ] GC(480) User=0.00s Sys=0.01s Real=0.00s
[2227.561s][info][gc,start     ] GC(481) Pause Young (Allocation Failure)
[2227.561s][info][gc,task      ] GC(481) Using 4 workers of 4 for evacuation
[2227.563s][info][gc,heap      ] GC(481) ParNew: 33509K->230K(37440K)
[2227.563s][info][gc,heap      ] GC(481) CMS: 55686K->55698K(83328K)
[2227.563s][info][gc,metaspace ] GC(481) Metaspace: 83079K->83079K(1130496K)
[2227.563s][info][gc           ] GC(481) Pause Young (Allocation Failure) 87M->54M(117M) 1.918ms
[2227.563s][info][gc,cpu       ] GC(481) User=0.01s Sys=0.00s Real=0.00s
[2233.679s][info][gc,start     ] GC(482) Pause Young (Allocation Failure)
[2233.679s][info][gc,task      ] GC(482) Using 4 workers of 4 for evacuation
[2233.680s][info][gc,heap      ] GC(482) ParNew: 33510K->232K(37440K)
[2233.680s][info][gc,heap      ] GC(482) CMS: 55698K->55710K(83328K)
[2233.680s][info][gc,metaspace ] GC(482) Metaspace: 83079K->83079K(1130496K)
[2233.680s][info][gc           ] GC(482) Pause Young (Allocation Failure) 87M->54M(117M) 1.809ms
[2233.680s][info][gc,cpu       ] GC(482) User=0.01s Sys=0.00s Real=0.00s
[2239.820s][info][gc,start     ] GC(483) Pause Young (Allocation Failure)
[2239.820s][info][gc,task      ] GC(483) Using 4 workers of 4 for evacuation
[2239.822s][info][gc,heap      ] GC(483) ParNew: 33512K->233K(37440K)
[2239.822s][info][gc,heap      ] GC(483) CMS: 55710K->55722K(83328K)
[2239.822s][info][gc,metaspace ] GC(483) Metaspace: 83079K->83079K(1130496K)
[2239.822s][info][gc           ] GC(483) Pause Young (Allocation Failure) 87M->54M(117M) 1.929ms
[2239.822s][info][gc,cpu       ] GC(483) User=0.01s Sys=0.00s Real=0.00s
[2245.918s][info][gc,start     ] GC(484) Pause Young (Allocation Failure)
[2245.918s][info][gc,task      ] GC(484) Using 4 workers of 4 for evacuation
[2245.920s][info][gc,heap      ] GC(484) ParNew: 33513K->234K(37440K)
[2245.920s][info][gc,heap      ] GC(484) CMS: 55722K->55733K(83328K)
[2245.920s][info][gc,metaspace ] GC(484) Metaspace: 83079K->83079K(1130496K)
[2245.920s][info][gc           ] GC(484) Pause Young (Allocation Failure) 87M->54M(117M) 1.872ms
[2245.920s][info][gc,cpu       ] GC(484) User=0.00s Sys=0.00s Real=0.00s
[2252.036s][info][gc,start     ] GC(485) Pause Young (Allocation Failure)
[2252.037s][info][gc,task      ] GC(485) Using 4 workers of 4 for evacuation
[2252.038s][info][gc,heap      ] GC(485) ParNew: 33514K->195K(37440K)
[2252.038s][info][gc,heap      ] GC(485) CMS: 55733K->55746K(83328K)
[2252.038s][info][gc,metaspace ] GC(485) Metaspace: 83079K->83079K(1130496K)
[2252.038s][info][gc           ] GC(485) Pause Young (Allocation Failure) 87M->54M(117M) 1.649ms
[2252.038s][info][gc,cpu       ] GC(485) User=0.01s Sys=0.00s Real=0.00s
[2258.204s][info][gc,start     ] GC(486) Pause Young (Allocation Failure)
[2258.204s][info][gc,task      ] GC(486) Using 4 workers of 4 for evacuation
[2258.207s][info][gc,heap      ] GC(486) ParNew: 33475K->230K(37440K)
[2258.207s][info][gc,heap      ] GC(486) CMS: 55746K->55758K(83328K)
[2258.207s][info][gc,metaspace ] GC(486) Metaspace: 83079K->83079K(1130496K)
[2258.207s][info][gc           ] GC(486) Pause Young (Allocation Failure) 87M->54M(117M) 2.336ms
[2258.207s][info][gc,cpu       ] GC(486) User=0.00s Sys=0.00s Real=0.01s
[2264.315s][info][gc,start     ] GC(487) Pause Young (Allocation Failure)
[2264.315s][info][gc,task      ] GC(487) Using 4 workers of 4 for evacuation
[2264.316s][info][gc,heap      ] GC(487) ParNew: 33510K->192K(37440K)
[2264.316s][info][gc,heap      ] GC(487) CMS: 55758K->55769K(83328K)
[2264.316s][info][gc,metaspace ] GC(487) Metaspace: 83079K->83079K(1130496K)
[2264.316s][info][gc           ] GC(487) Pause Young (Allocation Failure) 87M->54M(117M) 1.563ms
[2264.316s][info][gc,cpu       ] GC(487) User=0.00s Sys=0.00s Real=0.01s
[2270.454s][info][gc,start     ] GC(488) Pause Young (Allocation Failure)
[2270.454s][info][gc,task      ] GC(488) Using 4 workers of 4 for evacuation
[2270.456s][info][gc,heap      ] GC(488) ParNew: 33472K->232K(37440K)
[2270.456s][info][gc,heap      ] GC(488) CMS: 55769K->55781K(83328K)
[2270.456s][info][gc,metaspace ] GC(488) Metaspace: 83079K->83079K(1130496K)
[2270.456s][info][gc           ] GC(488) Pause Young (Allocation Failure) 87M->54M(117M) 2.049ms
[2270.456s][info][gc,cpu       ] GC(488) User=0.00s Sys=0.00s Real=0.01s
[2276.561s][info][gc,start     ] GC(489) Pause Young (Allocation Failure)
[2276.561s][info][gc,task      ] GC(489) Using 4 workers of 4 for evacuation
[2276.563s][info][gc,heap      ] GC(489) ParNew: 33512K->233K(37440K)
[2276.563s][info][gc,heap      ] GC(489) CMS: 55781K->55792K(83328K)
[2276.563s][info][gc,metaspace ] GC(489) Metaspace: 83079K->83079K(1130496K)
[2276.563s][info][gc           ] GC(489) Pause Young (Allocation Failure) 87M->54M(117M) 1.914ms
[2276.563s][info][gc,cpu       ] GC(489) User=0.01s Sys=0.00s Real=0.00s
[2282.711s][info][gc,start     ] GC(490) Pause Young (Allocation Failure)
[2282.711s][info][gc,task      ] GC(490) Using 4 workers of 4 for evacuation
[2282.713s][info][gc,heap      ] GC(490) ParNew: 33513K->233K(37440K)
[2282.713s][info][gc,heap      ] GC(490) CMS: 55792K->55804K(83328K)
[2282.713s][info][gc,metaspace ] GC(490) Metaspace: 83079K->83079K(1130496K)
[2282.713s][info][gc           ] GC(490) Pause Young (Allocation Failure) 87M->54M(117M) 1.924ms
[2282.713s][info][gc,cpu       ] GC(490) User=0.01s Sys=0.00s Real=0.00s
[2288.829s][info][gc,start     ] GC(491) Pause Young (Allocation Failure)
[2288.829s][info][gc,task      ] GC(491) Using 4 workers of 4 for evacuation
[2288.831s][info][gc,heap      ] GC(491) ParNew: 33513K->236K(37440K)
[2288.831s][info][gc,heap      ] GC(491) CMS: 55804K->55816K(83328K)
[2288.831s][info][gc,metaspace ] GC(491) Metaspace: 83079K->83079K(1130496K)
[2288.831s][info][gc           ] GC(491) Pause Young (Allocation Failure) 87M->54M(117M) 1.928ms
[2288.831s][info][gc,cpu       ] GC(491) User=0.00s Sys=0.00s Real=0.00s
[2294.988s][info][gc,start     ] GC(492) Pause Young (Allocation Failure)
[2294.988s][info][gc,task      ] GC(492) Using 4 workers of 4 for evacuation
[2294.991s][info][gc,heap      ] GC(492) ParNew: 33516K->274K(37440K)
[2294.991s][info][gc,heap      ] GC(492) CMS: 55816K->55828K(83328K)
[2294.991s][info][gc,metaspace ] GC(492) Metaspace: 83079K->83079K(1130496K)
[2294.991s][info][gc           ] GC(492) Pause Young (Allocation Failure) 87M->54M(117M) 2.207ms
[2294.991s][info][gc,cpu       ] GC(492) User=0.00s Sys=0.00s Real=0.00s
[2301.106s][info][gc,start     ] GC(493) Pause Young (Allocation Failure)
[2301.106s][info][gc,task      ] GC(493) Using 4 workers of 4 for evacuation
[2301.108s][info][gc,heap      ] GC(493) ParNew: 33554K->220K(37440K)
[2301.108s][info][gc,heap      ] GC(493) CMS: 55828K->55840K(83328K)
[2301.108s][info][gc,metaspace ] GC(493) Metaspace: 83079K->83079K(1130496K)
[2301.108s][info][gc           ] GC(493) Pause Young (Allocation Failure) 87M->54M(117M) 1.934ms
[2301.108s][info][gc,cpu       ] GC(493) User=0.01s Sys=0.00s Real=0.00s
[2307.266s][info][gc,start     ] GC(494) Pause Young (Allocation Failure)
[2307.266s][info][gc,task      ] GC(494) Using 4 workers of 4 for evacuation
[2307.268s][info][gc,heap      ] GC(494) ParNew: 33500K->211K(37440K)
[2307.268s][info][gc,heap      ] GC(494) CMS: 55840K->55851K(83328K)
[2307.268s][info][gc,metaspace ] GC(494) Metaspace: 83079K->83079K(1130496K)
[2307.268s][info][gc           ] GC(494) Pause Young (Allocation Failure) 87M->54M(117M) 1.903ms
[2307.268s][info][gc,cpu       ] GC(494) User=0.01s Sys=0.00s Real=0.00s
[2313.379s][info][gc,start     ] GC(495) Pause Young (Allocation Failure)
[2313.379s][info][gc,task      ] GC(495) Using 4 workers of 4 for evacuation
[2313.380s][info][gc,heap      ] GC(495) ParNew: 33491K->228K(37440K)
[2313.380s][info][gc,heap      ] GC(495) CMS: 55851K->55863K(83328K)
[2313.380s][info][gc,metaspace ] GC(495) Metaspace: 83079K->83079K(1130496K)
[2313.381s][info][gc           ] GC(495) Pause Young (Allocation Failure) 87M->54M(117M) 1.936ms
[2313.381s][info][gc,cpu       ] GC(495) User=0.01s Sys=0.00s Real=0.00s
[2319.533s][info][gc,start     ] GC(496) Pause Young (Allocation Failure)
[2319.534s][info][gc,task      ] GC(496) Using 4 workers of 4 for evacuation
[2319.535s][info][gc,heap      ] GC(496) ParNew: 33508K->230K(37440K)
[2319.535s][info][gc,heap      ] GC(496) CMS: 55863K->55875K(83328K)
[2319.535s][info][gc,metaspace ] GC(496) Metaspace: 83079K->83079K(1130496K)
[2319.535s][info][gc           ] GC(496) Pause Young (Allocation Failure) 87M->54M(117M) 1.856ms
[2319.535s][info][gc,cpu       ] GC(496) User=0.01s Sys=0.00s Real=0.00s
[2325.651s][info][gc,start     ] GC(497) Pause Young (Allocation Failure)
[2325.651s][info][gc,task      ] GC(497) Using 4 workers of 4 for evacuation
[2325.653s][info][gc,heap      ] GC(497) ParNew: 33510K->233K(37440K)
[2325.653s][info][gc,heap      ] GC(497) CMS: 55875K->55887K(83328K)
[2325.653s][info][gc,metaspace ] GC(497) Metaspace: 83079K->83079K(1130496K)
[2325.653s][info][gc           ] GC(497) Pause Young (Allocation Failure) 87M->54M(117M) 1.963ms
[2325.653s][info][gc,cpu       ] GC(497) User=0.01s Sys=0.00s Real=0.00s
[2331.801s][info][gc,start     ] GC(498) Pause Young (Allocation Failure)
[2331.801s][info][gc,task      ] GC(498) Using 4 workers of 4 for evacuation
[2331.803s][info][gc,heap      ] GC(498) ParNew: 33513K->233K(37440K)
[2331.803s][info][gc,heap      ] GC(498) CMS: 55887K->55899K(83328K)
[2331.803s][info][gc,metaspace ] GC(498) Metaspace: 83079K->83079K(1130496K)
[2331.804s][info][gc           ] GC(498) Pause Young (Allocation Failure) 87M->54M(117M) 2.340ms
[2331.804s][info][gc,cpu       ] GC(498) User=0.01s Sys=0.00s Real=0.00s
[2337.908s][info][gc,start     ] GC(499) Pause Young (Allocation Failure)
[2337.908s][info][gc,task      ] GC(499) Using 4 workers of 4 for evacuation
[2337.911s][info][gc,heap      ] GC(499) ParNew: 33513K->234K(37440K)
[2337.911s][info][gc,heap      ] GC(499) CMS: 55899K->55911K(83328K)
[2337.911s][info][gc,metaspace ] GC(499) Metaspace: 83079K->83079K(1130496K)
[2337.911s][info][gc           ] GC(499) Pause Young (Allocation Failure) 87M->54M(117M) 2.307ms
[2337.911s][info][gc,cpu       ] GC(499) User=0.00s Sys=0.00s Real=0.00s
[2344.028s][info][gc,start     ] GC(500) Pause Young (Allocation Failure)
[2344.028s][info][gc,task      ] GC(500) Using 4 workers of 4 for evacuation
[2344.029s][info][gc,heap      ] GC(500) ParNew: 33514K->195K(37440K)
[2344.029s][info][gc,heap      ] GC(500) CMS: 55911K->55923K(83328K)
[2344.029s][info][gc,metaspace ] GC(500) Metaspace: 83079K->83079K(1130496K)
[2344.029s][info][gc           ] GC(500) Pause Young (Allocation Failure) 87M->54M(117M) 1.665ms
[2344.029s][info][gc,cpu       ] GC(500) User=0.01s Sys=0.00s Real=0.00s
[2350.208s][info][gc,start     ] GC(501) Pause Young (Allocation Failure)
[2350.208s][info][gc,task      ] GC(501) Using 4 workers of 4 for evacuation
[2350.210s][info][gc,heap      ] GC(501) ParNew: 33475K->272K(37440K)
[2350.210s][info][gc,heap      ] GC(501) CMS: 55923K->55935K(83328K)
[2350.210s][info][gc,metaspace ] GC(501) Metaspace: 83079K->83079K(1130496K)
[2350.210s][info][gc           ] GC(501) Pause Young (Allocation Failure) 87M->54M(117M) 1.968ms
[2350.210s][info][gc,cpu       ] GC(501) User=0.01s Sys=0.00s Real=0.00s
[2356.316s][info][gc,start     ] GC(502) Pause Young (Allocation Failure)
[2356.316s][info][gc,task      ] GC(502) Using 4 workers of 4 for evacuation
[2356.317s][info][gc,heap      ] GC(502) ParNew: 33552K->194K(37440K)
[2356.317s][info][gc,heap      ] GC(502) CMS: 55935K->55947K(83328K)
[2356.317s][info][gc,metaspace ] GC(502) Metaspace: 83079K->83079K(1130496K)
[2356.318s][info][gc           ] GC(502) Pause Young (Allocation Failure) 87M->54M(117M) 1.653ms
[2356.318s][info][gc,cpu       ] GC(502) User=0.01s Sys=0.00s Real=0.00s
[2362.464s][info][gc,start     ] GC(503) Pause Young (Allocation Failure)
[2362.465s][info][gc,task      ] GC(503) Using 4 workers of 4 for evacuation
[2362.466s][info][gc,heap      ] GC(503) ParNew: 33474K->251K(37440K)
[2362.466s][info][gc,heap      ] GC(503) CMS: 55947K->55959K(83328K)
[2362.466s][info][gc,metaspace ] GC(503) Metaspace: 83079K->83079K(1130496K)
[2362.466s][info][gc           ] GC(503) Pause Young (Allocation Failure) 87M->54M(117M) 1.928ms
[2362.466s][info][gc,cpu       ] GC(503) User=0.01s Sys=0.00s Real=0.01s
[2368.552s][info][gc,start     ] GC(504) Pause Young (Allocation Failure)
[2368.552s][info][gc,task      ] GC(504) Using 4 workers of 4 for evacuation
[2368.553s][info][gc,heap      ] GC(504) ParNew: 33531K->191K(37440K)
[2368.553s][info][gc,heap      ] GC(504) CMS: 55959K->55971K(83328K)
[2368.553s][info][gc,metaspace ] GC(504) Metaspace: 83079K->83079K(1130496K)
[2368.553s][info][gc           ] GC(504) Pause Young (Allocation Failure) 87M->54M(117M) 1.549ms
[2368.553s][info][gc,cpu       ] GC(504) User=0.01s Sys=0.00s Real=0.00s
[2374.688s][info][gc,start     ] GC(505) Pause Young (Allocation Failure)
[2374.688s][info][gc,task      ] GC(505) Using 4 workers of 4 for evacuation
[2374.690s][info][gc,heap      ] GC(505) ParNew: 33471K->233K(37440K)
[2374.690s][info][gc,heap      ] GC(505) CMS: 55971K->55983K(83328K)
[2374.690s][info][gc,metaspace ] GC(505) Metaspace: 83079K->83079K(1130496K)
[2374.690s][info][gc           ] GC(505) Pause Young (Allocation Failure) 87M->54M(117M) 1.923ms
[2374.690s][info][gc,cpu       ] GC(505) User=0.01s Sys=0.00s Real=0.00s
[2380.788s][info][gc,start     ] GC(506) Pause Young (Allocation Failure)
[2380.788s][info][gc,task      ] GC(506) Using 4 workers of 4 for evacuation
[2380.790s][info][gc,heap      ] GC(506) ParNew: 33513K->231K(37440K)
[2380.790s][info][gc,heap      ] GC(506) CMS: 55983K->55994K(83328K)
[2380.790s][info][gc,metaspace ] GC(506) Metaspace: 83079K->83079K(1130496K)
[2380.790s][info][gc           ] GC(506) Pause Young (Allocation Failure) 87M->54M(117M) 1.989ms
[2380.790s][info][gc,cpu       ] GC(506) User=0.00s Sys=0.00s Real=0.00s
[2386.948s][info][gc,start     ] GC(507) Pause Young (Allocation Failure)
[2386.948s][info][gc,task      ] GC(507) Using 4 workers of 4 for evacuation
[2386.950s][info][gc,heap      ] GC(507) ParNew: 33511K->194K(37440K)
[2386.951s][info][gc,heap      ] GC(507) CMS: 55994K->56006K(83328K)
[2386.951s][info][gc,metaspace ] GC(507) Metaspace: 83079K->83079K(1130496K)
[2386.951s][info][gc           ] GC(507) Pause Young (Allocation Failure) 87M->54M(117M) 2.293ms
[2386.951s][info][gc,cpu       ] GC(507) User=0.01s Sys=0.00s Real=0.00s
[2393.048s][info][gc,start     ] GC(508) Pause Young (Allocation Failure)
[2393.048s][info][gc,task      ] GC(508) Using 4 workers of 4 for evacuation
[2393.050s][info][gc,heap      ] GC(508) ParNew: 33474K->194K(37440K)
[2393.050s][info][gc,heap      ] GC(508) CMS: 56006K->56017K(83328K)
[2393.050s][info][gc,metaspace ] GC(508) Metaspace: 83079K->83079K(1130496K)
[2393.050s][info][gc           ] GC(508) Pause Young (Allocation Failure) 87M->54M(117M) 2.197ms
[2393.050s][info][gc,cpu       ] GC(508) User=0.00s Sys=0.00s Real=0.00s
[2399.195s][info][gc,start     ] GC(509) Pause Young (Allocation Failure)
[2399.195s][info][gc,task      ] GC(509) Using 4 workers of 4 for evacuation
[2399.197s][info][gc,heap      ] GC(509) ParNew: 33474K->231K(37440K)
[2399.197s][info][gc,heap      ] GC(509) CMS: 56017K->56029K(83328K)
[2399.197s][info][gc,metaspace ] GC(509) Metaspace: 83079K->83079K(1130496K)
[2399.197s][info][gc           ] GC(509) Pause Young (Allocation Failure) 87M->54M(117M) 1.947ms
[2399.197s][info][gc,cpu       ] GC(509) User=0.01s Sys=0.00s Real=0.01s
[2405.302s][info][gc,start     ] GC(510) Pause Young (Allocation Failure)
[2405.302s][info][gc,task      ] GC(510) Using 4 workers of 4 for evacuation
[2405.303s][info][gc,heap      ] GC(510) ParNew: 33511K->273K(37440K)
[2405.304s][info][gc,heap      ] GC(510) CMS: 56029K->56042K(83328K)
[2405.304s][info][gc,metaspace ] GC(510) Metaspace: 83079K->83079K(1130496K)
[2405.304s][info][gc           ] GC(510) Pause Young (Allocation Failure) 87M->54M(117M) 1.959ms
[2405.304s][info][gc,cpu       ] GC(510) User=0.01s Sys=0.00s Real=0.00s
[2411.451s][info][gc,start     ] GC(511) Pause Young (Allocation Failure)
[2411.451s][info][gc,task      ] GC(511) Using 4 workers of 4 for evacuation
[2411.453s][info][gc,heap      ] GC(511) ParNew: 33553K->242K(37440K)
[2411.453s][info][gc,heap      ] GC(511) CMS: 56042K->56054K(83328K)
[2411.453s][info][gc,metaspace ] GC(511) Metaspace: 83079K->83079K(1130496K)
[2411.453s][info][gc           ] GC(511) Pause Young (Allocation Failure) 87M->54M(117M) 1.885ms
[2411.453s][info][gc,cpu       ] GC(511) User=0.01s Sys=0.00s Real=0.00s
[2417.571s][info][gc,start     ] GC(512) Pause Young (Allocation Failure)
[2417.571s][info][gc,task      ] GC(512) Using 4 workers of 4 for evacuation
[2417.573s][info][gc,heap      ] GC(512) ParNew: 33522K->210K(37440K)
[2417.573s][info][gc,heap      ] GC(512) CMS: 56054K->56065K(83328K)
[2417.573s][info][gc,metaspace ] GC(512) Metaspace: 83079K->83079K(1130496K)
[2417.573s][info][gc           ] GC(512) Pause Young (Allocation Failure) 87M->54M(117M) 1.842ms
[2417.573s][info][gc,cpu       ] GC(512) User=0.00s Sys=0.00s Real=0.00s
[2423.711s][info][gc,start     ] GC(513) Pause Young (Allocation Failure)
[2423.711s][info][gc,task      ] GC(513) Using 4 workers of 4 for evacuation
[2423.713s][info][gc,heap      ] GC(513) ParNew: 33490K->225K(37440K)
[2423.713s][info][gc,heap      ] GC(513) CMS: 56065K->56077K(83328K)
[2423.713s][info][gc,metaspace ] GC(513) Metaspace: 83079K->83079K(1130496K)
[2423.713s][info][gc           ] GC(513) Pause Young (Allocation Failure) 87M->54M(117M) 1.900ms
[2423.713s][info][gc,cpu       ] GC(513) User=0.01s Sys=0.00s Real=0.00s
[2429.828s][info][gc,start     ] GC(514) Pause Young (Allocation Failure)
[2429.828s][info][gc,task      ] GC(514) Using 4 workers of 4 for evacuation
[2429.830s][info][gc,heap      ] GC(514) ParNew: 33505K->230K(37440K)
[2429.830s][info][gc,heap      ] GC(514) CMS: 56077K->56089K(83328K)
[2429.830s][info][gc,metaspace ] GC(514) Metaspace: 83079K->83079K(1130496K)
[2429.830s][info][gc           ] GC(514) Pause Young (Allocation Failure) 87M->55M(117M) 1.963ms
[2429.830s][info][gc,cpu       ] GC(514) User=0.00s Sys=0.00s Real=0.00s
[2435.937s][info][gc,start     ] GC(515) Pause Young (Allocation Failure)
[2435.937s][info][gc,task      ] GC(515) Using 4 workers of 4 for evacuation
[2435.938s][info][gc,heap      ] GC(515) ParNew: 33510K->234K(37440K)
[2435.938s][info][gc,heap      ] GC(515) CMS: 56089K->56100K(83328K)
[2435.938s][info][gc,metaspace ] GC(515) Metaspace: 83079K->83079K(1130496K)
[2435.938s][info][gc           ] GC(515) Pause Young (Allocation Failure) 87M->55M(117M) 1.539ms
[2435.938s][info][gc,cpu       ] GC(515) User=0.01s Sys=0.00s Real=0.00s
[2442.121s][info][gc,start     ] GC(516) Pause Young (Allocation Failure)
[2442.121s][info][gc,task      ] GC(516) Using 4 workers of 4 for evacuation
[2442.123s][info][gc,heap      ] GC(516) ParNew: 33514K->234K(37440K)
[2442.123s][info][gc,heap      ] GC(516) CMS: 56100K->56113K(83328K)
[2442.123s][info][gc,metaspace ] GC(516) Metaspace: 83079K->83079K(1130496K)
[2442.124s][info][gc           ] GC(516) Pause Young (Allocation Failure) 87M->55M(117M) 2.360ms
[2442.124s][info][gc,cpu       ] GC(516) User=0.01s Sys=0.00s Real=0.00s
[2448.229s][info][gc,start     ] GC(517) Pause Young (Allocation Failure)
[2448.229s][info][gc,task      ] GC(517) Using 4 workers of 4 for evacuation
[2448.230s][info][gc,heap      ] GC(517) ParNew: 33514K->192K(37440K)
[2448.230s][info][gc,heap      ] GC(517) CMS: 56113K->56124K(83328K)
[2448.230s][info][gc,metaspace ] GC(517) Metaspace: 83079K->83079K(1130496K)
[2448.230s][info][gc           ] GC(517) Pause Young (Allocation Failure) 87M->54M(117M) 1.605ms
[2448.230s][info][gc,cpu       ] GC(517) User=0.01s Sys=0.00s Real=0.00s
[2454.395s][info][gc,start     ] GC(518) Pause Young (Allocation Failure)
[2454.395s][info][gc,task      ] GC(518) Using 4 workers of 4 for evacuation
[2454.397s][info][gc,heap      ] GC(518) ParNew: 33472K->230K(37440K)
[2454.397s][info][gc,heap      ] GC(518) CMS: 56124K->56136K(83328K)
[2454.397s][info][gc,metaspace ] GC(518) Metaspace: 83079K->83079K(1130496K)
[2454.397s][info][gc           ] GC(518) Pause Young (Allocation Failure) 87M->55M(117M) 2.214ms
[2454.397s][info][gc,cpu       ] GC(518) User=0.00s Sys=0.00s Real=0.01s
[2460.502s][info][gc,start     ] GC(519) Pause Young (Allocation Failure)
[2460.502s][info][gc,task      ] GC(519) Using 4 workers of 4 for evacuation
[2460.503s][info][gc,heap      ] GC(519) ParNew: 33510K->194K(37440K)
[2460.503s][info][gc,heap      ] GC(519) CMS: 56136K->56147K(83328K)
[2460.503s][info][gc,metaspace ] GC(519) Metaspace: 83079K->83079K(1130496K)
[2460.503s][info][gc           ] GC(519) Pause Young (Allocation Failure) 87M->55M(117M) 1.655ms
[2460.503s][info][gc,cpu       ] GC(519) User=0.01s Sys=0.00s Real=0.00s
[2466.672s][info][gc,start     ] GC(520) Pause Young (Allocation Failure)
[2466.672s][info][gc,task      ] GC(520) Using 4 workers of 4 for evacuation
[2466.674s][info][gc,heap      ] GC(520) ParNew: 33474K->236K(37440K)
[2466.674s][info][gc,heap      ] GC(520) CMS: 56147K->56159K(83328K)
[2466.674s][info][gc,metaspace ] GC(520) Metaspace: 83079K->83079K(1130496K)
[2466.674s][info][gc           ] GC(520) Pause Young (Allocation Failure) 87M->55M(117M) 2.048ms
[2466.674s][info][gc,cpu       ] GC(520) User=0.01s Sys=0.00s Real=0.00s
[2472.781s][info][gc,start     ] GC(521) Pause Young (Allocation Failure)
[2472.781s][info][gc,task      ] GC(521) Using 4 workers of 4 for evacuation
[2472.783s][info][gc,heap      ] GC(521) ParNew: 33516K->236K(37440K)
[2472.783s][info][gc,heap      ] GC(521) CMS: 56159K->56171K(83328K)
[2472.783s][info][gc,metaspace ] GC(521) Metaspace: 83079K->83079K(1130496K)
[2472.783s][info][gc           ] GC(521) Pause Young (Allocation Failure) 87M->55M(117M) 2.305ms
[2472.783s][info][gc,cpu       ] GC(521) User=0.00s Sys=0.00s Real=0.00s
[2478.941s][info][gc,start     ] GC(522) Pause Young (Allocation Failure)
[2478.941s][info][gc,task      ] GC(522) Using 4 workers of 4 for evacuation
[2478.943s][info][gc,heap      ] GC(522) ParNew: 33516K->274K(37440K)
[2478.943s][info][gc,heap      ] GC(522) CMS: 56171K->56184K(83328K)
[2478.943s][info][gc,metaspace ] GC(522) Metaspace: 83079K->83079K(1130496K)
[2478.943s][info][gc           ] GC(522) Pause Young (Allocation Failure) 87M->55M(117M) 1.921ms
[2478.943s][info][gc,cpu       ] GC(522) User=0.01s Sys=0.00s Real=0.00s
[2485.049s][info][gc,start     ] GC(523) Pause Young (Allocation Failure)
[2485.049s][info][gc,task      ] GC(523) Using 4 workers of 4 for evacuation
[2485.051s][info][gc,heap      ] GC(523) ParNew: 33554K->218K(37440K)
[2485.051s][info][gc,heap      ] GC(523) CMS: 56184K->56195K(83328K)
[2485.051s][info][gc,metaspace ] GC(523) Metaspace: 83079K->83079K(1130496K)
[2485.051s][info][gc           ] GC(523) Pause Young (Allocation Failure) 87M->55M(117M) 2.201ms
[2485.051s][info][gc,cpu       ] GC(523) User=0.00s Sys=0.00s Real=0.00s
[2491.209s][info][gc,start     ] GC(524) Pause Young (Allocation Failure)
[2491.209s][info][gc,task      ] GC(524) Using 4 workers of 4 for evacuation
[2491.211s][info][gc,heap      ] GC(524) ParNew: 33498K->245K(37440K)
[2491.211s][info][gc,heap      ] GC(524) CMS: 56195K->56207K(83328K)
[2491.211s][info][gc,metaspace ] GC(524) Metaspace: 83079K->83079K(1130496K)
[2491.211s][info][gc           ] GC(524) Pause Young (Allocation Failure) 87M->55M(117M) 1.892ms
[2491.211s][info][gc,cpu       ] GC(524) User=0.00s Sys=0.00s Real=0.00s
[2497.308s][info][gc,start     ] GC(525) Pause Young (Allocation Failure)
[2497.308s][info][gc,task      ] GC(525) Using 4 workers of 4 for evacuation
[2497.310s][info][gc,heap      ] GC(525) ParNew: 33525K->268K(37440K)
[2497.310s][info][gc,heap      ] GC(525) CMS: 56207K->56219K(83328K)
[2497.310s][info][gc,metaspace ] GC(525) Metaspace: 83090K->83090K(1130496K)
[2497.310s][info][gc           ] GC(525) Pause Young (Allocation Failure) 87M->55M(117M) 1.927ms
[2497.310s][info][gc,cpu       ] GC(525) User=0.01s Sys=0.00s Real=0.00s
[2503.467s][info][gc,start     ] GC(526) Pause Young (Allocation Failure)
[2503.467s][info][gc,task      ] GC(526) Using 4 workers of 4 for evacuation
[2503.469s][info][gc,heap      ] GC(526) ParNew: 33548K->217K(37440K)
[2503.469s][info][gc,heap      ] GC(526) CMS: 56219K->56231K(83328K)
[2503.469s][info][gc,metaspace ] GC(526) Metaspace: 83090K->83090K(1130496K)
[2503.469s][info][gc           ] GC(526) Pause Young (Allocation Failure) 87M->55M(117M) 2.067ms
[2503.469s][info][gc,cpu       ] GC(526) User=0.00s Sys=0.00s Real=0.00s
[2509.574s][info][gc,start     ] GC(527) Pause Young (Allocation Failure)
[2509.574s][info][gc,task      ] GC(527) Using 4 workers of 4 for evacuation
[2509.576s][info][gc,heap      ] GC(527) ParNew: 33497K->213K(37440K)
[2509.576s][info][gc,heap      ] GC(527) CMS: 56231K->56242K(83328K)
[2509.576s][info][gc,metaspace ] GC(527) Metaspace: 83090K->83090K(1130496K)
[2509.576s][info][gc           ] GC(527) Pause Young (Allocation Failure) 87M->55M(117M) 2.182ms
[2509.576s][info][gc,cpu       ] GC(527) User=0.01s Sys=0.00s Real=0.01s
[2515.734s][info][gc,start     ] GC(528) Pause Young (Allocation Failure)
[2515.734s][info][gc,task      ] GC(528) Using 4 workers of 4 for evacuation
[2515.736s][info][gc,heap      ] GC(528) ParNew: 33493K->230K(37440K)
[2515.736s][info][gc,heap      ] GC(528) CMS: 56242K->56254K(83328K)
[2515.736s][info][gc,metaspace ] GC(528) Metaspace: 83090K->83090K(1130496K)
[2515.736s][info][gc           ] GC(528) Pause Young (Allocation Failure) 87M->55M(117M) 1.912ms
[2515.736s][info][gc,cpu       ] GC(528) User=0.01s Sys=0.00s Real=0.01s
[2521.839s][info][gc,start     ] GC(529) Pause Young (Allocation Failure)
[2521.839s][info][gc,task      ] GC(529) Using 4 workers of 4 for evacuation
[2521.840s][info][gc,heap      ] GC(529) ParNew: 33510K->233K(37440K)
[2521.840s][info][gc,heap      ] GC(529) CMS: 56254K->56265K(83328K)
[2521.840s][info][gc,metaspace ] GC(529) Metaspace: 83090K->83090K(1130496K)
[2521.840s][info][gc           ] GC(529) Pause Young (Allocation Failure) 87M->55M(117M) 1.959ms
[2521.841s][info][gc,cpu       ] GC(529) User=0.01s Sys=0.00s Real=0.00s
[2527.902s][info][gc,start     ] GC(530) Pause Young (Allocation Failure)
[2527.902s][info][gc,task      ] GC(530) Using 4 workers of 4 for evacuation
[2527.904s][info][gc,heap      ] GC(530) ParNew: 33513K->231K(37440K)
[2527.904s][info][gc,heap      ] GC(530) CMS: 56265K->56277K(83328K)
[2527.904s][info][gc,metaspace ] GC(530) Metaspace: 83090K->83090K(1130496K)
[2527.904s][info][gc           ] GC(530) Pause Young (Allocation Failure) 87M->55M(117M) 1.773ms
[2527.904s][info][gc,cpu       ] GC(530) User=0.00s Sys=0.00s Real=0.00s
[2534.073s][info][gc,start     ] GC(531) Pause Young (Allocation Failure)
[2534.073s][info][gc,task      ] GC(531) Using 4 workers of 4 for evacuation
[2534.074s][info][gc,heap      ] GC(531) ParNew: 33511K->232K(37440K)
[2534.074s][info][gc,heap      ] GC(531) CMS: 56277K->56289K(83328K)
[2534.074s][info][gc,metaspace ] GC(531) Metaspace: 83090K->83090K(1130496K)
[2534.075s][info][gc           ] GC(531) Pause Young (Allocation Failure) 87M->55M(117M) 1.878ms
[2534.075s][info][gc,cpu       ] GC(531) User=0.00s Sys=0.00s Real=0.00s
[2540.178s][info][gc,start     ] GC(532) Pause Young (Allocation Failure)
[2540.178s][info][gc,task      ] GC(532) Using 4 workers of 4 for evacuation
[2540.179s][info][gc,heap      ] GC(532) ParNew: 33512K->233K(37440K)
[2540.179s][info][gc,heap      ] GC(532) CMS: 56289K->56301K(83328K)
[2540.179s][info][gc,metaspace ] GC(532) Metaspace: 83090K->83090K(1130496K)
[2540.179s][info][gc           ] GC(532) Pause Young (Allocation Failure) 87M->55M(117M) 1.283ms
[2540.179s][info][gc,cpu       ] GC(532) User=0.00s Sys=0.00s Real=0.00s
[2546.340s][info][gc,start     ] GC(533) Pause Young (Allocation Failure)
[2546.340s][info][gc,task      ] GC(533) Using 4 workers of 4 for evacuation
[2546.342s][info][gc,heap      ] GC(533) ParNew: 33513K->231K(37440K)
[2546.342s][info][gc,heap      ] GC(533) CMS: 56301K->56313K(83328K)
[2546.342s][info][gc,metaspace ] GC(533) Metaspace: 83090K->83090K(1130496K)
[2546.342s][info][gc           ] GC(533) Pause Young (Allocation Failure) 87M->55M(117M) 1.982ms
[2546.342s][info][gc,cpu       ] GC(533) User=0.01s Sys=0.00s Real=0.00s
[2552.440s][info][gc,start     ] GC(534) Pause Young (Allocation Failure)
[2552.440s][info][gc,task      ] GC(534) Using 4 workers of 4 for evacuation
[2552.441s][info][gc,heap      ] GC(534) ParNew: 33511K->231K(37440K)
[2552.441s][info][gc,heap      ] GC(534) CMS: 56313K->56325K(83328K)
[2552.441s][info][gc,metaspace ] GC(534) Metaspace: 83090K->83090K(1130496K)
[2552.441s][info][gc           ] GC(534) Pause Young (Allocation Failure) 87M->55M(117M) 1.315ms
[2552.441s][info][gc,cpu       ] GC(534) User=0.00s Sys=0.00s Real=0.00s
[2558.589s][info][gc,start     ] GC(535) Pause Young (Allocation Failure)
[2558.589s][info][gc,task      ] GC(535) Using 4 workers of 4 for evacuation
[2558.591s][info][gc,heap      ] GC(535) ParNew: 33511K->235K(37440K)
[2558.591s][info][gc,heap      ] GC(535) CMS: 56325K->56337K(83328K)
[2558.591s][info][gc,metaspace ] GC(535) Metaspace: 83091K->83091K(1130496K)
[2558.591s][info][gc           ] GC(535) Pause Young (Allocation Failure) 87M->55M(117M) 2.002ms
[2558.591s][info][gc,cpu       ] GC(535) User=0.00s Sys=0.00s Real=0.00s
[2564.698s][info][gc,start     ] GC(536) Pause Young (Allocation Failure)
[2564.698s][info][gc,task      ] GC(536) Using 4 workers of 4 for evacuation
[2564.701s][info][gc,heap      ] GC(536) ParNew: 33515K->233K(37440K)
[2564.701s][info][gc,heap      ] GC(536) CMS: 56337K->56349K(83328K)
[2564.701s][info][gc,metaspace ] GC(536) Metaspace: 83091K->83091K(1130496K)
[2564.701s][info][gc           ] GC(536) Pause Young (Allocation Failure) 87M->55M(117M) 2.200ms
[2564.701s][info][gc,cpu       ] GC(536) User=0.00s Sys=0.00s Real=0.00s
[2570.834s][info][gc,start     ] GC(537) Pause Young (Allocation Failure)
[2570.834s][info][gc,task      ] GC(537) Using 4 workers of 4 for evacuation
[2570.836s][info][gc,heap      ] GC(537) ParNew: 33513K->230K(37440K)
[2570.836s][info][gc,heap      ] GC(537) CMS: 56349K->56361K(83328K)
[2570.836s][info][gc,metaspace ] GC(537) Metaspace: 83091K->83091K(1130496K)
[2570.836s][info][gc           ] GC(537) Pause Young (Allocation Failure) 87M->55M(117M) 2.002ms
[2570.836s][info][gc,cpu       ] GC(537) User=0.00s Sys=0.00s Real=0.01s
[2576.951s][info][gc,start     ] GC(538) Pause Young (Allocation Failure)
[2576.951s][info][gc,task      ] GC(538) Using 4 workers of 4 for evacuation
[2576.953s][info][gc,heap      ] GC(538) ParNew: 33510K->231K(37440K)
[2576.953s][info][gc,heap      ] GC(538) CMS: 56361K->56372K(83328K)
[2576.953s][info][gc,metaspace ] GC(538) Metaspace: 83091K->83091K(1130496K)
[2576.953s][info][gc           ] GC(538) Pause Young (Allocation Failure) 87M->55M(117M) 1.723ms
[2576.953s][info][gc,cpu       ] GC(538) User=0.00s Sys=0.00s Real=0.00s
[2583.110s][info][gc,start     ] GC(539) Pause Young (Allocation Failure)
[2583.110s][info][gc,task      ] GC(539) Using 4 workers of 4 for evacuation
[2583.113s][info][gc,heap      ] GC(539) ParNew: 33511K->230K(37440K)
[2583.113s][info][gc,heap      ] GC(539) CMS: 56372K->56384K(83328K)
[2583.113s][info][gc,metaspace ] GC(539) Metaspace: 83091K->83091K(1130496K)
[2583.113s][info][gc           ] GC(539) Pause Young (Allocation Failure) 87M->55M(117M) 3.067ms
[2583.113s][info][gc,cpu       ] GC(539) User=0.00s Sys=0.00s Real=0.00s
[2589.207s][info][gc,start     ] GC(540) Pause Young (Allocation Failure)
[2589.207s][info][gc,task      ] GC(540) Using 4 workers of 4 for evacuation
[2589.209s][info][gc,heap      ] GC(540) ParNew: 33510K->234K(37440K)
[2589.209s][info][gc,heap      ] GC(540) CMS: 56384K->56396K(83328K)
[2589.209s][info][gc,metaspace ] GC(540) Metaspace: 83091K->83091K(1130496K)
[2589.209s][info][gc           ] GC(540) Pause Young (Allocation Failure) 87M->55M(117M) 2.271ms
[2589.209s][info][gc,cpu       ] GC(540) User=0.01s Sys=0.00s Real=0.00s
[2595.366s][info][gc,start     ] GC(541) Pause Young (Allocation Failure)
[2595.366s][info][gc,task      ] GC(541) Using 4 workers of 4 for evacuation
[2595.368s][info][gc,heap      ] GC(541) ParNew: 33514K->234K(37440K)
[2595.368s][info][gc,heap      ] GC(541) CMS: 56396K->56407K(83328K)
[2595.368s][info][gc,metaspace ] GC(541) Metaspace: 83091K->83091K(1130496K)
[2595.368s][info][gc           ] GC(541) Pause Young (Allocation Failure) 87M->55M(117M) 1.912ms
[2595.368s][info][gc,cpu       ] GC(541) User=0.01s Sys=0.00s Real=0.01s
[2601.461s][info][gc,start     ] GC(542) Pause Young (Allocation Failure)
[2601.461s][info][gc,task      ] GC(542) Using 4 workers of 4 for evacuation
[2601.463s][info][gc,heap      ] GC(542) ParNew: 33514K->235K(37440K)
[2601.463s][info][gc,heap      ] GC(542) CMS: 56407K->56419K(83328K)
[2601.463s][info][gc,metaspace ] GC(542) Metaspace: 83091K->83091K(1130496K)
[2601.463s][info][gc           ] GC(542) Pause Young (Allocation Failure) 87M->55M(117M) 1.946ms
[2601.463s][info][gc,cpu       ] GC(542) User=0.01s Sys=0.00s Real=0.00s
[2607.609s][info][gc,start     ] GC(543) Pause Young (Allocation Failure)
[2607.609s][info][gc,task      ] GC(543) Using 4 workers of 4 for evacuation
[2607.611s][info][gc,heap      ] GC(543) ParNew: 33515K->232K(37440K)
[2607.611s][info][gc,heap      ] GC(543) CMS: 56419K->56431K(83328K)
[2607.611s][info][gc,metaspace ] GC(543) Metaspace: 83091K->83091K(1130496K)
[2607.611s][info][gc           ] GC(543) Pause Young (Allocation Failure) 87M->55M(117M) 1.898ms
[2607.611s][info][gc,cpu       ] GC(543) User=0.01s Sys=0.00s Real=0.00s
[2613.726s][info][gc,start     ] GC(544) Pause Young (Allocation Failure)
[2613.726s][info][gc,task      ] GC(544) Using 4 workers of 4 for evacuation
[2613.728s][info][gc,heap      ] GC(544) ParNew: 33512K->234K(37440K)
[2613.728s][info][gc,heap      ] GC(544) CMS: 56431K->56442K(83328K)
[2613.728s][info][gc,metaspace ] GC(544) Metaspace: 83092K->83092K(1130496K)
[2613.728s][info][gc           ] GC(544) Pause Young (Allocation Failure) 87M->55M(117M) 1.977ms
[2613.728s][info][gc,cpu       ] GC(544) User=0.01s Sys=0.00s Real=0.00s
[2619.853s][info][gc,start     ] GC(545) Pause Young (Allocation Failure)
[2619.853s][info][gc,task      ] GC(545) Using 4 workers of 4 for evacuation
[2619.855s][info][gc,heap      ] GC(545) ParNew: 33514K->234K(37440K)
[2619.855s][info][gc,heap      ] GC(545) CMS: 56442K->56454K(83328K)
[2619.855s][info][gc,metaspace ] GC(545) Metaspace: 83092K->83092K(1130496K)
[2619.855s][info][gc           ] GC(545) Pause Young (Allocation Failure) 87M->55M(117M) 1.905ms
[2619.855s][info][gc,cpu       ] GC(545) User=0.01s Sys=0.00s Real=0.00s
[2625.972s][info][gc,start     ] GC(546) Pause Young (Allocation Failure)
[2625.973s][info][gc,task      ] GC(546) Using 4 workers of 4 for evacuation
[2625.974s][info][gc,heap      ] GC(546) ParNew: 33514K->235K(37440K)
[2625.974s][info][gc,heap      ] GC(546) CMS: 56454K->56467K(83328K)
[2625.974s][info][gc,metaspace ] GC(546) Metaspace: 83092K->83092K(1130496K)
[2625.974s][info][gc           ] GC(546) Pause Young (Allocation Failure) 87M->55M(117M) 1.937ms
[2625.974s][info][gc,cpu       ] GC(546) User=0.01s Sys=0.00s Real=0.00s
[2632.081s][info][gc,start     ] GC(547) Pause Young (Allocation Failure)
[2632.081s][info][gc,task      ] GC(547) Using 4 workers of 4 for evacuation
[2632.082s][info][gc,heap      ] GC(547) ParNew: 33515K->231K(37440K)
[2632.082s][info][gc,heap      ] GC(547) CMS: 56467K->56479K(83328K)
[2632.082s][info][gc,metaspace ] GC(547) Metaspace: 83092K->83092K(1130496K)
[2632.082s][info][gc           ] GC(547) Pause Young (Allocation Failure) 87M->55M(117M) 1.282ms
[2632.082s][info][gc,cpu       ] GC(547) User=0.00s Sys=0.00s Real=0.00s
[2638.230s][info][gc,start     ] GC(548) Pause Young (Allocation Failure)
[2638.231s][info][gc,task      ] GC(548) Using 4 workers of 4 for evacuation
[2638.233s][info][gc,heap      ] GC(548) ParNew: 33511K->229K(37440K)
[2638.233s][info][gc,heap      ] GC(548) CMS: 56479K->56490K(83328K)
[2638.233s][info][gc,metaspace ] GC(548) Metaspace: 83092K->83092K(1130496K)
[2638.233s][info][gc           ] GC(548) Pause Young (Allocation Failure) 87M->55M(117M) 2.261ms
[2638.233s][info][gc,cpu       ] GC(548) User=0.00s Sys=0.00s Real=0.00s
[2644.348s][info][gc,start     ] GC(549) Pause Young (Allocation Failure)
[2644.348s][info][gc,task      ] GC(549) Using 4 workers of 4 for evacuation
[2644.349s][info][gc,heap      ] GC(549) ParNew: 33509K->232K(37440K)
[2644.349s][info][gc,heap      ] GC(549) CMS: 56490K->56502K(83328K)
[2644.349s][info][gc,metaspace ] GC(549) Metaspace: 83092K->83092K(1130496K)
[2644.349s][info][gc           ] GC(549) Pause Young (Allocation Failure) 87M->55M(117M) 1.654ms
[2644.349s][info][gc,cpu       ] GC(549) User=0.01s Sys=0.00s Real=0.00s
[2650.479s][info][gc,start     ] GC(550) Pause Young (Allocation Failure)
[2650.479s][info][gc,task      ] GC(550) Using 4 workers of 4 for evacuation
[2650.481s][info][gc,heap      ] GC(550) ParNew: 33512K->232K(37440K)
[2650.481s][info][gc,heap      ] GC(550) CMS: 56502K->56514K(83328K)
[2650.481s][info][gc,metaspace ] GC(550) Metaspace: 83092K->83092K(1130496K)
[2650.481s][info][gc           ] GC(550) Pause Young (Allocation Failure) 87M->55M(117M) 2.110ms
[2650.481s][info][gc,cpu       ] GC(550) User=0.00s Sys=0.00s Real=0.00s
[2656.578s][info][gc,start     ] GC(551) Pause Young (Allocation Failure)
[2656.578s][info][gc,task      ] GC(551) Using 4 workers of 4 for evacuation
[2656.580s][info][gc,heap      ] GC(551) ParNew: 33512K->230K(37440K)
[2656.580s][info][gc,heap      ] GC(551) CMS: 56514K->56525K(83328K)
[2656.580s][info][gc,metaspace ] GC(551) Metaspace: 83092K->83092K(1130496K)
[2656.580s][info][gc           ] GC(551) Pause Young (Allocation Failure) 87M->55M(117M) 1.749ms
[2656.580s][info][gc,cpu       ] GC(551) User=0.01s Sys=0.00s Real=0.00s
[2662.732s][info][gc,start     ] GC(552) Pause Young (Allocation Failure)
[2662.732s][info][gc,task      ] GC(552) Using 4 workers of 4 for evacuation
[2662.734s][info][gc,heap      ] GC(552) ParNew: 33510K->232K(37440K)
[2662.734s][info][gc,heap      ] GC(552) CMS: 56525K->56537K(83328K)
[2662.734s][info][gc,metaspace ] GC(552) Metaspace: 83092K->83092K(1130496K)
[2662.734s][info][gc           ] GC(552) Pause Young (Allocation Failure) 87M->55M(117M) 2.065ms
[2662.734s][info][gc,cpu       ] GC(552) User=0.01s Sys=0.00s Real=0.00s
[2668.839s][info][gc,start     ] GC(553) Pause Young (Allocation Failure)
[2668.839s][info][gc,task      ] GC(553) Using 4 workers of 4 for evacuation
[2668.841s][info][gc,heap      ] GC(553) ParNew: 33512K->235K(37440K)
[2668.841s][info][gc,heap      ] GC(553) CMS: 56537K->56549K(83328K)
[2668.841s][info][gc,metaspace ] GC(553) Metaspace: 83092K->83092K(1130496K)
[2668.841s][info][gc           ] GC(553) Pause Young (Allocation Failure) 87M->55M(117M) 2.300ms
[2668.842s][info][gc,cpu       ] GC(553) User=0.01s Sys=0.00s Real=0.00s
[2675.000s][info][gc,start     ] GC(554) Pause Young (Allocation Failure)
[2675.000s][info][gc,task      ] GC(554) Using 4 workers of 4 for evacuation
[2675.002s][info][gc,heap      ] GC(554) ParNew: 33515K->234K(37440K)
[2675.002s][info][gc,heap      ] GC(554) CMS: 56549K->56561K(83328K)
[2675.002s][info][gc,metaspace ] GC(554) Metaspace: 83092K->83092K(1130496K)
[2675.002s][info][gc           ] GC(554) Pause Young (Allocation Failure) 87M->55M(117M) 2.361ms
[2675.002s][info][gc,cpu       ] GC(554) User=0.01s Sys=0.00s Real=0.00s
[2681.116s][info][gc,start     ] GC(555) Pause Young (Allocation Failure)
[2681.116s][info][gc,task      ] GC(555) Using 4 workers of 4 for evacuation
[2681.118s][info][gc,heap      ] GC(555) ParNew: 33514K->234K(37440K)
[2681.118s][info][gc,heap      ] GC(555) CMS: 56561K->56573K(83328K)
[2681.118s][info][gc,metaspace ] GC(555) Metaspace: 83092K->83092K(1130496K)
[2681.118s][info][gc           ] GC(555) Pause Young (Allocation Failure) 87M->55M(117M) 1.931ms
[2681.118s][info][gc,cpu       ] GC(555) User=0.01s Sys=0.00s Real=0.00s
[2687.266s][info][gc,start     ] GC(556) Pause Young (Allocation Failure)
[2687.266s][info][gc,task      ] GC(556) Using 4 workers of 4 for evacuation
[2687.268s][info][gc,heap      ] GC(556) ParNew: 33514K->234K(37440K)
[2687.268s][info][gc,heap      ] GC(556) CMS: 56573K->56585K(83328K)
[2687.268s][info][gc,metaspace ] GC(556) Metaspace: 83092K->83092K(1130496K)
[2687.268s][info][gc           ] GC(556) Pause Young (Allocation Failure) 87M->55M(117M) 1.995ms
[2687.268s][info][gc,cpu       ] GC(556) User=0.01s Sys=0.00s Real=0.00s
[2693.373s][info][gc,start     ] GC(557) Pause Young (Allocation Failure)
[2693.373s][info][gc,task      ] GC(557) Using 4 workers of 4 for evacuation
[2693.375s][info][gc,heap      ] GC(557) ParNew: 33514K->235K(37440K)
[2693.375s][info][gc,heap      ] GC(557) CMS: 56585K->56596K(83328K)
[2693.375s][info][gc,metaspace ] GC(557) Metaspace: 83092K->83092K(1130496K)
[2693.375s][info][gc           ] GC(557) Pause Young (Allocation Failure) 87M->55M(117M) 2.002ms
[2693.375s][info][gc,cpu       ] GC(557) User=0.00s Sys=0.00s Real=0.00s
[2699.533s][info][gc,start     ] GC(558) Pause Young (Allocation Failure)
[2699.533s][info][gc,task      ] GC(558) Using 4 workers of 4 for evacuation
[2699.535s][info][gc,heap      ] GC(558) ParNew: 33515K->236K(37440K)
[2699.535s][info][gc,heap      ] GC(558) CMS: 56596K->56608K(83328K)
[2699.535s][info][gc,metaspace ] GC(558) Metaspace: 83092K->83092K(1130496K)
[2699.535s][info][gc           ] GC(558) Pause Young (Allocation Failure) 88M->55M(117M) 2.001ms
[2699.535s][info][gc,cpu       ] GC(558) User=0.00s Sys=0.00s Real=0.00s
[2705.650s][info][gc,start     ] GC(559) Pause Young (Allocation Failure)
[2705.650s][info][gc,task      ] GC(559) Using 4 workers of 4 for evacuation
[2705.652s][info][gc,heap      ] GC(559) ParNew: 33516K->236K(37440K)
[2705.652s][info][gc,heap      ] GC(559) CMS: 56608K->56621K(83328K)
[2705.652s][info][gc,metaspace ] GC(559) Metaspace: 83092K->83092K(1130496K)
[2705.652s][info][gc           ] GC(559) Pause Young (Allocation Failure) 88M->55M(117M) 1.906ms
[2705.652s][info][gc,cpu       ] GC(559) User=0.01s Sys=0.00s Real=0.00s
[2711.799s][info][gc,start     ] GC(560) Pause Young (Allocation Failure)
[2711.799s][info][gc,task      ] GC(560) Using 4 workers of 4 for evacuation
[2711.801s][info][gc,heap      ] GC(560) ParNew: 33516K->232K(37440K)
[2711.801s][info][gc,heap      ] GC(560) CMS: 56621K->56632K(83328K)
[2711.801s][info][gc,metaspace ] GC(560) Metaspace: 83092K->83092K(1130496K)
[2711.801s][info][gc           ] GC(560) Pause Young (Allocation Failure) 88M->55M(117M) 1.861ms
[2711.801s][info][gc,cpu       ] GC(560) User=0.01s Sys=0.00s Real=0.00s
[2717.907s][info][gc,start     ] GC(561) Pause Young (Allocation Failure)
[2717.907s][info][gc,task      ] GC(561) Using 4 workers of 4 for evacuation
[2717.909s][info][gc,heap      ] GC(561) ParNew: 33512K->234K(37440K)
[2717.909s][info][gc,heap      ] GC(561) CMS: 56632K->56646K(83328K)
[2717.909s][info][gc,metaspace ] GC(561) Metaspace: 83092K->83092K(1130496K)
[2717.909s][info][gc           ] GC(561) Pause Young (Allocation Failure) 88M->55M(117M) 2.190ms
[2717.909s][info][gc,cpu       ] GC(561) User=0.01s Sys=0.00s Real=0.00s
[2724.014s][info][gc,start     ] GC(562) Pause Young (Allocation Failure)
[2724.014s][info][gc,task      ] GC(562) Using 4 workers of 4 for evacuation
[2724.016s][info][gc,heap      ] GC(562) ParNew: 33514K->194K(37440K)
[2724.016s][info][gc,heap      ] GC(562) CMS: 56646K->56657K(83328K)
[2724.016s][info][gc,metaspace ] GC(562) Metaspace: 83092K->83092K(1130496K)
[2724.016s][info][gc           ] GC(562) Pause Young (Allocation Failure) 88M->55M(117M) 1.687ms
[2724.016s][info][gc,cpu       ] GC(562) User=0.00s Sys=0.00s Real=0.01s
[2730.162s][info][gc,start     ] GC(563) Pause Young (Allocation Failure)
[2730.162s][info][gc,task      ] GC(563) Using 4 workers of 4 for evacuation
[2730.164s][info][gc,heap      ] GC(563) ParNew: 33474K->233K(37440K)
[2730.164s][info][gc,heap      ] GC(563) CMS: 56657K->56669K(83328K)
[2730.164s][info][gc,metaspace ] GC(563) Metaspace: 83092K->83092K(1130496K)
[2730.164s][info][gc           ] GC(563) Pause Young (Allocation Failure) 88M->55M(117M) 2.019ms
[2730.164s][info][gc,cpu       ] GC(563) User=0.00s Sys=0.00s Real=0.00s
[2736.269s][info][gc,start     ] GC(564) Pause Young (Allocation Failure)
[2736.269s][info][gc,task      ] GC(564) Using 4 workers of 4 for evacuation
[2736.271s][info][gc,heap      ] GC(564) ParNew: 33513K->234K(37440K)
[2736.271s][info][gc,heap      ] GC(564) CMS: 56669K->56681K(83328K)
[2736.271s][info][gc,metaspace ] GC(564) Metaspace: 83092K->83092K(1130496K)
[2736.271s][info][gc           ] GC(564) Pause Young (Allocation Failure) 88M->55M(117M) 1.569ms
[2736.271s][info][gc,cpu       ] GC(564) User=0.01s Sys=0.00s Real=0.00s
[2742.428s][info][gc,start     ] GC(565) Pause Young (Allocation Failure)
[2742.428s][info][gc,task      ] GC(565) Using 4 workers of 4 for evacuation
[2742.430s][info][gc,heap      ] GC(565) ParNew: 33514K->234K(37440K)
[2742.431s][info][gc,heap      ] GC(565) CMS: 56681K->56693K(83328K)
[2742.431s][info][gc,metaspace ] GC(565) Metaspace: 83092K->83092K(1130496K)
[2742.431s][info][gc           ] GC(565) Pause Young (Allocation Failure) 88M->55M(117M) 2.263ms
[2742.431s][info][gc,cpu       ] GC(565) User=0.01s Sys=0.00s Real=0.00s
[2748.525s][info][gc,start     ] GC(566) Pause Young (Allocation Failure)
[2748.525s][info][gc,task      ] GC(566) Using 4 workers of 4 for evacuation
[2748.526s][info][gc,heap      ] GC(566) ParNew: 33514K->235K(37440K)
[2748.526s][info][gc,heap      ] GC(566) CMS: 56693K->56704K(83328K)
[2748.526s][info][gc,metaspace ] GC(566) Metaspace: 83092K->83092K(1130496K)
[2748.526s][info][gc           ] GC(566) Pause Young (Allocation Failure) 88M->55M(117M) 1.471ms
[2748.526s][info][gc,cpu       ] GC(566) User=0.00s Sys=0.00s Real=0.01s
[2754.654s][info][gc,start     ] GC(567) Pause Young (Allocation Failure)
[2754.654s][info][gc,task      ] GC(567) Using 4 workers of 4 for evacuation
[2754.655s][info][gc,heap      ] GC(567) ParNew: 33515K->234K(37440K)
[2754.656s][info][gc,heap      ] GC(567) CMS: 56704K->56716K(83328K)
[2754.656s][info][gc,metaspace ] GC(567) Metaspace: 83092K->83092K(1130496K)
[2754.656s][info][gc           ] GC(567) Pause Young (Allocation Failure) 88M->55M(117M) 1.767ms
[2754.656s][info][gc,cpu       ] GC(567) User=0.00s Sys=0.01s Real=0.00s
[2760.761s][info][gc,start     ] GC(568) Pause Young (Allocation Failure)
[2760.761s][info][gc,task      ] GC(568) Using 4 workers of 4 for evacuation
[2760.763s][info][gc,heap      ] GC(568) ParNew: 33514K->238K(37440K)
[2760.763s][info][gc,heap      ] GC(568) CMS: 56716K->56728K(83328K)
[2760.763s][info][gc,metaspace ] GC(568) Metaspace: 83092K->83092K(1130496K)
[2760.763s][info][gc           ] GC(568) Pause Young (Allocation Failure) 88M->55M(117M) 1.735ms
[2760.763s][info][gc,cpu       ] GC(568) User=0.00s Sys=0.00s Real=0.00s
[2766.910s][info][gc,start     ] GC(569) Pause Young (Allocation Failure)
[2766.910s][info][gc,task      ] GC(569) Using 4 workers of 4 for evacuation
[2766.912s][info][gc,heap      ] GC(569) ParNew: 33518K->237K(37440K)
[2766.912s][info][gc,heap      ] GC(569) CMS: 56728K->56740K(83328K)
[2766.912s][info][gc,metaspace ] GC(569) Metaspace: 83092K->83092K(1130496K)
[2766.912s][info][gc           ] GC(569) Pause Young (Allocation Failure) 88M->55M(117M) 1.944ms
[2766.912s][info][gc,cpu       ] GC(569) User=0.00s Sys=0.00s Real=0.00s
[2773.016s][info][gc,start     ] GC(570) Pause Young (Allocation Failure)
[2773.016s][info][gc,task      ] GC(570) Using 4 workers of 4 for evacuation
[2773.018s][info][gc,heap      ] GC(570) ParNew: 33517K->197K(37440K)
[2773.018s][info][gc,heap      ] GC(570) CMS: 56740K->56752K(83328K)
[2773.018s][info][gc,metaspace ] GC(570) Metaspace: 83092K->83092K(1130496K)
[2773.018s][info][gc           ] GC(570) Pause Young (Allocation Failure) 88M->55M(117M) 1.777ms
[2773.018s][info][gc,cpu       ] GC(570) User=0.01s Sys=0.01s Real=0.00s
[2779.176s][info][gc,start     ] GC(571) Pause Young (Allocation Failure)
[2779.176s][info][gc,task      ] GC(571) Using 4 workers of 4 for evacuation
[2779.178s][info][gc,heap      ] GC(571) ParNew: 33477K->236K(37440K)
[2779.178s][info][gc,heap      ] GC(571) CMS: 56752K->56764K(83328K)
[2779.178s][info][gc,metaspace ] GC(571) Metaspace: 83092K->83092K(1130496K)
[2779.178s][info][gc           ] GC(571) Pause Young (Allocation Failure) 88M->55M(117M) 2.329ms
[2779.178s][info][gc,cpu       ] GC(571) User=0.01s Sys=0.00s Real=0.00s
[2785.292s][info][gc,start     ] GC(572) Pause Young (Allocation Failure)
[2785.292s][info][gc,task      ] GC(572) Using 4 workers of 4 for evacuation
[2785.294s][info][gc,heap      ] GC(572) ParNew: 33516K->234K(37440K)
[2785.294s][info][gc,heap      ] GC(572) CMS: 56764K->56776K(83328K)
[2785.294s][info][gc,metaspace ] GC(572) Metaspace: 83092K->83092K(1130496K)
[2785.294s][info][gc           ] GC(572) Pause Young (Allocation Failure) 88M->55M(117M) 1.953ms
[2785.294s][info][gc,cpu       ] GC(572) User=0.01s Sys=0.00s Real=0.00s
[2791.441s][info][gc,start     ] GC(573) Pause Young (Allocation Failure)
[2791.441s][info][gc,task      ] GC(573) Using 4 workers of 4 for evacuation
[2791.443s][info][gc,heap      ] GC(573) ParNew: 33514K->234K(37440K)
[2791.443s][info][gc,heap      ] GC(573) CMS: 56776K->56789K(83328K)
[2791.443s][info][gc,metaspace ] GC(573) Metaspace: 83092K->83092K(1130496K)
[2791.443s][info][gc           ] GC(573) Pause Young (Allocation Failure) 88M->55M(117M) 2.001ms
[2791.443s][info][gc,cpu       ] GC(573) User=0.01s Sys=0.00s Real=0.00s
[2797.547s][info][gc,start     ] GC(574) Pause Young (Allocation Failure)
[2797.547s][info][gc,task      ] GC(574) Using 4 workers of 4 for evacuation
[2797.549s][info][gc,heap      ] GC(574) ParNew: 33514K->195K(37440K)
[2797.549s][info][gc,heap      ] GC(574) CMS: 56789K->56801K(83328K)
[2797.549s][info][gc,metaspace ] GC(574) Metaspace: 83092K->83092K(1130496K)
[2797.549s][info][gc           ] GC(574) Pause Young (Allocation Failure) 88M->55M(117M) 2.153ms
[2797.549s][info][gc,cpu       ] GC(574) User=0.01s Sys=0.00s Real=0.00s
[2803.689s][info][gc,start     ] GC(575) Pause Young (Allocation Failure)
[2803.689s][info][gc,task      ] GC(575) Using 4 workers of 4 for evacuation
[2803.691s][info][gc,heap      ] GC(575) ParNew: 33475K->232K(37440K)
[2803.691s][info][gc,heap      ] GC(575) CMS: 56801K->56813K(83328K)
[2803.691s][info][gc,metaspace ] GC(575) Metaspace: 83092K->83092K(1130496K)
[2803.691s][info][gc           ] GC(575) Pause Young (Allocation Failure) 88M->55M(117M) 1.979ms
[2803.691s][info][gc,cpu       ] GC(575) User=0.00s Sys=0.00s Real=0.00s
[2809.796s][info][gc,start     ] GC(576) Pause Young (Allocation Failure)
[2809.796s][info][gc,task      ] GC(576) Using 4 workers of 4 for evacuation
[2809.797s][info][gc,heap      ] GC(576) ParNew: 33512K->237K(37440K)
[2809.798s][info][gc,heap      ] GC(576) CMS: 56813K->56825K(83328K)
[2809.798s][info][gc,metaspace ] GC(576) Metaspace: 83092K->83092K(1130496K)
[2809.798s][info][gc           ] GC(576) Pause Young (Allocation Failure) 88M->55M(117M) 1.920ms
[2809.798s][info][gc,cpu       ] GC(576) User=0.00s Sys=0.00s Real=0.01s
[2815.917s][info][gc,start     ] GC(577) Pause Young (Allocation Failure)
[2815.917s][info][gc,task      ] GC(577) Using 4 workers of 4 for evacuation
[2815.919s][info][gc,heap      ] GC(577) ParNew: 33517K->233K(37440K)
[2815.919s][info][gc,heap      ] GC(577) CMS: 56825K->56836K(83328K)
[2815.919s][info][gc,metaspace ] GC(577) Metaspace: 83092K->83092K(1130496K)
[2815.919s][info][gc           ] GC(577) Pause Young (Allocation Failure) 88M->55M(117M) 1.993ms
[2815.919s][info][gc,cpu       ] GC(577) User=0.00s Sys=0.00s Real=0.00s
[2822.075s][info][gc,start     ] GC(578) Pause Young (Allocation Failure)
[2822.075s][info][gc,task      ] GC(578) Using 4 workers of 4 for evacuation
[2822.078s][info][gc,heap      ] GC(578) ParNew: 33513K->238K(37440K)
[2822.078s][info][gc,heap      ] GC(578) CMS: 56836K->56849K(83328K)
[2822.078s][info][gc,metaspace ] GC(578) Metaspace: 83092K->83092K(1130496K)
[2822.078s][info][gc           ] GC(578) Pause Young (Allocation Failure) 88M->55M(117M) 2.444ms
[2822.078s][info][gc,cpu       ] GC(578) User=0.00s Sys=0.00s Real=0.01s
[2828.173s][info][gc,start     ] GC(579) Pause Young (Allocation Failure)
[2828.173s][info][gc,task      ] GC(579) Using 4 workers of 4 for evacuation
[2828.174s][info][gc,heap      ] GC(579) ParNew: 33518K->196K(37440K)
[2828.174s][info][gc,heap      ] GC(579) CMS: 56849K->56860K(83328K)
[2828.174s][info][gc,metaspace ] GC(579) Metaspace: 83092K->83092K(1130496K)
[2828.174s][info][gc           ] GC(579) Pause Young (Allocation Failure) 88M->55M(117M) 1.613ms
[2828.174s][info][gc,cpu       ] GC(579) User=0.00s Sys=0.01s Real=0.00s
[2834.333s][info][gc,start     ] GC(580) Pause Young (Allocation Failure)
[2834.333s][info][gc,task      ] GC(580) Using 4 workers of 4 for evacuation
[2834.335s][info][gc,heap      ] GC(580) ParNew: 33476K->232K(37440K)
[2834.335s][info][gc,heap      ] GC(580) CMS: 56860K->56872K(83328K)
[2834.335s][info][gc,metaspace ] GC(580) Metaspace: 83092K->83092K(1130496K)
[2834.335s][info][gc           ] GC(580) Pause Young (Allocation Failure) 88M->55M(117M) 1.985ms
[2834.335s][info][gc,cpu       ] GC(580) User=0.00s Sys=0.00s Real=0.00s
[2840.429s][info][gc,start     ] GC(581) Pause Young (Allocation Failure)
[2840.430s][info][gc,task      ] GC(581) Using 4 workers of 4 for evacuation
[2840.431s][info][gc,heap      ] GC(581) ParNew: 33512K->194K(37440K)
[2840.431s][info][gc,heap      ] GC(581) CMS: 56872K->56884K(83328K)
[2840.431s][info][gc,metaspace ] GC(581) Metaspace: 83092K->83092K(1130496K)
[2840.431s][info][gc           ] GC(581) Pause Young (Allocation Failure) 88M->55M(117M) 1.294ms
[2840.431s][info][gc,cpu       ] GC(581) User=0.00s Sys=0.00s Real=0.00s
[2846.569s][info][gc,start     ] GC(582) Pause Young (Allocation Failure)
[2846.570s][info][gc,task      ] GC(582) Using 4 workers of 4 for evacuation
[2846.571s][info][gc,heap      ] GC(582) ParNew: 33474K->232K(37440K)
[2846.571s][info][gc,heap      ] GC(582) CMS: 56884K->56895K(83328K)
[2846.571s][info][gc,metaspace ] GC(582) Metaspace: 83092K->83092K(1130496K)
[2846.571s][info][gc           ] GC(582) Pause Young (Allocation Failure) 88M->55M(117M) 1.901ms
[2846.571s][info][gc,cpu       ] GC(582) User=0.00s Sys=0.00s Real=0.00s
[2852.666s][info][gc,start     ] GC(583) Pause Young (Allocation Failure)
[2852.666s][info][gc,task      ] GC(583) Using 4 workers of 4 for evacuation
[2852.667s][info][gc,heap      ] GC(583) ParNew: 33512K->231K(37440K)
[2852.667s][info][gc,heap      ] GC(583) CMS: 56895K->56908K(83328K)
[2852.667s][info][gc,metaspace ] GC(583) Metaspace: 83092K->83092K(1130496K)
[2852.667s][info][gc           ] GC(583) Pause Young (Allocation Failure) 88M->55M(117M) 1.310ms
[2852.667s][info][gc,cpu       ] GC(583) User=0.01s Sys=0.00s Real=0.01s
[2858.826s][info][gc,start     ] GC(584) Pause Young (Allocation Failure)
[2858.826s][info][gc,task      ] GC(584) Using 4 workers of 4 for evacuation
[2858.828s][info][gc,heap      ] GC(584) ParNew: 33511K->270K(37440K)
[2858.828s][info][gc,heap      ] GC(584) CMS: 56908K->56920K(83328K)
[2858.828s][info][gc,metaspace ] GC(584) Metaspace: 83092K->83092K(1130496K)
[2858.828s][info][gc           ] GC(584) Pause Young (Allocation Failure) 88M->55M(117M) 1.966ms
[2858.828s][info][gc,cpu       ] GC(584) User=0.00s Sys=0.00s Real=0.00s
[2864.933s][info][gc,start     ] GC(585) Pause Young (Allocation Failure)
[2864.933s][info][gc,task      ] GC(585) Using 4 workers of 4 for evacuation
[2864.935s][info][gc,heap      ] GC(585) ParNew: 33550K->193K(37440K)
[2864.935s][info][gc,heap      ] GC(585) CMS: 56920K->56932K(83328K)
[2864.935s][info][gc,metaspace ] GC(585) Metaspace: 83092K->83092K(1130496K)
[2864.935s][info][gc           ] GC(585) Pause Young (Allocation Failure) 88M->55M(117M) 2.368ms
[2864.935s][info][gc,cpu       ] GC(585) User=0.00s Sys=0.00s Real=0.00s
[2871.098s][info][gc,start     ] GC(586) Pause Young (Allocation Failure)
[2871.099s][info][gc,task      ] GC(586) Using 4 workers of 4 for evacuation
[2871.100s][info][gc,heap      ] GC(586) ParNew: 33473K->209K(37440K)
[2871.100s][info][gc,heap      ] GC(586) CMS: 56932K->56943K(83328K)
[2871.100s][info][gc,metaspace ] GC(586) Metaspace: 83092K->83092K(1130496K)
[2871.100s][info][gc           ] GC(586) Pause Young (Allocation Failure) 88M->55M(117M) 1.938ms
[2871.100s][info][gc,cpu       ] GC(586) User=0.01s Sys=0.00s Real=0.00s
[2877.197s][info][gc,start     ] GC(587) Pause Young (Allocation Failure)
[2877.197s][info][gc,task      ] GC(587) Using 4 workers of 4 for evacuation
[2877.199s][info][gc,heap      ] GC(587) ParNew: 33489K->261K(37440K)
[2877.199s][info][gc,heap      ] GC(587) CMS: 56943K->56955K(83328K)
[2877.199s][info][gc,metaspace ] GC(587) Metaspace: 83092K->83092K(1130496K)
[2877.199s][info][gc           ] GC(587) Pause Young (Allocation Failure) 88M->55M(117M) 1.956ms
[2877.199s][info][gc,cpu       ] GC(587) User=0.01s Sys=0.00s Real=0.00s
[2883.335s][info][gc,start     ] GC(588) Pause Young (Allocation Failure)
[2883.335s][info][gc,task      ] GC(588) Using 4 workers of 4 for evacuation
[2883.337s][info][gc,heap      ] GC(588) ParNew: 33541K->237K(37440K)
[2883.337s][info][gc,heap      ] GC(588) CMS: 56955K->56967K(83328K)
[2883.337s][info][gc,metaspace ] GC(588) Metaspace: 83092K->83092K(1130496K)
[2883.337s][info][gc           ] GC(588) Pause Young (Allocation Failure) 88M->55M(117M) 1.902ms
[2883.337s][info][gc,cpu       ] GC(588) User=0.00s Sys=0.00s Real=0.01s
[2889.439s][info][gc,start     ] GC(589) Pause Young (Allocation Failure)
[2889.439s][info][gc,task      ] GC(589) Using 4 workers of 4 for evacuation
[2889.441s][info][gc,heap      ] GC(589) ParNew: 33517K->248K(37440K)
[2889.441s][info][gc,heap      ] GC(589) CMS: 56967K->56979K(83328K)
[2889.441s][info][gc,metaspace ] GC(589) Metaspace: 83092K->83092K(1130496K)
[2889.441s][info][gc           ] GC(589) Pause Young (Allocation Failure) 88M->55M(117M) 1.944ms
[2889.441s][info][gc,cpu       ] GC(589) User=0.00s Sys=0.00s Real=0.00s
[2895.560s][info][gc,start     ] GC(590) Pause Young (Allocation Failure)
[2895.560s][info][gc,task      ] GC(590) Using 4 workers of 4 for evacuation
[2895.561s][info][gc,heap      ] GC(590) ParNew: 33528K->227K(37440K)
[2895.561s][info][gc,heap      ] GC(590) CMS: 56979K->56991K(83328K)
[2895.561s][info][gc,metaspace ] GC(590) Metaspace: 83092K->83092K(1130496K)
[2895.561s][info][gc           ] GC(590) Pause Young (Allocation Failure) 88M->55M(117M) 1.946ms
[2895.562s][info][gc,cpu       ] GC(590) User=0.01s Sys=0.00s Real=0.00s
[2901.676s][info][gc,start     ] GC(591) Pause Young (Allocation Failure)
[2901.676s][info][gc,task      ] GC(591) Using 4 workers of 4 for evacuation
[2901.678s][info][gc,heap      ] GC(591) ParNew: 33507K->232K(37440K)
[2901.678s][info][gc,heap      ] GC(591) CMS: 56991K->57002K(83328K)
[2901.678s][info][gc,metaspace ] GC(591) Metaspace: 83092K->83092K(1130496K)
[2901.678s][info][gc           ] GC(591) Pause Young (Allocation Failure) 88M->55M(117M) 1.904ms
[2901.678s][info][gc,cpu       ] GC(591) User=0.01s Sys=0.00s Real=0.00s
[2907.825s][info][gc,start     ] GC(592) Pause Young (Allocation Failure)
[2907.825s][info][gc,task      ] GC(592) Using 4 workers of 4 for evacuation
[2907.827s][info][gc,heap      ] GC(592) ParNew: 33512K->234K(37440K)
[2907.827s][info][gc,heap      ] GC(592) CMS: 57002K->57014K(83328K)
[2907.827s][info][gc,metaspace ] GC(592) Metaspace: 83092K->83092K(1130496K)
[2907.827s][info][gc           ] GC(592) Pause Young (Allocation Failure) 88M->55M(117M) 2.203ms
[2907.827s][info][gc,cpu       ] GC(592) User=0.01s Sys=0.00s Real=0.01s
[2913.921s][info][gc,start     ] GC(593) Pause Young (Allocation Failure)
[2913.921s][info][gc,task      ] GC(593) Using 4 workers of 4 for evacuation
[2913.922s][info][gc,heap      ] GC(593) ParNew: 33514K->238K(37440K)
[2913.922s][info][gc,heap      ] GC(593) CMS: 57014K->57025K(83328K)
[2913.922s][info][gc,metaspace ] GC(593) Metaspace: 83092K->83092K(1130496K)
[2913.923s][info][gc           ] GC(593) Pause Young (Allocation Failure) 88M->55M(117M) 1.906ms
[2913.923s][info][gc,cpu       ] GC(593) User=0.01s Sys=0.00s Real=0.00s
[2920.031s][info][gc,start     ] GC(594) Pause Young (Allocation Failure)
[2920.032s][info][gc,task      ] GC(594) Using 4 workers of 4 for evacuation
[2920.033s][info][gc,heap      ] GC(594) ParNew: 33518K->233K(37440K)
[2920.033s][info][gc,heap      ] GC(594) CMS: 57025K->57037K(83328K)
[2920.033s][info][gc,metaspace ] GC(594) Metaspace: 83092K->83092K(1130496K)
[2920.033s][info][gc           ] GC(594) Pause Young (Allocation Failure) 88M->55M(117M) 1.340ms
[2920.033s][info][gc,cpu       ] GC(594) User=0.00s Sys=0.00s Real=0.00s
[2926.178s][info][gc,start     ] GC(595) Pause Young (Allocation Failure)
[2926.178s][info][gc,task      ] GC(595) Using 4 workers of 4 for evacuation
[2926.180s][info][gc,heap      ] GC(595) ParNew: 33513K->273K(37440K)
[2926.180s][info][gc,heap      ] GC(595) CMS: 57037K->57050K(83328K)
[2926.180s][info][gc,metaspace ] GC(595) Metaspace: 83092K->83092K(1130496K)
[2926.180s][info][gc           ] GC(595) Pause Young (Allocation Failure) 88M->55M(117M) 1.974ms
[2926.180s][info][gc,cpu       ] GC(595) User=0.00s Sys=0.00s Real=0.00s
[2932.266s][info][gc,start     ] GC(596) Pause Young (Allocation Failure)
[2932.266s][info][gc,task      ] GC(596) Using 4 workers of 4 for evacuation
[2932.267s][info][gc,heap      ] GC(596) ParNew: 33553K->268K(37440K)
[2932.267s][info][gc,heap      ] GC(596) CMS: 57050K->57062K(83328K)
[2932.267s][info][gc,metaspace ] GC(596) Metaspace: 83092K->83092K(1130496K)
[2932.267s][info][gc           ] GC(596) Pause Young (Allocation Failure) 88M->55M(117M) 1.519ms
[2932.267s][info][gc,cpu       ] GC(596) User=0.01s Sys=0.00s Real=0.00s
[2938.399s][info][gc,start     ] GC(597) Pause Young (Allocation Failure)
[2938.399s][info][gc,task      ] GC(597) Using 4 workers of 4 for evacuation
[2938.401s][info][gc,heap      ] GC(597) ParNew: 33548K->322K(37440K)
[2938.401s][info][gc,heap      ] GC(597) CMS: 57062K->57073K(83328K)
[2938.401s][info][gc,metaspace ] GC(597) Metaspace: 83092K->83092K(1130496K)
[2938.401s][info][gc           ] GC(597) Pause Young (Allocation Failure) 88M->56M(117M) 1.799ms
[2938.401s][info][gc,cpu       ] GC(597) User=0.00s Sys=0.00s Real=0.00s
[2944.508s][info][gc,start     ] GC(598) Pause Young (Allocation Failure)
[2944.508s][info][gc,task      ] GC(598) Using 4 workers of 4 for evacuation
[2944.511s][info][gc,heap      ] GC(598) ParNew: 33602K->233K(37440K)
[2944.511s][info][gc,heap      ] GC(598) CMS: 57073K->57085K(83328K)
[2944.511s][info][gc,metaspace ] GC(598) Metaspace: 83092K->83092K(1130496K)
[2944.511s][info][gc           ] GC(598) Pause Young (Allocation Failure) 88M->55M(117M) 2.427ms
[2944.511s][info][gc,cpu       ] GC(598) User=0.00s Sys=0.00s Real=0.00s
[2950.684s][info][gc,start     ] GC(599) Pause Young (Allocation Failure)
[2950.684s][info][gc,task      ] GC(599) Using 4 workers of 4 for evacuation
[2950.686s][info][gc,heap      ] GC(599) ParNew: 33513K->249K(37440K)
[2950.686s][info][gc,heap      ] GC(599) CMS: 57085K->57097K(83328K)
[2950.686s][info][gc,metaspace ] GC(599) Metaspace: 83092K->83092K(1130496K)
[2950.686s][info][gc           ] GC(599) Pause Young (Allocation Failure) 88M->56M(117M) 2.155ms
[2950.686s][info][gc,cpu       ] GC(599) User=0.00s Sys=0.00s Real=0.01s
[2956.777s][info][gc,start     ] GC(600) Pause Young (Allocation Failure)
[2956.777s][info][gc,task      ] GC(600) Using 4 workers of 4 for evacuation
[2956.779s][info][gc,heap      ] GC(600) ParNew: 33529K->267K(37440K)
[2956.779s][info][gc,heap      ] GC(600) CMS: 57097K->57109K(83328K)
[2956.779s][info][gc,metaspace ] GC(600) Metaspace: 83092K->83092K(1130496K)
[2956.779s][info][gc           ] GC(600) Pause Young (Allocation Failure) 88M->56M(117M) 2.156ms
[2956.779s][info][gc,cpu       ] GC(600) User=0.01s Sys=0.00s Real=0.00s
[2962.913s][info][gc,start     ] GC(601) Pause Young (Allocation Failure)
[2962.913s][info][gc,task      ] GC(601) Using 4 workers of 4 for evacuation
[2962.915s][info][gc,heap      ] GC(601) ParNew: 33547K->269K(37440K)
[2962.915s][info][gc,heap      ] GC(601) CMS: 57109K->57153K(83328K)
[2962.915s][info][gc,metaspace ] GC(601) Metaspace: 83092K->83092K(1130496K)
[2962.915s][info][gc           ] GC(601) Pause Young (Allocation Failure) 88M->56M(117M) 1.550ms
[2962.915s][info][gc,cpu       ] GC(601) User=0.00s Sys=0.00s Real=0.00s
[2969.020s][info][gc,start     ] GC(602) Pause Young (Allocation Failure)
[2969.020s][info][gc,task      ] GC(602) Using 4 workers of 4 for evacuation
[2969.021s][info][gc,heap      ] GC(602) ParNew: 33549K->206K(37440K)
[2969.021s][info][gc,heap      ] GC(602) CMS: 57153K->57164K(83328K)
[2969.021s][info][gc,metaspace ] GC(602) Metaspace: 83092K->83092K(1130496K)
[2969.021s][info][gc           ] GC(602) Pause Young (Allocation Failure) 88M->56M(117M) 1.278ms
[2969.021s][info][gc,cpu       ] GC(602) User=0.00s Sys=0.00s Real=0.00s
[2975.172s][info][gc,start     ] GC(603) Pause Young (Allocation Failure)
[2975.172s][info][gc,task      ] GC(603) Using 4 workers of 4 for evacuation
[2975.174s][info][gc,heap      ] GC(603) ParNew: 33486K->250K(37440K)
[2975.174s][info][gc,heap      ] GC(603) CMS: 57164K->57176K(83328K)
[2975.174s][info][gc,metaspace ] GC(603) Metaspace: 83092K->83092K(1130496K)
[2975.174s][info][gc           ] GC(603) Pause Young (Allocation Failure) 88M->56M(117M) 2.297ms
[2975.174s][info][gc,cpu       ] GC(603) User=0.00s Sys=0.00s Real=0.00s
[2981.273s][info][gc,start     ] GC(604) Pause Young (Allocation Failure)
[2981.273s][info][gc,task      ] GC(604) Using 4 workers of 4 for evacuation
[2981.275s][info][gc,heap      ] GC(604) ParNew: 33530K->229K(37440K)
[2981.275s][info][gc,heap      ] GC(604) CMS: 57176K->57187K(83328K)
[2981.275s][info][gc,metaspace ] GC(604) Metaspace: 83092K->83092K(1130496K)
[2981.275s][info][gc           ] GC(604) Pause Young (Allocation Failure) 88M->56M(117M) 1.994ms
[2981.275s][info][gc,cpu       ] GC(604) User=0.00s Sys=0.00s Real=0.00s
[2987.413s][info][gc,start     ] GC(605) Pause Young (Allocation Failure)
[2987.413s][info][gc,task      ] GC(605) Using 4 workers of 4 for evacuation
[2987.415s][info][gc,heap      ] GC(605) ParNew: 33509K->194K(37440K)
[2987.415s][info][gc,heap      ] GC(605) CMS: 57187K->57199K(83328K)
[2987.415s][info][gc,metaspace ] GC(605) Metaspace: 83093K->83093K(1130496K)
[2987.415s][info][gc           ] GC(605) Pause Young (Allocation Failure) 88M->56M(117M) 1.548ms
[2987.415s][info][gc,cpu       ] GC(605) User=0.01s Sys=0.00s Real=0.00s
[2993.524s][info][gc,start     ] GC(606) Pause Young (Allocation Failure)
[2993.524s][info][gc,task      ] GC(606) Using 4 workers of 4 for evacuation
[2993.525s][info][gc,heap      ] GC(606) ParNew: 33474K->233K(37440K)
[2993.525s][info][gc,heap      ] GC(606) CMS: 57199K->57211K(83328K)
[2993.525s][info][gc,metaspace ] GC(606) Metaspace: 83093K->83093K(1130496K)
[2993.526s][info][gc           ] GC(606) Pause Young (Allocation Failure) 88M->56M(117M) 1.946ms
[2993.526s][info][gc,cpu       ] GC(606) User=0.01s Sys=0.00s Real=0.00s
[2999.671s][info][gc,start     ] GC(607) Pause Young (Allocation Failure)
[2999.671s][info][gc,task      ] GC(607) Using 4 workers of 4 for evacuation
[2999.673s][info][gc,heap      ] GC(607) ParNew: 33513K->196K(37440K)
[2999.673s][info][gc,heap      ] GC(607) CMS: 57211K->57224K(83328K)
[2999.673s][info][gc,metaspace ] GC(607) Metaspace: 83093K->83093K(1130496K)
[2999.673s][info][gc           ] GC(607) Pause Young (Allocation Failure) 88M->56M(117M) 1.635ms
[2999.673s][info][gc,cpu       ] GC(607) User=0.01s Sys=0.00s Real=0.00s
[3005.796s][info][gc,start     ] GC(608) Pause Young (Allocation Failure)
[3005.796s][info][gc,task      ] GC(608) Using 4 workers of 4 for evacuation
[3005.797s][info][gc,heap      ] GC(608) ParNew: 33476K->233K(37440K)
[3005.797s][info][gc,heap      ] GC(608) CMS: 57224K->57235K(83328K)
[3005.797s][info][gc,metaspace ] GC(608) Metaspace: 83093K->83093K(1130496K)
[3005.798s][info][gc           ] GC(608) Pause Young (Allocation Failure) 88M->56M(117M) 1.682ms
[3005.798s][info][gc,cpu       ] GC(608) User=0.01s Sys=0.00s Real=0.00s
[3011.904s][info][gc,start     ] GC(609) Pause Young (Allocation Failure)
[3011.905s][info][gc,task      ] GC(609) Using 4 workers of 4 for evacuation
[3011.906s][info][gc,heap      ] GC(609) ParNew: 33513K->233K(37440K)
[3011.906s][info][gc,heap      ] GC(609) CMS: 57235K->57247K(83328K)
[3011.906s][info][gc,metaspace ] GC(609) Metaspace: 83093K->83093K(1130496K)
[3011.906s][info][gc           ] GC(609) Pause Young (Allocation Failure) 88M->56M(117M) 1.800ms
[3011.906s][info][gc,cpu       ] GC(609) User=0.00s Sys=0.00s Real=0.01s
[3018.056s][info][gc,start     ] GC(610) Pause Young (Allocation Failure)
[3018.056s][info][gc,task      ] GC(610) Using 4 workers of 4 for evacuation
[3018.058s][info][gc,heap      ] GC(610) ParNew: 33513K->270K(37440K)
[3018.058s][info][gc,heap      ] GC(610) CMS: 57247K->57259K(83328K)
[3018.058s][info][gc,metaspace ] GC(610) Metaspace: 83093K->83093K(1130496K)
[3018.058s][info][gc           ] GC(610) Pause Young (Allocation Failure) 88M->56M(117M) 2.342ms
[3018.058s][info][gc,cpu       ] GC(610) User=0.00s Sys=0.00s Real=0.00s
[3024.146s][info][gc,start     ] GC(611) Pause Young (Allocation Failure)
[3024.146s][info][gc,task      ] GC(611) Using 4 workers of 4 for evacuation
[3024.147s][info][gc,heap      ] GC(611) ParNew: 33550K->241K(37440K)
[3024.147s][info][gc,heap      ] GC(611) CMS: 57259K->57271K(83328K)
[3024.147s][info][gc,metaspace ] GC(611) Metaspace: 83093K->83093K(1130496K)
[3024.147s][info][gc           ] GC(611) Pause Young (Allocation Failure) 88M->56M(117M) 1.513ms
[3024.147s][info][gc,cpu       ] GC(611) User=0.01s Sys=0.00s Real=0.01s
[3030.314s][info][gc,start     ] GC(612) Pause Young (Allocation Failure)
[3030.314s][info][gc,task      ] GC(612) Using 4 workers of 4 for evacuation
[3030.315s][info][gc,heap      ] GC(612) ParNew: 33521K->245K(37440K)
[3030.315s][info][gc,heap      ] GC(612) CMS: 57271K->57283K(83328K)
[3030.315s][info][gc,metaspace ] GC(612) Metaspace: 83093K->83093K(1130496K)
[3030.315s][info][gc           ] GC(612) Pause Young (Allocation Failure) 88M->56M(117M) 1.908ms
[3030.315s][info][gc,cpu       ] GC(612) User=0.01s Sys=0.00s Real=0.00s
[3036.409s][info][gc,start     ] GC(613) Pause Young (Allocation Failure)
[3036.409s][info][gc,task      ] GC(613) Using 4 workers of 4 for evacuation
[3036.410s][info][gc,heap      ] GC(613) ParNew: 33525K->191K(37440K)
[3036.410s][info][gc,heap      ] GC(613) CMS: 57283K->57294K(83328K)
[3036.410s][info][gc,metaspace ] GC(613) Metaspace: 83093K->83093K(1130496K)
[3036.411s][info][gc           ] GC(613) Pause Young (Allocation Failure) 88M->56M(117M) 1.719ms
[3036.411s][info][gc,cpu       ] GC(613) User=0.00s Sys=0.00s Real=0.00s
[3042.555s][info][gc,start     ] GC(614) Pause Young (Allocation Failure)
[3042.555s][info][gc,task      ] GC(614) Using 4 workers of 4 for evacuation
[3042.557s][info][gc,heap      ] GC(614) ParNew: 33471K->273K(37440K)
[3042.557s][info][gc,heap      ] GC(614) CMS: 57294K->57306K(83328K)
[3042.557s][info][gc,metaspace ] GC(614) Metaspace: 83093K->83093K(1130496K)
[3042.557s][info][gc           ] GC(614) Pause Young (Allocation Failure) 88M->56M(117M) 1.905ms
[3042.557s][info][gc,cpu       ] GC(614) User=0.00s Sys=0.00s Real=0.01s
[3048.672s][info][gc,start     ] GC(615) Pause Young (Allocation Failure)
[3048.672s][info][gc,task      ] GC(615) Using 4 workers of 4 for evacuation
[3048.674s][info][gc,heap      ] GC(615) ParNew: 33553K->195K(37440K)
[3048.674s][info][gc,heap      ] GC(615) CMS: 57306K->57318K(83328K)
[3048.674s][info][gc,metaspace ] GC(615) Metaspace: 83093K->83093K(1130496K)
[3048.674s][info][gc           ] GC(615) Pause Young (Allocation Failure) 88M->56M(117M) 1.300ms
[3048.674s][info][gc,cpu       ] GC(615) User=0.00s Sys=0.00s Real=0.00s
[3054.831s][info][gc,start     ] GC(616) Pause Young (Allocation Failure)
[3054.831s][info][gc,task      ] GC(616) Using 4 workers of 4 for evacuation
[3054.833s][info][gc,heap      ] GC(616) ParNew: 33475K->209K(37440K)
[3054.833s][info][gc,heap      ] GC(616) CMS: 57318K->57330K(83328K)
[3054.833s][info][gc,metaspace ] GC(616) Metaspace: 83097K->83097K(1130496K)
[3054.833s][info][gc           ] GC(616) Pause Young (Allocation Failure) 88M->56M(117M) 1.996ms
[3054.833s][info][gc,cpu       ] GC(616) User=0.01s Sys=0.00s Real=0.00s
[3060.935s][info][gc,start     ] GC(617) Pause Young (Allocation Failure)
[3060.935s][info][gc,task      ] GC(617) Using 4 workers of 4 for evacuation
[3060.937s][info][gc,heap      ] GC(617) ParNew: 33489K->228K(37440K)
[3060.937s][info][gc,heap      ] GC(617) CMS: 57330K->57342K(83328K)
[3060.937s][info][gc,metaspace ] GC(617) Metaspace: 83097K->83097K(1130496K)
[3060.937s][info][gc           ] GC(617) Pause Young (Allocation Failure) 88M->56M(117M) 1.277ms
[3060.937s][info][gc,cpu       ] GC(617) User=0.00s Sys=0.00s Real=0.01s
[3067.072s][info][gc,start     ] GC(618) Pause Young (Allocation Failure)
[3067.072s][info][gc,task      ] GC(618) Using 4 workers of 4 for evacuation
[3067.074s][info][gc,heap      ] GC(618) ParNew: 33508K->233K(37440K)
[3067.074s][info][gc,heap      ] GC(618) CMS: 57342K->57353K(83328K)
[3067.074s][info][gc,metaspace ] GC(618) Metaspace: 83097K->83097K(1130496K)
[3067.074s][info][gc           ] GC(618) Pause Young (Allocation Failure) 88M->56M(117M) 1.903ms
[3067.074s][info][gc,cpu       ] GC(618) User=0.00s Sys=0.00s Real=0.00s
[3073.168s][info][gc,start     ] GC(619) Pause Young (Allocation Failure)
[3073.168s][info][gc,task      ] GC(619) Using 4 workers of 4 for evacuation
[3073.170s][info][gc,heap      ] GC(619) ParNew: 33513K->234K(37440K)
[3073.170s][info][gc,heap      ] GC(619) CMS: 57353K->57365K(83328K)
[3073.170s][info][gc,metaspace ] GC(619) Metaspace: 83097K->83097K(1130496K)
[3073.170s][info][gc           ] GC(619) Pause Young (Allocation Failure) 88M->56M(117M) 2.266ms
[3073.170s][info][gc,cpu       ] GC(619) User=0.01s Sys=0.00s Real=0.00s
[3079.333s][info][gc,start     ] GC(620) Pause Young (Allocation Failure)
[3079.333s][info][gc,task      ] GC(620) Using 4 workers of 4 for evacuation
[3079.335s][info][gc,heap      ] GC(620) ParNew: 33514K->231K(37440K)
[3079.335s][info][gc,heap      ] GC(620) CMS: 57365K->57378K(83328K)
[3079.335s][info][gc,metaspace ] GC(620) Metaspace: 83097K->83097K(1130496K)
[3079.335s][info][gc           ] GC(620) Pause Young (Allocation Failure) 88M->56M(117M) 2.020ms
[3079.335s][info][gc,cpu       ] GC(620) User=0.00s Sys=0.00s Real=0.00s
[3085.449s][info][gc,start     ] GC(621) Pause Young (Allocation Failure)
[3085.449s][info][gc,task      ] GC(621) Using 4 workers of 4 for evacuation
[3085.451s][info][gc,heap      ] GC(621) ParNew: 33511K->231K(37440K)
[3085.451s][info][gc,heap      ] GC(621) CMS: 57378K->57390K(83328K)
[3085.451s][info][gc,metaspace ] GC(621) Metaspace: 83100K->83100K(1130496K)
[3085.451s][info][gc           ] GC(621) Pause Young (Allocation Failure) 88M->56M(117M) 2.295ms
[3085.451s][info][gc,cpu       ] GC(621) User=0.00s Sys=0.00s Real=0.00s
[3089.759s][info][gc,heap,exit ] Heap
[3089.759s][info][gc,heap,exit ]  par new generation   total 37440K, used 32337K [0x00000006c0000000, 0x00000006c28a0000, 0x00000006d4cc0000)
[3089.759s][info][gc,heap,exit ]   eden space 33280K,  96% used [0x00000006c0000000, 0x00000006c1f5a418, 0x00000006c2080000)
[3089.759s][info][gc,heap,exit ]   from space 4160K,   5% used [0x00000006c2080000, 0x00000006c20b9ff0, 0x00000006c2490000)
[3089.759s][info][gc,heap,exit ]   to   space 4160K,   0% used [0x00000006c2490000, 0x00000006c2490000, 0x00000006c28a0000)
[3089.759s][info][gc,heap,exit ]  concurrent mark-sweep generation total 83328K, used 57390K [0x00000006d4cc0000, 0x00000006d9e20000, 0x00000007c0000000)
[3089.759s][info][gc,heap,exit ]  Metaspace       used 84098K, capacity 92463K, committed 92564K, reserved 1130496K
[3089.759s][info][gc,heap,exit ]   class space    used 10255K, capacity 10963K, committed 10964K, reserved 1048576K
